2026-09-24T20:34:14Z
ctx=8192 pp_warm run=1 doc=8051 ttft=41.80s rate=192.7 tok/s acc=-
ctx=8192 pp_warm run=2 doc=8090 ttft=35.49s rate=228.1 tok/s acc=-
ctx=8192 pp_novel run=1 doc=8139 ttft=42.91s rate=189.8 tok/s acc=-
ctx=8192 pp_novel run=2 doc=8140 ttft=43.36s rate=187.8 tok/s acc=-
ctx=8192 tg run=1 doc=8142 ttft=27.99s rate=28.9 tok/s acc=2.1875
ctx=8192 tg run=2 doc=7992 ttft=23.29s rate=38.7 tok/s acc=2.916666666666667
ctx=32768 pp_warm run=1 doc=32034 ttft=89.46s rate=358.1 tok/s acc=-
ctx=32768 pp_warm run=2 doc=32160 ttft=60.03s rate=535.8 tok/s acc=-
ctx=32768 pp_novel run=1 doc=32500 ttft=143.27s rate=226.9 tok/s acc=-
ctx=32768 pp_novel run=2 doc=32656 ttft=134.71s rate=242.4 tok/s acc=-
ctx=32768 tg run=1 doc=32755 ttft=49.88s rate=37.6 tok/s acc=2.5384615384615383
ctx=32768 tg run=2 doc=31798 ttft=41.39s rate=40.7 tok/s acc=2.833333333333333
SUMMARY [
 {
  "ctx": 8192,
  "phase": "pp_warm",
  "median_rate_tok_s": 210.4,
  "median_ttft_s": 38.65,
  "doc_tokens": 8051,
  "acceptance_len": 0.0,
  "runs": 2
 },
 {
  "ctx": 8192,
  "phase": "pp_novel",
  "median_rate_tok_s": 188.8,
  "median_ttft_s": 43.13,
  "doc_tokens": 8139,
  "acceptance_len": 0.0,
  "runs": 2
 },
 {
  "ctx": 8192,
  "phase": "tg",
  "median_rate_tok_s": 33.8,
  "median_ttft_s": 25.64,
  "doc_tokens": 8142,
  "acceptance_len": 2.55,
  "runs": 2
 },
 {
  "ctx": 32768,
  "phase": "pp_warm",
  "median_rate_tok_s": 447.0,
  "median_ttft_s": 74.74,
  "doc_tokens": 32034,
  "acceptance_len": 0.0,
  "runs": 2
 },
 {
  "ctx": 32768,
  "phase": "pp_novel",
  "median_rate_tok_s": 234.7,
  "median_ttft_s": 138.99,
  "doc_tokens": 32500,
  "acceptance_len": 0.0,
  "runs": 2
 },
 {
  "ctx": 32768,
  "phase": "tg",
  "median_rate_tok_s": 39.1,
  "median_ttft_s": 45.63,
  "doc_tokens": 32755,
  "acceptance_len": 2.69,
  "runs": 2
 }
]
exit=0
2026-09-24T20:46:32Z
