2026-09-24T20:46:48Z
ctx=8192 pp_warm run=1 doc=8128 ttft=11.35s rate=716.5 tok/s acc=-
ctx=8192 pp_warm run=2 doc=7950 ttft=9.85s rate=807.3 tok/s acc=-
ctx=8192 pp_novel run=1 doc=8188 ttft=31.75s rate=258.0 tok/s acc=-
ctx=8192 pp_novel run=2 doc=8129 ttft=33.37s rate=243.7 tok/s acc=-
ctx=8192 tg run=1 doc=8110 ttft=9.92s rate=36.0 tok/s acc=2.4615384615384617
ctx=8192 tg run=2 doc=8115 ttft=10.65s rate=38.9 tok/s acc=2.75
SUMMARY [
 {
  "ctx": 8192,
  "phase": "pp_warm",
  "median_rate_tok_s": 761.9,
  "median_ttft_s": 10.6,
  "doc_tokens": 8128,
  "acceptance_len": 0.0,
  "runs": 2
 },
 {
  "ctx": 8192,
  "phase": "pp_novel",
  "median_rate_tok_s": 250.9,
  "median_ttft_s": 32.56,
  "doc_tokens": 8188,
  "acceptance_len": 0.0,
  "runs": 2
 },
 {
  "ctx": 8192,
  "phase": "tg",
  "median_rate_tok_s": 37.4,
  "median_ttft_s": 10.29,
  "doc_tokens": 8110,
  "acceptance_len": 2.61,
  "runs": 2
 }
]
exit=0
2026-09-24T20:48:37Z
