ctx=8192 pp_warm run=1 doc=8094 ttft=11.13s rate=727.7 tok/s acc=-
ctx=8192 pp_novel run=1 doc=8165 ttft=9.89s rate=826.3 tok/s acc=-
ctx=8192 tg run=1 doc=8029 ttft=10.69s rate=32.9 tok/s acc=2.2857142857142856
SUMMARY [
 {
  "ctx": 8192,
  "phase": "pp_warm",
  "median_rate_tok_s": 727.7,
  "median_ttft_s": 11.13,
  "doc_tokens": 8094,
  "acceptance_len": 0,
  "runs": 1
 },
 {
  "ctx": 8192,
  "phase": "pp_novel",
  "median_rate_tok_s": 826.3,
  "median_ttft_s": 9.89,
  "doc_tokens": 8165,
  "acceptance_len": 0,
  "runs": 1
 },
 {
  "ctx": 8192,
  "phase": "tg",
  "median_rate_tok_s": 32.9,
  "median_ttft_s": 10.69,
  "doc_tokens": 8029,
  "acceptance_len": 2.29,
  "runs": 1
 }
]
