2026-09-25T01:42:02Z
ctx=8192 pp_warm run=1 doc=8124 ttft=11.87s rate=684.6 tok/s acc=-
ctx=8192 pp_warm run=2 doc=7983 ttft=10.68s rate=748.0 tok/s acc=-
ctx=8192 pp_novel run=1 doc=8157 ttft=9.81s rate=831.7 tok/s acc=-
ctx=8192 pp_novel run=2 doc=8112 ttft=9.61s rate=844.3 tok/s acc=-
ctx=8192 tg run=1 doc=8036 ttft=10.68s rate=31.2 tok/s acc=2.333333333333333
ctx=8192 tg run=2 doc=8023 ttft=10.27s rate=33.4 tok/s acc=2.428571428571429
ctx=32768 pp_warm run=1 doc=32729 ttft=42.83s rate=764.3 tok/s acc=-
ctx=32768 pp_warm run=2 doc=32092 ttft=42.36s rate=757.8 tok/s acc=-
ctx=32768 pp_novel run=1 doc=32611 ttft=40.40s rate=807.3 tok/s acc=-
ctx=32768 pp_novel run=2 doc=32625 ttft=40.00s rate=815.6 tok/s acc=-
ctx=32768 tg run=1 doc=31982 ttft=41.15s rate=28.6 tok/s acc=1.9411764705882353
ctx=32768 tg run=2 doc=32356 ttft=41.38s rate=35.5 tok/s acc=2.2857142857142856
SUMMARY [
 {
  "ctx": 8192,
  "phase": "pp_warm",
  "median_rate_tok_s": 716.3,
  "median_ttft_s": 11.28,
  "doc_tokens": 8124,
  "acceptance_len": 0.0,
  "runs": 2
 },
 {
  "ctx": 8192,
  "phase": "pp_novel",
  "median_rate_tok_s": 838.0,
  "median_ttft_s": 9.71,
  "doc_tokens": 8157,
  "acceptance_len": 0.0,
  "runs": 2
 },
 {
  "ctx": 8192,
  "phase": "tg",
  "median_rate_tok_s": 32.3,
  "median_ttft_s": 10.47,
  "doc_tokens": 8036,
  "acceptance_len": 2.38,
  "runs": 2
 },
 {
  "ctx": 32768,
  "phase": "pp_warm",
  "median_rate_tok_s": 761.1,
  "median_ttft_s": 42.59,
  "doc_tokens": 32729,
  "acceptance_len": 0.0,
  "runs": 2
 },
 {
  "ctx": 32768,
  "phase": "pp_novel",
  "median_rate_tok_s": 811.5,
  "median_ttft_s": 40.2,
  "doc_tokens": 32611,
  "acceptance_len": 0.0,
  "runs": 2
 },
 {
  "ctx": 32768,
  "phase": "tg",
  "median_rate_tok_s": 32.1,
  "median_ttft_s": 41.27,
  "doc_tokens": 31982,
  "acceptance_len": 2.11,
  "runs": 2
 }
]
rc=0
