2026-09-25T01:47:29Z
ctx=8192 pp_warm run=1 doc=8099 ttft=10.42s rate=777.8 tok/s acc=-
ctx=8192 pp_warm run=2 doc=8139 ttft=10.15s rate=802.0 tok/s acc=-
ctx=8192 pp_novel run=1 doc=8131 ttft=9.84s rate=826.7 tok/s acc=-
ctx=8192 pp_novel run=2 doc=8181 ttft=10.20s rate=802.5 tok/s acc=-
ctx=8192 tg run=1 doc=8137 ttft=10.70s rate=35.5 tok/s acc=2.4615384615384617
ctx=8192 tg run=2 doc=8009 ttft=10.36s rate=30.5 tok/s acc=2.125
SUMMARY [
 {
  "ctx": 8192,
  "phase": "pp_warm",
  "median_rate_tok_s": 789.9,
  "median_ttft_s": 10.29,
  "doc_tokens": 8099,
  "acceptance_len": 0.0,
  "runs": 2
 },
 {
  "ctx": 8192,
  "phase": "pp_novel",
  "median_rate_tok_s": 814.6,
  "median_ttft_s": 10.02,
  "doc_tokens": 8131,
  "acceptance_len": 0.0,
  "runs": 2
 },
 {
  "ctx": 8192,
  "phase": "tg",
  "median_rate_tok_s": 33.0,
  "median_ttft_s": 10.53,
  "doc_tokens": 8137,
  "acceptance_len": 2.29,
  "runs": 2
 }
]
rc=0
