[nll] 36.5s {"passages": 40, "tokens_scored": 19828, "bos_id": 0, "mean_nll": 0.243823, "ppl": 1.2761, "run_means": [0.243823], "prefix_cache_hits_delta": 0.0}
[decode] 40.9s {"prompts": 8, "tokens": 890, "median_abs_dlogprob": 0.00703, "p99_abs_dlogprob": 0.75238, "mean_abs_dlogprob": 0.07109, "gen_nll_prefill": 0.33075, "gen_nll_decode": 0.30445}
[tools] 46.5s {"json_valid": {"k": 22, "n": 22, "rate": 1.0, "ci95": [0.8513, 1.0]}, "exact_args": {"k": 21, "n": 22, "rate": 0.9545, "ci95": [0.782, 0.9919]}, "no_call": {"k": 8, "n": 8, "rate": 1.0, "ci95": [0.6756, 1.0]}}
[needle] 151.8s {"found": 6, "total": 6}
[selfcons] 63.8s {"prompts": 12, "max_tokens": 128, "identical": 4}
[c2] 1.3s {"pass": true, "answers": ["323", "252"]}
[vision] 0.4s {"pass": true, "content": "Red"}
PASS vision value=Red limit=red
PASS c2 value=['323', '252'] limit=None
PASS nll.mean_nll value=0.243823 limit=0.25316
PASS decode.median_abs_dlogprob value=0.00703 limit=0.06794
PASS decode.gen_nll_prefill value=0.33075 limit=0.50932
PASS selfcons.golden_hazard value=0.02305 limit=0.03206
PASS selfcons.aa_hazard value=0.02005 limit=0.03206
PASS tools.json_valid value=1.0 limit=1.0
PASS tools.exact_args value=0.9545 limit=0.9545
PASS tools.no_call value=1.0 limit=1.0
PASS needle.found value=6 limit=6
QUALITY {"mode": "quick", "pass": true, "elapsed_s": 341.3, "nll": 0.243823, "decode_median_dlp": 0.00703, "decode_gen_nll": 0.33075, "tools_exact": 0.9545, "tools_json": 1.0, "tools_nocall": 1.0, "needle": 6, "selfcons_identical": 4, "selfcons_aa_hazard": 0.02005, "selfcons_golden_hazard": 0.02305, "c2": true, "vision": true}
rc=0
