waiting for /home/sfxnz/projects/ai-lab/recipes/.worktrees-spark2/.gpu.lock at 2026-09-25T12:51:42Z
lock acquired 2026-09-25T12:51:42Z
== pmon before
# gpu         pid   type     sm    mem    enc    dec    jpg    ofa    command 
# Idx           #    C/G      %      %      %      %      %      %    name 
    0      81524     G      -      -      -      -      -      -    Xorg           
    0      81681     G      -      -      -      -      -      -    gnome-shell    
dsv41-indexer-workspace: already applied
shared_down        5.90 MB x 92 copies  best flat_g48_u2: 28.67 us (205.7 GB/s, 82.3%)
    flat    flat_g48_u2                med    28.67 p10    28.61 p90    30.66 mean    29.25   205.7 GB/s
    tiles   tiles_b128_all_d2          med    32.61 p10    30.69 p90    32.83 mean    32.87   180.9 GB/s
    chunks  chunks_b256_w320_d4        med    28.69 p10    28.64 p90    30.72 mean    29.46   205.6 GB/s
indexer_wq_b       5.24 MB x103 copies  best flat_g384_u8: 25.60 us (204.8 GB/s, 81.9%)
    flat    flat_g384_u8               med    25.60 p10    25.44 p90    26.66 mean    26.26   204.8 GB/s
    tiles   tiles_b256_all_d4          med    28.66 p10    26.62 p90    29.66 mean    28.60   183.0 GB/s
    chunks  chunks_b128_w256_d4        med    26.62 p10    26.56 p90    27.68 mean    26.86   196.9 GB/s
qkv_a              9.18 MB x 59 copies  best flat_g384_u8: 42.98 us (213.5 GB/s, 85.4%)
    flat    flat_g384_u8               med    42.98 p10    41.92 p90    44.03 mean    42.88   213.5 GB/s
    tiles   tiles_b256_all_d4          med    49.22 p10    49.02 p90    53.25 mean    51.47   186.4 GB/s
    chunks  chunks_b128_w112_d4        med    47.01 p10    45.02 p90    47.20 mean    46.69   195.2 GB/s
shared_gate_up    11.80 MB x 46 copies  best flat_g48_u2: 53.25 us (221.5 GB/s, 88.6%)
    flat    flat_g48_u2                med    53.25 p10    53.22 p90    55.30 mean    54.22   221.5 GB/s
    tiles   tiles_b256_all_d4          med    61.41 p10    59.36 p90    63.46 mean    61.04   192.1 GB/s
    chunks  chunks_b256_w144_d4        med    56.70 p10    55.26 p90    57.47 mean    56.77   208.0 GB/s
wq_b              20.97 MB x 26 copies  best flat_g48_u2: 92.16 us (227.6 GB/s, 91.0%)
    flat    flat_g48_u2                med    92.16 p10    90.11 p90    94.21 mean    92.90   227.6 GB/s
    tiles   tiles_b128_p48_d4          med    96.45 p10    96.22 p90    99.30 mean    97.55   217.4 GB/s
    chunks  chunks_b128_w768_d8        med    93.18 p10    92.16 p90    95.23 mean    93.72   225.1 GB/s
wo_b              20.97 MB x 26 copies  best flat_g48_u2: 92.13 us (227.6 GB/s, 91.1%)
    flat    flat_g48_u2                med    92.13 p10    83.97 p90    94.05 mean    91.33   227.6 GB/s
    tiles   tiles_b128_p48_d2          med   106.50 p10    98.27 p90   110.56 mean   105.71   196.9 GB/s
    chunks  chunks_b128_w320_d8        med    93.18 p10    86.05 p90    95.26 mean    92.20   225.1 GB/s
main_proj         78.64 MB x 16 copies  best flat_g48_u2: 332.35 us (236.6 GB/s, 94.7%)
    flat    flat_g48_u2                med   332.35 p10   329.73 p90   335.84 mean   332.37   236.6 GB/s
    tiles   tiles_b128_all_d4          med   366.56 p10   362.53 p90   369.63 mean   365.93   214.5 GB/s
    chunks  chunks_b256_w320_d8        med   336.99 p10   334.78 p90   339.97 mean   338.10   233.4 GB/s
engram_wkv       157.29 MB x 10 copies  best flat_g48_u2: 665.04 us (236.5 GB/s, 94.6%)
    flat    flat_g48_u2                med   665.04 p10   659.62 p90   679.97 mean   669.62   236.5 GB/s
    tiles   tiles_b128_p48_d4          med   722.94 p10   716.90 p90   735.20 mean   729.16   217.6 GB/s
    chunks  chunks_b128_w384_d8        med   670.72 p10   667.62 p90   680.00 mean   674.88   234.5 GB/s
lm_head          330.96 MB x  4 copies  best flat_g48_u2: 1395.82 us (237.1 GB/s, 94.8%)
    flat    flat_g48_u2                med  1395.82 p10  1387.52 p90  1407.04 mean  1400.22   237.1 GB/s
    tiles   tiles_b128_p48_d2          med  1512.54 p10  1503.23 p90  1524.74 mean  1517.58   218.8 GB/s
    chunks  chunks_b256_w384_d8        med  1408.10 p10  1402.78 p90  1415.17 mean  1410.07   235.0 GB/s
== pmon after
# gpu         pid   type     sm    mem    enc    dec    jpg    ofa    command 
# Idx           #    C/G      %      %      %      %      %      %    name 
    0      81524     G      -      -      -      -      -      -    Xorg           
    0      81681     G      -      -      -      -      -      -    gnome-shell    
== clocks (sm MHz, mem, W): samples, median sm, min sm, median W
samples 342 busy 304 sm_median 2190 sm_min_busy 2190 mem ['[N/A]'] power_median 17.9 W
rc=0
