waiting for /home/sfxnz/projects/ai-lab/recipes/.worktrees-spark2/.gpu.lock at 2026-09-25T12:35:27Z
lock acquired 2026-09-25T12:35:27Z
== pmon before
# gpu         pid   type     sm    mem    enc    dec    jpg    ofa    command 
# Idx           #    C/G      %      %      %      %      %      %    name 
    0      81524     G      -      -      -      -      -      -    Xorg           
    0      81681     G      -      -      -      -      -      -    gnome-shell    
dsv41-indexer-workspace: already applied
shared_down        5.90 MB  best cold flat_g384_u2_pf0: 22.62 us (260.7 GB/s, 104.3%)
    flat    flat_g384_u2_pf0             cold med    22.62 p10    22.56 p90    23.58   260.7 GB/s | warm med     6.21 (950.1 GB/s)
    tiles   tiles_b128_all_d2_pf0        cold med    24.58 p10    24.48 p90    24.61   240.0 GB/s | warm med     6.27 (940.4 GB/s)
    chunks  chunks_b128_w320_d4          cold med    24.58 p10    24.51 p90    24.61   240.0 GB/s | warm med     8.16 (722.8 GB/s)
indexer_wq_b       5.24 MB  best cold flat_g384_u8_pf0: 20.48 us (256.0 GB/s, 102.4%)
    flat    flat_g384_u8_pf0             cold med    20.48 p10    20.45 p90    21.50   256.0 GB/s | warm med     6.14 (853.3 GB/s)
    tiles   tiles_b128_all_d2_pf0        cold med    22.53 p10    22.46 p90    22.56   232.7 GB/s | warm med     6.18 (848.9 GB/s)
    chunks  chunks_b128_w256_d4          cold med    22.53 p10    22.43 p90    22.53   232.7 GB/s | warm med     8.13 (645.0 GB/s)
qkv_a              9.18 MB  best cold flat_g192_u2_pf0: 33.82 us (271.3 GB/s, 108.5%)
    flat    flat_g192_u2_pf0             cold med    33.82 p10    33.76 p90    34.82   271.3 GB/s | warm med     8.19 (1120.0 GB/s)
    tiles   tiles_b128_all_d4_pf0        cold med    36.86 p10    36.77 p90    36.90   248.9 GB/s | warm med    10.24 (896.0 GB/s)
    chunks  chunks_b128_w112_d4          cold med    36.86 p10    36.83 p90    36.96   248.9 GB/s | warm med    12.29 (746.7 GB/s)
shared_gate_up    11.80 MB  best cold flat_g384_u8_pf0: 50.27 us (234.7 GB/s, 93.9%)
    flat    flat_g384_u8_pf0             cold med    50.27 p10    50.02 p90    52.26   234.7 GB/s | warm med    10.24 (1152.0 GB/s)
    tiles   tiles_b128_all_d4_pf0        cold med    57.34 p10    57.31 p90    59.39   205.7 GB/s | warm med    12.29 (960.0 GB/s)
    chunks  chunks_b128_w144_d4          cold med    53.25 p10    51.30 p90    55.30   221.5 GB/s | warm med    12.29 (960.0 GB/s)
wq_b              20.97 MB  best cold chunks_b128_w1024_d8: 78.85 us (266.0 GB/s, 106.4%)
    flat    flat_g384_u2_pf0             cold med    80.90 p10    79.87 p90    81.95   259.2 GB/s | warm med    40.75 (514.6 GB/s)
    tiles   tiles_b256_p96_d2_pf0        cold med    83.94 p10    82.08 p90    86.02   249.9 GB/s | warm med    40.93 (512.4 GB/s)
    chunks  chunks_b128_w1024_d8         cold med    78.85 p10    77.82 p90    80.90   266.0 GB/s | warm med    46.08 (455.1 GB/s)
wo_b              20.97 MB  best cold chunks_b128_w320_d4: 73.73 us (284.4 GB/s, 113.8%)
    flat    flat_g384_u8_pf0             cold med    78.75 p10    77.79 p90    79.87   266.3 GB/s | warm med    16.46 (1273.8 GB/s)
    tiles   tiles_b256_all_d2_pf0        cold med    78.83 p10    77.79 p90    79.90   266.0 GB/s | warm med    20.51 (1022.4 GB/s)
    chunks  chunks_b128_w320_d4          cold med    73.73 p10    73.63 p90    73.76   284.4 GB/s | warm med    24.03 (872.6 GB/s)
main_proj         78.64 MB  best cold chunks_b256_w320_d8: 306.14 us (256.9 GB/s, 102.8%)
    flat    flat_g384_u8_pf0             cold med   313.34 p10   311.30 p90   322.56   251.0 GB/s | warm med   293.94 (267.6 GB/s)
    tiles   tiles_b128_all_d4_pf0        cold med   331.78 p10   327.68 p90   358.40   237.0 GB/s | warm med   306.69 (256.4 GB/s)
    chunks  chunks_b256_w320_d8          cold med   306.14 p10   303.07 p90   328.67   256.9 GB/s | warm med   302.64 (259.9 GB/s)
engram_wkv       157.29 MB  best cold chunks_b128_w768_d8: 616.42 us (255.2 GB/s, 102.1%)
    flat    flat_g384_u2_pf0             cold med   635.90 p10   632.00 p90   645.12   247.3 GB/s | warm med   646.14 (243.4 GB/s)
    tiles   tiles_b128_p144_d2_pf0       cold med   678.91 p10   674.82 p90   694.30   231.7 GB/s | warm med   698.37 (225.2 GB/s)
    chunks  chunks_b128_w768_d8          cold med   616.42 p10   612.38 p90   639.01   255.2 GB/s | warm med   644.10 (244.2 GB/s)
lm_head          330.96 MB  best cold chunks_b128_w768_d8: 1359.86 us (243.4 GB/s, 97.4%)
    flat    flat_g48_u2_pf0              cold med  1366.02 p10  1360.77 p90  1375.20   242.3 GB/s | warm med  1368.05 (241.9 GB/s)
    tiles   tiles_b128_p48_d2_pf0        cold med  1470.46 p10  1464.32 p90  1480.70   225.1 GB/s | warm med  1472.51 (224.8 GB/s)
    chunks  chunks_b128_w768_d8          cold med  1359.86 p10  1343.49 p90  1366.02   243.4 GB/s | warm med  1367.04 (242.1 GB/s)
== pmon after
# gpu         pid   type     sm    mem    enc    dec    jpg    ofa    command 
# Idx           #    C/G      %      %      %      %      %      %    name 
    0      81524     G      -      -      -      -      -      -    Xorg           
    0      81681     G      -      -      -      -      -      -    gnome-shell    
== clocks (sm MHz, mem, W): samples, median sm, min sm, median W
samples 208 busy 168 sm_median 2190 sm_min_busy 2190 mem ['[N/A]'] power_median 16.2 W
rc=0
