waiting for /home/sfxnz/projects/ai-lab/recipes/.worktrees-spark2/.gpu.lock at 2026-09-25T12:43:20Z
lock acquired 2026-09-25T12:43:20Z
== pmon before
# gpu         pid   type     sm    mem    enc    dec    jpg    ofa    command 
# Idx           #    C/G      %      %      %      %      %      %    name 
    0      81524     G      -      -      -      -      -      -    Xorg           
    0      81681     G      -      -      -      -      -      -    gnome-shell    
dsv41-indexer-workspace: already applied
shared_down        5.90 MB  best cold flat_g96_u8_pf0: 22.69 us (260.0 GB/s, 104.0%)
    flat    flat_g96_u8_pf0              cold med    22.69 p10    22.66 p90    24.58   260.0 GB/s | warm med     6.30 (935.6 GB/s)
    tiles   tiles_b256_all_d2_pf0        cold med    23.55 p10    23.52 p90    23.71   250.4 GB/s | warm med     6.32 (933.3 GB/s)
    chunks  chunks_b128_w320_d8          cold med    24.50 p10    23.52 p90    24.58   240.8 GB/s | warm med     8.16 (722.8 GB/s)
indexer_wq_b       5.24 MB  best cold flat_g96_u8_pf0: 21.50 us (243.8 GB/s, 97.5%)
    flat    flat_g96_u8_pf0              cold med    21.50 p10    21.47 p90    23.39   243.8 GB/s | warm med     6.14 (853.3 GB/s)
    tiles   tiles_b128_all_d2_pf0        cold med    22.53 p10    22.50 p90    24.58   232.7 GB/s | warm med     6.21 (844.5 GB/s)
    chunks  chunks_b128_w256_d4          cold med    22.53 p10    22.43 p90    22.53   232.7 GB/s | warm med     8.13 (645.0 GB/s)
qkv_a              9.18 MB  best cold flat_g192_u2_pf0: 33.79 us (271.5 GB/s, 108.6%)
    flat    flat_g192_u2_pf0             cold med    33.79 p10    33.76 p90    34.82   271.5 GB/s | warm med     8.19 (1120.0 GB/s)
    tiles   tiles_b128_all_d4_pf0        cold med    36.86 p10    36.83 p90    36.90   248.9 GB/s | warm med    16.38 (560.0 GB/s)
    chunks  chunks_b128_w112_d4          cold med    36.86 p10    36.80 p90    36.93   248.9 GB/s | warm med    16.35 (561.1 GB/s)
shared_gate_up    11.80 MB  best cold flat_g48_u2_pf0: 51.20 us (230.4 GB/s, 92.2%)
    flat    flat_g48_u2_pf0              cold med    51.20 p10    51.17 p90    53.25   230.4 GB/s | warm med    10.24 (1152.0 GB/s)
    tiles   tiles_b128_all_d4_pf0        cold med    59.39 p10    57.34 p90    59.52   198.6 GB/s | warm med    12.29 (960.0 GB/s)
    chunks  chunks_b128_w144_d4          cold med    55.30 p10    53.25 p90    55.39   213.3 GB/s | warm med    12.35 (955.0 GB/s)
wq_b              20.97 MB  best cold flat_g384_u2_pf0: 78.85 us (266.0 GB/s, 106.4%)
    flat    flat_g384_u2_pf0             cold med    78.85 p10    77.86 p90    80.90   266.0 GB/s | warm med    41.47 (505.7 GB/s)
    tiles   tiles_b128_p96_d2_pf0        cold med    81.92 p10    81.92 p90    83.97   256.0 GB/s | warm med    38.90 (539.2 GB/s)
    chunks  chunks_b128_w768_d2          cold med    80.90 p10    79.87 p90    83.07   259.2 GB/s | warm med    38.88 (539.4 GB/s)
wo_b              20.97 MB  best cold chunks_b128_w320_d4: 75.78 us (276.8 GB/s, 110.7%)
    flat    flat_g384_u4_pf0             cold med    78.85 p10    78.85 p90    79.87   266.0 GB/s | warm med    16.38 (1280.0 GB/s)
    tiles   tiles_b128_all_d2_pf0        cold med    81.92 p10    79.87 p90    81.95   256.0 GB/s | warm med    20.48 (1024.0 GB/s)
    chunks  chunks_b128_w320_d4          cold med    75.78 p10    74.75 p90    75.78   276.8 GB/s | warm med    22.43 (934.9 GB/s)
main_proj         78.64 MB  best cold flat_g48_u2_pf0: 331.78 us (237.0 GB/s, 94.8%)
    flat    flat_g48_u2_pf0              cold med   331.78 p10   329.73 p90   337.95   237.0 GB/s | warm med   329.73 (238.5 GB/s)
    tiles   tiles_b128_all_d4_pf0        cold med   364.54 p10   362.56 p90   369.66   215.7 GB/s | warm med   357.36 (220.1 GB/s)
    chunks  chunks_b128_w320_d8          cold med   336.90 p10   334.88 p90   341.12   233.4 GB/s | warm med   334.85 (234.9 GB/s)
engram_wkv       157.29 MB  best cold chunks_b128_w768_d8: 623.62 us (252.2 GB/s, 100.9%)
    flat    flat_g48_u2_pf1              cold med   634.88 p10   630.98 p90   643.07   247.7 GB/s | warm med   659.46 (238.5 GB/s)
    tiles   tiles_b128_p144_d2_pf0       cold med   681.98 p10   678.91 p90   689.15   230.6 GB/s | warm med   727.04 (216.3 GB/s)
    chunks  chunks_b128_w768_d8          cold med   623.62 p10   613.38 p90   628.77   252.2 GB/s | warm med   667.65 (235.6 GB/s)
lm_head          330.96 MB  best cold chunks_b128_w768_d8: 1369.63 us (241.6 GB/s, 96.7%)
    flat    flat_g48_u2_pf0              cold med  1371.63 p10  1366.02 p90  1388.35   241.3 GB/s | warm med  1397.71 (236.8 GB/s)
    tiles   tiles_b128_p48_d2_pf1        cold med  1479.68 p10  1473.54 p90  1489.92   223.7 GB/s | warm med  1514.67 (218.5 GB/s)
    chunks  chunks_b128_w768_d8          cold med  1369.63 p10  1355.78 p90  1381.38   241.6 GB/s | warm med  1411.07 (234.5 GB/s)
== pmon after
# gpu         pid   type     sm    mem    enc    dec    jpg    ofa    command 
# Idx           #    C/G      %      %      %      %      %      %    name 
    0      81524     G      -      -      -      -      -      -    Xorg           
    0      81681     G      -      -      -      -      -      -    gnome-shell    
== clocks (sm MHz, mem, W): samples, median sm, min sm, median W
samples 382 busy 344 sm_median 2190 sm_min_busy 2190 mem ['[N/A]'] power_median 18.1 W
rc=0
