waiting for /home/sfxnz/projects/ai-lab/recipes/.worktrees-spark2/.gpu.lock at 2026-09-25T12:48:04Z
lock acquired 2026-09-25T12:48:04Z
== pmon before
# gpu         pid   type     sm    mem    enc    dec    jpg    ofa    command 
# Idx           #    C/G      %      %      %      %      %      %    name 
    0      81524     G      -      -      -      -      -      -    Xorg           
    0      81681     G      -      -      -      -      -      -    gnome-shell    
dsv41-indexer-workspace: already applied
shared_down        5.90 MB  best cold flat_g384_u2_pf0: 22.59 us (261.1 GB/s, 104.4%)
    flat    flat_g384_u2_pf0             cold med    22.59 p10    22.56 p90    24.42   261.1 GB/s | warm med     6.18 (955.0 GB/s)
    tiles   tiles_b128_all_d2_pf0        cold med    24.58 p10    24.54 p90    24.70   240.0 GB/s | warm med     6.21 (950.1 GB/s)
    chunks  chunks_b128_w320_d2          cold med    24.58 p10    24.51 p90    24.61   240.0 GB/s | warm med     8.16 (722.8 GB/s)
indexer_wq_b       5.24 MB  best cold flat_g192_u4_pf0: 20.48 us (256.0 GB/s, 102.4%)
    flat    flat_g192_u4_pf0             cold med    20.48 p10    20.45 p90    21.34   256.0 GB/s | warm med     6.14 (853.3 GB/s)
    tiles   tiles_b128_all_d2_pf0        cold med    22.53 p10    22.50 p90    22.59   232.7 GB/s | warm med     6.14 (853.3 GB/s)
    chunks  chunks_b128_w256_d4          cold med    20.61 p10    20.51 p90    22.53   254.4 GB/s | warm med     8.19 (640.0 GB/s)
qkv_a              9.18 MB  best cold flat_g96_u2_pf0: 41.98 us (218.5 GB/s, 87.4%)
    flat    flat_g96_u2_pf0              cold med    41.98 p10    40.96 p90    44.03   218.5 GB/s | warm med     8.19 (1120.0 GB/s)
    tiles   tiles_b128_all_d4_pf0        cold med    47.10 p10    47.07 p90    49.15   194.8 GB/s | warm med    16.29 (563.3 GB/s)
    chunks  chunks_b128_w112_d4          cold med    45.18 p10    45.06 p90    47.14   203.1 GB/s | warm med    14.27 (642.9 GB/s)
shared_gate_up    11.80 MB  best cold flat_g384_u8_pf0: 43.06 us (274.0 GB/s, 109.6%)
    flat    flat_g384_u8_pf0             cold med    43.06 p10    42.98 p90    44.03   274.0 GB/s | warm med    10.24 (1152.0 GB/s)
    tiles   tiles_b128_all_d4_pf0        cold med    45.06 p10    45.02 p90    47.01   261.8 GB/s | warm med    12.29 (960.0 GB/s)
    chunks  chunks_b128_w144_d4          cold med    45.06 p10    45.02 p90    45.25   261.8 GB/s | warm med    12.48 (945.2 GB/s)
wq_b              20.97 MB  best cold chunks_b128_w768_d4: 74.75 us (280.5 GB/s, 112.2%)
    flat    flat_g384_u4_pf0             cold med    75.74 p10    73.86 p90    80.90   276.9 GB/s | warm med    74.69 (280.8 GB/s)
    tiles   tiles_b128_all_d8_pf0        cold med    76.85 p10    76.77 p90    90.11   272.9 GB/s | warm med    76.80 (273.1 GB/s)
    chunks  chunks_b128_w768_d4          cold med    74.75 p10    73.73 p90    81.92   280.5 GB/s | warm med    80.88 (259.3 GB/s)
wo_b              20.97 MB  best cold flat_g384_u4_pf0: 74.66 us (280.9 GB/s, 112.4%)
    flat    flat_g384_u4_pf0             cold med    74.66 p10    73.70 p90    74.78   280.9 GB/s | warm med    64.30 (326.1 GB/s)
    tiles   tiles_b128_all_d4_pf0        cold med    76.83 p10    76.77 p90    77.82   273.0 GB/s | warm med    66.02 (317.7 GB/s)
    chunks  chunks_b128_w320_d4          cold med    74.72 p10    73.73 p90    75.78   280.7 GB/s | warm med    68.54 (306.0 GB/s)
main_proj         78.64 MB  best cold flat_g48_u2_pf0: 332.80 us (236.3 GB/s, 94.5%)
    flat    flat_g48_u2_pf0              cold med   332.80 p10   331.74 p90   335.90   236.3 GB/s | warm med   332.80 (236.3 GB/s)
    tiles   tiles_b128_p48_d4_pf1        cold med   364.58 p10   362.53 p90   368.64   215.7 GB/s | warm med   362.50 (216.9 GB/s)
    chunks  chunks_b128_w320_d8          cold med   336.90 p10   334.85 p90   339.04   233.4 GB/s | warm med   334.78 (234.9 GB/s)
engram_wkv       157.29 MB  best cold flat_g48_u2_pf0: 656.48 us (239.6 GB/s, 95.8%)
    flat    flat_g48_u2_pf0              cold med   656.48 p10   651.26 p90   665.63   239.6 GB/s | warm med   663.55 (237.0 GB/s)
    tiles   tiles_b128_p48_d4_pf0        cold med   718.69 p10   712.70 p90   724.99   218.9 GB/s | warm med   723.97 (217.3 GB/s)
    chunks  chunks_b128_w768_d8          cold med   663.73 p10   659.46 p90   669.76   237.0 GB/s | warm med   669.86 (234.8 GB/s)
lm_head          330.96 MB  best cold chunks_b256_w768_d8: 1376.74 us (240.4 GB/s, 96.2%)
    flat    flat_g48_u2_pf0              cold med  1377.28 p10  1371.14 p90  1390.59   240.3 GB/s | warm med  1394.69 (237.3 GB/s)
    tiles   tiles_b128_p48_d4_pf0        cold med  1488.90 p10  1482.72 p90  1503.23   222.3 GB/s | warm med  1513.47 (218.7 GB/s)
    chunks  chunks_b256_w768_d8          cold med  1376.74 p10  1359.87 p90  1397.57   240.4 GB/s | warm med  1408.00 (235.1 GB/s)
== pmon after
# gpu         pid   type     sm    mem    enc    dec    jpg    ofa    command 
# Idx           #    C/G      %      %      %      %      %      %    name 
    0      81524     G      -      -      -      -      -      -    Xorg           
    0      81681     G      -      -      -      -      -      -    gnome-shell    
== clocks (sm MHz, mem, W): samples, median sm, min sm, median W
samples 522 busy 479 sm_median 2190 sm_min_busy 2190 mem ['[N/A]'] power_median 17.9 W
rc=0
