waiting for /home/sfxnz/projects/ai-lab/recipes/.worktrees-spark2/.gpu.lock at 2026-09-25T13:03:54Z
lock acquired 2026-09-25T13:04:24Z
== pmon before
# gpu         pid   type     sm    mem    enc    dec    jpg    ofa    command 
# Idx           #    C/G      %      %      %      %      %      %    name 
    0      81524     G      -      -      -      -      -      -    Xorg           
    0      81681     G      -      -      -      -      -      -    gnome-shell    
dsv41-indexer-workspace: already applied
qkv_a           N=  1792 K=  5120: bitwise 128/128 cases, graph replay ok (12 captures)
wq_b            N= 16384 K=  1280: bitwise 128/128 cases, graph replay ok (12 captures)
wo_b            N=  5120 K=  4096: bitwise 128/128 cases, graph replay ok (12 captures)
shared_gate_up  N=  2304 K=  5120: bitwise 128/128 cases, graph replay ok (12 captures)
shared_down     N=  5120 K=  1152: bitwise 128/128 cases, graph replay ok (12 captures)
indexer_wq_b    N=  4096 K=  1280: bitwise 128/128 cases, graph replay ok (12 captures)
engram_wkv      N= 25600 K=  6144: bitwise 128/128 cases, graph replay ok (12 captures)
lm_head         N= 64640 K=  5120: bitwise 32/32 cases, graph replay ok (3 captures)
ALL_OK
== pmon after
# gpu         pid   type     sm    mem    enc    dec    jpg    ofa    command 
# Idx           #    C/G      %      %      %      %      %      %    name 
    0      81524     G      -      -      -      -      -      -    Xorg           
    0      81681     G      -      -      -      -      -      -    gnome-shell    
== clocks (sm MHz, mem, W): samples, median sm, min sm, median W
samples 71 busy 24 sm_median 2190 sm_min_busy 2190 mem ['[N/A]'] power_median 8.5 W
rc=0
