waiting for /home/sfxnz/projects/ai-lab/recipes/.worktrees-spark2/.gpu.lock at 2026-09-25T13:13:28Z
lock acquired 2026-09-25T13:13:52Z
== pmon before
# gpu         pid   type     sm    mem    enc    dec    jpg    ofa    command 
# Idx           #    C/G      %      %      %      %      %      %    name 
    0      81524     G      -      -      -      -      -      -    Xorg           
    0      81681     G      -      -      -      -      -      -    gnome-shell    
dsv41-indexer-workspace: already applied
== qkv_a M=4 (cold median us, p10, p90)
   b12x_gemm                       47.14    47.07    49.18
   read                            43.01    42.94    45.06
   diag1_nomma_w4s6                62.46    60.45    63.52
   diag2_nostage_w4s6              55.31    53.44    57.41
   gv_w4s4k128g28                  62.48    61.28    65.47
   gv_w4s6k128g28                  61.47    60.42    63.52
   gv_w2s4k128g56                  81.87    79.74    83.97
   gv_w2s6k128g56                  82.98    81.92    85.15
   gv_w2s8k128g56                  82.94    81.89    84.10
   gv_w2s12k128g56                 83.97    82.91    85.18
   gv_w2s4k256g56                  78.85    77.79    79.97
   gv_w2s6k256g56                  79.74    77.86    80.93
   gv_w1s8k128g112                126.98   124.99   127.14
   gv_w1s16k128g112               132.10   131.07   133.15
   gv_w8s3k128g14                  59.42    59.30    61.47
== wo_b M=4 (cold median us, p10, p90)
   b12x_gemm                      102.40   100.35   104.51
   read                            92.19    92.03    96.26
   diag1_nomma_w4s6               128.00   125.92   131.04
   diag2_nostage_w4s6             122.88   120.80   125.95
   gv_w4s4k128g80                 130.08   127.97   133.12
   gv_w4s6k128g80                 127.04   124.93   131.14
   gv_w4s8k128g80                 126.93   123.94   130.08
   gv_w2s4k128g160                146.29   142.37   149.66
   gv_w2s6k128g160                144.38   140.26   149.60
   gv_w2s8k128g160                144.42   142.18   150.56
   gv_w2s12k128g160               144.38   140.45   149.47
   gv_w2s4k256g160                137.22   135.17   140.32
   gv_w2s6k256g160                136.22   133.12   142.37
   gv_w1s8k128g320                231.42   228.45   234.50
   gv_w1s16k128g320               244.58   240.64   247.84
   gv_w8s3k128g40                 127.01   124.93   131.07
== wq_b M=4 (cold median us, p10, p90)
   b12x_gemm                       99.36    98.27   101.41
   read                            64.96    26.59    92.19
   diag1_nomma_w4s6                97.78    38.94   117.76
   diag2_nostage_w4s6              86.06    37.79   116.54
   gv_w4s4k128g48                  81.94    36.86   118.82
   gv_w4s4k128g96                  86.00    32.86   119.81
   gv_w4s4k128g144                 79.38    33.76   118.85
   gv_w4s4k128g256                 93.65    34.82   117.73
   gv_w4s6k128g48                  81.18    34.82   119.81
   gv_w4s6k128g96                  80.90    34.82   118.82
   gv_w4s6k128g144                 83.49    34.82   118.78
   gv_w4s6k128g256                113.15    43.04   117.76
   gv_w4s8k128g48                 115.28    33.82   119.81
   gv_w4s8k128g96                  92.91    33.76   118.82
   gv_w4s8k128g144                 80.43    34.82   118.78
   gv_w4s8k128g256                 93.15    43.01   116.74
   gv_w2s4k128g48                  91.06    47.10   118.78
   gv_w2s4k128g96                  83.46    37.79   120.80
   gv_w2s4k128g144                 94.74    35.84   120.83
   gv_w2s4k128g512                113.58    42.98   117.86
   gv_w2s6k128g48                  94.90    47.14   118.82
   gv_w2s6k128g96                  86.54    36.90   121.86
   gv_w2s6k128g144                 79.90    38.91   119.84
   gv_w2s6k128g512                 97.60    51.20   118.78
   gv_w2s8k128g48                 102.38    45.09   118.78
   gv_w2s8k128g96                 104.10    36.90   120.90
   gv_w2s8k128g144                 85.07    37.92   120.83
   gv_w2s8k128g512                113.15    50.21   117.76
   gv_w2s12k128g48                 85.06    45.06   118.82
   gv_w2s12k128g96                 95.12    47.10   119.84
   gv_w2s12k128g144                95.09    51.20   119.81
   gv_w2s12k128g512               102.85    81.92   117.79
   gv_w2s4k256g48                 103.68    40.96   116.74
   gv_w2s4k256g96                 113.12    34.85   117.76
   gv_w2s4k256g144                 78.58    36.67   116.74
   gv_w2s4k256g512                 82.46    45.09   112.64
   gv_w2s6k256g48                  89.06    38.88   118.78
   gv_w2s6k256g96                  90.67    40.96   117.79
   gv_w2s6k256g144                 86.37    43.01   116.74
   gv_w2s6k256g512                110.74    73.73   114.69
   gv_w1s8k128g48                  99.81    75.78   122.82
   gv_w1s8k128g96                  93.33    49.15   121.86
   gv_w1s8k128g144                120.77    43.01   124.80
   gv_w1s8k128g1024               105.98    81.92   121.86
   gv_w1s16k128g48                117.78    75.74   121.86
   gv_w1s16k128g96                 87.58    47.14   121.98
   gv_w1s16k128g144               117.76    61.44   124.93
   gv_w1s16k128g1024              119.86   110.62   124.93
   gv_w8s3k128g48                 103.60    32.77   119.81
   gv_w8s3k128g96                  80.27    34.69   116.74
   gv_w8s3k128g128                117.73   115.74   119.84
== pmon after
# gpu         pid   type     sm    mem    enc    dec    jpg    ofa    command 
# Idx           #    C/G      %      %      %      %      %      %    name 
    0      81524     G      -      -      -      -      -      -    Xorg           
    0      81681     G      -      -      -      -      -      -    gnome-shell    
== clocks (sm MHz, mem, W): samples, median sm, min sm, median W
samples 115 busy 72 sm_median 2190 sm_min_busy 2190 mem ['[N/A]'] power_median 8.9 W
rc=0
