waiting for /home/sfxnz/projects/ai-lab/recipes/.worktrees-spark2/.gpu.lock at 2026-09-25T12:40:33Z
lock acquired 2026-09-25T12:40:33Z
== pmon before
# gpu         pid   type     sm    mem    enc    dec    jpg    ofa    command 
# Idx           #    C/G      %      %      %      %      %      %    name 
    0      81524     G      -      -      -      -      -      -    Xorg           
    0      81681     G      -      -      -      -      -      -    gnome-shell    
dsv41-indexer-workspace: already applied
A flush-first single               a          med   75.776 p10   75.616 p90   76.832  276.8 GB/s
A flush-first 2 arms same w        a          med   75.776 p10   74.912 p90   77.824  276.8 GB/s
A flush-first 2 arms same w        b          med   75.776 p10   74.848 p90   76.800  276.8 GB/s
A flush-first 8 arms same w        0          med   75.776 p10   75.584 p90   76.832  276.8 GB/s
A flush-first 8 arms same w        1          med   75.776 p10   74.944 p90   76.832  276.8 GB/s
A flush-first 8 arms same w        2          med   75.776 p10   74.912 p90   76.832  276.8 GB/s
A flush-first 8 arms same w        3          med   75.776 p10   75.616 p90   76.832  276.8 GB/s
A flush-first 8 arms same w        4          med   75.776 p10   74.944 p90   76.864  276.8 GB/s
A flush-first 8 arms same w        5          med   75.776 p10   75.552 p90   76.832  276.8 GB/s
A flush-first 8 arms same w        6          med   75.776 p10   74.848 p90   77.760  276.8 GB/s
A flush-first 8 arms same w        7          med   75.776 p10   74.816 p90   76.896  276.8 GB/s
B w-first single                   a          med   95.232 p10   94.176 p90   98.304  220.2 GB/s
B w-first 8 arms                   0          med   95.232 p10   94.016 p90   97.344  220.2 GB/s
B w-first 8 arms                   1          med   95.232 p10   94.208 p90   97.376  220.2 GB/s
B w-first 8 arms                   2          med   95.264 p10   94.144 p90   97.312  220.1 GB/s
B w-first 8 arms                   3          med   95.232 p10   94.208 p90   97.408  220.2 GB/s
B w-first 8 arms                   4          med   95.232 p10   94.208 p90   97.280  220.2 GB/s
B w-first 8 arms                   5          med   95.264 p10   94.208 p90   97.312  220.1 GB/s
B w-first 8 arms                   6          med   95.232 p10   94.208 p90   98.144  220.2 GB/s
B w-first 8 arms                   7          med   95.296 p10   94.176 p90   98.304  220.1 GB/s
C w/fb2                            a          med   95.232 p10   94.080 p90   98.304  220.2 GB/s
C w2/fb                            a          med   95.280 p10   94.208 p90   98.016  220.1 GB/s
D w double flush                   a          med   96.256 p10   94.304 p90   98.400  217.9 GB/s
ptrs 0x327e00000 0x32c200000 0x32d600000 0x337a00000
== pmon after
# gpu         pid   type     sm    mem    enc    dec    jpg    ofa    command 
# Idx           #    C/G      %      %      %      %      %      %    name 
    0      81524     G      -      -      -      -      -      -    Xorg           
    0      81681     G      -      -      -      -      -      -    gnome-shell    
== clocks (sm MHz, mem, W): samples, median sm, min sm, median W
samples 47 busy 8 sm_median 2190 sm_min_busy 2190 mem ['[N/A]'] power_median 3.9 W
rc=0
