waiting for /home/sfxnz/projects/ai-lab/recipes/.worktrees-spark2/.gpu.lock at 2026-09-25T12:42:22Z
lock acquired 2026-09-25T12:42:50Z
== pmon before
# gpu         pid   type     sm    mem    enc    dec    jpg    ofa    command 
# Idx           #    C/G      %      %      %      %      %      %    name 
    0      81524     G      -      -      -      -      -      -    Xorg           
    0      81681     G      -      -      -      -      -      -    gnome-shell    
dsv41-indexer-workspace: already applied
A flush-first single               a          med   75.760 p10   73.760 p90  109.632  276.8 GB/s
A flush-first 2 arms same w        a          med   73.824 p10   73.696 p90   75.744  284.1 GB/s
A flush-first 2 arms same w        b          med   73.824 p10   73.728 p90   75.648  284.1 GB/s
A flush-first 8 arms same w        0          med   73.824 p10   73.696 p90   76.960  284.1 GB/s
A flush-first 8 arms same w        1          med   73.824 p10   73.696 p90   77.920  284.1 GB/s
A flush-first 8 arms same w        2          med   73.824 p10   73.696 p90   76.000  284.1 GB/s
A flush-first 8 arms same w        3          med   73.856 p10   73.728 p90   81.280  284.0 GB/s
A flush-first 8 arms same w        4          med   73.888 p10   73.728 p90   76.832  283.8 GB/s
A flush-first 8 arms same w        5          med   73.888 p10   73.696 p90   75.872  283.8 GB/s
A flush-first 8 arms same w        6          med   73.856 p10   73.728 p90   75.936  284.0 GB/s
A flush-first 8 arms same w        7          med   73.856 p10   73.696 p90   77.824  284.0 GB/s
B w-first single                   a          med   96.256 p10   94.240 p90  100.352  217.9 GB/s
B w-first 8 arms                   0          med   95.232 p10   94.080 p90   99.296  220.2 GB/s
B w-first 8 arms                   1          med   95.232 p10   93.248 p90   98.304  220.2 GB/s
B w-first 8 arms                   2          med   95.232 p10   93.408 p90   98.304  220.2 GB/s
B w-first 8 arms                   3          med   95.232 p10   94.080 p90   98.304  220.2 GB/s
B w-first 8 arms                   4          med   95.232 p10   93.216 p90   98.208  220.2 GB/s
B w-first 8 arms                   5          med   95.232 p10   94.176 p90   98.304  220.2 GB/s
B w-first 8 arms                   6          med   95.232 p10   94.144 p90   98.304  220.2 GB/s
B w-first 8 arms                   7          med   95.232 p10   93.440 p90   98.208  220.2 GB/s
C w/fb2                            a          med   99.360 p10   98.304 p90  101.376  211.1 GB/s
C w2/fb                            a          med   95.232 p10   94.016 p90   96.288  220.2 GB/s
D w double flush                   a          med   95.232 p10   94.176 p90   97.280  220.2 GB/s
E perm-flush fb->w (adjacent)      a          med   95.232 p10   94.112 p90   97.280  220.2 GB/s
E perm-flush fb2->w2               a          med   95.232 p10   94.176 p90   96.288  220.2 GB/s
E perm-flush fb->w2                a          med   95.232 p10   93.184 p90   97.280  220.2 GB/s
E perm fb + perm fb2 -> w          a          med   94.240 p10   93.152 p90   97.280  222.5 GB/s
E perm 256MiB -> w                 a          med   96.256 p10   94.048 p90   99.328  217.9 GB/s
E perm 256MiB -> w2                a          med   94.352 p10   93.184 p90   96.256  222.3 GB/s
ptrs 0x327e00000 0x32c200000 0x32d600000 0x337a00000
== pmon after
# gpu         pid   type     sm    mem    enc    dec    jpg    ofa    command 
# Idx           #    C/G      %      %      %      %      %      %    name 
    0      81524     G      -      -      -      -      -      -    Xorg           
    0      81681     G      -      -      -      -      -      -    gnome-shell    
== clocks (sm MHz, mem, W): samples, median sm, min sm, median W
samples 50 busy 16 sm_median 2190 sm_min_busy 676 mem ['[N/A]'] power_median 5.7 W
rc=0
