waiting for /home/sfxnz/projects/ai-lab/recipes/.worktrees-spark2/.gpu.lock at 2026-09-25T12:37:54Z
lock acquired 2026-09-25T12:38:01Z
== pmon before
# gpu         pid   type     sm    mem    enc    dec    jpg    ofa    command 
# Idx           #    C/G      %      %      %      %      %      %    name 
    0      81524     G      -      -      -      -      -      -    Xorg           
    0      81681     G      -      -      -      -      -      -    gnome-shell    
dsv41-indexer-workspace: already applied
wo_b_read64              med   94.208 mean   96.134 p10   92.160 p90   97.536  222.6 GB/s  distinct=67 vals=[91.136, 91.168, 92.064, 92.128, 92.16, 92.288]
wo_b_write64             med  125.984 mean  132.046 p10  123.936 p90  144.608  166.5 GB/s  distinct=102 vals=[121.888, 122.88, 122.944, 123.52, 123.712, 123.808]
wo_b_read128             med   95.232 mean   99.522 p10   92.352 p90  115.584  220.2 GB/s  distinct=96 vals=[91.04, 91.136, 91.2, 91.84, 92.096, 92.128]
wo_b_write128            med  124.960 mean  125.504 p10  123.904 p90  127.008  167.8 GB/s  distinct=45 vals=[122.848, 122.88, 122.912, 122.944, 122.976, 123.68]
wo_b_read256             med   94.208 mean   95.571 p10   93.152 p90   98.304  222.6 GB/s  distinct=61 vals=[91.04, 91.136, 92.128, 92.16, 92.192, 92.224]
wo_b_write256            med  125.952 mean  127.357 p10  123.904 p90  128.000  166.5 GB/s  distinct=56 vals=[121.856, 122.88, 122.944, 123.584, 123.744, 123.84]
wo_b_read512             med   94.208 mean   94.777 p10   93.152 p90   96.352  222.6 GB/s  distinct=56 vals=[91.968, 92.128, 92.16, 92.192, 92.224, 92.256]
wo_b_write512            med  124.960 mean  125.456 p10  123.072 p90  126.976  167.8 GB/s  distinct=54 vals=[121.952, 122.048, 122.752, 122.848, 122.88, 122.912]
wo_b_read1024            med   94.208 mean   94.179 p10   93.024 p90   95.296  222.6 GB/s  distinct=47 vals=[91.136, 91.936, 92.032, 92.064, 92.128, 92.16]
wo_b_write1024           med  125.120 mean  125.619 p10  123.904 p90  128.000  167.6 GB/s  distinct=47 vals=[121.856, 122.848, 122.88, 122.912, 123.04, 123.776]
qkv_a_read64             med   47.104 mean   47.280 p10   47.008 p90   48.992  194.8 GB/s  distinct=24 vals=[45.056, 45.088, 45.248, 46.72, 46.88, 46.944]
qkv_a_write64            med   69.664 mean   71.290 p10   69.600 p90   71.712  131.7 GB/s  distinct=43 vals=[67.648, 68.576, 68.608, 69.376, 69.472, 69.504]
qkv_a_read128            med   47.104 mean   49.896 p10   47.072 p90   49.216  194.8 GB/s  distinct=46 vals=[45.024, 45.184, 46.176, 46.848, 46.912, 46.944]
qkv_a_write128           med   69.664 mean   70.206 p10   69.536 p90   71.680  131.7 GB/s  distinct=41 vals=[67.584, 67.616, 67.648, 67.712, 67.808, 68.48]
qkv_a_read256            med   47.104 mean   47.520 p10   47.072 p90   49.152  194.8 GB/s  distinct=28 vals=[45.024, 45.056, 45.28, 46.08, 46.848, 46.912]
qkv_a_write256           med   70.208 mean   70.805 p10   69.568 p90   71.712  130.7 GB/s  distinct=37 vals=[68.576, 68.608, 68.736, 69.408, 69.44, 69.472]
qkv_a_read512            med   47.104 mean   48.025 p10   47.072 p90   49.152  194.8 GB/s  distinct=26 vals=[45.184, 45.216, 46.912, 46.944, 46.976, 47.008]
qkv_a_write512           med   69.632 mean   72.697 p10   69.472 p90   73.568  131.8 GB/s  distinct=48 vals=[67.52, 67.584, 67.616, 67.744, 68.416, 68.544]
qkv_a_read1024           med   47.104 mean   47.782 p10   47.040 p90   49.152  194.8 GB/s  distinct=23 vals=[46.88, 46.912, 46.944, 46.976, 47.008, 47.04]
qkv_a_write1024          med   69.632 mean   70.400 p10   69.536 p90   71.680  131.8 GB/s  distinct=37 vals=[67.552, 67.584, 67.712, 67.776, 68.576, 68.608]
shared_down_read64       med   29.600 mean   29.274 p10   28.640 p90   29.728  199.3 GB/s  distinct=27 vals=[27.808, 28.544, 28.608, 28.64, 28.672, 28.704]
shared_down_write64      med   51.200 mean   51.396 p10   50.208 p90   52.224  115.2 GB/s  distinct=36 vals=[50.112, 50.144, 50.176, 50.208, 50.24, 50.272]
shared_down_read128      med   29.664 mean   29.504 p10   28.640 p90   30.688  198.8 GB/s  distinct=34 vals=[28.48, 28.512, 28.544, 28.576, 28.608, 28.64]
shared_down_write128     med   51.200 mean   51.631 p10   50.176 p90   52.256  115.2 GB/s  distinct=44 vals=[49.312, 49.952, 50.048, 50.08, 50.112, 50.144]
shared_down_read256      med   29.664 mean   29.550 p10   28.640 p90   30.720  198.8 GB/s  distinct=33 vals=[28.384, 28.512, 28.544, 28.576, 28.608, 28.64]
shared_down_write256     med   51.200 mean   51.224 p10   50.176 p90   52.224  115.2 GB/s  distinct=34 vals=[49.056, 49.152, 50.08, 50.112, 50.144, 50.176]
shared_down_read512      med   29.664 mean   29.547 p10   28.640 p90   30.720  198.8 GB/s  distinct=30 vals=[28.448, 28.512, 28.608, 28.64, 28.672, 28.704]
shared_down_write512     med   51.200 mean   51.089 p10   50.176 p90   52.224  115.2 GB/s  distinct=39 vals=[49.184, 49.28, 49.312, 50.112, 50.144, 50.176]
shared_down_read1024     med   29.696 mean   29.796 p10   28.640 p90   30.720  198.6 GB/s  distinct=40 vals=[28.544, 28.576, 28.608, 28.64, 28.672, 28.704]
shared_down_write1024    med   51.200 mean   52.006 p10   50.144 p90   52.256  115.2 GB/s  distinct=40 vals=[49.056, 49.152, 49.184, 49.312, 49.344, 50.048]
== pmon after
# gpu         pid   type     sm    mem    enc    dec    jpg    ofa    command 
# Idx           #    C/G      %      %      %      %      %      %    name 
    0      81524     G      -      -      -      -      -      -    Xorg           
    0      81681     G      -      -      -      -      -      -    gnome-shell    
== clocks (sm MHz, mem, W): samples, median sm, min sm, median W
samples 93 busy 56 sm_median 2190 sm_min_busy 2190 mem ['[N/A]'] power_median 15.1 W
rc=0
