waiting for /home/sfxnz/projects/ai-lab/recipes/.worktrees-spark2/.gpu.lock at 2026-09-25T12:45:30Z
lock acquired 2026-09-25T12:46:32Z
== pmon before
# gpu         pid   type     sm    mem    enc    dec    jpg    ofa    command 
# Idx           #    C/G      %      %      %      %      %      %    name 
    0      81524     G      -      -      -      -      -      -    Xorg           
    0      81681     G      -      -      -      -      -      -    gnome-shell    
dsv41-indexer-workspace: already applied
1 single alone                           single  med   75.776 mean   83.470 p10   74.208 p90  106.208  276.8 GB/s
2 single + alt                           single  med   74.928 mean   80.536 p10   73.728 p90   95.136  279.9 GB/s
2 single + alt                           alt     med   95.232 mean   97.972 p10   93.792 p90  102.624  220.2 GB/s
3 single + 9 flat(w)                     single  med   74.752 mean   75.473 p10   73.728 p90   75.776  280.5 GB/s
4 single + alt + 9 flat(w)               single  med   75.744 mean   76.279 p10   73.760 p90   75.808  276.9 GB/s
4 single + alt + 9 flat(w)               alt     med   96.160 mean   96.811 p10   94.208 p90   99.328  218.1 GB/s
5 single + 3 tiles(w)                    single  med   75.776 mean   76.403 p10   74.752 p90   76.800  276.8 GB/s
6 single + alt + 3 tiles(w)              single  med   75.776 mean   75.800 p10   74.752 p90   75.840  276.8 GB/s
6 single + alt + 3 tiles(w)              alt     med   95.136 mean   95.046 p10   93.184 p90   96.064  220.4 GB/s
== pmon after
# gpu         pid   type     sm    mem    enc    dec    jpg    ofa    command 
# Idx           #    C/G      %      %      %      %      %      %    name 
    0      81524     G      -      -      -      -      -      -    Xorg           
    0      81681     G      -      -      -      -      -      -    gnome-shell    
== clocks (sm MHz, mem, W): samples, median sm, min sm, median W
samples 49 busy 12 sm_median 2190 sm_min_busy 1618 mem ['[N/A]'] power_median 6.1 W
rc=0
