waiting for /home/sfxnz/projects/ai-lab/recipes/.worktrees-spark2/.gpu.lock at 2026-09-25T12:47:18Z
lock acquired 2026-09-25T12:47:18Z
== pmon before
# gpu         pid   type     sm    mem    enc    dec    jpg    ofa    command 
# Idx           #    C/G      %      %      %      %      %      %    name 
    0      81524     G      -      -      -      -      -      -    Xorg           
    0      81681     G      -      -      -      -      -      -    gnome-shell    
dsv41-indexer-workspace: already applied
flush 0x32ee00000 copies ['0x33c000000', '0x33d400000', '0x33e800000', '0x327c00000', '0x329000000', '0x32a400000', '0x32b800000', '0x32cc00000']
interleaved  c0   med   98.304 mean  100.864 p10   95.232 p90  110.496  213.3 GB/s
interleaved  c1   med   97.696 mean  102.121 p10   95.232 p90  115.648  214.7 GB/s
interleaved  c2   med   98.272 mean  102.781 p10   95.200 p90  118.688  213.4 GB/s
interleaved  c3   med   97.280 mean  102.358 p10   94.208 p90  117.248  215.6 GB/s
interleaved  c4   med   97.280 mean  100.491 p10   94.208 p90  107.296  215.6 GB/s
interleaved  c5   med  100.352 mean  103.819 p10   98.304 p90  107.264  209.0 GB/s
interleaved  c6   med   95.232 mean   99.145 p10   92.160 p90  111.616  220.2 GB/s
interleaved  c7   med   96.176 mean   98.356 p10   93.184 p90  108.960  218.1 GB/s
rotating 8   med   95.232 mean   95.671 p10   93.216 p90   99.296  220.2 GB/s
flush2 0xffca20000000
flush2       c0   med   96.256 mean   96.908 p10   94.208 p90   98.304  217.9 GB/s
flush2       c1   med   96.224 mean   96.589 p10   94.208 p90   98.336  217.9 GB/s
flush2       c2   med   96.128 mean   96.445 p10   94.208 p90   98.304  218.2 GB/s
flush2       c3   med   95.088 mean   95.463 p10   93.184 p90   97.280  220.5 GB/s
flush2       c4   med   95.232 mean   96.040 p10   93.216 p90   98.304  220.2 GB/s
flush2       c5   med  100.384 mean  101.167 p10   99.328 p90  102.528  208.9 GB/s
flush2       c6   med   96.256 mean   96.820 p10   94.208 p90   99.328  217.9 GB/s
flush2       c7   med   95.232 mean   95.862 p10   94.176 p90   98.304  220.2 GB/s
flush1+2     c0   med   95.392 mean   95.837 p10   94.176 p90   98.272  219.8 GB/s
flush1+2     c1   med   95.232 mean   95.746 p10   93.184 p90   98.304  220.2 GB/s
flush1+2     c2   med   95.232 mean   95.763 p10   94.144 p90   97.728  220.2 GB/s
flush1+2     c3   med   94.224 mean   96.095 p10   93.184 p90   97.280  222.6 GB/s
flush1+2     c4   med   95.232 mean   95.626 p10   93.184 p90   97.280  220.2 GB/s
flush1+2     c5   med  100.352 mean  101.235 p10   98.368 p90  102.432  209.0 GB/s
flush1+2     c6   med   96.256 mean   96.820 p10   94.208 p90   98.400  217.9 GB/s
flush1+2     c7   med   95.232 mean   96.046 p10   93.184 p90   98.272  220.2 GB/s
== pmon after
# gpu         pid   type     sm    mem    enc    dec    jpg    ofa    command 
# Idx           #    C/G      %      %      %      %      %      %    name 
    0      81524     G      -      -      -      -      -      -    Xorg           
    0      81681     G      -      -      -      -      -      -    gnome-shell    
== clocks (sm MHz, mem, W): samples, median sm, min sm, median W
samples 49 busy 12 sm_median 2190 sm_min_busy 1397 mem ['[N/A]'] power_median 3.9 W
rc=0
