waiting for /home/sfxnz/projects/ai-lab/recipes/.worktrees-spark2/.gpu.lock at 2026-09-25T13:22:02Z
lock acquired 2026-09-25T13:22:02Z
== pmon before
# gpu         pid   type     sm    mem    enc    dec    jpg    ofa    command 
# Idx           #    C/G      %      %      %      %      %      %    name 
    0      81524     G      -      -      -      -      -      -    Xorg           
    0      81681     G      -      -      -      -      -      -    gnome-shell    
dsv41-indexer-workspace: already applied
X4_T256_U8       med    274.4 us   122.3 GB/s  30.57 GB/s/SM
X4_T1024_U4      med    149.5 us   224.4 GB/s  56.10 GB/s/SM
X4_T1024_U8      med    148.4 us   226.1 GB/s  56.52 GB/s/SM
X8_T256_U8       med    176.1 us   190.5 GB/s  23.81 GB/s/SM
X8_T1024_U4      med    145.4 us   230.7 GB/s  28.84 GB/s/SM
X8_T1024_U8      med    145.9 us   230.0 GB/s  28.75 GB/s/SM
X16_T256_U8      med    147.5 us   227.5 GB/s  14.22 GB/s/SM
X16_T1024_U4     med    147.4 us   227.6 GB/s  14.22 GB/s/SM
X16_T1024_U8     med    147.4 us   227.6 GB/s  14.23 GB/s/SM
X28_T256_U8      med    147.5 us   227.5 GB/s   8.12 GB/s/SM
X28_T1024_U4     med    148.4 us   226.0 GB/s   8.07 GB/s/SM
X28_T1024_U8     med    148.4 us   226.0 GB/s   8.07 GB/s/SM
X36_T256_U8      med    147.5 us   227.5 GB/s   6.32 GB/s/SM
X36_T1024_U4     med    148.4 us   226.0 GB/s   6.28 GB/s/SM
X36_T1024_U8     med    147.7 us   227.2 GB/s   6.31 GB/s/SM
X48_T256_U8      med    147.5 us   227.6 GB/s   4.74 GB/s/SM
X48_T1024_U4     med    148.5 us   226.0 GB/s   4.71 GB/s/SM
X48_T1024_U8     med    148.5 us   225.9 GB/s   4.71 GB/s/SM
== pmon after
# gpu         pid   type     sm    mem    enc    dec    jpg    ofa    command 
# Idx           #    C/G      %      %      %      %      %      %    name 
    0      81524     G      -      -      -      -      -      -    Xorg           
    0      81681     G      -      -      -      -      -      -    gnome-shell    
== clocks (sm MHz, mem, W): samples, median sm, min sm, median W
samples 45 busy 8 sm_median 2190 sm_min_busy 2190 mem ['[N/A]'] power_median 3.9 W
rc=0
