waiting for /home/sfxnz/projects/ai-lab/recipes/.worktrees-spark2/.gpu.lock at 2026-09-25T14:15:09Z
lock acquired 2026-09-25T14:16:15Z
== pmon before
# gpu         pid   type     sm    mem    enc    dec    jpg    ofa    command 
# Idx           #    C/G      %      %      %      %      %      %    name 
    0      81524     G      -      -      -      -      -      -    Xorg           
    0      81681     G      -      -      -      -      -      -    gnome-shell    
dsv41-indexer-workspace: already applied
qkv_a           correctness: 282/282 bitwise (incl. graph replay)
qkv_a          M=1 cold us: b12x_e2e   47.23 b12x_gemm   47.14 read   43.01 | best fused w4s2k512m4g28   44.13 ( +7.0%) | best preq w4s2k512m4g28   44.13 ( +6.8%)
qkv_a          M=3 cold us: b12x_e2e   48.22 b12x_gemm   47.17 read   43.04 | best fused w4s2k512m4g28   45.09 ( +7.0%) | best preq w4s2k512m4g28   45.06 ( +4.7%)
qkv_a          M=4 cold us: b12x_e2e   47.30 b12x_gemm   47.17 read   43.01 | best fused w4s2k512m4g28   45.12 ( +4.8%) | best preq w3s2k512m8g38   44.18 ( +6.8%)
qkv_a          M=6 cold us: b12x_e2e   48.13 b12x_gemm   47.14 read   43.02 | best fused w3s2k512m8g38   46.08 ( +4.4%) | best preq w3s2k512m8g38   45.12 ( +4.5%)
qkv_a          M=8 cold us: b12x_e2e   48.11 b12x_gemm   47.17 read   42.98 | best fused w3s2k512m8g38   46.11 ( +4.3%) | best preq w3s2k512m8g38   45.15 ( +4.5%)
wo_b            correctness: 282/282 bitwise (incl. graph replay)
wo_b           M=1 cold us: b12x_e2e  102.18 b12x_gemm  100.42 read   90.18 | best fused w4s2k512m4g48   93.34 ( +9.5%) | best preq w4s2k512m8g48   94.02 ( +6.8%)
wo_b           M=3 cold us: b12x_e2e  102.19 b12x_gemm  100.45 read   90.18 | best fused w4s2k512m4g48   94.21 ( +8.5%) | best preq w4s2k512m4g48   94.21 ( +6.6%)
wo_b           M=4 cold us: b12x_e2e  102.18 b12x_gemm  100.45 read   90.21 | best fused w2s2k512m4g96   94.21 ( +8.5%) | best preq w2s2k512m4g96   94.24 ( +6.6%)
wo_b           M=6 cold us: b12x_e2e  102.43 b12x_gemm  101.41 read   90.18 | best fused w4s2k512m8g48   94.27 ( +8.7%) | best preq w3s2k512m8g48   94.82 ( +7.0%)
wo_b           M=8 cold us: b12x_e2e  102.43 b12x_gemm  101.34 read   90.18 | best fused w4s2k512m8g48   95.04 ( +7.8%) | best preq w4s2k512m8g48   95.30 ( +6.3%)
wq_b            correctness: 70/70 bitwise (incl. graph replay)
wq_b           M=1 cold us: b12x_e2e  101.34 b12x_gemm   97.38 read   90.14 | best fused w2s2k640m8g48   94.21 ( +7.6%) | best preq w2s2k640m8g48   94.37 ( +3.2%)
wq_b           M=3 cold us: b12x_e2e   99.46 b12x_gemm   99.33 read   90.18 | best fused w2s2k640m8g48   95.01 ( +4.7%) | best preq w2s2k640m8g48   95.23 ( +4.3%)
wq_b           M=4 cold us: b12x_e2e  100.34 b12x_gemm   99.36 read   90.14 | best fused w2s2k640m8g48   95.22 ( +5.4%) | best preq w2s2k640m8g48   95.20 ( +4.4%)
wq_b           M=6 cold us: b12x_e2e  101.38 b12x_gemm  100.38 read   92.13 | best fused w2s2k640m8g48   96.24 ( +5.3%) | best preq w2s2k640m8g48   96.26 ( +4.3%)
wq_b           M=8 cold us: b12x_e2e  100.35 b12x_gemm   99.42 read   90.16 | best fused w2s2k640m8g48   96.22 ( +4.3%) | best preq w2s2k640m8g48   95.44 ( +4.2%)
ALL_OK
== pmon after
# gpu         pid   type     sm    mem    enc    dec    jpg    ofa    command 
# Idx           #    C/G      %      %      %      %      %      %    name 
    0      81524     G      -      -      -      -      -      -    Xorg           
    0      81681     G      -      -      -      -      -      -    gnome-shell    
== clocks (sm MHz, mem, W): samples, median sm, min sm, median W
samples 347 busy 155 sm_median 2190 sm_min_busy 890 mem ['[N/A]'] power_median 4.4 W
rc=0
