waiting for /home/sfxnz/projects/ai-lab/recipes/.worktrees-spark2/.gpu.lock at 2026-09-25T15:44:43Z
lock acquired 2026-09-25T15:46:13Z
== pmon before
# gpu         pid   type     sm    mem    enc    dec    jpg    ofa    command 
# Idx           #    C/G      %      %      %      %      %      %    name 
    0      81524     G      -      -      -      -      -      -    Xorg           
    0      81681     G      -      -      -      -      -      -    gnome-shell    
dsv41-indexer-workspace: already applied
main_proj       correctness: 36/36 bitwise (incl. graph replay)
main_proj      M=6 cold us: b12x_e2e  373.76 b12x_gemm  364.70 read  331.84
main_proj      M=8 cold us: b12x_e2e  373.76 b12x_gemm  365.57 read  331.90
ALL_OK
== pmon after
# gpu         pid   type     sm    mem    enc    dec    jpg    ofa    command 
# Idx           #    C/G      %      %      %      %      %      %    name 
    0      81524     G      -      -      -      -      -      -    Xorg           
    0      81681     G      -      -      -      -      -      -    gnome-shell    
== clocks (sm MHz, mem, W): samples, median sm, min sm, median W
samples 200 busy 28 sm_median 2190 sm_min_busy 2190 mem ['[N/A]'] power_median 4.3 W
rc=0
