waiting for /home/sfxnz/projects/ai-lab/recipes/.worktrees-spark2/.gpu.lock at 2026-09-25T14:41:01Z
lock acquired 2026-09-25T14:42:21Z
== pmon before
# gpu         pid   type     sm    mem    enc    dec    jpg    ofa    command 
# Idx           #    C/G      %      %      %      %      %      %    name 
    0      81524     G      -      -      -      -      -      -    Xorg           
    0      81681     G      -      -      -      -      -      -    gnome-shell    
dsv41-indexer-workspace: already applied
qkv_a           correctness: 282/282 bitwise (incl. graph replay)
qkv_a          M=1 cold us: b12x_e2e   48.06 b12x_gemm   47.17 read   42.94 | best fused w4s2k512m4g28   44.00 ( +9.2%) | best preq w4s2k512m4g28   44.03 ( +7.1%)
qkv_a          M=3 cold us: b12x_e2e   48.19 b12x_gemm   47.12 read   42.94 | best fused w4s2k512m4g28   44.06 ( +9.4%) | best preq w4s2k512m4g28   44.03 ( +7.0%)
qkv_a          M=4 cold us: b12x_e2e   48.03 b12x_gemm   47.17 read   42.94 | best fused w4s2k512m4g28   44.06 ( +9.0%) | best preq w4s2k512m4g28   44.10 ( +7.0%)
qkv_a          M=6 cold us: b12x_e2e   48.19 b12x_gemm   47.17 read   42.98 | best fused w3s2k512m8g38   44.13 ( +9.2%) | best preq w3s2k512m8g38   45.06 ( +4.7%)
qkv_a          M=8 cold us: b12x_e2e   48.22 b12x_gemm   47.17 read   42.94 | best fused w3s2k512m8g38   45.07 ( +7.0%) | best preq w3s2k512m8g38   45.12 ( +4.5%)
wo_b            correctness: 282/282 bitwise (incl. graph replay)
wo_b           M=1 cold us: b12x_e2e  101.47 b12x_gemm  100.43 read   90.18 | best fused w4s2k512m4g48   93.28 ( +8.8%) | best preq w4s2k512m8g48   93.28 ( +7.7%)
wo_b           M=3 cold us: b12x_e2e  101.94 b12x_gemm  101.34 read   90.21 | best fused w2s2k512m4g48   93.33 ( +9.2%) | best preq w3s2k512m8g48   93.34 ( +8.6%)
wo_b           M=4 cold us: b12x_e2e  102.46 b12x_gemm  101.38 read   90.21 | best fused w4s2k512m4g48   94.21 ( +8.8%) | best preq w4s2k512m4g48   94.21 ( +7.6%)
wo_b           M=6 cold us: b12x_e2e  102.50 b12x_gemm  101.44 read   90.26 | best fused w4s2k512m8g48   94.24 ( +8.8%) | best preq w4s2k512m8g48   94.24 ( +7.6%)
wo_b           M=8 cold us: b12x_e2e  102.43 b12x_gemm  101.41 read   90.18 | best fused w4s2k512m8g48   94.24 ( +8.7%) | best preq w4s2k512m8g48   94.61 ( +7.2%)
wq_b            correctness: 70/70 bitwise (incl. graph replay)
wq_b           M=1 cold us: b12x_e2e  101.34 b12x_gemm   97.84 read   90.19 | best fused w2s2k640m8g48   93.18 ( +8.8%) | best preq w2s2k640m8g48   93.18 ( +5.0%)
wq_b           M=3 cold us: b12x_e2e   99.39 b12x_gemm   99.33 read   90.18 | best fused w2s2k640m8g48   93.18 ( +6.7%) | best preq w2s2k640m8g48   93.22 ( +6.6%)
wq_b           M=4 cold us: b12x_e2e  100.14 b12x_gemm   99.36 read   90.14 | best fused w2s2k640m8g48   93.25 ( +7.4%) | best preq w2s2k640m8g48   93.86 ( +5.9%)
wq_b           M=6 cold us: b12x_e2e  100.42 b12x_gemm   99.42 read   90.18 | best fused w2s2k640m8g48   94.11 ( +6.7%) | best preq w2s2k640m8g48   94.19 ( +5.6%)
wq_b           M=8 cold us: b12x_e2e  100.42 b12x_gemm  100.32 read   91.09 | best fused w2s2k640m8g48   94.18 ( +6.6%) | best preq w2s2k640m8g48   94.21 ( +6.5%)
ALL_OK
== pmon after
# gpu         pid   type     sm    mem    enc    dec    jpg    ofa    command 
# Idx           #    C/G      %      %      %      %      %      %    name 
    0      81524     G      -      -      -      -      -      -    Xorg           
    0      81681     G      -      -      -      -      -      -    gnome-shell    
== clocks (sm MHz, mem, W): samples, median sm, min sm, median W
samples 345 busy 156 sm_median 2190 sm_min_busy 2190 mem ['[N/A]'] power_median 8.3 W
rc=0
