waiting for /home/sfxnz/projects/ai-lab/recipes/.worktrees-spark2/.gpu.lock at 2026-09-25T13:25:46Z
lock acquired 2026-09-25T13:26:21Z
== pmon before
# gpu         pid   type     sm    mem    enc    dec    jpg    ofa    command 
# Idx           #    C/G      %      %      %      %      %      %    name 
    0      81524     G      -      -      -      -      -      -    Xorg           
    0      81681     G      -      -      -      -      -      -    gnome-shell    
dsv41-indexer-workspace: already applied
== qkv_a 9.18 MB x64
   flat_g384_u8                 med    42.98 p10    41.95 p90    44.03  213.5 GB/s
   flat_g48_u2                  med    43.01 p10    42.82 p90    43.10  213.3 GB/s
   ring_kc512_s2_w4_g28         med    43.07 p10    42.91 p90    45.06  213.0 GB/s
   ring_kc512_s3_w4_g28         med    43.07 p10    42.14 p90    45.02  213.0 GB/s
   ring_kc1024_s2_w1_g112       med    43.12 p10    42.14 p90    45.02  212.8 GB/s
   ring_kc512_s2_w2_g56         med    43.15 p10    42.98 p90    45.09  212.6 GB/s
   ring_kc512_s2_w1_g112        med    43.17 p10    42.98 p90    45.09  212.5 GB/s
   ring_kc512_s3_w1_g112        med    43.18 p10    42.88 p90    44.10  212.5 GB/s
   ring_kc512_s4_w2_g48         med    43.86 p10    42.94 p90    45.02  209.2 GB/s
   ring_kc512_s3_w2_g56         med    43.87 p10    42.18 p90    45.06  209.1 GB/s
   ring_kc1024_s3_w1_g96        med    43.94 p10    42.08 p90    45.02  208.8 GB/s
   ring_kc512_s4_w1_g112        med    43.97 p10    42.66 p90    45.06  208.7 GB/s
   ring_kc1024_s3_w2_g48        med    43.97 p10    42.11 p90    44.19  208.7 GB/s
   ring_kc256_s4_w1_g112        med    44.00 p10    42.98 p90    45.09  208.5 GB/s
== wo_b 20.97 MB x64
   flat_g48_u2                  med    92.19 p10    90.21 p90    96.26  227.5 GB/s
   ring_kc2048_s2_w1_g48        med    93.18 p10    91.14 p90    96.26  225.1 GB/s
   flat_g384_u8                 med    93.23 p10    91.14 p90    96.26  224.9 GB/s
   ring_kc512_s3_w2_g96         med    94.21 p10    93.02 p90    97.28  222.6 GB/s
   ring_kc1024_s2_w1_g144       med    94.21 p10    92.16 p90    97.25  222.6 GB/s
   ring_kc1024_s2_w2_g48        med    94.21 p10    92.19 p90    97.28  222.6 GB/s
   ring_kc1024_s3_w1_g96        med    94.21 p10    92.16 p90    97.28  222.6 GB/s
   ring_kc1024_s3_w2_g48        med    94.21 p10    92.16 p90    97.34  222.6 GB/s
   ring_kc512_s4_w2_g48         med    94.22 p10    92.19 p90    98.21  222.6 GB/s
   ring_kc512_s4_w1_g144        med    94.27 p10    93.15 p90    98.30  222.5 GB/s
   ring_kc512_s3_w4_g48         med    95.17 p10    93.15 p90    97.38  220.4 GB/s
   ring_kc512_s3_w1_g192        med    95.22 p10    93.15 p90    98.30  220.3 GB/s
   ring_kc256_s6_w1_g192        med    95.23 p10    93.18 p90    98.40  220.2 GB/s
   ring_kc256_s6_w2_g96         med    95.23 p10    93.79 p90    99.33  220.2 GB/s
== wq_b 20.97 MB x64
   flat_g48_u2                  med    92.16 p10    90.11 p90    94.21  227.6 GB/s
   flat_g384_u8                 med    93.17 p10    91.17 p90    95.20  225.1 GB/s
   ring_kc256_s4_w4_g48         med    94.21 p10    93.15 p90    96.22  222.6 GB/s
   ring_kc256_s4_w1_g240        med    94.24 p10    93.15 p90    96.26  222.5 GB/s
   ring_kc256_s6_w4_g48         med    94.24 p10    93.18 p90    96.29  222.5 GB/s
   ring_kc256_s6_w1_g192        med    94.26 p10    93.18 p90    96.26  222.5 GB/s
   ring_kc256_s6_w2_g96         med    94.30 p10    93.18 p90    96.26  222.4 GB/s
   ring_kc256_s3_w2_g192        med    95.18 p10    93.22 p90    97.22  220.3 GB/s
   ring_kc256_s3_w4_g96         med    95.20 p10    93.18 p90    97.06  220.3 GB/s
   ring_kc256_s4_w2_g144        med    95.20 p10    93.18 p90    96.26  220.3 GB/s
   ring_kc256_s3_w1_g336        med    95.23 p10    94.18 p90    97.28  220.2 GB/s
   ring_kc128_s8_w4_g48         med    96.22 p10    94.18 p90    98.30  217.9 GB/s
   ring_kc128_s8_w1_g240        med    96.26 p10    95.20 p90    98.30  217.9 GB/s
   ring_kc128_s8_w2_g144        med    96.35 p10    95.20 p90    98.34  217.7 GB/s
== shared_down 5.90 MB x92
   flat_g384_u8                 med    28.67 p10    28.54 p90    29.73  205.7 GB/s
   flat_g48_u2                  med    28.67 p10    28.64 p90    30.72  205.7 GB/s
   ring_kc128_s8_w1_g240        med    30.72 p10    29.66 p90    31.74  192.0 GB/s
   ring_kc128_s8_w2_g144        med    30.72 p10    29.70 p90    31.74  192.0 GB/s
   ring_kc128_s8_w4_g48         med    30.72 p10    29.66 p90    31.78  192.0 GB/s
   ring_kc128_s4_w2_g160        med    30.75 p10    29.70 p90    31.84  191.8 GB/s
   ring_kc128_s4_w4_g80         med    30.88 p10    29.70 p90    32.64  191.0 GB/s
   ring_kc128_s4_w1_g320        med    31.62 p10    29.73 p90    31.81  186.6 GB/s
== pmon after
# gpu         pid   type     sm    mem    enc    dec    jpg    ofa    command 
# Idx           #    C/G      %      %      %      %      %      %    name 
    0      81524     G      -      -      -      -      -      -    Xorg           
    0      81681     G      -      -      -      -      -      -    gnome-shell    
== clocks (sm MHz, mem, W): samples, median sm, min sm, median W
samples 89 busy 52 sm_median 2190 sm_min_busy 2190 mem ['[N/A]'] power_median 17.1 W
rc=0
