waiting for /home/sfxnz/projects/ai-lab/recipes/.worktrees-spark2/.gpu.lock at 2026-09-25T13:41:28Z
lock acquired 2026-09-25T13:41:28Z
== pmon before
# gpu         pid   type     sm    mem    enc    dec    jpg    ofa    command 
# Idx           #    C/G      %      %      %      %      %      %    name 
    0      81524     G      -      -      -      -      -      -    Xorg           
    0      81681     G      -      -      -      -      -      -    gnome-shell    
dsv41-indexer-workspace: already applied
ring_k512_s2_w4_g28                med    43.04 p10    42.98 p90    45.06
ring_k512_s3_w4_g28                med    43.17 p10    42.11 p90    45.02
gemv4_w4s2k512m4_diag0             med    60.38 p10    58.37 p90    61.47
gemv4_w2s3k512m8_diag0             med    66.56 p10    64.51 p90    68.61
gemv4_w4s2k512m4_diag3             med    52.26 p10    51.20 p90    54.30
gemv4_w2s3k512m8_diag3             med    51.20 p10    50.08 p90    52.38
gemv4_w4s2k512m4_diag7             med    52.22 p10    51.20 p90    54.24
gemv4_w2s3k512m8_diag7             med    51.17 p10    50.02 p90    52.26
gemv4_w4s2k512m4_diag11            med    53.25 p10    52.03 p90    54.30
gemv4_w2s3k512m8_diag11            med    51.20 p10    50.14 p90    53.25
gemv4_w4s2k512m4_diag15            med    52.74 p10    51.20 p90    54.30
gemv4_w2s3k512m8_diag15            med    51.20 p10    50.14 p90    53.25
gemv4_w4s2k512m4_diag8             med    61.36 p10    59.36 p90    62.50
gemv4_w2s3k512m8_diag8             med    65.54 p10    64.51 p90    67.42
gemv4_w4s2k512m4_diag12            med    59.55 p10    58.40 p90    61.63
gemv4_w2s3k512m8_diag12            med    65.50 p10    63.52 p90    66.59
gemv4_w4s2k512m4_diag4             med    59.39 p10    58.34 p90    61.31
gemv4_w2s3k512m8_diag4             med    65.54 p10    64.48 p90    66.59
== pmon after
# gpu         pid   type     sm    mem    enc    dec    jpg    ofa    command 
# Idx           #    C/G      %      %      %      %      %      %    name 
    0      81524     G      -      -      -      -      -      -    Xorg           
    0      81681     G      -      -      -      -      -      -    gnome-shell    
== clocks (sm MHz, mem, W): samples, median sm, min sm, median W
samples 51 busy 12 sm_median 2190 sm_min_busy 2190 mem ['[N/A]'] power_median 3.8 W
rc=0
