waiting for /home/sfxnz/projects/ai-lab/recipes/.worktrees-spark2/.gpu.lock at 2026-09-25T13:38:22Z
lock acquired 2026-09-25T13:39:26Z
== pmon before
# gpu         pid   type     sm    mem    enc    dec    jpg    ofa    command 
# Idx           #    C/G      %      %      %      %      %      %    name 
    0      81524     G      -      -      -      -      -      -    Xorg           
    0      81681     G      -      -      -      -      -      -    gnome-shell    
dsv41-indexer-workspace: already applied
ring_k512_s2_w4_g28_extra0               med    43.07 p10    42.98 p90    45.09
ring_k512_s2_w4_g28_extra8192            med    43.17 p10    42.98 p90    45.06
ring_k512_s2_w4_g28_extra16384           med    43.52 p10    42.98 p90    45.06
ring_k512_s2_w4_g28_extra24576           med    43.10 p10    42.98 p90    45.09
ring_k512_s2_w4_g28_extra32768           med    43.18 p10    42.98 p90    45.06
gemv4_w4s2k512m4_diag0                   med    60.42 p10    58.37 p90    62.40
gemv4_w4s2k512m4_diag1                   med    59.36 p10    57.34 p90    61.41
gemv4_w4s2k512m4_diag2                   med    53.25 p10    52.16 p90    55.30
gemv4_diag3_nomma_nostage                med    52.26 p10    51.20 p90    54.27
== pmon after
# gpu         pid   type     sm    mem    enc    dec    jpg    ofa    command 
# Idx           #    C/G      %      %      %      %      %      %    name 
    0      81524     G      -      -      -      -      -      -    Xorg           
    0      81681     G      -      -      -      -      -      -    gnome-shell    
== clocks (sm MHz, mem, W): samples, median sm, min sm, median W
samples 47 busy 7 sm_median 2190 sm_min_busy 2190 mem ['[N/A]'] power_median 4.5 W
rc=0
