waiting for /home/sfxnz/projects/ai-lab/recipes/.worktrees-spark2/.gpu.lock at 2026-09-25T13:46:06Z
lock acquired 2026-09-25T13:46:17Z
== pmon before
# gpu         pid   type     sm    mem    enc    dec    jpg    ofa    command 
# Idx           #    C/G      %      %      %      %      %      %    name 
    0      81524     G      -      -      -      -      -      -    Xorg           
    0      81681     G      -      -      -      -      -      -    gnome-shell    
dsv41-indexer-workspace: already applied
ring_k512_s2_w4_g28                med    43.12 p10    42.98 p90    45.06
gemv4_w4s2k512m4_diag31            med    52.22 p10    51.20 p90    54.24
gemv4_w4s2k512m4_diag63            med    52.22 p10    51.17 p90    53.31
gemv4_w4s2k512m4_diag32            med    59.39 p10    58.34 p90    61.28
gemv4_w4s2k512m4_diag0             med    59.34 p10    57.38 p90    60.45
== pmon after
# gpu         pid   type     sm    mem    enc    dec    jpg    ofa    command 
# Idx           #    C/G      %      %      %      %      %      %    name 
    0      81524     G      -      -      -      -      -      -    Xorg           
    0      81681     G      -      -      -      -      -      -    gnome-shell    
== clocks (sm MHz, mem, W): samples, median sm, min sm, median W
samples 45 busy 4 sm_median 2190 sm_min_busy 2190 mem ['[N/A]'] power_median 4.4 W
rc=0
