waiting for /home/sfxnz/projects/ai-lab/recipes/.worktrees-spark2/.gpu.lock at 2026-09-25T13:50:56Z
lock acquired 2026-09-25T13:51:08Z
== pmon before
# gpu         pid   type     sm    mem    enc    dec    jpg    ofa    command 
# Idx           #    C/G      %      %      %      %      %      %    name 
    0      81524     G      -      -      -      -      -      -    Xorg           
    0      81681     G      -      -      -      -      -      -    gnome-shell    
dsv41-indexer-workspace: already applied
qkv_a_M4_coldact_diag0               med    50.42 p10    49.15 p90    52.26
qkv_a_M4_coldact_diag2               med    43.86 p10    42.94 p90    44.96
qkv_a_M4_coldact_diag64              med    50.18 p10    49.15 p90    52.22
qkv_a_M4_hotact_diag0                med    50.21 p10    49.22 p90    51.30
qkv_a_M4_hotact_diag2                med    43.94 p10    42.91 p90    44.16
qkv_a_M4_hotact_diag64               med    50.18 p10    49.22 p90    51.23
qkv_a_M8_coldact_diag0               med    71.68 p10    69.79 p90    74.75
qkv_a_M8_coldact_diag2               med    47.07 p10    45.86 p90    48.13
qkv_a_M8_coldact_diag64              med    71.71 p10    70.62 p90    74.75
qkv_a_M8_hotact_diag0                med    71.68 p10    69.79 p90    72.86
qkv_a_M8_hotact_diag2                med    47.10 p10    45.18 p90    48.03
qkv_a_M8_hotact_diag64               med    71.68 p10    70.62 p90    72.74
wo_b_M4_coldact_diag0                med    99.30 p10    97.34 p90   100.38
wo_b_M4_coldact_diag2                med    94.11 p10    92.19 p90    95.23
wo_b_M4_coldact_diag64               med    99.42 p10    98.30 p90   101.34
wo_b_M4_hotact_diag0                 med    98.43 p10    97.25 p90   100.35
wo_b_M4_hotact_diag2                 med    94.18 p10    92.22 p90    95.26
wo_b_M4_hotact_diag64                med    99.33 p10    98.27 p90   100.42
== pmon after
# gpu         pid   type     sm    mem    enc    dec    jpg    ofa    command 
# Idx           #    C/G      %      %      %      %      %      %    name 
    0      81524     G      -      -      -      -      -      -    Xorg           
    0      81681     G      -      -      -      -      -      -    gnome-shell    
== clocks (sm MHz, mem, W): samples, median sm, min sm, median W
samples 200 busy 20 sm_median 2190 sm_min_busy 227 mem ['[N/A]'] power_median 3.8 W
rc=0
