waiting for /home/sfxnz/projects/ai-lab/recipes/.worktrees-spark2/.gpu.lock at 2026-09-25T13:48:15Z
lock acquired 2026-09-25T13:48:18Z
== pmon before
# gpu         pid   type     sm    mem    enc    dec    jpg    ofa    command 
# Idx           #    C/G      %      %      %      %      %      %    name 
    0      81524     G      -      -      -      -      -      -    Xorg           
    0      81681     G      -      -      -      -      -      -    gnome-shell    
dsv41-indexer-workspace: already applied
ring_k512_s2_w4_g28                med    43.04 p10    42.85 p90    45.06
gemv4_w4s2k512m4_diag0             med    51.20 p10    50.14 p90    52.22
gemv4_w4s2k512m4_diag1             med    50.21 p10    49.15 p90    52.22
gemv4_w4s2k512m4_diag2             med    44.03 p10    43.01 p90    45.09
gemv4_w4s2k512m4_diag3             med    44.00 p10    42.98 p90    44.13
gemv4_w4s2k512m4_diag4             med    51.17 p10    50.08 p90    52.22
gemv4_w4s2k512m4_diag16            med    50.21 p10    49.31 p90    52.03
gemv4_w4s2k512m4_diag8             med    51.20 p10    50.18 p90    53.25
gemv4_w4s2k512m4_diag6             med    44.03 p10    43.01 p90    45.06
== pmon after
# gpu         pid   type     sm    mem    enc    dec    jpg    ofa    command 
# Idx           #    C/G      %      %      %      %      %      %    name 
    0      81524     G      -      -      -      -      -      -    Xorg           
    0      81681     G      -      -      -      -      -      -    gnome-shell    
== clocks (sm MHz, mem, W): samples, median sm, min sm, median W
samples 46 busy 8 sm_median 2190 sm_min_busy 2171 mem ['[N/A]'] power_median 4.9 W
rc=0
