waiting for /home/sfxnz/projects/ai-lab/recipes/.worktrees-spark2/.gpu.lock at 2026-09-25T13:47:55Z
lock acquired 2026-09-25T13:47:55Z
== pmon before
# gpu         pid   type     sm    mem    enc    dec    jpg    ofa    command 
# Idx           #    C/G      %      %      %      %      %      %    name 
    0      81524     G      -      -      -      -      -      -    Xorg           
    0      81681     G      -      -      -      -      -      -    gnome-shell    
dsv41-indexer-workspace: already applied
ring_k512_s2_w4_g28                med    43.04 p10    42.98 p90    45.06
gemv4_w4s2k512m4_diag31            med    44.00 p10    42.98 p90    45.09
gemv4_w4s2k512m4_diag63            med    43.20 p10    42.98 p90    45.09
gemv4_w4s2k512m4_diag32            med    51.20 p10    50.14 p90    53.18
gemv4_w4s2k512m4_diag0             med    50.24 p10    50.05 p90    52.22
== pmon after
# gpu         pid   type     sm    mem    enc    dec    jpg    ofa    command 
# Idx           #    C/G      %      %      %      %      %      %    name 
    0      81524     G      -      -      -      -      -      -    Xorg           
    0      81681     G      -      -      -      -      -      -    gnome-shell    
== clocks (sm MHz, mem, W): samples, median sm, min sm, median W
samples 44 busy 9 sm_median 2190 sm_min_busy 208 mem ['[N/A]'] power_median 3.9 W
rc=0
