waiting for /home/sfxnz/projects/ai-lab/recipes/.worktrees-spark2/.gpu.lock at 2026-09-25T13:43:11Z
lock acquired 2026-09-25T13:44:11Z
== pmon before
# gpu         pid   type     sm    mem    enc    dec    jpg    ofa    command 
# Idx           #    C/G      %      %      %      %      %      %    name 
    0      81524     G      -      -      -      -      -      -    Xorg           
    0      81681     G      -      -      -      -      -      -    gnome-shell    
dsv41-indexer-workspace: already applied
ring_k512_s2_w4_g28                med    43.04 p10    42.98 p90    45.06
ring_k512_s3_w4_g28                med    43.04 p10    42.05 p90    44.06
gemv4_w4s2k512m4_diag0             med    59.39 p10    58.21 p90    60.45
gemv4_w2s3k512m8_diag0             med    66.59 p10    65.54 p90    68.64
gemv4_w4s2k512m4_diag3             med    51.33 p10    50.30 p90    53.25
gemv4_w2s3k512m8_diag3             med    50.22 p10    49.28 p90    52.13
gemv4_w4s2k512m4_diag15            med    51.36 p10    51.17 p90    53.28
gemv4_w2s3k512m8_diag15            med    51.18 p10    50.14 p90    52.29
gemv4_w4s2k512m4_diag19            med    52.19 p10    50.27 p90    53.25
gemv4_w2s3k512m8_diag19            med    50.24 p10    49.34 p90    52.22
gemv4_w4s2k512m4_diag31            med    52.19 p10    51.17 p90    53.28
gemv4_w2s3k512m8_diag31            med    51.20 p10    50.14 p90    53.25
== pmon after
# gpu         pid   type     sm    mem    enc    dec    jpg    ofa    command 
# Idx           #    C/G      %      %      %      %      %      %    name 
    0      81524     G      -      -      -      -      -      -    Xorg           
    0      81681     G      -      -      -      -      -      -    gnome-shell    
== clocks (sm MHz, mem, W): samples, median sm, min sm, median W
samples 50 busy 12 sm_median 2190 sm_min_busy 2190 mem ['[N/A]'] power_median 4.3 W
rc=0
