waiting for /home/sfxnz/projects/ai-lab/recipes/.worktrees-spark2/.gpu.lock at 2026-09-25T14:28:49Z
lock acquired 2026-09-25T14:28:50Z
== pmon before
# gpu         pid   type     sm    mem    enc    dec    jpg    ofa    command 
# Idx           #    C/G      %      %      %      %      %      %    name 
    0      81524     G      -      -      -      -      -      -    Xorg           
    0      81681     G      -      -      -      -      -      -    gnome-shell    
dsv41-indexer-workspace: already applied
M=3 per-layer dense chain us (median p10 p90): b12x 345.0 344.5 346.1 (+0.0%, eq=True) | gemv_pdl 323.7 323.2 324.6 (+6.6%, eq=True) | gemv_nopdl 322.8 322.3 324.0 (+6.9%, eq=True)
M=4 per-layer dense chain us (median p10 p90): b12x 345.5 345.0 346.5 (+0.0%, eq=True) | gemv_pdl 324.7 324.1 325.8 (+6.4%, eq=True) | gemv_nopdl 323.9 323.3 325.0 (+6.7%, eq=True)
M=6 per-layer dense chain us (median p10 p90): b12x 347.6 347.1 348.6 (+0.0%, eq=True) | gemv_pdl 327.9 327.3 328.9 (+6.0%, eq=True) | gemv_nopdl 327.2 326.7 328.3 (+6.2%, eq=True)
M=8 per-layer dense chain us (median p10 p90): b12x 350.0 348.9 356.0 (+0.0%, eq=True) | gemv_pdl 330.5 329.3 334.5 (+5.9%, eq=True) | gemv_nopdl 329.2 328.2 334.3 (+6.3%, eq=True)
== pmon after
# gpu         pid   type     sm    mem    enc    dec    jpg    ofa    command 
# Idx           #    C/G      %      %      %      %      %      %    name 
    0      81524     G      -      -      -      -      -      -    Xorg           
    0      81681     G      -      -      -      -      -      -    gnome-shell    
== clocks (sm MHz, mem, W): samples, median sm, min sm, median W
samples 185 busy 40 sm_median 2190 sm_min_busy 2190 mem ['[N/A]'] power_median 4.1 W
rc=0
