waiting for /home/sfxnz/projects/ai-lab/recipes/.worktrees-spark2/.gpu.lock at 2026-09-25T14:53:09Z
lock acquired 2026-09-25T14:53:56Z
== pmon before
# gpu         pid   type     sm    mem    enc    dec    jpg    ofa    command 
# Idx           #    C/G      %      %      %      %      %      %    name 
    0      81524     G      -      -      -      -      -      -    Xorg           
    0      81681     G      -      -      -      -      -      -    gnome-shell    
dsv41-indexer-workspace: already applied
M=3 per-layer dense chain us (median p10 p90): b12x 344.9 344.4 345.9 (+0.0%, eq=True) | gemv_pdl 319.4 318.8 320.2 (+8.0%, eq=True) | gemv_nopdl 318.7 318.2 319.7 (+8.2%, eq=True)
M=4 per-layer dense chain us (median p10 p90): b12x 345.7 345.3 346.5 (+0.0%, eq=True) | gemv_pdl 320.3 319.7 321.0 (+7.9%, eq=True) | gemv_nopdl 319.6 319.0 320.3 (+8.2%, eq=True)
M=6 per-layer dense chain us (median p10 p90): b12x 347.8 347.3 348.7 (+0.0%, eq=True) | gemv_pdl 321.8 321.3 322.6 (+8.1%, eq=True) | gemv_nopdl 321.4 321.0 322.1 (+8.2%, eq=True)
M=8 per-layer dense chain us (median p10 p90): b12x 349.6 349.1 350.5 (+0.0%, eq=True) | gemv_pdl 322.4 321.9 323.1 (+8.4%, eq=True) | gemv_nopdl 322.0 321.6 322.8 (+8.5%, eq=True)
== pmon after
# gpu         pid   type     sm    mem    enc    dec    jpg    ofa    command 
# Idx           #    C/G      %      %      %      %      %      %    name 
    0      81524     G      -      -      -      -      -      -    Xorg           
    0      81681     G      -      -      -      -      -      -    gnome-shell    
== clocks (sm MHz, mem, W): samples, median sm, min sm, median W
samples 184 busy 36 sm_median 2190 sm_min_busy 240 mem ['[N/A]'] power_median 4.2 W
rc=0
