waiting for /home/sfxnz/projects/ai-lab/recipes/.worktrees-spark2/.gpu.lock at 2026-09-25T14:51:03Z
lock acquired 2026-09-25T14:51:37Z
== pmon before
# gpu         pid   type     sm    mem    enc    dec    jpg    ofa    command 
# Idx           #    C/G      %      %      %      %      %      %    name 
    0      81524     G      -      -      -      -      -      -    Xorg           
    0      81681     G      -      -      -      -      -      -    gnome-shell    
dsv41-indexer-workspace: already applied
engram_wkv     M=1 cfg W2 S2 KC512 MR4 g48: eager bad 0/200, graph bad 0/100
engram_wkv     M=3 cfg W2 S2 KC512 MR4 g48: eager bad 0/200, graph bad 0/100
engram_wkv     M=4 cfg W2 S2 KC512 MR4 g48: eager bad 0/200, graph bad 0/100
engram_wkv     M=6 cfg W2 S2 KC512 MR8 g48: eager bad 0/200, graph bad 0/100
engram_wkv     M=8 cfg W2 S2 KC512 MR8 g48: eager bad 0/200, graph bad 0/100
main_proj      M=1 cfg W2 S2 KC512 MR4 g48: eager bad 0/200, graph bad 0/100
main_proj      M=3 cfg W2 S2 KC512 MR4 g48: eager bad 0/200, graph bad 0/100
main_proj      M=4 cfg W2 S2 KC512 MR4 g48: eager bad 0/200, graph bad 0/100
lm_head        M=1 cfg W3 S2 KC512 MR8 g48: eager bad 0/200, graph bad 0/100
lm_head        M=3 cfg W3 S2 KC512 MR8 g48: eager bad 0/200, graph bad 0/100
lm_head        M=4 cfg W3 S2 KC512 MR8 g48: eager bad 0/200, graph bad 0/100
lm_head        M=6 cfg W3 S2 KC512 MR8 g48: eager bad 0/200, graph bad 0/100
lm_head        M=8 cfg W3 S2 KC512 MR8 g48: eager bad 0/200, graph bad 0/100
ALL_OK
== pmon after
# gpu         pid   type     sm    mem    enc    dec    jpg    ofa    command 
# Idx           #    C/G      %      %      %      %      %      %    name 
    0      81524     G      -      -      -      -      -      -    Xorg           
    0      81681     G      -      -      -      -      -      -    gnome-shell    
== clocks (sm MHz, mem, W): samples, median sm, min sm, median W
samples 80 busy 36 sm_median 2190 sm_min_busy 2190 mem ['[N/A]'] power_median 8.9 W
rc=0
