waiting for /home/sfxnz/projects/ai-lab/recipes/.worktrees-spark2/.gpu.lock at 2026-09-25T13:20:40Z
lock acquired 2026-09-25T13:20:46Z
== pmon before
# gpu         pid   type     sm    mem    enc    dec    jpg    ofa    command 
# Idx           #    C/G      %      %      %      %      %      %    name 
    0      81524     G      -      -      -      -      -      -    Xorg           
    0      81681     G      -      -      -      -      -      -    gnome-shell    
dsv41-indexer-workspace: already applied
qkv_a          M=4 cold med us: b12x_e2e   49.12 b12x_gemm   47.10 read   43.01 | gv_fused_w4s3k256g28   86.02 (-42.9%) | gv_preq_w4s3k256g28   81.87 (-42.5%) | gv_fused_w2s6k256g48   94.21 (-47.9%) | gv_preq_w2s6k256g48   84.03 (-43.9%) | gv_fused_w4s6k128g28  149.54 (-67.2%) | gv_preq_w4s6k128g28  145.41 (-67.6%) | gv_fused_w8s3k128g14  280.58 (-82.5%) | gv_preq_w8s3k128g14  276.59 (-83.0%)
wq_b           M=4 cold med us: b12x_e2e  100.35 b12x_gemm   99.33 read   90.11 | gv_fused_w4s3k256g48  129.02 (-22.2%) | gv_preq_w4s3k256g48  127.01 (-21.8%) | gv_fused_w4s4k256g48  129.02 (-22.2%) | gv_preq_w4s4k256g48  127.01 (-21.8%) | gv_fused_w2s6k256g48  122.88 (-18.3%) | gv_preq_w2s6k256g48  120.83 (-17.8%) | gv_fused_w4s6k128g48  217.09 (-53.8%) | gv_preq_w4s6k128g48  217.09 (-54.2%) | gv_fused_w8s3k128g48  217.01 (-53.8%) | gv_preq_w8s3k128g48  215.04 (-53.8%) | gv_fused_w8s4k128g48  216.91 (-53.7%) | gv_preq_w8s4k128g48  215.04 (-53.8%) | gv_fused_w4s8k128g48  217.17 (-53.8%) | gv_preq_w4s8k128g48  217.09 (-54.2%)
wo_b           M=4 cold med us: b12x_e2e  105.44 b12x_gemm  101.34 read   92.16 | gv_fused_w4s3k256g48  135.26 (-22.0%) | gv_preq_w4s3k256g48  133.09 (-23.9%) | gv_fused_w2s6k256g48  143.30 (-26.4%) | gv_preq_w2s6k256g48  135.17 (-25.0%) | gv_fused_w4s6k128g48  233.47 (-54.8%) | gv_preq_w4s6k128g48  229.38 (-55.8%) | gv_fused_w8s3k128g40  229.41 (-54.0%) | gv_preq_w8s3k128g40  227.36 (-55.4%)
shared_gate_up M=4 cold med us: b12x_e2e   59.47 b12x_gemm   58.50 read   53.25 | gv_fused_w4s3k256g36   88.06 (-32.5%) | gv_preq_w4s3k256g36   83.97 (-30.3%) | gv_fused_w2s6k256g48   96.22 (-38.2%) | gv_preq_w2s6k256g48   86.02 (-32.0%) | gv_fused_w4s6k128g36  149.65 (-60.3%) | gv_preq_w4s6k128g36  145.41 (-59.8%) | gv_fused_w8s3k128g18  280.58 (-78.8%) | gv_preq_w8s3k128g18  276.48 (-78.8%)
shared_down    M=4 cold med us: b12x_e2e   32.66 b12x_gemm   30.82 read   28.67 | gv_fused_w4s6k128g48   69.63 (-53.1%) | gv_preq_w4s6k128g48   69.60 (-55.7%) | gv_fused_w8s3k128g40   69.63 (-53.1%) | gv_preq_w8s3k128g40   67.58 (-54.4%) | gv_fused_w8s4k128g40   69.63 (-53.1%) | gv_preq_w8s4k128g40   67.58 (-54.4%) | gv_fused_w4s8k128g48   69.63 (-53.1%) | gv_preq_w4s8k128g48   69.63 (-55.7%)
== pmon after
# gpu         pid   type     sm    mem    enc    dec    jpg    ofa    command 
# Idx           #    C/G      %      %      %      %      %      %    name 
    0      81524     G      -      -      -      -      -      -    Xorg           
    0      81681     G      -      -      -      -      -      -    gnome-shell    
== clocks (sm MHz, mem, W): samples, median sm, min sm, median W
samples 108 busy 63 sm_median 2190 sm_min_busy 2190 mem ['[N/A]'] power_median 9.0 W
rc=0
