waiting for /home/sfxnz/projects/ai-lab/recipes/.worktrees-spark2/.gpu.lock at 2026-09-25T13:06:19Z
lock acquired 2026-09-25T13:06:31Z
== pmon before
# gpu         pid   type     sm    mem    enc    dec    jpg    ofa    command 
# Idx           #    C/G      %      %      %      %      %      %    name 
    0      81524     G      -      -      -      -      -      -    Xorg           
    0      81681     G      -      -      -      -      -      -    gnome-shell    
dsv41-indexer-workspace: already applied
qkv_a          M=4 cold med us: b12x_e2e   49.15 b12x_gemm   47.23 read   43.01 | gv_fused_w4s4k128g28   71.70 (-31.4%) | gv_preq_w4s4k128g28   67.55 (-30.1%) | gv_fused_w4s6k128g28   71.68 (-31.4%) | gv_preq_w4s6k128g28   68.61 (-31.2%) | gv_fused_w8s3k128g14   65.50 (-25.0%) | gv_preq_w8s3k128g14   63.49 (-25.6%) | gv_fused_w4s3k256g28   70.59 (-30.4%) | gv_preq_w4s3k256g28   66.59 (-29.1%) | gv_fused_w2s4k128g56  103.89 (-52.7%) | gv_preq_w2s4k128g56   92.16 (-48.8%) | gv_fused_w2s6k128g56  117.30 (-58.1%) | gv_preq_w2s6k128g56   94.21 (-49.9%)
wq_b           M=4 cold med us: b12x_e2e  101.41 b12x_gemm  101.34 read   93.18 | gv_fused_w4s4k128g256  120.86 (-16.1%) | gv_preq_w4s4k128g256  119.84 (-15.4%) | gv_fused_w4s6k128g256  120.78 (-16.0%) | gv_preq_w4s6k128g256  119.78 (-15.4%) | gv_fused_w8s3k128g128  120.83 (-16.1%) | gv_preq_w8s3k128g128  119.81 (-15.4%) | gv_fused_w4s3k256g256  116.86 (-13.2%) | gv_preq_w4s3k256g256  116.70 (-13.2%) | gv_fused_w2s4k128g512  123.90 (-18.2%) | gv_preq_w2s4k128g512  121.86 (-16.8%) | gv_fused_w2s6k128g512  123.90 (-18.2%) | gv_preq_w2s6k128g512  121.79 (-16.8%)
wo_b           M=4 cold med us: b12x_e2e  106.50 b12x_gemm  102.40 read   93.14 | gv_fused_w4s4k128g80  145.41 (-26.8%) | gv_preq_w4s4k128g80  137.22 (-25.4%) | gv_fused_w4s6k128g80  143.39 (-25.7%) | gv_preq_w4s6k128g80  135.20 (-24.3%) | gv_fused_w8s3k128g40  132.21 (-19.4%) | gv_preq_w8s3k128g40  131.01 (-21.8%) | gv_fused_w4s3k256g80  139.25 (-23.5%) | gv_preq_w4s3k256g80  131.02 (-21.8%) | gv_fused_w2s4k128g160  184.24 (-42.2%) | gv_preq_w2s4k128g160  159.74 (-35.9%) | gv_fused_w2s6k128g160  181.25 (-41.2%) | gv_preq_w2s6k128g160  156.67 (-34.6%)
shared_down    M=4 cold med us: b12x_e2e   32.77 b12x_gemm   31.71 read   28.67 | gv_fused_w4s4k128g80   37.89 (-13.5%) | gv_preq_w4s4k128g80   36.86 (-14.0%) | gv_fused_w4s6k128g80   38.91 (-15.8%) | gv_preq_w4s6k128g80   37.89 (-16.3%) | gv_fused_w8s3k128g40   38.14 (-14.1%) | gv_preq_w8s3k128g40   37.89 (-16.3%) | gv_fused_w2s4k128g160   41.95 (-21.9%) | gv_preq_w2s4k128g160   39.94 (-20.6%) | gv_fused_w2s6k128g160   41.04 (-20.2%) | gv_preq_w2s6k128g160   38.91 (-18.5%)
== pmon after
# gpu         pid   type     sm    mem    enc    dec    jpg    ofa    command 
# Idx           #    C/G      %      %      %      %      %      %    name 
    0      81524     G      -      -      -      -      -      -    Xorg           
    0      81681     G      -      -      -      -      -      -    gnome-shell    
== clocks (sm MHz, mem, W): samples, median sm, min sm, median W
samples 101 busy 60 sm_median 2190 sm_min_busy 208 mem ['[N/A]'] power_median 9.3 W
rc=0
