waiting for /home/sfxnz/projects/ai-lab/recipes/.worktrees-spark2/.gpu.lock at 2026-09-25T13:34:43Z
lock acquired 2026-09-25T13:35:09Z
== pmon before
# gpu         pid   type     sm    mem    enc    dec    jpg    ofa    command 
# Idx           #    C/G      %      %      %      %      %      %    name 
    0      81524     G      -      -      -      -      -      -    Xorg           
    0      81681     G      -      -      -      -      -      -    gnome-shell    
dsv41-indexer-workspace: already applied
qkv_a          M=4 cold us: b12x_e2e   49.15 b12x_gemm   47.20 read   43.01
    gv_fused_w4s2k512m4g28               59.50 (-17.4%)
    gv_preq_w4s2k512m4g28                57.44 (-17.8%)
    gv_preq_diag1_w4s2k512m4g28          56.38 (-16.3%)
    gv_preq_diag2_w4s2k512m4g28          53.25 (-11.4%)
    gv_fused_w2s2k512m8g48               66.66 (-26.3%)
    gv_preq_w2s2k512m8g48                62.56 (-24.6%)
    gv_preq_diag1_w2s2k512m8g48          61.47 (-23.2%)
    gv_preq_diag2_w2s2k512m8g48          54.53 (-13.4%)
    gv_fused_w3s2k512m8g38               59.55 (-17.5%)
    gv_preq_w3s2k512m8g38                57.41 (-17.8%)
    gv_preq_diag1_w3s2k512m8g38          56.30 (-16.2%)
    gv_preq_diag2_w3s2k512m8g38          52.19 ( -9.6%)
    gv_fused_w2s3k512m8g48               66.66 (-26.3%)
    gv_preq_w2s3k512m8g48                62.53 (-24.5%)
    gv_preq_diag1_w2s3k512m8g48          59.49 (-20.7%)
    gv_preq_diag2_w2s3k512m8g48          53.34 (-11.5%)
    gv_fused_w2s2k1024m4g48              62.56 (-21.4%)
    gv_preq_w2s2k1024m4g48               58.50 (-19.3%)
    gv_preq_diag1_w2s2k1024m4g48         57.44 (-17.8%)
    gv_preq_diag2_w2s2k1024m4g48         50.27 ( -6.1%)
wo_b           M=4 cold us: b12x_e2e  103.39 b12x_gemm  102.46 read   92.18
    gv_fused_w4s2k512m4g48              119.84 (-13.7%)
    gv_preq_w4s2k512m4g48               117.82 (-13.0%)
    gv_preq_diag1_w4s2k512m4g48         116.80 (-12.3%)
    gv_preq_diag2_w4s2k512m4g48         114.75 (-10.7%)
    gv_fused_w2s2k512m8g48              124.03 (-16.6%)
    gv_preq_w2s2k512m8g48               120.93 (-15.3%)
    gv_preq_diag1_w2s2k512m8g48         119.89 (-14.5%)
    gv_preq_diag2_w2s2k512m8g48         114.75 (-10.7%)
    gv_fused_w3s2k512m8g48              118.91 (-13.1%)
    gv_preq_w3s2k512m8g48               116.83 (-12.3%)
    gv_preq_diag1_w3s2k512m8g48         115.78 (-11.5%)
    gv_preq_diag2_w3s2k512m8g48         112.70 ( -9.1%)
    gv_fused_w2s3k512m8g48              122.94 (-15.9%)
    gv_preq_w2s3k512m8g48               118.96 (-13.9%)
    gv_preq_diag1_w2s3k512m8g48         117.86 (-13.1%)
    gv_preq_diag2_w2s3k512m8g48         112.64 ( -9.0%)
    gv_fused_w2s2k1024m4g48             120.93 (-14.5%)
    gv_preq_w2s2k1024m4g48              117.87 (-13.1%)
    gv_preq_diag1_w2s2k1024m4g48        116.67 (-12.2%)
    gv_preq_diag2_w2s2k1024m4g48        110.75 ( -7.5%)
    gv_fused_w4s2k512m8g48              119.81 (-13.7%)
    gv_preq_w4s2k512m8g48               117.86 (-13.1%)
    gv_preq_diag1_w4s2k512m8g48         116.83 (-12.3%)
    gv_preq_diag2_w4s2k512m8g48         114.78 (-10.7%)
ALL_OK
== pmon after
# gpu         pid   type     sm    mem    enc    dec    jpg    ofa    command 
# Idx           #    C/G      %      %      %      %      %      %    name 
    0      81524     G      -      -      -      -      -      -    Xorg           
    0      81681     G      -      -      -      -      -      -    gnome-shell    
== clocks (sm MHz, mem, W): samples, median sm, min sm, median W
samples 77 busy 36 sm_median 2190 sm_min_busy 2190 mem ['[N/A]'] power_median 9.1 W
rc=0
