waiting for /home/sfxnz/projects/ai-lab/recipes/.worktrees-spark2/.gpu.lock at 2026-09-25T13:30:38Z
lock acquired 2026-09-25T13:30:40Z
== pmon before
# gpu         pid   type     sm    mem    enc    dec    jpg    ofa    command 
# Idx           #    C/G      %      %      %      %      %      %    name 
    0      81524     G      -      -      -      -      -      -    Xorg           
    0      81681     G      -      -      -      -      -      -    gnome-shell    
dsv41-indexer-workspace: already applied
qkv_a           correctness: 282/282 bitwise (incl. graph replay)
qkv_a          M=4 cold us: b12x_e2e   49.15 b12x_gemm   47.14 read   43.01
    gv_fused_w4s2k512m4g28               60.38 (-18.6%)
    gv_preq_w4s2k512m4g28                58.24 (-19.1%)
    gv_fused_w2s2k512m8g48               67.62 (-27.3%)
    gv_preq_w2s2k512m8g48                64.32 (-26.7%)
    gv_fused_w3s2k512m8g38               60.42 (-18.6%)
    gv_preq_w3s2k512m8g38                57.34 (-17.8%)
    gv_fused_w2s3k512m8g48               66.62 (-26.2%)
    gv_preq_w2s3k512m8g48                62.53 (-24.6%)
    gv_fused_w2s2k1024m4g48              63.49 (-22.6%)
    gv_preq_w2s2k1024m4g48               58.40 (-19.3%)
wo_b            correctness: 352/352 bitwise (incl. graph replay)
wo_b           M=4 cold us: b12x_e2e  106.50 b12x_gemm  102.40 read   92.16
    gv_fused_w4s2k512m4g48              120.80 (-11.8%)
    gv_preq_w4s2k512m4g48               118.75 (-13.8%)
    gv_fused_w2s2k512m8g48              125.95 (-15.4%)
    gv_preq_w2s2k512m8g48               122.88 (-16.7%)
    gv_fused_w3s2k512m8g48              120.35 (-11.5%)
    gv_preq_w3s2k512m8g48               117.79 (-13.1%)
    gv_fused_w2s3k512m8g48              123.90 (-14.0%)
    gv_preq_w2s3k512m8g48               120.83 (-15.3%)
    gv_fused_w2s2k1024m4g48             121.87 (-12.6%)
    gv_preq_w2s2k1024m4g48              118.78 (-13.8%)
    gv_fused_w4s2k512m8g48              120.82 (-11.9%)
    gv_preq_w4s2k512m8g48               118.78 (-13.8%)
wq_b            correctness: 140/140 bitwise (incl. graph replay)
wq_b           M=4 cold us: b12x_e2e  100.35 b12x_gemm   99.33 read   90.14
    gv_fused_w4s2k640m8g48              112.51 (-10.8%)
    gv_preq_w4s2k640m8g48               111.62 (-11.0%)
    gv_fused_w2s2k1280m8g48             115.71 (-13.3%)
    gv_preq_w2s2k1280m8g48              114.69 (-13.4%)
shared_down     correctness: 140/140 bitwise (incl. graph replay)
shared_down    M=4 cold us: b12x_e2e   32.70 b12x_gemm   31.70 read   28.67
    gv_fused_w4s2k384m8g48               36.86 (-11.3%)
    gv_preq_w4s2k384m8g48                35.87 (-11.6%)
    gv_fused_w2s2k1152m8g48              35.84 ( -8.8%)
    gv_preq_w2s2k1152m8g48               34.82 ( -9.0%)
ALL_OK
== pmon after
# gpu         pid   type     sm    mem    enc    dec    jpg    ofa    command 
# Idx           #    C/G      %      %      %      %      %      %    name 
    0      81524     G      -      -      -      -      -      -    Xorg           
    0      81681     G      -      -      -      -      -      -    gnome-shell    
== clocks (sm MHz, mem, W): samples, median sm, min sm, median W
samples 106 busy 67 sm_median 2190 sm_min_busy 2190 mem ['[N/A]'] power_median 8.6 W
rc=0
