waiting for /home/sfxnz/projects/ai-lab/recipes/.worktrees-spark2/.gpu.lock at 2026-09-25T13:55:08Z
lock acquired 2026-09-25T13:55:42Z
== pmon before
# gpu         pid   type     sm    mem    enc    dec    jpg    ofa    command 
# Idx           #    C/G      %      %      %      %      %      %    name 
    0      81524     G      -      -      -      -      -      -    Xorg           
    0      81681     G      -      -      -      -      -      -    gnome-shell    
dsv41-indexer-workspace: already applied
qkv_a           correctness: 352/352 bitwise (incl. graph replay)
qkv_a          M=4 cold us: b12x_e2e   47.26 b12x_gemm   47.17 read   43.01
    gv_fused_w4s2k512m4g28               45.15 ( +4.7%)
    gv_preq_w4s2k512m4g28                45.12 ( +4.5%)
    gv_fused_w2s2k512m8g48               48.13 ( -1.8%)
    gv_preq_w2s2k512m8g48                47.14 ( +0.1%)
    gv_fused_w3s2k512m8g38               46.08 ( +2.6%)
    gv_preq_w3s2k512m8g38                45.12 ( +4.5%)
    gv_fused_w2s3k512m8g48               49.18 ( -3.9%)
    gv_preq_w2s3k512m8g48                48.19 ( -2.1%)
    gv_fused_w2s2k1024m4g48              48.13 ( -1.8%)
    gv_preq_w2s2k1024m4g48               46.19 ( +2.1%)
    gv_fused_w2s2k640m8g48               49.18 ( -3.9%)
    gv_preq_w2s2k640m8g48                49.20 ( -4.1%)
qkv_a          M=8 cold us: b12x_e2e   48.13 b12x_gemm   47.17 read   42.94
    gv_fused_w2s2k512m8g48               49.15 ( -2.1%)
    gv_preq_w2s2k512m8g48                49.15 ( -4.0%)
    gv_fused_w3s2k512m8g38               46.08 ( +4.4%)
    gv_preq_w3s2k512m8g38                45.30 ( +4.1%)
    gv_fused_w2s3k512m8g48               50.18 ( -4.1%)
    gv_preq_w2s3k512m8g48                50.18 ( -6.0%)
    gv_fused_w2s2k640m8g48               50.21 ( -4.1%)
    gv_preq_w2s2k640m8g48                51.30 ( -8.0%)
wo_b            correctness: 352/352 bitwise (incl. graph replay)
wo_b           M=4 cold us: b12x_e2e  101.57 b12x_gemm  100.45 read   90.19
    gv_fused_w4s2k512m4g48               94.27 ( +7.7%)
    gv_preq_w4s2k512m4g48                94.27 ( +6.6%)
    gv_fused_w2s2k512m8g48               95.23 ( +6.7%)
    gv_preq_w2s2k512m8g48                95.22 ( +5.5%)
    gv_fused_w3s2k512m8g48               94.83 ( +7.1%)
    gv_preq_w3s2k512m8g48                95.23 ( +5.5%)
    gv_fused_w2s3k512m8g48               95.26 ( +6.6%)
    gv_preq_w2s3k512m8g48                95.23 ( +5.5%)
    gv_fused_w2s2k1024m4g48              95.30 ( +6.6%)
    gv_preq_w2s2k1024m4g48               94.30 ( +6.5%)
    gv_fused_w4s2k512m8g48               94.24 ( +7.8%)
    gv_preq_w4s2k512m8g48                94.27 ( +6.6%)
wo_b           M=8 cold us: b12x_e2e  102.40 b12x_gemm  101.38 read   90.21
    gv_fused_w2s2k512m8g48               95.30 ( +7.5%)
    gv_preq_w2s2k512m8g48                95.23 ( +6.5%)
    gv_fused_w3s2k512m8g48               95.30 ( +7.5%)
    gv_preq_w3s2k512m8g48                95.30 ( +6.4%)
    gv_fused_w2s3k512m8g48               95.33 ( +7.4%)
    gv_preq_w2s3k512m8g48                95.33 ( +6.3%)
    gv_fused_w4s2k512m8g48               95.23 ( +7.5%)
    gv_preq_w4s2k512m8g48                95.23 ( +6.5%)
wq_b            correctness: 246/246 bitwise (incl. graph replay)
wq_b           M=4 cold us: b12x_e2e  100.35 b12x_gemm   99.38 read   90.21
    gv_fused_w4s2k640m8g48               96.34 ( +4.2%)
    gv_preq_w4s2k640m8g48                96.26 ( +3.2%)
    gv_fused_w2s2k1280m8g48             101.38 ( -1.0%)
    gv_preq_w2s2k1280m8g48               99.39 ( -0.0%)
    gv_fused_w2s2k640m8g48               95.30 ( +5.3%)
    gv_preq_w2s2k640m8g48                95.33 ( +4.2%)
    gv_fused_w4s2k640m4g48               96.26 ( +4.3%)
    gv_preq_w4s2k640m4g48                96.32 ( +3.2%)
wq_b           M=8 cold us: b12x_e2e  100.48 b12x_gemm   99.46 read   90.18
    gv_fused_w4s2k640m8g48               97.34 ( +3.2%)
    gv_preq_w4s2k640m8g48                96.32 ( +3.3%)
    gv_fused_w2s2k1280m8g48             102.40 ( -1.9%)
    gv_preq_w2s2k1280m8g48              100.30 ( -0.8%)
    gv_fused_w2s2k640m8g48               96.30 ( +4.3%)
    gv_preq_w2s2k640m8g48                95.39 ( +4.3%)
shared_down     correctness: 210/210 bitwise (incl. graph replay)
shared_down    M=4 cold us: b12x_e2e   32.70 b12x_gemm   30.82 read   28.70
    gv_fused_w4s2k384m8g48               30.82 ( +6.1%)
    gv_preq_w4s2k384m8g48                30.82 ( +0.0%)
    gv_fused_w2s2k1152m8g48              34.91 ( -6.3%)
    gv_preq_w2s2k1152m8g48               32.86 ( -6.2%)
    gv_fused_w2s2k384m8g96               30.82 ( +6.1%)
    gv_preq_w2s2k384m8g96                30.78 ( +0.1%)
shared_down    M=8 cold us: b12x_e2e   32.82 b12x_gemm   31.74 read   28.70
    gv_fused_w4s2k384m8g48               31.78 ( +3.3%)
    gv_preq_w4s2k384m8g48                30.78 ( +3.1%)
    gv_fused_w2s2k1152m8g48              35.94 ( -8.7%)
    gv_preq_w2s2k1152m8g48               33.82 ( -6.1%)
    gv_fused_w2s2k384m8g96               31.81 ( +3.2%)
    gv_preq_w2s2k384m8g96                30.82 ( +3.0%)
shared_gate_up  correctness: 352/352 bitwise (incl. graph replay)
shared_gate_up M=4 cold us: b12x_e2e   60.38 b12x_gemm   58.46 read   53.25
    gv_fused_w4s2k512m4g36               56.38 ( +7.1%)
    gv_preq_w4s2k512m4g36                56.30 ( +3.8%)
    gv_fused_w2s2k512m8g48               56.35 ( +7.2%)
    gv_preq_w2s2k512m8g48                56.38 ( +3.7%)
    gv_fused_w3s2k512m8g48               56.48 ( +6.9%)
    gv_preq_w3s2k512m8g48                56.38 ( +3.7%)
    gv_fused_w2s3k512m8g48               57.38 ( +5.2%)
    gv_preq_w2s3k512m8g48                57.41 ( +1.8%)
    gv_fused_w2s2k1024m4g48              57.41 ( +5.2%)
    gv_preq_w2s2k1024m4g48               56.50 ( +3.5%)
    gv_fused_w2s2k640m8g48               58.37 ( +3.5%)
    gv_preq_w2s2k640m8g48                58.40 ( +0.1%)
shared_gate_up M=8 cold us: b12x_e2e   60.38 b12x_gemm   58.46 read   53.25
    gv_fused_w2s2k512m8g48               57.41 ( +5.2%)
    gv_preq_w2s2k512m8g48                58.37 ( +0.2%)
    gv_fused_w3s2k512m8g48               57.41 ( +5.2%)
    gv_preq_w3s2k512m8g48                57.41 ( +1.8%)
    gv_fused_w2s3k512m8g48               58.37 ( +3.5%)
    gv_preq_w2s3k512m8g48                59.49 ( -1.7%)
    gv_fused_w2s2k640m8g48               59.39 ( +1.7%)
    gv_preq_w2s2k640m8g48                60.42 ( -3.2%)
ALL_OK
== pmon after
# gpu         pid   type     sm    mem    enc    dec    jpg    ofa    command 
# Idx           #    C/G      %      %      %      %      %      %    name 
    0      81524     G      -      -      -      -      -      -    Xorg           
    0      81681     G      -      -      -      -      -      -    gnome-shell    
== clocks (sm MHz, mem, W): samples, median sm, min sm, median W
samples 300 busy 112 sm_median 2190 sm_min_busy 2190 mem ['[N/A]'] power_median 4.2 W
rc=0
