waiting for /home/sfxnz/projects/ai-lab/recipes/.worktrees-spark2/.gpu.lock at 2026-09-25T14:07:48Z
lock acquired 2026-09-25T14:07:48Z
== pmon before
# gpu         pid   type     sm    mem    enc    dec    jpg    ofa    command 
# Idx           #    C/G      %      %      %      %      %      %    name 
    0      81524     G      -      -      -      -      -      -    Xorg           
    0      81681     G      -      -      -      -      -      -    gnome-shell    
dsv41-indexer-workspace: already applied
main_proj       correctness: 36/36 bitwise (incl. graph replay)
main_proj      M=1 cold us: b12x_e2e  369.79 b12x_gemm  363.63 read  331.84 | best fused w2s2k512m4g48  339.97 ( +8.8%) | best preq w2s2k512m4g48  340.00 ( +7.0%)
main_proj      M=3 cold us: b12x_e2e  372.83 b12x_gemm  364.61 read  331.84 | best fused w2s2k512m4g48  340.98 ( +9.3%) | best preq w2s2k512m4g48  342.02 ( +6.6%)
main_proj      M=4 cold us: b12x_e2e  374.32 b12x_gemm  364.64 read  331.84 | best fused w2s2k512m4g48  340.99 ( +9.8%) | best preq w2s2k512m4g48  342.22 ( +6.6%)
ALL_OK
== pmon after
# gpu         pid   type     sm    mem    enc    dec    jpg    ofa    command 
# Idx           #    C/G      %      %      %      %      %      %    name 
    0      81524     G      -      -      -      -      -      -    Xorg           
    0      81681     G      -      -      -      -      -      -    gnome-shell    
== clocks (sm MHz, mem, W): samples, median sm, min sm, median W
samples 204 busy 16 sm_median 2190 sm_min_busy 559 mem ['[N/A]'] power_median 3.9 W
rc=0
