waiting for /home/sfxnz/projects/ai-lab/recipes/.worktrees-spark2/.gpu.lock at 2026-09-25T13:58:12Z
lock acquired 2026-09-25T13:58:12Z
== pmon before
# gpu         pid   type     sm    mem    enc    dec    jpg    ofa    command 
# Idx           #    C/G      %      %      %      %      %      %    name 
    0      81524     G      -      -      -      -      -      -    Xorg           
    0      81681     G      -      -      -      -      -      -    gnome-shell    
dsv41-indexer-workspace: already applied
qkv_a          M=1 cold us: b12x_e2e   48.13 b12x_gemm   47.17 read   43.01
    gv_fused_w4s2k512m4g28               44.13 ( +9.1%)  warm   14.34
    gv_preq_w4s2k512m4g28                44.10 ( +7.0%)  warm   14.34
    gv_fused_w2s2k512m8g48               46.32 ( +3.9%)  warm   24.58
    gv_preq_w2s2k512m8g48                46.24 ( +2.0%)  warm   20.48
    gv_fused_w3s2k512m8g38               45.06 ( +6.8%)  warm   16.38
    gv_preq_w3s2k512m8g38                45.06 ( +4.7%)  warm   14.34
    gv_fused_w2s3k512m8g48               48.13 ( +0.0%)  warm   24.58
    gv_preq_w2s3k512m8g48                47.17 ( +0.0%)  warm   22.53
    gv_fused_w2s2k1024m4g48              46.11 ( +4.4%)  warm   18.43
    gv_preq_w2s2k1024m4g48               46.11 ( +2.3%)  warm   16.38
    gv_fused_w2s2k640m8g48               48.13 ( +0.0%)  warm   24.58
    gv_preq_w2s2k640m8g48                48.19 ( -2.1%)  warm   24.58
qkv_a          M=3 cold us: b12x_e2e   47.33 b12x_gemm   47.14 read   43.01
    gv_fused_w4s2k512m4g28               45.09 ( +5.0%)  warm   14.34
    gv_preq_w4s2k512m4g28                45.06 ( +4.6%)  warm   14.34
    gv_fused_w2s2k512m8g48               47.14 ( +0.4%)  warm   26.62
    gv_preq_w2s2k512m8g48                47.10 ( +0.1%)  warm   22.53
    gv_fused_w3s2k512m8g38               45.12 ( +4.9%)  warm   18.43
    gv_preq_w3s2k512m8g38                45.09 ( +4.5%)  warm   14.34
    gv_fused_w2s3k512m8g48               48.18 ( -1.8%)  warm   26.62
    gv_preq_w2s3k512m8g48                47.33 ( -0.4%)  warm   22.53
    gv_fused_w2s2k1024m4g48              47.14 ( +0.4%)  warm   18.69
    gv_preq_w2s2k1024m4g48               46.14 ( +2.1%)  warm   16.38
    gv_fused_w2s2k640m8g48               48.19 ( -1.8%)  warm   24.58
    gv_preq_w2s2k640m8g48                49.18 ( -4.2%)  warm   24.58
qkv_a          M=4 cold us: b12x_e2e   47.36 b12x_gemm   47.14 read   43.01
    gv_fused_w4s2k512m4g28               45.12 ( +5.0%)  warm   14.34
    gv_preq_w4s2k512m4g28                45.06 ( +4.6%)  warm   14.34
    gv_fused_w2s2k512m8g48               47.14 ( +0.5%)  warm   26.62
    gv_preq_w2s2k512m8g48                47.14 ( +0.0%)  warm   22.53
    gv_fused_w3s2k512m8g38               45.14 ( +4.9%)  warm   18.43
    gv_preq_w3s2k512m8g38                45.12 ( +4.5%)  warm   14.59
    gv_fused_w2s3k512m8g48               49.15 ( -3.6%)  warm   26.62
    gv_preq_w2s3k512m8g48                48.16 ( -2.1%)  warm   22.53
    gv_fused_w2s2k1024m4g48              48.10 ( -1.5%)  warm   20.48
    gv_preq_w2s2k1024m4g48               46.24 ( +1.9%)  warm   18.43
    gv_fused_w2s2k640m8g48               49.18 ( -3.7%)  warm   24.58
    gv_preq_w2s2k640m8g48                49.18 ( -4.2%)  warm   24.58
qkv_a          M=6 cold us: b12x_e2e   48.16 b12x_gemm   47.20 read   43.01
    gv_fused_w2s2k512m8g48               48.19 ( -0.1%)  warm   28.67
    gv_preq_w2s2k512m8g48                48.13 ( -1.9%)  warm   22.53
    gv_fused_w3s2k512m8g38               46.10 ( +4.5%)  warm   18.56
    gv_preq_w3s2k512m8g38                45.15 ( +4.5%)  warm   16.38
    gv_fused_w2s3k512m8g48               49.22 ( -2.1%)  warm   28.67
    gv_preq_w2s3k512m8g48                48.67 ( -3.0%)  warm   24.58
    gv_fused_w2s2k640m8g48               49.18 ( -2.1%)  warm   26.62
    gv_preq_w2s2k640m8g48                50.21 ( -6.0%)  warm   26.62
qkv_a          M=8 cold us: b12x_e2e   48.13 b12x_gemm   47.17 read   42.98
    gv_fused_w2s2k512m8g48               49.15 ( -2.1%)  warm   28.67
    gv_preq_w2s2k512m8g48                48.21 ( -2.2%)  warm   24.58
    gv_fused_w3s2k512m8g38               46.08 ( +4.4%)  warm   20.48
    gv_preq_w3s2k512m8g38                45.12 ( +4.5%)  warm   16.38
    gv_fused_w2s3k512m8g48               50.21 ( -4.1%)  warm   28.77
    gv_preq_w2s3k512m8g48                49.25 ( -4.2%)  warm   24.58
    gv_fused_w2s2k640m8g48               50.21 ( -4.1%)  warm   28.67
    gv_preq_w2s2k640m8g48                50.24 ( -6.1%)  warm   26.62
shared_gate_up M=1 cold us: b12x_e2e   60.42 b12x_gemm   59.42 read   53.25
    gv_fused_w4s2k512m4g36               55.39 ( +9.1%)  warm   14.34
    gv_preq_w4s2k512m4g36                55.30 ( +7.5%)  warm   14.34
    gv_fused_w2s2k512m8g48               56.32 ( +7.3%)  warm   24.58
    gv_preq_w2s2k512m8g48                56.32 ( +5.5%)  warm   20.58
    gv_fused_w3s2k512m8g48               56.32 ( +7.3%)  warm   16.42
    gv_preq_w3s2k512m8g48                56.35 ( +5.5%)  warm   14.34
    gv_fused_w2s3k512m8g48               57.06 ( +5.9%)  warm   24.58
    gv_preq_w2s3k512m8g48                56.42 ( +5.3%)  warm   22.53
    gv_fused_w2s2k1024m4g48              56.38 ( +7.2%)  warm   18.43
    gv_preq_w2s2k1024m4g48               56.38 ( +5.4%)  warm   16.38
    gv_fused_w2s2k640m8g48               57.38 ( +5.3%)  warm   24.58
    gv_preq_w2s2k640m8g48                57.44 ( +3.5%)  warm   24.58
shared_gate_up M=3 cold us: b12x_e2e   60.42 b12x_gemm   58.50 read   53.25
    gv_fused_w4s2k512m4g36               56.35 ( +7.2%)  warm   16.35
    gv_preq_w4s2k512m4g36                56.29 ( +3.9%)  warm   14.34
    gv_fused_w2s2k512m8g48               56.35 ( +7.2%)  warm   26.62
    gv_preq_w2s2k512m8g48                56.29 ( +3.9%)  warm   22.53
    gv_fused_w3s2k512m8g48               56.45 ( +7.0%)  warm   18.43
    gv_preq_w3s2k512m8g48                56.38 ( +3.7%)  warm   16.38
    gv_fused_w2s3k512m8g48               57.38 ( +5.3%)  warm   26.62
    gv_preq_w2s3k512m8g48                56.42 ( +3.7%)  warm   22.53
    gv_fused_w2s2k1024m4g48              57.38 ( +5.3%)  warm   20.48
    gv_preq_w2s2k1024m4g48               56.38 ( +3.7%)  warm   16.42
    gv_fused_w2s2k640m8g48               58.37 ( +3.5%)  warm   24.58
    gv_preq_w2s2k640m8g48                58.40 ( +0.2%)  warm   24.58
shared_gate_up M=4 cold us: b12x_e2e   60.42 b12x_gemm   58.46 read   53.25
    gv_fused_w4s2k512m4g36               56.35 ( +7.2%)  warm   16.38
    gv_preq_w4s2k512m4g36                56.29 ( +3.9%)  warm   14.34
    gv_fused_w2s2k512m8g48               56.35 ( +7.2%)  warm   26.62
    gv_preq_w2s2k512m8g48                56.32 ( +3.8%)  warm   22.53
    gv_fused_w3s2k512m8g48               56.45 ( +7.0%)  warm   18.43
    gv_preq_w3s2k512m8g48                56.35 ( +3.7%)  warm   16.38
    gv_fused_w2s3k512m8g48               57.38 ( +5.3%)  warm   26.62
    gv_preq_w2s3k512m8g48                57.38 ( +1.9%)  warm   22.53
    gv_fused_w2s2k1024m4g48              57.38 ( +5.3%)  warm   20.48
    gv_preq_w2s2k1024m4g48               56.38 ( +3.7%)  warm   18.43
    gv_fused_w2s2k640m8g48               58.40 ( +3.5%)  warm   24.67
    gv_preq_w2s2k640m8g48                58.40 ( +0.1%)  warm   24.58
shared_gate_up M=6 cold us: b12x_e2e   60.38 b12x_gemm   58.56 read   53.28
    gv_fused_w2s2k512m8g48               57.34 ( +5.3%)  warm   28.67
    gv_preq_w2s2k512m8g48                58.37 ( +0.3%)  warm   22.56
    gv_fused_w3s2k512m8g48               57.34 ( +5.3%)  warm   20.48
    gv_preq_w3s2k512m8g48                57.34 ( +2.1%)  warm   16.38
    gv_fused_w2s3k512m8g48               57.39 ( +5.2%)  warm   28.67
    gv_preq_w2s3k512m8g48                59.39 ( -1.4%)  warm   24.58
    gv_fused_w2s2k640m8g48               58.40 ( +3.4%)  warm   26.62
    gv_preq_w2s2k640m8g48                59.49 ( -1.6%)  warm   26.62
shared_gate_up M=8 cold us: b12x_e2e   60.48 b12x_gemm   59.46 read   53.31
    gv_fused_w2s2k512m8g48               58.34 ( +3.7%)  warm   28.67
    gv_preq_w2s2k512m8g48                58.37 ( +1.9%)  warm   24.58
    gv_fused_w3s2k512m8g48               58.34 ( +3.7%)  warm   20.48
    gv_preq_w3s2k512m8g48                57.44 ( +3.5%)  warm   16.38
    gv_fused_w2s3k512m8g48               58.43 ( +3.5%)  warm   28.90
    gv_preq_w2s3k512m8g48                59.46 ( +0.0%)  warm   24.58
    gv_fused_w2s2k640m8g48               59.42 ( +1.8%)  warm   28.67
    gv_preq_w2s2k640m8g48                60.42 ( -1.6%)  warm   26.62
ALL_OK
== pmon after
# gpu         pid   type     sm    mem    enc    dec    jpg    ofa    command 
# Idx           #    C/G      %      %      %      %      %      %    name 
    0      81524     G      -      -      -      -      -      -    Xorg           
    0      81681     G      -      -      -      -      -      -    gnome-shell    
== clocks (sm MHz, mem, W): samples, median sm, min sm, median W
samples 304 busy 120 sm_median 2190 sm_min_busy 2190 mem ['[N/A]'] power_median 3.9 W
rc=0
