waiting for /home/sfxnz/projects/ai-lab/recipes/.worktrees-spark2/.gpu.lock at 2026-09-25T14:00:08Z
lock acquired 2026-09-25T14:01:16Z
== pmon before
# gpu         pid   type     sm    mem    enc    dec    jpg    ofa    command 
# Idx           #    C/G      %      %      %      %      %      %    name 
    0      81524     G      -      -      -      -      -      -    Xorg           
    0      81681     G      -      -      -      -      -      -    gnome-shell    
dsv41-indexer-workspace: already applied
wo_b           M=1 cold us: b12x_e2e  102.37 b12x_gemm  101.14 read   92.13 | best fused w4s2k512m4g48   94.03 ( +8.9%) | best preq w4s2k512m8g48   94.05 ( +7.5%)
wo_b           M=3 cold us: b12x_e2e  102.40 b12x_gemm  101.38 read   92.06 | best fused w4s2k512m4g48   94.30 ( +8.6%) | best preq w4s2k512m4g48   94.30 ( +7.5%)
wo_b           M=4 cold us: b12x_e2e  102.43 b12x_gemm  101.34 read   92.00 | best fused w4s2k512m4g48   94.42 ( +8.5%) | best preq w4s2k512m4g48   94.27 ( +7.5%)
wo_b           M=6 cold us: b12x_e2e  102.43 b12x_gemm  101.41 read   92.16 | best fused w4s2k512m8g48   95.30 ( +7.5%) | best preq w4s2k512m8g48   95.26 ( +6.4%)
wo_b           M=8 cold us: b12x_e2e  102.88 b12x_gemm  101.41 read   92.16 | best fused w4s2k512m8g48   95.33 ( +7.9%) | best preq w4s2k512m8g48   95.36 ( +6.3%)
wq_b           M=1 cold us: b12x_e2e  100.35 b12x_gemm   97.28 read   90.14 | best fused w2s2k640m8g48   93.34 ( +7.5%) | best preq w2s2k640m8g48   93.39 ( +4.2%)
wq_b           M=3 cold us: b12x_e2e   99.33 b12x_gemm   98.40 read   90.11 | best fused w2s2k640m8g48   94.27 ( +5.4%) | best preq w2s2k640m8g48   94.30 ( +4.3%)
wq_b           M=4 cold us: b12x_e2e   99.42 b12x_gemm   99.30 read   90.14 | best fused w2s2k640m8g48   94.34 ( +5.4%) | best preq w2s2k640m8g48   94.29 ( +5.3%)
wq_b           M=6 cold us: b12x_e2e  100.16 b12x_gemm   99.17 read   90.14 | best fused w2s2k640m8g48   95.17 ( +5.2%) | best preq w2s2k640m8g48   94.27 ( +5.2%)
wq_b           M=8 cold us: b12x_e2e  100.35 b12x_gemm   99.39 read   90.14 | best fused w2s2k640m8g48   95.26 ( +5.3%) | best preq w2s2k640m8g48   95.20 ( +4.4%)
shared_down    M=1 cold us: b12x_e2e   32.61 b12x_gemm   31.55 read   28.67 | best fused w4s2k384m8g48   30.70 ( +6.2%) | best preq w4s2k384m8g48   30.51 ( +3.4%)
shared_down    M=3 cold us: b12x_e2e   32.77 b12x_gemm   31.70 read   28.67 | best fused w2s2k384m8g96   30.72 ( +6.7%) | best preq w4s2k384m8g48   30.72 ( +3.2%)
shared_down    M=4 cold us: b12x_e2e   32.74 b12x_gemm   31.71 read   28.67 | best fused w4s2k384m8g48   30.72 ( +6.6%) | best preq w4s2k384m8g48   30.72 ( +3.2%)
shared_down    M=6 cold us: b12x_e2e   32.77 b12x_gemm   31.71 read   28.67 | best fused w2s2k384m8g96   30.72 ( +6.7%) | best preq w4s2k384m8g48   30.72 ( +3.2%)
shared_down    M=8 cold us: b12x_e2e   32.77 b12x_gemm   31.62 read   28.67 | best fused w2s2k384m8g96   31.55 ( +3.9%) | best preq w4s2k384m8g48   30.78 ( +2.7%)
indexer_wq_b   M=1 cold us: b12x_e2e   29.62 b12x_gemm   28.66 read   26.62 | best fused w4s2k640m4g48   27.84 ( +6.4%) | best preq w4s2k640m8g48   28.53 ( +0.4%)
indexer_wq_b   M=3 cold us: b12x_e2e   29.70 b12x_gemm   28.51 read   26.62 | best fused w4s2k640m4g48   28.74 ( +3.3%) | best preq w2s2k640m8g48   28.66 ( -0.5%)
indexer_wq_b   M=4 cold us: b12x_e2e   29.70 b12x_gemm   27.76 read   26.62 | best fused w4s2k640m4g48   28.67 ( +3.6%) | best preq w4s2k640m8g48   28.67 ( -3.2%)
indexer_wq_b   M=6 cold us: b12x_e2e   29.66 b12x_gemm   28.51 read   26.50 | best fused w4s2k640m8g48   28.75 ( +3.2%) | best preq w2s2k640m8g48   28.75 ( -0.8%)
indexer_wq_b   M=8 cold us: b12x_e2e   29.79 b12x_gemm   28.74 read   26.62 | best fused w4s2k640m8g48   28.80 ( +3.4%) | best preq w4s2k640m8g48   28.77 ( -0.1%)
ALL_OK
== pmon after
# gpu         pid   type     sm    mem    enc    dec    jpg    ofa    command 
# Idx           #    C/G      %      %      %      %      %      %    name 
    0      81524     G      -      -      -      -      -      -    Xorg           
    0      81681     G      -      -      -      -      -      -    gnome-shell    
== clocks (sm MHz, mem, W): samples, median sm, min sm, median W
samples 409 busy 227 sm_median 2190 sm_min_busy 2190 mem ['[N/A]'] power_median 8.8 W
rc=0
