waiting for /home/sfxnz/projects/ai-lab/recipes/.worktrees-spark2/.gpu.lock at 2026-09-25T14:33:14Z
lock acquired 2026-09-25T14:34:10Z
== pmon before
# gpu         pid   type     sm    mem    enc    dec    jpg    ofa    command 
# Idx           #    C/G      %      %      %      %      %      %    name 
    0      81524     G      -      -      -      -      -      -    Xorg           
    0      81681     G      -      -      -      -      -      -    gnome-shell    
dsv41-indexer-workspace: already applied
qkv_a          M=1 bad=0 e2e   48.19 gemm   47.17 | fused_sw0   44.22 preq_sw0   44.14 fused_sw1   43.92 preq_sw1   43.10 fused_sw2   44.00 preq_sw2   44.03
qkv_a          M=4 bad=0 e2e   47.38 gemm   47.17 | fused_sw0   45.09 preq_sw0   45.09 fused_sw1   44.06 preq_sw1   44.13 fused_sw2   44.06 preq_sw2   44.05
qkv_a          M=8 bad=0 e2e   48.13 gemm   47.17 | fused_sw0   46.14 preq_sw0   45.12 fused_sw1   46.08 preq_sw1   46.14 fused_sw2   44.10 preq_sw2   44.26
wo_b           M=1 bad=0 e2e  101.50 gemm  100.45 | fused_sw0   93.25 preq_sw0   93.92 fused_sw1   93.25 preq_sw1   93.28 fused_sw2   93.98 preq_sw2   93.42
wo_b           M=4 bad=0 e2e  102.14 gemm  100.45 | fused_sw0   94.26 preq_sw0   94.27 fused_sw1   93.22 preq_sw1   93.98 fused_sw2   94.00 preq_sw2   94.02
wo_b           M=8 bad=0 e2e  102.40 gemm  101.38 | fused_sw0   95.14 preq_sw0   95.23 fused_sw1   93.98 preq_sw1   94.30 fused_sw2   94.06 preq_sw2   94.24
wq_b           M=1 bad=0 e2e  101.38 gemm   98.11 | fused_sw0   94.64 preq_sw0   94.14 fused_sw1   95.02 preq_sw1   93.02 fused_sw2   93.02 preq_sw2   93.15
wq_b           M=4 bad=0 e2e  100.34 gemm   99.30 | fused_sw0   95.30 preq_sw0   95.04 fused_sw1   95.07 preq_sw1   94.02 fused_sw2   93.25 preq_sw2   94.02
wq_b           M=8 bad=0 e2e  101.34 gemm  100.16 | fused_sw0   96.29 preq_sw0   96.03 fused_sw1   95.26 preq_sw1   94.10 fused_sw2   93.98 preq_sw2   94.02
shared_gate_up M=1 bad=0 e2e   60.02 gemm   58.46 | fused_sw0   55.33 preq_sw0   55.33 fused_sw1   54.30 preq_sw1   54.37 fused_sw2   54.34 preq_sw2   54.40
shared_gate_up M=4 bad=0 e2e   60.45 gemm   59.42 | fused_sw0   56.35 preq_sw0   56.35 fused_sw1   55.33 preq_sw1   55.33 fused_sw2   55.30 preq_sw2   55.30
shared_gate_up M=8 bad=0 e2e   60.35 gemm   58.46 | fused_sw0   57.41 preq_sw0   57.38 fused_sw1   56.38 preq_sw1   56.35 fused_sw2   56.35 preq_sw2   56.38
shared_down    M=1 bad=0 e2e   32.77 gemm   31.62 | fused_sw0   30.75 preq_sw0   29.82 fused_sw1   30.56 preq_sw1   29.79 fused_sw2   29.79 preq_sw2   29.78
shared_down    M=4 bad=0 e2e   32.72 gemm   31.58 | fused_sw0   30.75 preq_sw0   30.69 fused_sw1   30.67 preq_sw1   29.73 fused_sw2   29.76 preq_sw2   29.73
shared_down    M=8 bad=0 e2e   32.80 gemm   30.85 | fused_sw0   31.52 preq_sw0   30.82 fused_sw1   30.70 preq_sw1   29.79 fused_sw2   29.79 preq_sw2   29.76
== pmon after
# gpu         pid   type     sm    mem    enc    dec    jpg    ofa    command 
# Idx           #    C/G      %      %      %      %      %      %    name 
    0      81524     G      -      -      -      -      -      -    Xorg           
    0      81681     G      -      -      -      -      -      -    gnome-shell    
== clocks (sm MHz, mem, W): samples, median sm, min sm, median W
samples 298 busy 109 sm_median 2190 sm_min_busy 2190 mem ['[N/A]'] power_median 4.2 W
rc=0
