spark1:1:1 [0] NCCL INFO ncclOsDlopen(libnccl-env.so) failed: libnccl-env.so: cannot open shared object file: No such file or directory
spark1:1:1 [0] NCCL INFO ENV/Plugin: Could not find: libnccl-env.so
spark1:1:1 [0] NCCL INFO NCCL_SOCKET_IFNAME set to enp1s0f1np1
spark1:1:1 [0] NCCL INFO cudaDriverVersion 13000
spark1:1:1 [0] NCCL INFO NCCL version 2.30.7+cuda13.3
spark1:1:1 [0] NCCL INFO NCCL git version HEAD a5187fa2e
spark1:1:1 [0] NCCL INFO ncclOsDlopen(libnccl-net.so) failed: libnccl-net.so: cannot open shared object file: No such file or directory
spark1:1:1 [0] NCCL INFO NET/Plugin: Could not find: libnccl-net.so
spark1:1:1 [0] NCCL INFO dlvsym failed on mlx5dv_get_data_direct_sysfs_path - /lib/aarch64-linux-gnu/libmlx5.so: undefined symbol: mlx5dv_get_data_direct_sysfs_path, version MLX5_1.25 version MLX5_1.25
spark1:1:1 [0] NCCL INFO dlvsym failed on mlx5dv_reg_dmabuf_mr - /lib/aarch64-linux-gnu/libmlx5.so: undefined symbol: mlx5dv_reg_dmabuf_mr, version MLX5_1.25 version MLX5_1.25
spark1:1:1 [0] NCCL INFO NCCL_IB_HCA set to rocep1s0f1,roceP2p1s0f1
spark1:1:1 [0] NCCL INFO NET/IB: [1] rocep1s0f1:uverbs1:1/RoCE provider=Mlx5 speed=200000 context=0x1164e6c0 pciPath=/sys/devices/pci0000:00/0000:00:00.0/0000:01:00.0 ar=0 oooRqSize=0
spark1:1:1 [0] NCCL INFO NET/IB: [3] roceP2p1s0f1:uverbs3:1/RoCE provider=Mlx5 speed=200000 context=0x1168fdc0 pciPath=/sys/devices/pci0002:00/0002:00:00.0/0002:01:00.0 ar=0 oooRqSize=0
spark1:1:1 [0] NCCL INFO NET/IB : Made virtual device [0] name=rocep1s0f1 speed=200000 ndevs=1 rail=-1 plane=-1
spark1:1:1 [0] NCCL INFO NET/IB : Made virtual device [1] name=roceP2p1s0f1 speed=200000 ndevs=1 rail=-1 plane=-1
spark1:1:1 [0] NCCL INFO NET/IB : Using [0]rocep1s0f1:1/RoCE [1]roceP2p1s0f1:1/RoCE [RO]; OOB enp1s0f1np1:10.100.8.1<0>
spark1:1:1 [0] NCCL INFO Initialized NET plugin IB
spark1:1:1 [0] NCCL INFO Assigned NET plugin IB to comm
spark1:1:1 [0] NCCL INFO ncclOsDlopen(libnccl-rma.so) failed: libnccl-rma.so: cannot open shared object file: No such file or directory
spark1:1:1 [0] NCCL INFO RMA/Plugin: Could not find: libnccl-rma.so
spark1:1:1 [0] NCCL INFO RMA/Plugin: Failed to load external plugin libnccl-rma.so, dlHandle: (nil), ncclRma: (nil)
spark1:1:1 [0] NCCL INFO RMA/Plugin: Assigned plugin RMA_IB_PROXY to comm
spark1:1:1 [0] NCCL INFO ncclOsDlopen(libnccl-gin.so) failed: libnccl-gin.so: cannot open shared object file: No such file or directory
spark1:1:1 [0] NCCL INFO GIN/Plugin: Could not find: libnccl-gin.so
spark1:1:1 [0] NCCL INFO GIN/Plugin: Failed to load external plugin libnccl-gin.so, dlHandle: (nil), ncclGin: (nil)
spark1:1:1 [0] NCCL INFO GIN/Plugin: Assigned plugin GIN_IB_GDAKI type 3 to comm
spark1:1:1 [0] NCCL INFO Using network IB
spark1:1:1 [0] NCCL INFO Loaded NVML from libnvidia-ml.so.1
spark1:1:1 [0] NCCL INFO [Rank 0] ncclCommInitRankConfig comm 0xeb92f10 rank 0 nranks 2 cudaDev 0 nvmlDev 0 busId f01000 commId 0xdedd7d636505bbe7 - Init START
spark1:1:1 [0] NCCL INFO RAS client listening socket at 127.0.0.1<28028>
spark1:1:1 [0] NCCL INFO Topology detection: could not read /sys/devices/system/node/node4294967295/cpumap, using empty affinity
spark1:1:1 [0] NCCL INFO TOPO/NET : Importing network plugins to topology
spark1:1:1 [0] NCCL INFO NET/GIN_IB_GDAKI : GPU Direct RDMA Disabled for HCA 0 'rocep1s0f1'
spark1:1:1 [0] NCCL INFO ncclTopoPopulateNics : Filled rocep1s0f1 in topo with pciPath=/sys/devices/pci0000:00/0000:00:00.0/0000:01:00.0 net=0 gin=1 rma=(null) keep=1 coll=(null) rail=-1 plane=-1
spark1:1:1 [0] NCCL INFO NET/GIN_IB_GDAKI : GPU Direct RDMA Disabled for HCA 1 'roceP2p1s0f1'
spark1:1:1 [0] NCCL INFO ncclTopoPopulateNics : Filled roceP2p1s0f1 in topo with pciPath=/sys/devices/pci0002:00/0002:00:00.0/0002:01:00.0 net=0 gin=1 rma=(null) keep=1 coll=(null) rail=-1 plane=-1
spark1:1:1 [0] NCCL INFO NET/RMA_IB_PROXY : GPU Direct RDMA Disabled for HCA 0 'rocep1s0f1'
spark1:1:1 [0] NCCL INFO ncclTopoPopulateNics : Filled rocep1s0f1 in topo with pciPath=/sys/devices/pci0000:00/0000:00:00.0/0000:01:00.0 net=0 gin=1 rma=1 keep=1 coll=(null) rail=-1 plane=-1
spark1:1:1 [0] NCCL INFO NET/RMA_IB_PROXY : GPU Direct RDMA Disabled for HCA 1 'roceP2p1s0f1'
spark1:1:1 [0] NCCL INFO ncclTopoPopulateNics : Filled roceP2p1s0f1 in topo with pciPath=/sys/devices/pci0002:00/0002:00:00.0/0002:01:00.0 net=0 gin=1 rma=1 keep=1 coll=(null) rail=-1 plane=-1
spark1:1:1 [0] NCCL INFO NET/IB : GPU Direct RDMA Disabled for HCA 0 'rocep1s0f1'
spark1:1:1 [0] NCCL INFO ncclTopoPopulateNics : Filled rocep1s0f1 in topo with pciPath=/sys/devices/pci0000:00/0000:00:00.0/0000:01:00.0 net=1 gin=1 rma=1 keep=1 coll=(null) rail=-1 plane=-1
spark1:1:1 [0] NCCL INFO NET/IB : GPU Direct RDMA Disabled for HCA 1 'roceP2p1s0f1'
spark1:1:1 [0] NCCL INFO ncclTopoPopulateNics : Filled roceP2p1s0f1 in topo with pciPath=/sys/devices/pci0002:00/0002:00:00.0/0002:01:00.0 net=1 gin=1 rma=1 keep=1 coll=(null) rail=-1 plane=-1
spark1:1:1 [0] NCCL INFO === System : maxBw 12.0 totalBw 0.2 ===
spark1:1:1 [0] NCCL INFO CPU/0-ffffffffffffff (3/-1/-1)
spark1:1:1 [0] NCCL INFO + C2C[345.0] - DEV/0-f01000
spark1:1:1 [0] NCCL INFO + PCI[12.0] - NIC/0-1000
spark1:1:1 [0] NCCL INFO               + NET[25.0] - NET/0-0 (0/72817e000347bb4c/1/25.000000)
spark1:1:1 [0] NCCL INFO               + NET[25.0] - GIN/0-0
spark1:1:1 [0] NCCL INFO               + NET[25.0] - RMA/0-0
spark1:1:1 [0] NCCL INFO + PCI[12.0] - NIC/0-201000
spark1:1:1 [0] NCCL INFO               + NET[25.0] - NET/0-1 (0/72817e000347bb4c/1/25.000000)
spark1:1:1 [0] NCCL INFO               + NET[25.0] - GIN/0-1
spark1:1:1 [0] NCCL INFO               + NET[25.0] - RMA/0-1
spark1:1:1 [0] NCCL INFO + PCI[0.2] - DEV/0-f01000 (10de2e1210de0000)
spark1:1:1 [0] NCCL INFO              + LOC[5000.0] - GPU/0-f01000
spark1:1:1 [0] NCCL INFO              + C2C[345.0] - CPU/0-ffffffffffffff
spark1:1:1 [0] NCCL INFO ==========================================
spark1:1:1 [0] NCCL INFO GPU/0-f01000 :GPU/0-f01000 (0/5000.0/LOC) CPU/0-ffffffffffffff (2/345.0/C2C) NET/0-0 (4/12.0/P2C) NET/0-1 (4/12.0/P2C) GIN/0-0 (4/12.0/PHB) GIN/0-1 (4/12.0/PHB) RMA/0-0 (4/12.0/PHB) RMA/0-1 (4/12.0/PHB) DEV/0-f01000 (1/5000.0/LOC) 
spark1:1:1 [0] NCCL INFO NET/0-0 :GPU/0-f01000 (4/12.0/P2C) CPU/0-ffffffffffffff (2/12.0/PHB) NET/0-0 (0/5000.0/LOC) NET/0-1 (4/12.0/PHB) GIN/0-0 (2/25.0/LOC) GIN/0-1 (4/12.0/PHB) RMA/0-0 (2/25.0/LOC) RMA/0-1 (4/12.0/PHB) DEV/0-f01000 (3/12.0/PHB) 
spark1:1:1 [0] NCCL INFO NET/0-1 :GPU/0-f01000 (4/12.0/P2C) CPU/0-ffffffffffffff (2/12.0/PHB) NET/0-0 (4/12.0/PHB) NET/0-1 (0/5000.0/LOC) GIN/0-0 (4/12.0/PHB) GIN/0-1 (2/25.0/LOC) RMA/0-0 (4/12.0/PHB) RMA/0-1 (2/25.0/LOC) DEV/0-f01000 (3/12.0/PHB) 
spark1:1:1 [0] NCCL INFO GIN/0-0 :GPU/0-f01000 (4/12.0/PHB) CPU/0-ffffffffffffff (2/12.0/PHB) NET/0-0 (2/25.0/LOC) NET/0-1 (4/12.0/PHB) GIN/0-0 (0/5000.0/LOC) GIN/0-1 (4/12.0/PHB) RMA/0-0 (2/25.0/LOC) RMA/0-1 (4/12.0/PHB) DEV/0-f01000 (3/12.0/PHB) 
spark1:1:1 [0] NCCL INFO GIN/0-1 :GPU/0-f01000 (4/12.0/PHB) CPU/0-ffffffffffffff (2/12.0/PHB) NET/0-0 (4/12.0/PHB) NET/0-1 (2/25.0/LOC) GIN/0-0 (4/12.0/PHB) GIN/0-1 (0/5000.0/LOC) RMA/0-0 (4/12.0/PHB) RMA/0-1 (2/25.0/LOC) DEV/0-f01000 (3/12.0/PHB) 
spark1:1:1 [0] NCCL INFO RMA/0-0 :GPU/0-f01000 (4/12.0/PHB) CPU/0-ffffffffffffff (2/12.0/PHB) NET/0-0 (2/25.0/LOC) NET/0-1 (4/12.0/PHB) GIN/0-0 (2/25.0/LOC) GIN/0-1 (4/12.0/PHB) RMA/0-0 (0/5000.0/LOC) RMA/0-1 (4/12.0/PHB) DEV/0-f01000 (3/12.0/PHB) 
spark1:1:1 [0] NCCL INFO RMA/0-1 :GPU/0-f01000 (4/12.0/PHB) CPU/0-ffffffffffffff (2/12.0/PHB) NET/0-0 (4/12.0/PHB) NET/0-1 (2/25.0/LOC) GIN/0-0 (4/12.0/PHB) GIN/0-1 (2/25.0/LOC) RMA/0-0 (4/12.0/PHB) RMA/0-1 (0/5000.0/LOC) DEV/0-f01000 (3/12.0/PHB) 
spark1:1:1 [0] NCCL INFO ncclTopoGetCpuAffinity: Affinity for GPU 0 is empty, ignoring. (GPU affinity =  ; CPU affinity = 0-19).
spark1:1:1 [0] NCCL INFO Pattern 4, crossNic 0, nChannels 32, bw 0.240000/0.240000, type LOC/P2C, sameChannels 1
spark1:1:1 [0] NCCL INFO  0 : NET/0-0 GPU/0-f01000 NET/0-0
spark1:1:1 [0] NCCL INFO  1 : NET/0-1 GPU/0-f01000 NET/0-0
spark1:1:1 [0] NCCL INFO  2 : NET/0-0 GPU/0-f01000 NET/0-0
spark1:1:1 [0] NCCL INFO  3 : NET/0-1 GPU/0-f01000 NET/0-0
spark1:1:1 [0] NCCL INFO  4 : NET/0-0 GPU/0-f01000 NET/0-0
spark1:1:1 [0] NCCL INFO  5 : NET/0-1 GPU/0-f01000 NET/0-0
spark1:1:1 [0] NCCL INFO  6 : NET/0-0 GPU/0-f01000 NET/0-0
spark1:1:1 [0] NCCL INFO  7 : NET/0-1 GPU/0-f01000 NET/0-0
spark1:1:1 [0] NCCL INFO  8 : NET/0-0 GPU/0-f01000 NET/0-0
spark1:1:1 [0] NCCL INFO  9 : NET/0-1 GPU/0-f01000 NET/0-0
spark1:1:1 [0] NCCL INFO 10 : NET/0-0 GPU/0-f01000 NET/0-0
spark1:1:1 [0] NCCL INFO 11 : NET/0-1 GPU/0-f01000 NET/0-0
spark1:1:1 [0] NCCL INFO 12 : NET/0-0 GPU/0-f01000 NET/0-0
spark1:1:1 [0] NCCL INFO 13 : NET/0-1 GPU/0-f01000 NET/0-0
spark1:1:1 [0] NCCL INFO 14 : NET/0-0 GPU/0-f01000 NET/0-0
spark1:1:1 [0] NCCL INFO 15 : NET/0-1 GPU/0-f01000 NET/0-0
spark1:1:1 [0] NCCL INFO 16 : NET/0-0 GPU/0-f01000 NET/0-0
spark1:1:1 [0] NCCL INFO 17 : NET/0-1 GPU/0-f01000 NET/0-0
spark1:1:1 [0] NCCL INFO 18 : NET/0-0 GPU/0-f01000 NET/0-0
spark1:1:1 [0] NCCL INFO 19 : NET/0-1 GPU/0-f01000 NET/0-0
spark1:1:1 [0] NCCL INFO 20 : NET/0-0 GPU/0-f01000 NET/0-0
spark1:1:1 [0] NCCL INFO 21 : NET/0-1 GPU/0-f01000 NET/0-0
spark1:1:1 [0] NCCL INFO 22 : NET/0-0 GPU/0-f01000 NET/0-0
spark1:1:1 [0] NCCL INFO 23 : NET/0-1 GPU/0-f01000 NET/0-0
spark1:1:1 [0] NCCL INFO 24 : NET/0-0 GPU/0-f01000 NET/0-0
spark1:1:1 [0] NCCL INFO 25 : NET/0-1 GPU/0-f01000 NET/0-0
spark1:1:1 [0] NCCL INFO 26 : NET/0-0 GPU/0-f01000 NET/0-0
spark1:1:1 [0] NCCL INFO 27 : NET/0-1 GPU/0-f01000 NET/0-0
spark1:1:1 [0] NCCL INFO 28 : NET/0-0 GPU/0-f01000 NET/0-0
spark1:1:1 [0] NCCL INFO 29 : NET/0-1 GPU/0-f01000 NET/0-0
spark1:1:1 [0] NCCL INFO 30 : NET/0-0 GPU/0-f01000 NET/0-0
spark1:1:1 [0] NCCL INFO 31 : NET/0-1 GPU/0-f01000 NET/0-0
spark1:1:1 [0] NCCL INFO Pattern 3, crossNic 0, nChannels 32, bw 0.240000/0.120000, type LOC/P2C, sameChannels 1
spark1:1:1 [0] NCCL INFO  0 : NET/0-0 GPU/0-f01000 NET/0-0
spark1:1:1 [0] NCCL INFO  1 : NET/0-1 GPU/0-f01000 NET/0-1
spark1:1:1 [0] NCCL INFO  2 : NET/0-0 GPU/0-f01000 NET/0-0
spark1:1:1 [0] NCCL INFO  3 : NET/0-1 GPU/0-f01000 NET/0-1
spark1:1:1 [0] NCCL INFO  4 : NET/0-0 GPU/0-f01000 NET/0-0
spark1:1:1 [0] NCCL INFO  5 : NET/0-1 GPU/0-f01000 NET/0-1
spark1:1:1 [0] NCCL INFO  6 : NET/0-0 GPU/0-f01000 NET/0-0
spark1:1:1 [0] NCCL INFO  7 : NET/0-1 GPU/0-f01000 NET/0-1
spark1:1:1 [0] NCCL INFO  8 : NET/0-0 GPU/0-f01000 NET/0-0
spark1:1:1 [0] NCCL INFO  9 : NET/0-1 GPU/0-f01000 NET/0-1
spark1:1:1 [0] NCCL INFO 10 : NET/0-0 GPU/0-f01000 NET/0-0
spark1:1:1 [0] NCCL INFO 11 : NET/0-1 GPU/0-f01000 NET/0-1
spark1:1:1 [0] NCCL INFO 12 : NET/0-0 GPU/0-f01000 NET/0-0
spark1:1:1 [0] NCCL INFO 13 : NET/0-1 GPU/0-f01000 NET/0-1
spark1:1:1 [0] NCCL INFO 14 : NET/0-0 GPU/0-f01000 NET/0-0
spark1:1:1 [0] NCCL INFO 15 : NET/0-1 GPU/0-f01000 NET/0-1
spark1:1:1 [0] NCCL INFO 16 : NET/0-0 GPU/0-f01000 NET/0-0
spark1:1:1 [0] NCCL INFO 17 : NET/0-1 GPU/0-f01000 NET/0-1
spark1:1:1 [0] NCCL INFO 18 : NET/0-0 GPU/0-f01000 NET/0-0
spark1:1:1 [0] NCCL INFO 19 : NET/0-1 GPU/0-f01000 NET/0-1
spark1:1:1 [0] NCCL INFO 20 : NET/0-0 GPU/0-f01000 NET/0-0
spark1:1:1 [0] NCCL INFO 21 : NET/0-1 GPU/0-f01000 NET/0-1
spark1:1:1 [0] NCCL INFO 22 : NET/0-0 GPU/0-f01000 NET/0-0
spark1:1:1 [0] NCCL INFO 23 : NET/0-1 GPU/0-f01000 NET/0-1
spark1:1:1 [0] NCCL INFO 24 : NET/0-0 GPU/0-f01000 NET/0-0
spark1:1:1 [0] NCCL INFO 25 : NET/0-1 GPU/0-f01000 NET/0-1
spark1:1:1 [0] NCCL INFO 26 : NET/0-0 GPU/0-f01000 NET/0-0
spark1:1:1 [0] NCCL INFO 27 : NET/0-1 GPU/0-f01000 NET/0-1
spark1:1:1 [0] NCCL INFO 28 : NET/0-0 GPU/0-f01000 NET/0-0
spark1:1:1 [0] NCCL INFO 29 : NET/0-1 GPU/0-f01000 NET/0-1
spark1:1:1 [0] NCCL INFO 30 : NET/0-0 GPU/0-f01000 NET/0-0
spark1:1:1 [0] NCCL INFO 31 : NET/0-1 GPU/0-f01000 NET/0-1
spark1:1:1 [0] NCCL INFO Rank 0: 2 Net devices
spark1:1:1 [0] NCCL INFO Rank 0: 0 CollNet devices
spark1:1:1 [0] NCCL INFO Local Net device counts across ranks: min 2 max 2
spark1:1:1 [0] NCCL INFO Local CollNet device counts across ranks: min 0 max 0
spark1:1:1 [0] NCCL INFO comm 0xeb92f10 rank 0 nRanks 2 nNodes 2 localRanks 1 localRank 0 MNNVL 0
spark1:1:1 [0] NCCL INFO Tree 0 : -1 -> 0 -> 1/-1/-1
spark1:1:1 [0] NCCL INFO Tree 32 : 1 -> 0 -> -1/-1/-1
spark1:1:1 [0] NCCL INFO Tree 1 : -1 -> 0 -> 1/-1/-1
spark1:1:1 [0] NCCL INFO Tree 33 : 1 -> 0 -> -1/-1/-1
spark1:1:1 [0] NCCL INFO Tree 2 : -1 -> 0 -> 1/-1/-1
spark1:1:1 [0] NCCL INFO Tree 34 : 1 -> 0 -> -1/-1/-1
spark1:1:1 [0] NCCL INFO Tree 3 : -1 -> 0 -> 1/-1/-1
spark1:1:1 [0] NCCL INFO Tree 35 : 1 -> 0 -> -1/-1/-1
spark1:1:1 [0] NCCL INFO Tree 4 : -1 -> 0 -> 1/-1/-1
spark1:1:1 [0] NCCL INFO Tree 36 : 1 -> 0 -> -1/-1/-1
spark1:1:1 [0] NCCL INFO Tree 5 : -1 -> 0 -> 1/-1/-1
spark1:1:1 [0] NCCL INFO Tree 37 : 1 -> 0 -> -1/-1/-1
spark1:1:1 [0] NCCL INFO Tree 6 : -1 -> 0 -> 1/-1/-1
spark1:1:1 [0] NCCL INFO Tree 38 : 1 -> 0 -> -1/-1/-1
spark1:1:1 [0] NCCL INFO Tree 7 : -1 -> 0 -> 1/-1/-1
spark1:1:1 [0] NCCL INFO Tree 39 : 1 -> 0 -> -1/-1/-1
spark1:1:1 [0] NCCL INFO Tree 8 : -1 -> 0 -> 1/-1/-1
spark1:1:1 [0] NCCL INFO Tree 40 : 1 -> 0 -> -1/-1/-1
spark1:1:1 [0] NCCL INFO Tree 9 : -1 -> 0 -> 1/-1/-1
spark1:1:1 [0] NCCL INFO Tree 41 : 1 -> 0 -> -1/-1/-1
spark1:1:1 [0] NCCL INFO Tree 10 : -1 -> 0 -> 1/-1/-1
spark1:1:1 [0] NCCL INFO Tree 42 : 1 -> 0 -> -1/-1/-1
spark1:1:1 [0] NCCL INFO Tree 11 : -1 -> 0 -> 1/-1/-1
spark1:1:1 [0] NCCL INFO Tree 43 : 1 -> 0 -> -1/-1/-1
spark1:1:1 [0] NCCL INFO Tree 12 : -1 -> 0 -> 1/-1/-1
spark1:1:1 [0] NCCL INFO Tree 44 : 1 -> 0 -> -1/-1/-1
spark1:1:1 [0] NCCL INFO Tree 13 : -1 -> 0 -> 1/-1/-1
spark1:1:1 [0] NCCL INFO Tree 45 : 1 -> 0 -> -1/-1/-1
spark1:1:1 [0] NCCL INFO Tree 14 : -1 -> 0 -> 1/-1/-1
spark1:1:1 [0] NCCL INFO Tree 46 : 1 -> 0 -> -1/-1/-1
spark1:1:1 [0] NCCL INFO Tree 15 : -1 -> 0 -> 1/-1/-1
spark1:1:1 [0] NCCL INFO Tree 47 : 1 -> 0 -> -1/-1/-1
spark1:1:1 [0] NCCL INFO Tree 16 : -1 -> 0 -> 1/-1/-1
spark1:1:1 [0] NCCL INFO Tree 48 : 1 -> 0 -> -1/-1/-1
spark1:1:1 [0] NCCL INFO Tree 17 : -1 -> 0 -> 1/-1/-1
spark1:1:1 [0] NCCL INFO Tree 49 : 1 -> 0 -> -1/-1/-1
spark1:1:1 [0] NCCL INFO Tree 18 : -1 -> 0 -> 1/-1/-1
spark1:1:1 [0] NCCL INFO Tree 50 : 1 -> 0 -> -1/-1/-1
spark1:1:1 [0] NCCL INFO Tree 19 : -1 -> 0 -> 1/-1/-1
spark1:1:1 [0] NCCL INFO Tree 51 : 1 -> 0 -> -1/-1/-1
spark1:1:1 [0] NCCL INFO Tree 20 : -1 -> 0 -> 1/-1/-1
spark1:1:1 [0] NCCL INFO Tree 52 : 1 -> 0 -> -1/-1/-1
spark1:1:1 [0] NCCL INFO Tree 21 : -1 -> 0 -> 1/-1/-1
spark1:1:1 [0] NCCL INFO Tree 53 : 1 -> 0 -> -1/-1/-1
spark1:1:1 [0] NCCL INFO Tree 22 : -1 -> 0 -> 1/-1/-1
spark1:1:1 [0] NCCL INFO Tree 54 : 1 -> 0 -> -1/-1/-1
spark1:1:1 [0] NCCL INFO Tree 23 : -1 -> 0 -> 1/-1/-1
spark1:1:1 [0] NCCL INFO Tree 55 : 1 -> 0 -> -1/-1/-1
spark1:1:1 [0] NCCL INFO Tree 24 : -1 -> 0 -> 1/-1/-1
spark1:1:1 [0] NCCL INFO Tree 56 : 1 -> 0 -> -1/-1/-1
spark1:1:1 [0] NCCL INFO Tree 25 : -1 -> 0 -> 1/-1/-1
spark1:1:1 [0] NCCL INFO Tree 57 : 1 -> 0 -> -1/-1/-1
spark1:1:1 [0] NCCL INFO Tree 26 : -1 -> 0 -> 1/-1/-1
spark1:1:1 [0] NCCL INFO Tree 58 : 1 -> 0 -> -1/-1/-1
spark1:1:1 [0] NCCL INFO Tree 27 : -1 -> 0 -> 1/-1/-1
spark1:1:1 [0] NCCL INFO Tree 59 : 1 -> 0 -> -1/-1/-1
spark1:1:1 [0] NCCL INFO Tree 28 : -1 -> 0 -> 1/-1/-1
spark1:1:1 [0] NCCL INFO Tree 60 : 1 -> 0 -> -1/-1/-1
spark1:1:1 [0] NCCL INFO Tree 29 : -1 -> 0 -> 1/-1/-1
spark1:1:1 [0] NCCL INFO Tree 61 : 1 -> 0 -> -1/-1/-1
spark1:1:1 [0] NCCL INFO Tree 30 : -1 -> 0 -> 1/-1/-1
spark1:1:1 [0] NCCL INFO Tree 62 : 1 -> 0 -> -1/-1/-1
spark1:1:1 [0] NCCL INFO Tree 31 : -1 -> 0 -> 1/-1/-1
spark1:1:1 [0] NCCL INFO Tree 63 : 1 -> 0 -> -1/-1/-1
spark1:1:1 [0] NCCL INFO Channel 00/08 : 0 1
spark1:1:1 [0] NCCL INFO Channel 01/08 : 0 1
spark1:1:1 [0] NCCL INFO Channel 02/08 : 0 1
spark1:1:1 [0] NCCL INFO Channel 03/08 : 0 1
spark1:1:1 [0] NCCL INFO Channel 04/08 : 0 1
spark1:1:1 [0] NCCL INFO Channel 05/08 : 0 1
spark1:1:1 [0] NCCL INFO Channel 06/08 : 0 1
spark1:1:1 [0] NCCL INFO Channel 07/08 : 0 1
spark1:1:1 [0] NCCL INFO Ring 00 : 1 -> 0 -> 1
spark1:1:1 [0] NCCL INFO Ring 01 : 1 -> 0 -> 1
spark1:1:1 [0] NCCL INFO Ring 02 : 1 -> 0 -> 1
spark1:1:1 [0] NCCL INFO Ring 03 : 1 -> 0 -> 1
spark1:1:1 [0] NCCL INFO Ring 04 : 1 -> 0 -> 1
spark1:1:1 [0] NCCL INFO Ring 05 : 1 -> 0 -> 1
spark1:1:1 [0] NCCL INFO Ring 06 : 1 -> 0 -> 1
spark1:1:1 [0] NCCL INFO Ring 07 : 1 -> 0 -> 1
spark1:1:1 [0] NCCL INFO Trees [0] 1/-1/-1->0->-1 [1] 1/-1/-1->0->-1 [2] 1/-1/-1->0->-1 [3] 1/-1/-1->0->-1 [4] 1/-1/-1->0->-1 [5] 1/-1/-1->0->-1 [6] 1/-1/-1->0->-1 [7] 1/-1/-1->0->-1
spark1:1:1 [0] NCCL INFO P2P Chunksize set to 131072
spark1:1:1 [0] NCCL INFO Tuning P2P operations with maxP2pPeers = 2
spark1:1:1 [0] NCCL INFO ncclOsDlopen(libnccl-profiler.so) failed: libnccl-profiler.so: cannot open shared object file: No such file or directory
spark1:1:1 [0] NCCL INFO PROFILER/Plugin: Could not find: libnccl-profiler.so
spark1:1:1 [0] NCCL INFO Check P2P Type isAllDirectP2p 1 directMode 0 isAllCudaP2p 1
spark1:1:1 [0] NCCL INFO ncclP2pSchedule: group size used is 1
spark1:1:83 [0] NCCL INFO [Proxy Service] Device 0 CPU core 13
spark1:1:83 [0] NCCL INFO proxy listening socket at 10.100.8.1<49043>
spark1:1:84 [0] NCCL INFO [Proxy Service UDS] Device 0 CPU core 1
spark1:1:85 [0] NCCL INFO [Proxy Progress] Device 0 CPU core 13
spark1:1:1 [0] NCCL INFO Channel 00/0 : 1[0] -> 0[0] [receive] via NET/IB/0
spark1:1:1 [0] NCCL INFO Channel 01/0 : 1[0] -> 0[0] [receive] via NET/IB/1
spark1:1:1 [0] NCCL INFO Channel 02/0 : 1[0] -> 0[0] [receive] via NET/IB/0
spark1:1:1 [0] NCCL INFO Channel 03/0 : 1[0] -> 0[0] [receive] via NET/IB/1
spark1:1:1 [0] NCCL INFO Channel 04/0 : 1[0] -> 0[0] [receive] via NET/IB/0
spark1:1:1 [0] NCCL INFO Channel 05/0 : 1[0] -> 0[0] [receive] via NET/IB/1
spark1:1:1 [0] NCCL INFO Channel 06/0 : 1[0] -> 0[0] [receive] via NET/IB/0
spark1:1:1 [0] NCCL INFO Channel 07/0 : 1[0] -> 0[0] [receive] via NET/IB/1
spark1:1:1 [0] NCCL INFO Channel 00/0 : 0[0] -> 1[0] [send] via NET/IB/0
spark1:1:1 [0] NCCL INFO Channel 01/0 : 0[0] -> 1[0] [send] via NET/IB/1
spark1:1:1 [0] NCCL INFO Channel 02/0 : 0[0] -> 1[0] [send] via NET/IB/0
spark1:1:1 [0] NCCL INFO Channel 03/0 : 0[0] -> 1[0] [send] via NET/IB/1
spark1:1:1 [0] NCCL INFO Channel 04/0 : 0[0] -> 1[0] [send] via NET/IB/0
spark1:1:1 [0] NCCL INFO Channel 05/0 : 0[0] -> 1[0] [send] via NET/IB/1
spark1:1:1 [0] NCCL INFO Channel 06/0 : 0[0] -> 1[0] [send] via NET/IB/0
spark1:1:1 [0] NCCL INFO Channel 07/0 : 0[0] -> 1[0] [send] via NET/IB/1
spark1:1:83 [0] NCCL INFO NET/IB: ncclIbResiliencyInit: Resiliency is disabled on the send communicator (comm=0xf34534014000)
spark1:1:83 [0] NCCL INFO NET/IB: ncclIbResiliencyInit: Resiliency is disabled on the recv communicator (comm=0xf34534058000)
spark1:1:83 [0] NCCL INFO NET/IB: ncclIbRecvCommInit: Receive work requests will be posted on-demand
spark1:1:83 [0] NCCL INFO NET/IB: ncclIbResiliencyInit: Resiliency is disabled on the send communicator (comm=0xf345340a0000)
spark1:1:83 [0] NCCL INFO NET/IB: ncclIbSenderQpsCreate: QP created: port=1 dev=0 devName=rocep1s0f1 ndevs=2 nmdevs=2 qp_num=11072 pkey=0 pd=0xf34534013f20 oooRq=0
spark1:1:83 [0] NCCL INFO NET/IB: ncclIbConnectImpl: NCCL Dev 0 IbDev 0 Port 1 qp_num 11072 mtu 3 GID 3 (0/108640AFFFF0000) ctsFifoRkey=0x1a7073 ctsFifoLkey=0x1a7073
spark1:1:83 [0] NCCL INFO NET/IB: ncclIbConnectImpl: IbDev 0 Port 1 qp_num 11072 query_ece={supported=1, vendor_id=0x15b3, options=0x30000002, comp_mask=0x0}
spark1:1:83 [0] NCCL INFO NET/IB: ncclIbResiliencyInit: Resiliency is disabled on the recv communicator (comm=0xf34534120000)
spark1:1:83 [0] NCCL INFO NET/IB: ncclIbRecvCommInit: Receive work requests will be posted on-demand
spark1:1:83 [0] NCCL INFO NET/IB: ncclIbResiliencyInit: Resiliency is disabled on the send communicator (comm=0xf34534168000)
spark1:1:83 [0] NCCL INFO NET/IB: ncclIbResiliencyInit: Resiliency is disabled on the recv communicator (comm=0xf345341ac000)
spark1:1:83 [0] NCCL INFO NET/IB: ncclIbRecvCommInit: Receive work requests will be posted on-demand
spark1:1:83 [0] NCCL INFO NET/IB: ncclIbReceiverQpsCreateToRts: QP created: port=1 dev=0 devName=rocep1s0f1 ndevs=2 nmdevs=2 qp_num=11073 pkey=0 pd=0xf34534013f20 oooRq=0
spark1:1:83 [0] NCCL INFO NET/IB: ncclIbReceiverQpsCreateToRts: Flush QP created: port=1 dev=0 devName=rocep1s0f1 ndevs=2 nmdevs=2 qp_num=11074 pkey=0 pd=0xf34534013f20
spark1:1:83 [0] NCCL INFO NET/IB: ncclIbResiliencyInit: Resiliency is disabled on the send communicator (comm=0xf34534244000)
spark1:1:83 [0] NCCL INFO NET/IB: ncclIbSenderQpsToRts: Set ECE: IbDev 0 Port 1 qp_num 11072 set_ece={supported=1, vendor_id=0x15b3, options=0x30000002, comp_mask=0x0}
spark1:1:83 [0] NCCL INFO NET/IB: ncclIbResiliencyInit: Resiliency is disabled on the recv communicator (comm=0xf34534288000)
spark1:1:83 [0] NCCL INFO NET/IB: ncclIbRecvCommInit: Receive work requests will be posted on-demand
spark1:1:83 [0] NCCL INFO NET/IB: ncclIbReceiverQpsCreateToRts: QP created: port=1 dev=1 devName=roceP2p1s0f1 ndevs=2 nmdevs=2 qp_num=824 pkey=0 pd=0xf3453420ced0 oooRq=0
spark1:1:83 [0] NCCL INFO NET/IB: ncclIbReceiverQpsCreateToRts: Flush QP created: port=1 dev=1 devName=roceP2p1s0f1 ndevs=2 nmdevs=2 qp_num=825 pkey=0 pd=0xf3453420ced0
spark1:1:83 [0] NCCL INFO NET/IB: ncclIbSenderQpsCreate: QP created: port=1 dev=0 devName=rocep1s0f1 ndevs=2 nmdevs=2 qp_num=11075 pkey=0 pd=0xf34534013f20 oooRq=0
spark1:1:83 [0] NCCL INFO NET/IB: ncclIbConnectImpl: NCCL Dev 0 IbDev 0 Port 1 qp_num 11075 mtu 3 GID 3 (0/108640AFFFF0000) ctsFifoRkey=0x205ccf ctsFifoLkey=0x205ccf
spark1:1:83 [0] NCCL INFO NET/IB: ncclIbConnectImpl: IbDev 0 Port 1 qp_num 11075 query_ece={supported=1, vendor_id=0x15b3, options=0x30000002, comp_mask=0x0}
spark1:1:83 [0] NCCL INFO NET/IB: ncclIbSenderQpsCreate: QP created: port=1 dev=1 devName=roceP2p1s0f1 ndevs=2 nmdevs=2 qp_num=826 pkey=0 pd=0xf3453420ced0 oooRq=0
spark1:1:83 [0] NCCL INFO NET/IB: ncclIbConnectImpl: NCCL Dev 1 IbDev 1 Port 1 qp_num 826 mtu 3 GID 3 (0/109640AFFFF0000) ctsFifoRkey=0x1de3e2 ctsFifoLkey=0x1de3e2
spark1:1:83 [0] NCCL INFO NET/IB: ncclIbConnectImpl: IbDev 1 Port 1 qp_num 826 query_ece={supported=1, vendor_id=0x15b3, options=0x30000002, comp_mask=0x0}
spark1:1:83 [0] NCCL INFO NET/IB: ncclIbResiliencyInit: Resiliency is disabled on the send communicator (comm=0xf3453438c000)
spark1:1:83 [0] NCCL INFO NET/IB: ncclIbSenderQpsCreate: QP created: port=1 dev=1 devName=roceP2p1s0f1 ndevs=2 nmdevs=2 qp_num=827 pkey=0 pd=0xf3453420ced0 oooRq=0
spark1:1:83 [0] NCCL INFO NET/IB: ncclIbConnectImpl: NCCL Dev 1 IbDev 1 Port 1 qp_num 827 mtu 3 GID 3 (0/109640AFFFF0000) ctsFifoRkey=0x1cf0f1 ctsFifoLkey=0x1cf0f1
spark1:1:83 [0] NCCL INFO NET/IB: ncclIbConnectImpl: IbDev 1 Port 1 qp_num 827 query_ece={supported=1, vendor_id=0x15b3, options=0x30000002, comp_mask=0x0}
spark1:1:83 [0] NCCL INFO NET/IB: ncclIbReceiverQpsCreateToRts: QP created: port=1 dev=0 devName=rocep1s0f1 ndevs=2 nmdevs=2 qp_num=11076 pkey=0 pd=0xf34534013f20 oooRq=0
spark1:1:83 [0] NCCL INFO NET/IB: ncclIbReceiverQpsCreateToRts: Flush QP created: port=1 dev=0 devName=rocep1s0f1 ndevs=2 nmdevs=2 qp_num=11077 pkey=0 pd=0xf34534013f20
spark1:1:83 [0] NCCL INFO NET/IB: ncclIbResiliencyInit: Resiliency is disabled on the recv communicator (comm=0xf3453444c000)
spark1:1:83 [0] NCCL INFO NET/IB: ncclIbRecvCommInit: Receive work requests will be posted on-demand
spark1:1:83 [0] NCCL INFO NET/IB: ncclIbSenderQpsToRts: Set ECE: IbDev 0 Port 1 qp_num 11075 set_ece={supported=1, vendor_id=0x15b3, options=0x30000002, comp_mask=0x0}
spark1:1:83 [0] NCCL INFO NET/IB: ncclIbReceiverQpsCreateToRts: QP created: port=1 dev=1 devName=roceP2p1s0f1 ndevs=2 nmdevs=2 qp_num=828 pkey=0 pd=0xf3453420ced0 oooRq=0
spark1:1:83 [0] NCCL INFO NET/IB: ncclIbReceiverQpsCreateToRts: Flush QP created: port=1 dev=1 devName=roceP2p1s0f1 ndevs=2 nmdevs=2 qp_num=829 pkey=0 pd=0xf3453420ced0
spark1:1:83 [0] NCCL INFO NET/IB: ncclIbResiliencyInit: Resiliency is disabled on the send communicator (comm=0xf345344e1000)
spark1:1:83 [0] NCCL INFO NET/IB: ncclIbResiliencyInit: Resiliency is disabled on the recv communicator (comm=0xf34534525000)
spark1:1:83 [0] NCCL INFO NET/IB: ncclIbRecvCommInit: Receive work requests will be posted on-demand
spark1:1:83 [0] NCCL INFO NET/IB: ncclIbResiliencyInit: Resiliency is disabled on the send communicator (comm=0xf3453456d000)
spark1:1:83 [0] NCCL INFO NET/IB: ncclIbSenderQpsToRts: Set ECE: IbDev 1 Port 1 qp_num 826 set_ece={supported=1, vendor_id=0x15b3, options=0x30000002, comp_mask=0x0}
spark1:1:83 [0] NCCL INFO NET/IB: ncclIbSenderQpsCreate: QP created: port=1 dev=0 devName=rocep1s0f1 ndevs=2 nmdevs=2 qp_num=11078 pkey=0 pd=0xf34534013f20 oooRq=0
spark1:1:83 [0] NCCL INFO NET/IB: ncclIbConnectImpl: NCCL Dev 0 IbDev 0 Port 1 qp_num 11078 mtu 3 GID 3 (0/108640AFFFF0000) ctsFifoRkey=0x1b5e5b ctsFifoLkey=0x1b5e5b
spark1:1:83 [0] NCCL INFO NET/IB: ncclIbConnectImpl: IbDev 0 Port 1 qp_num 11078 query_ece={supported=1, vendor_id=0x15b3, options=0x30000002, comp_mask=0x0}
spark1:1:83 [0] NCCL INFO NET/IB: ncclIbReceiverQpsCreateToRts: QP created: port=1 dev=0 devName=rocep1s0f1 ndevs=2 nmdevs=2 qp_num=11079 pkey=0 pd=0xf34534013f20 oooRq=0
spark1:1:83 [0] NCCL INFO NET/IB: ncclIbReceiverQpsCreateToRts: Flush QP created: port=1 dev=0 devName=rocep1s0f1 ndevs=2 nmdevs=2 qp_num=11080 pkey=0 pd=0xf34534013f20
spark1:1:83 [0] NCCL INFO NET/IB: ncclIbSenderQpsCreate: QP created: port=1 dev=1 devName=roceP2p1s0f1 ndevs=2 nmdevs=2 qp_num=830 pkey=0 pd=0xf3453420ced0 oooRq=0
spark1:1:83 [0] NCCL INFO NET/IB: ncclIbConnectImpl: NCCL Dev 1 IbDev 1 Port 1 qp_num 830 mtu 3 GID 3 (0/109640AFFFF0000) ctsFifoRkey=0x1d5859 ctsFifoLkey=0x1d5859
spark1:1:83 [0] NCCL INFO NET/IB: ncclIbConnectImpl: IbDev 1 Port 1 qp_num 830 query_ece={supported=1, vendor_id=0x15b3, options=0x30000002, comp_mask=0x0}
spark1:1:83 [0] NCCL INFO NET/IB: ncclIbReceiverQpsCreateToRts: QP created: port=1 dev=1 devName=roceP2p1s0f1 ndevs=2 nmdevs=2 qp_num=831 pkey=0 pd=0xf3453420ced0 oooRq=0
spark1:1:83 [0] NCCL INFO NET/IB: ncclIbReceiverQpsCreateToRts: Flush QP created: port=1 dev=1 devName=roceP2p1s0f1 ndevs=2 nmdevs=2 qp_num=832 pkey=0 pd=0xf3453420ced0
spark1:1:83 [0] NCCL INFO NET/IB: ncclIbResiliencyInit: Resiliency is disabled on the recv communicator (comm=0xf345346b2000)
spark1:1:83 [0] NCCL INFO NET/IB: ncclIbRecvCommInit: Receive work requests will be posted on-demand
spark1:1:83 [0] NCCL INFO NET/IB: ncclIbSenderQpsToRts: Set ECE: IbDev 1 Port 1 qp_num 827 set_ece={supported=1, vendor_id=0x15b3, options=0x30000002, comp_mask=0x0}
spark1:1:83 [0] NCCL INFO NET/IB: ncclIbResiliencyInit: Resiliency is disabled on the send communicator (comm=0xf345346fa000)
spark1:1:83 [0] NCCL INFO NET/IB: ncclIbResiliencyInit: Resiliency is disabled on the recv communicator (comm=0xf3453473b000)
spark1:1:83 [0] NCCL INFO NET/IB: ncclIbRecvCommInit: Receive work requests will be posted on-demand
spark1:1:83 [0] NCCL INFO NET/IB: ncclIbSenderQpsToRts: Set ECE: IbDev 0 Port 1 qp_num 11078 set_ece={supported=1, vendor_id=0x15b3, options=0x30000002, comp_mask=0x0}
spark1:1:83 [0] NCCL INFO NET/IB: ncclIbSenderQpsToRts: Set ECE: IbDev 1 Port 1 qp_num 830 set_ece={supported=1, vendor_id=0x15b3, options=0x30000002, comp_mask=0x0}
spark1:1:83 [0] NCCL INFO NET/IB: ncclIbReceiverQpsCreateToRts: QP created: port=1 dev=0 devName=rocep1s0f1 ndevs=2 nmdevs=2 qp_num=11081 pkey=0 pd=0xf34534013f20 oooRq=0
spark1:1:83 [0] NCCL INFO NET/IB: ncclIbReceiverQpsCreateToRts: Flush QP created: port=1 dev=0 devName=rocep1s0f1 ndevs=2 nmdevs=2 qp_num=11082 pkey=0 pd=0xf34534013f20
spark1:1:83 [0] NCCL INFO NET/IB: ncclIbSenderQpsCreate: QP created: port=1 dev=1 devName=roceP2p1s0f1 ndevs=2 nmdevs=2 qp_num=833 pkey=0 pd=0xf3453420ced0 oooRq=0
spark1:1:83 [0] NCCL INFO NET/IB: ncclIbConnectImpl: NCCL Dev 1 IbDev 1 Port 1 qp_num 833 mtu 3 GID 3 (0/109640AFFFF0000) ctsFifoRkey=0x1d1d1c ctsFifoLkey=0x1d1d1c
spark1:1:83 [0] NCCL INFO NET/IB: ncclIbConnectImpl: IbDev 1 Port 1 qp_num 833 query_ece={supported=1, vendor_id=0x15b3, options=0x30000002, comp_mask=0x0}
spark1:1:83 [0] NCCL INFO NET/IB: ncclIbSenderQpsCreate: QP created: port=1 dev=0 devName=rocep1s0f1 ndevs=2 nmdevs=2 qp_num=11083 pkey=0 pd=0xf34534013f20 oooRq=0
spark1:1:83 [0] NCCL INFO NET/IB: ncclIbConnectImpl: NCCL Dev 0 IbDev 0 Port 1 qp_num 11083 mtu 3 GID 3 (0/108640AFFFF0000) ctsFifoRkey=0x19635f ctsFifoLkey=0x19635f
spark1:1:83 [0] NCCL INFO NET/IB: ncclIbConnectImpl: IbDev 0 Port 1 qp_num 11083 query_ece={supported=1, vendor_id=0x15b3, options=0x30000002, comp_mask=0x0}
spark1:1:83 [0] NCCL INFO NET/IB: ncclIbReceiverQpsCreateToRts: QP created: port=1 dev=1 devName=roceP2p1s0f1 nde/usr/local/lib/python3.12/dist-packages/torch/distributed/c10d_logger.py:83: UserWarning: barrier(): using the device under current context. You can specify `device_id` in `init_process_group` to mute this warning.
  return func(*args, **kwargs)
           8       12.9 us     0.00 GB/s
          16       16.3 us     0.00 GB/s
          32       16.5 us     0.00 GB/s
          64       16.8 us     0.00 GB/s
         128       17.3 us     0.01 GB/s
         256       14.5 us     0.02 GB/s
         512       14.8 us     0.03 GB/s
        1024       15.1 us     0.07 GB/s
        2048       16.0 us     0.13 GB/s
        4096       18.0 us     0.23 GB/s
        8192       20.0 us     0.41 GB/s
       16384       24.6 us     0.67 GB/s
       32768       32.0 us     1.02 GB/s
       65536       62.9 us     1.04 GB/s
      131072       73.0 us     1.80 GB/s
      262144       72.2 us     3.63 GB/s
      524288       50.6 us    10.37 GB/s
     1048576       72.1 us    14.54 GB/s
     2097152      151.3 us    13.86 GB/s
     4194304      221.2 us    18.96 GB/s
     8388608      421.8 us    19.89 GB/s
    16777216      787.9 us    21.29 GB/s
    33554432     1554.9 us    21.58 GB/s
    67108864     3013.4 us    22.27 GB/s
   134217728     5976.8 us    22.46 GB/s
   268435456    11876.6 us    22.60 GB/s
vs=2 nmdevs=2 qp_num=834 pkey=0 pd=0xf3453420ced0 oooRq=0
spark1:1:83 [0] NCCL INFO NET/IB: ncclIbReceiverQpsCreateToRts: Flush QP created: port=1 dev=1 devName=roceP2p1s0f1 ndevs=2 nmdevs=2 qp_num=835 pkey=0 pd=0xf3453420ced0
spark1:1:83 [0] NCCL INFO NET/IB: ncclIbSenderQpsToRts: Set ECE: IbDev 1 Port 1 qp_num 833 set_ece={supported=1, vendor_id=0x15b3, options=0x30000002, comp_mask=0x0}
spark1:1:83 [0] NCCL INFO NET/IB: ncclIbSenderQpsToRts: Set ECE: IbDev 0 Port 1 qp_num 11083 set_ece={supported=1, vendor_id=0x15b3, options=0x30000002, comp_mask=0x0}
spark1:1:1 [0] NCCL INFO Connected all rings, use ring PXN 0 GDR 0
spark1:1:1 [0] NCCL INFO Connected all trees
spark1:1:1 [0] NCCL INFO Connected binomial trees
spark1:1:1 [0] NCCL INFO ncclOsDlopen(libnccl-tuner.so) failed: libnccl-tuner.so: cannot open shared object file: No such file or directory
spark1:1:1 [0] NCCL INFO TUNER/Plugin: Could not find: libnccl-tuner.so
spark1:1:1 [0] NCCL INFO threadThresholds 8/8/64 | 16/8/64 | 512 | 512
spark1:1:1 [0] NCCL INFO 8 coll channels, 8 collnet channels, 0 nvls channels, 8 p2p channels, 2 p2p channels per peer
spark1:1:1 [0] NCCL INFO Symmetric memory is not supported. cuMemEnable 0, globalGinSupport 0, cuMemGdrSupport 0
spark1:1:1 [0] NCCL INFO CC Off, workFifoBytes 1048576
spark1:1:1 [0] NCCL INFO ncclCommInitRankConfig comm 0xeb92f10 rank 0 nranks 2 cudaDev 0 nvmlDev 0 busId f01000 commId 0xdedd7d636505bbe7 - Init COMPLETE
spark1:1:1 [0] NCCL INFO Init timings - ncclCommInitRankConfig: rank 0 nranks 2 total 0.40 (kernels 0.19, alloc 0.05, bootstrap 0.03, allgathers 0.00, topo 0.01, graphs 0.00, connections 0.12, rest 0.00)
