spark1:1:1 [0] NCCL INFO ncclOsDlopen(libnccl-env.so) failed: libnccl-env.so: cannot open shared object file: No such file or directory
spark1:1:1 [0] NCCL INFO ENV/Plugin: Could not find: libnccl-env.so
spark1:1:1 [0] NCCL INFO NCCL_SOCKET_IFNAME set to enp1s0f1np1
spark1:1:1 [0] NCCL INFO cudaDriverVersion 13000
spark1:1:1 [0] NCCL INFO NCCL version 2.30.7+cuda13.3
spark1:1:1 [0] NCCL INFO NCCL git version HEAD a5187fa2e
spark1:1:1 [0] NCCL INFO ncclOsDlopen(libnccl-net.so) failed: libnccl-net.so: cannot open shared object file: No such file or directory
spark1:1:1 [0] NCCL INFO NET/Plugin: Could not find: libnccl-net.so
spark1:1:1 [0] NCCL INFO dlvsym failed on mlx5dv_get_data_direct_sysfs_path - /lib/aarch64-linux-gnu/libmlx5.so: undefined symbol: mlx5dv_get_data_direct_sysfs_path, version MLX5_1.25 version MLX5_1.25
spark1:1:1 [0] NCCL INFO dlvsym failed on mlx5dv_reg_dmabuf_mr - /lib/aarch64-linux-gnu/libmlx5.so: undefined symbol: mlx5dv_reg_dmabuf_mr, version MLX5_1.25 version MLX5_1.25
spark1:1:1 [0] NCCL INFO NCCL_IB_HCA set to rocep1s0f1
spark1:1:1 [0] NCCL INFO NET/IB: [1] rocep1s0f1:uverbs1:1/RoCE provider=Mlx5 speed=200000 context=0x45803ba0 pciPath=/sys/devices/pci0000:00/0000:00:00.0/0000:01:00.0 ar=0 oooRqSize=0
spark1:1:1 [0] NCCL INFO NET/IB : Made virtual device [0] name=rocep1s0f1 speed=200000 ndevs=1 rail=-1 plane=-1
spark1:1:1 [0] NCCL INFO NET/IB : Using [0]rocep1s0f1:1/RoCE [RO]; OOB enp1s0f1np1:10.100.8.1<0>
spark1:1:1 [0] NCCL INFO Initialized NET plugin IB
spark1:1:1 [0] NCCL INFO Assigned NET plugin IB to comm
spark1:1:1 [0] NCCL INFO ncclOsDlopen(libnccl-rma.so) failed: libnccl-rma.so: cannot open shared object file: No such file or directory
spark1:1:1 [0] NCCL INFO RMA/Plugin: Could not find: libnccl-rma.so
spark1:1:1 [0] NCCL INFO RMA/Plugin: Failed to load external plugin libnccl-rma.so, dlHandle: (nil), ncclRma: (nil)
spark1:1:1 [0] NCCL INFO RMA/Plugin: Assigned plugin RMA_IB_PROXY to comm
spark1:1:1 [0] NCCL INFO ncclOsDlopen(libnccl-gin.so) failed: libnccl-gin.so: cannot open shared object file: No such file or directory
spark1:1:1 [0] NCCL INFO GIN/Plugin: Could not find: libnccl-gin.so
spark1:1:1 [0] NCCL INFO GIN/Plugin: Failed to load external plugin libnccl-gin.so, dlHandle: (nil), ncclGin: (nil)
spark1:1:1 [0] NCCL INFO GIN/Plugin: Assigned plugin GIN_IB_GDAKI type 3 to comm
spark1:1:1 [0] NCCL INFO Using network IB
spark1:1:1 [0] NCCL INFO Loaded NVML from libnvidia-ml.so.1
spark1:1:1 [0] NCCL INFO [Rank 0] ncclCommInitRankConfig comm 0x42d48330 rank 0 nranks 2 cudaDev 0 nvmlDev 0 busId f01000 commId 0xec3d47e9606e6fce - Init START
spark1:1:1 [0] NCCL INFO RAS client listening socket at 127.0.0.1<28028>
spark1:1:1 [0] NCCL INFO Topology detection: could not read /sys/devices/system/node/node4294967295/cpumap, using empty affinity
spark1:1:1 [0] NCCL INFO TOPO/NET : Importing network plugins to topology
spark1:1:1 [0] NCCL INFO NET/GIN_IB_GDAKI : GPU Direct RDMA Disabled for HCA 0 'rocep1s0f1'
spark1:1:1 [0] NCCL INFO ncclTopoPopulateNics : Filled rocep1s0f1 in topo with pciPath=/sys/devices/pci0000:00/0000:00:00.0/0000:01:00.0 net=0 gin=1 rma=(null) keep=1 coll=(null) rail=-1 plane=-1
spark1:1:1 [0] NCCL INFO NET/RMA_IB_PROXY : GPU Direct RDMA Disabled for HCA 0 'rocep1s0f1'
spark1:1:1 [0] NCCL INFO ncclTopoPopulateNics : Filled rocep1s0f1 in topo with pciPath=/sys/devices/pci0000:00/0000:00:00.0/0000:01:00.0 net=0 gin=1 rma=1 keep=1 coll=(null) rail=-1 plane=-1
spark1:1:1 [0] NCCL INFO NET/IB : GPU Direct RDMA Disabled for HCA 0 'rocep1s0f1'
spark1:1:1 [0] NCCL INFO ncclTopoPopulateNics : Filled rocep1s0f1 in topo with pciPath=/sys/devices/pci0000:00/0000:00:00.0/0000:01:00.0 net=1 gin=1 rma=1 keep=1 coll=(null) rail=-1 plane=-1
spark1:1:1 [0] NCCL INFO === System : maxBw 12.0 totalBw 0.2 ===
spark1:1:1 [0] NCCL INFO CPU/0-ffffffffffffff (3/-1/-1)
spark1:1:1 [0] NCCL INFO + C2C[345.0] - DEV/0-f01000
spark1:1:1 [0] NCCL INFO + PCI[12.0] - NIC/0-1000
spark1:1:1 [0] NCCL INFO               + NET[25.0] - NET/0-0 (0/72817e000347bb4c/1/25.000000)
spark1:1:1 [0] NCCL INFO               + NET[25.0] - GIN/0-0
spark1:1:1 [0] NCCL INFO               + NET[25.0] - RMA/0-0
spark1:1:1 [0] NCCL INFO + PCI[0.2] - DEV/0-f01000 (10de2e1210de0000)
spark1:1:1 [0] NCCL INFO              + LOC[5000.0] - GPU/0-f01000
spark1:1:1 [0] NCCL INFO              + C2C[345.0] - CPU/0-ffffffffffffff
spark1:1:1 [0] NCCL INFO ==========================================
spark1:1:1 [0] NCCL INFO GPU/0-f01000 :GPU/0-f01000 (0/5000.0/LOC) CPU/0-ffffffffffffff (2/345.0/C2C) NET/0-0 (4/12.0/P2C) GIN/0-0 (4/12.0/PHB) RMA/0-0 (4/12.0/PHB) DEV/0-f01000 (1/5000.0/LOC) 
spark1:1:1 [0] NCCL INFO NET/0-0 :GPU/0-f01000 (4/12.0/P2C) CPU/0-ffffffffffffff (2/12.0/PHB) NET/0-0 (0/5000.0/LOC) GIN/0-0 (2/25.0/LOC) RMA/0-0 (2/25.0/LOC) DEV/0-f01000 (3/12.0/PHB) 
spark1:1:1 [0] NCCL INFO GIN/0-0 :GPU/0-f01000 (4/12.0/PHB) CPU/0-ffffffffffffff (2/12.0/PHB) NET/0-0 (2/25.0/LOC) GIN/0-0 (0/5000.0/LOC) RMA/0-0 (2/25.0/LOC) DEV/0-f01000 (3/12.0/PHB) 
spark1:1:1 [0] NCCL INFO RMA/0-0 :GPU/0-f01000 (4/12.0/PHB) CPU/0-ffffffffffffff (2/12.0/PHB) NET/0-0 (2/25.0/LOC) GIN/0-0 (2/25.0/LOC) RMA/0-0 (0/5000.0/LOC) DEV/0-f01000 (3/12.0/PHB) 
spark1:1:1 [0] NCCL INFO ncclTopoGetCpuAffinity: Affinity for GPU 0 is empty, ignoring. (GPU affinity =  ; CPU affinity = 0-19).
spark1:1:1 [0] NCCL INFO Pattern 4, crossNic 0, nChannels 32, bw 0.240000/0.240000, type LOC/P2C, sameChannels 1
spark1:1:1 [0] NCCL INFO  0 : NET/0-0 GPU/0-f01000 NET/0-0
spark1:1:1 [0] NCCL INFO  1 : NET/0-0 GPU/0-f01000 NET/0-0
spark1:1:1 [0] NCCL INFO  2 : NET/0-0 GPU/0-f01000 NET/0-0
spark1:1:1 [0] NCCL INFO  3 : NET/0-0 GPU/0-f01000 NET/0-0
spark1:1:1 [0] NCCL INFO  4 : NET/0-0 GPU/0-f01000 NET/0-0
spark1:1:1 [0] NCCL INFO  5 : NET/0-0 GPU/0-f01000 NET/0-0
spark1:1:1 [0] NCCL INFO  6 : NET/0-0 GPU/0-f01000 NET/0-0
spark1:1:1 [0] NCCL INFO  7 : NET/0-0 GPU/0-f01000 NET/0-0
spark1:1:1 [0] NCCL INFO  8 : NET/0-0 GPU/0-f01000 NET/0-0
spark1:1:1 [0] NCCL INFO  9 : NET/0-0 GPU/0-f01000 NET/0-0
spark1:1:1 [0] NCCL INFO 10 : NET/0-0 GPU/0-f01000 NET/0-0
spark1:1:1 [0] NCCL INFO 11 : NET/0-0 GPU/0-f01000 NET/0-0
spark1:1:1 [0] NCCL INFO 12 : NET/0-0 GPU/0-f01000 NET/0-0
spark1:1:1 [0] NCCL INFO 13 : NET/0-0 GPU/0-f01000 NET/0-0
spark1:1:1 [0] NCCL INFO 14 : NET/0-0 GPU/0-f01000 NET/0-0
spark1:1:1 [0] NCCL INFO 15 : NET/0-0 GPU/0-f01000 NET/0-0
spark1:1:1 [0] NCCL INFO 16 : NET/0-0 GPU/0-f01000 NET/0-0
spark1:1:1 [0] NCCL INFO 17 : NET/0-0 GPU/0-f01000 NET/0-0
spark1:1:1 [0] NCCL INFO 18 : NET/0-0 GPU/0-f01000 NET/0-0
spark1:1:1 [0] NCCL INFO 19 : NET/0-0 GPU/0-f01000 NET/0-0
spark1:1:1 [0] NCCL INFO 20 : NET/0-0 GPU/0-f01000 NET/0-0
spark1:1:1 [0] NCCL INFO 21 : NET/0-0 GPU/0-f01000 NET/0-0
spark1:1:1 [0] NCCL INFO 22 : NET/0-0 GPU/0-f01000 NET/0-0
spark1:1:1 [0] NCCL INFO 23 : NET/0-0 GPU/0-f01000 NET/0-0
spark1:1:1 [0] NCCL INFO 24 : NET/0-0 GPU/0-f01000 NET/0-0
spark1:1:1 [0] NCCL INFO 25 : NET/0-0 GPU/0-f01000 NET/0-0
spark1:1:1 [0] NCCL INFO 26 : NET/0-0 GPU/0-f01000 NET/0-0
spark1:1:1 [0] NCCL INFO 27 : NET/0-0 GPU/0-f01000 NET/0-0
spark1:1:1 [0] NCCL INFO 28 : NET/0-0 GPU/0-f01000 NET/0-0
spark1:1:1 [0] NCCL INFO 29 : NET/0-0 GPU/0-f01000 NET/0-0
spark1:1:1 [0] NCCL INFO 30 : NET/0-0 GPU/0-f01000 NET/0-0
spark1:1:1 [0] NCCL INFO 31 : NET/0-0 GPU/0-f01000 NET/0-0
spark1:1:1 [0] NCCL INFO Pattern 3, crossNic 0, nChannels 32, bw 0.240000/0.120000, type LOC/P2C, sameChannels 1
spark1:1:1 [0] NCCL INFO  0 : NET/0-0 GPU/0-f01000 NET/0-0
spark1:1:1 [0] NCCL INFO  1 : NET/0-0 GPU/0-f01000 NET/0-0
spark1:1:1 [0] NCCL INFO  2 : NET/0-0 GPU/0-f01000 NET/0-0
spark1:1:1 [0] NCCL INFO  3 : NET/0-0 GPU/0-f01000 NET/0-0
spark1:1:1 [0] NCCL INFO  4 : NET/0-0 GPU/0-f01000 NET/0-0
spark1:1:1 [0] NCCL INFO  5 : NET/0-0 GPU/0-f01000 NET/0-0
spark1:1:1 [0] NCCL INFO  6 : NET/0-0 GPU/0-f01000 NET/0-0
spark1:1:1 [0] NCCL INFO  7 : NET/0-0 GPU/0-f01000 NET/0-0
spark1:1:1 [0] NCCL INFO  8 : NET/0-0 GPU/0-f01000 NET/0-0
spark1:1:1 [0] NCCL INFO  9 : NET/0-0 GPU/0-f01000 NET/0-0
spark1:1:1 [0] NCCL INFO 10 : NET/0-0 GPU/0-f01000 NET/0-0
spark1:1:1 [0] NCCL INFO 11 : NET/0-0 GPU/0-f01000 NET/0-0
spark1:1:1 [0] NCCL INFO 12 : NET/0-0 GPU/0-f01000 NET/0-0
spark1:1:1 [0] NCCL INFO 13 : NET/0-0 GPU/0-f01000 NET/0-0
spark1:1:1 [0] NCCL INFO 14 : NET/0-0 GPU/0-f01000 NET/0-0
spark1:1:1 [0] NCCL INFO 15 : NET/0-0 GPU/0-f01000 NET/0-0
spark1:1:1 [0] NCCL INFO 16 : NET/0-0 GPU/0-f01000 NET/0-0
spark1:1:1 [0] NCCL INFO 17 : NET/0-0 GPU/0-f01000 NET/0-0
spark1:1:1 [0] NCCL INFO 18 : NET/0-0 GPU/0-f01000 NET/0-0
spark1:1:1 [0] NCCL INFO 19 : NET/0-0 GPU/0-f01000 NET/0-0
spark1:1:1 [0] NCCL INFO 20 : NET/0-0 GPU/0-f01000 NET/0-0
spark1:1:1 [0] NCCL INFO 21 : NET/0-0 GPU/0-f01000 NET/0-0
spark1:1:1 [0] NCCL INFO 22 : NET/0-0 GPU/0-f01000 NET/0-0
spark1:1:1 [0] NCCL INFO 23 : NET/0-0 GPU/0-f01000 NET/0-0
spark1:1:1 [0] NCCL INFO 24 : NET/0-0 GPU/0-f01000 NET/0-0
spark1:1:1 [0] NCCL INFO 25 : NET/0-0 GPU/0-f01000 NET/0-0
spark1:1:1 [0] NCCL INFO 26 : NET/0-0 GPU/0-f01000 NET/0-0
spark1:1:1 [0] NCCL INFO 27 : NET/0-0 GPU/0-f01000 NET/0-0
spark1:1:1 [0] NCCL INFO 28 : NET/0-0 GPU/0-f01000 NET/0-0
spark1:1:1 [0] NCCL INFO 29 : NET/0-0 GPU/0-f01000 NET/0-0
spark1:1:1 [0] NCCL INFO 30 : NET/0-0 GPU/0-f01000 NET/0-0
spark1:1:1 [0] NCCL INFO 31 : NET/0-0 GPU/0-f01000 NET/0-0
spark1:1:1 [0] NCCL INFO Rank 0: 1 Net devices
spark1:1:1 [0] NCCL INFO Rank 0: 0 CollNet devices
spark1:1:1 [0] NCCL INFO Local Net device counts across ranks: min 1 max 1
spark1:1:1 [0] NCCL INFO Local CollNet device counts across ranks: min 0 max 0
spark1:1:1 [0] NCCL INFO comm 0x42d48330 rank 0 nRanks 2 nNodes 2 localRanks 1 localRank 0 MNNVL 0
spark1:1:1 [0] NCCL INFO Tree 0 : -1 -> 0 -> 1/-1/-1
spark1:1:1 [0] NCCL INFO Tree 32 : 1 -> 0 -> -1/-1/-1
spark1:1:1 [0] NCCL INFO Tree 1 : -1 -> 0 -> 1/-1/-1
spark1:1:1 [0] NCCL INFO Tree 33 : 1 -> 0 -> -1/-1/-1
spark1:1:1 [0] NCCL INFO Tree 2 : -1 -> 0 -> 1/-1/-1
spark1:1:1 [0] NCCL INFO Tree 34 : 1 -> 0 -> -1/-1/-1
spark1:1:1 [0] NCCL INFO Tree 3 : -1 -> 0 -> 1/-1/-1
spark1:1:1 [0] NCCL INFO Tree 35 : 1 -> 0 -> -1/-1/-1
spark1:1:1 [0] NCCL INFO Tree 4 : -1 -> 0 -> 1/-1/-1
spark1:1:1 [0] NCCL INFO Tree 36 : 1 -> 0 -> -1/-1/-1
spark1:1:1 [0] NCCL INFO Tree 5 : -1 -> 0 -> 1/-1/-1
spark1:1:1 [0] NCCL INFO Tree 37 : 1 -> 0 -> -1/-1/-1
spark1:1:1 [0] NCCL INFO Tree 6 : -1 -> 0 -> 1/-1/-1
spark1:1:1 [0] NCCL INFO Tree 38 : 1 -> 0 -> -1/-1/-1
spark1:1:1 [0] NCCL INFO Tree 7 : -1 -> 0 -> 1/-1/-1
spark1:1:1 [0] NCCL INFO Tree 39 : 1 -> 0 -> -1/-1/-1
spark1:1:1 [0] NCCL INFO Tree 8 : -1 -> 0 -> 1/-1/-1
spark1:1:1 [0] NCCL INFO Tree 40 : 1 -> 0 -> -1/-1/-1
spark1:1:1 [0] NCCL INFO Tree 9 : -1 -> 0 -> 1/-1/-1
spark1:1:1 [0] NCCL INFO Tree 41 : 1 -> 0 -> -1/-1/-1
spark1:1:1 [0] NCCL INFO Tree 10 : -1 -> 0 -> 1/-1/-1
spark1:1:1 [0] NCCL INFO Tree 42 : 1 -> 0 -> -1/-1/-1
spark1:1:1 [0] NCCL INFO Tree 11 : -1 -> 0 -> 1/-1/-1
spark1:1:1 [0] NCCL INFO Tree 43 : 1 -> 0 -> -1/-1/-1
spark1:1:1 [0] NCCL INFO Tree 12 : -1 -> 0 -> 1/-1/-1
spark1:1:1 [0] NCCL INFO Tree 44 : 1 -> 0 -> -1/-1/-1
spark1:1:1 [0] NCCL INFO Tree 13 : -1 -> 0 -> 1/-1/-1
spark1:1:1 [0] NCCL INFO Tree 45 : 1 -> 0 -> -1/-1/-1
spark1:1:1 [0] NCCL INFO Tree 14 : -1 -> 0 -> 1/-1/-1
spark1:1:1 [0] NCCL INFO Tree 46 : 1 -> 0 -> -1/-1/-1
spark1:1:1 [0] NCCL INFO Tree 15 : -1 -> 0 -> 1/-1/-1
spark1:1:1 [0] NCCL INFO Tree 47 : 1 -> 0 -> -1/-1/-1
spark1:1:1 [0] NCCL INFO Tree 16 : -1 -> 0 -> 1/-1/-1
spark1:1:1 [0] NCCL INFO Tree 48 : 1 -> 0 -> -1/-1/-1
spark1:1:1 [0] NCCL INFO Tree 17 : -1 -> 0 -> 1/-1/-1
spark1:1:1 [0] NCCL INFO Tree 49 : 1 -> 0 -> -1/-1/-1
spark1:1:1 [0] NCCL INFO Tree 18 : -1 -> 0 -> 1/-1/-1
spark1:1:1 [0] NCCL INFO Tree 50 : 1 -> 0 -> -1/-1/-1
spark1:1:1 [0] NCCL INFO Tree 19 : -1 -> 0 -> 1/-1/-1
spark1:1:1 [0] NCCL INFO Tree 51 : 1 -> 0 -> -1/-1/-1
spark1:1:1 [0] NCCL INFO Tree 20 : -1 -> 0 -> 1/-1/-1
spark1:1:1 [0] NCCL INFO Tree 52 : 1 -> 0 -> -1/-1/-1
spark1:1:1 [0] NCCL INFO Tree 21 : -1 -> 0 -> 1/-1/-1
spark1:1:1 [0] NCCL INFO Tree 53 : 1 -> 0 -> -1/-1/-1
spark1:1:1 [0] NCCL INFO Tree 22 : -1 -> 0 -> 1/-1/-1
spark1:1:1 [0] NCCL INFO Tree 54 : 1 -> 0 -> -1/-1/-1
spark1:1:1 [0] NCCL INFO Tree 23 : -1 -> 0 -> 1/-1/-1
spark1:1:1 [0] NCCL INFO Tree 55 : 1 -> 0 -> -1/-1/-1
spark1:1:1 [0] NCCL INFO Tree 24 : -1 -> 0 -> 1/-1/-1
spark1:1:1 [0] NCCL INFO Tree 56 : 1 -> 0 -> -1/-1/-1
spark1:1:1 [0] NCCL INFO Tree 25 : -1 -> 0 -> 1/-1/-1
spark1:1:1 [0] NCCL INFO Tree 57 : 1 -> 0 -> -1/-1/-1
spark1:1:1 [0] NCCL INFO Tree 26 : -1 -> 0 -> 1/-1/-1
spark1:1:1 [0] NCCL INFO Tree 58 : 1 -> 0 -> -1/-1/-1
spark1:1:1 [0] NCCL INFO Tree 27 : -1 -> 0 -> 1/-1/-1
spark1:1:1 [0] NCCL INFO Tree 59 : 1 -> 0 -> -1/-1/-1
spark1:1:1 [0] NCCL INFO Tree 28 : -1 -> 0 -> 1/-1/-1
spark1:1:1 [0] NCCL INFO Tree 60 : 1 -> 0 -> -1/-1/-1
spark1:1:1 [0] NCCL INFO Tree 29 : -1 -> 0 -> 1/-1/-1
spark1:1:1 [0] NCCL INFO Tree 61 : 1 -> 0 -> -1/-1/-1
spark1:1:1 [0] NCCL INFO Tree 30 : -1 -> 0 -> 1/-1/-1
spark1:1:1 [0] NCCL INFO Tree 62 : 1 -> 0 -> -1/-1/-1
spark1:1:1 [0] NCCL INFO Tree 31 : -1 -> 0 -> 1/-1/-1
spark1:1:1 [0] NCCL INFO Tree 63 : 1 -> 0 -> -1/-1/-1
spark1:1:1 [0] NCCL INFO Channel 00/08 : 0 1
spark1:1:1 [0] NCCL INFO Channel 01/08 : 0 1
spark1:1:1 [0] NCCL INFO Channel 02/08 : 0 1
spark1:1:1 [0] NCCL INFO Channel 03/08 : 0 1
spark1:1:1 [0] NCCL INFO Channel 04/08 : 0 1
spark1:1:1 [0] NCCL INFO Channel 05/08 : 0 1
spark1:1:1 [0] NCCL INFO Channel 06/08 : 0 1
spark1:1:1 [0] NCCL INFO Channel 07/08 : 0 1
spark1:1:1 [0] NCCL INFO Ring 00 : 1 -> 0 -> 1
spark1:1:1 [0] NCCL INFO Ring 01 : 1 -> 0 -> 1
spark1:1:1 [0] NCCL INFO Ring 02 : 1 -> 0 -> 1
spark1:1:1 [0] NCCL INFO Ring 03 : 1 -> 0 -> 1
spark1:1:1 [0] NCCL INFO Ring 04 : 1 -> 0 -> 1
spark1:1:1 [0] NCCL INFO Ring 05 : 1 -> 0 -> 1
spark1:1:1 [0] NCCL INFO Ring 06 : 1 -> 0 -> 1
spark1:1:1 [0] NCCL INFO Ring 07 : 1 -> 0 -> 1
spark1:1:1 [0] NCCL INFO Trees [0] 1/-1/-1->0->-1 [1] 1/-1/-1->0->-1 [2] 1/-1/-1->0->-1 [3] 1/-1/-1->0->-1 [4] 1/-1/-1->0->-1 [5] 1/-1/-1->0->-1 [6] 1/-1/-1->0->-1 [7] 1/-1/-1->0->-1
spark1:1:1 [0] NCCL INFO P2P Chunksize set to 131072
spark1:1:1 [0] NCCL INFO Tuning P2P operations with maxP2pPeers = 2
spark1:1:1 [0] NCCL INFO ncclOsDlopen(libnccl-profiler.so) failed: libnccl-profiler.so: cannot open shared object file: No such file or directory
spark1:1:1 [0] NCCL INFO PROFILER/Plugin: Could not find: libnccl-profiler.so
spark1:1:1 [0] NCCL INFO Check P2P Type isAllDirectP2p 1 directMode 0 isAllCudaP2p 1
spark1:1:1 [0] NCCL INFO ncclP2pSchedule: group size used is 1
spark1:1:85 [0] NCCL INFO [Proxy Service] Device 0 CPU core 0
spark1:1:86 [0] NCCL INFO [Proxy Service UDS] Device 0 CPU core 2
spark1:1:85 [0] NCCL INFO proxy listening socket at 10.100.8.1<56631>
spark1:1:1 [0] NCCL INFO Channel 00/0 : 1[0] -> 0[0] [receive] via NET/IB/0
spark1:1:1 [0] NCCL INFO Channel 01/0 : 1[0] -> 0[0] [receive] via NET/IB/0
spark1:1:1 [0] NCCL INFO Channel 02/0 : 1[0] -> 0[0] [receive] via NET/IB/0
spark1:1:1 [0] NCCL INFO Channel 03/0 : 1[0] -> 0[0] [receive] via NET/IB/0
spark1:1:1 [0] NCCL INFO Channel 04/0 : 1[0] -> 0[0] [receive] via NET/IB/0
spark1:1:1 [0] NCCL INFO Channel 05/0 : 1[0] -> 0[0] [receive] via NET/IB/0
spark1:1:1 [0] NCCL INFO Channel 06/0 : 1[0] -> 0[0] [receive] via NET/IB/0
spark1:1:87 [0] NCCL INFO [Proxy Progress] Device 0 CPU core 17
spark1:1:1 [0] NCCL INFO Channel 07/0 : 1[0] -> 0[0] [receive] via NET/IB/0
spark1:1:1 [0] NCCL INFO Channel 00/0 : 0[0] -> 1[0] [send] via NET/IB/0
spark1:1:1 [0] NCCL INFO Channel 01/0 : 0[0] -> 1[0] [send] via NET/IB/0
spark1:1:1 [0] NCCL INFO Channel 02/0 : 0[0] -> 1[0] [send] via NET/IB/0
spark1:1:1 [0] NCCL INFO Channel 03/0 : 0[0] -> 1[0] [send] via NET/IB/0
spark1:1:1 [0] NCCL INFO Channel 04/0 : 0[0] -> 1[0] [send] via NET/IB/0
spark1:1:1 [0] NCCL INFO Channel 05/0 : 0[0] -> 1[0] [send] via NET/IB/0
spark1:1:1 [0] NCCL INFO Channel 06/0 : 0[0] -> 1[0] [send] via NET/IB/0
spark1:1:1 [0] NCCL INFO Channel 07/0 : 0[0] -> 1[0] [send] via NET/IB/0
spark1:1:85 [0] NCCL INFO NET/IB: ncclIbResiliencyInit: Resiliency is disabled on the send communicator (comm=0xfd4d80014000)
spark1:1:85 [0] NCCL INFO NET/IB: ncclIbResiliencyInit: Resiliency is disabled on the recv communicator (comm=0xfd4d80058000)
spark1:1:85 [0] NCCL INFO NET/IB: ncclIbRecvCommInit: Receive work requests will be posted on-demand
spark1:1:85 [0] NCCL INFO NET/IB: ncclIbSenderQpsCreate: QP created: port=1 dev=0 devName=rocep1s0f1 ndevs=1 nmdevs=1 qp_num=11048 pkey=0 pd=0xfd4d800138e0 oooRq=0
spark1:1:85 [0] NCCL INFO NET/IB: ncclIbConnectImpl: NCCL Dev 0 IbDev 0 Port 1 qp_num 11048 mtu 3 GID 3 (0/108640AFFFF0000) ctsFifoRkey=0x191918 ctsFifoLkey=0x191918
spark1:1:85 [0] NCCL INFO NET/IB: ncclIbConnectImpl: IbDev 0 Port 1 qp_num 11048 query_ece={supported=1, vendor_id=0x15b3, options=0x30000002, comp_mask=0x0}
spark1:1:85 [0] NCCL INFO NET/IB: ncclIbReceiverQpsCreateToRts: QP created: port=1 dev=0 devName=rocep1s0f1 ndevs=1 nmdevs=1 qp_num=11049 pkey=0 pd=0xfd4d800138e0 oooRq=0
spark1:1:85 [0] NCCL INFO NET/IB: ncclIbReceiverQpsCreateToRts: Flush QP created: port=1 dev=0 devName=rocep1s0f1 ndevs=1 nmdevs=1 qp_num=11050 pkey=0 pd=0xfd4d800138e0
spark1:1:85 [0] NCCL INFO NET/IB: ncclIbResiliencyInit: Resiliency is disabled on the send communicator (comm=0xfd4d8012c000)
spark1:1:85 [0] NCCL INFO NET/IB: ncclIbSenderQpsToRts: Set ECE: IbDev 0 Port 1 qp_num 11048 set_ece={supported=1, vendor_id=0x15b3, options=0x30000002, comp_mask=0x0}
spark1:1:85 [0] NCCL INFO NET/IB: ncclIbSenderQpsCreate: QP created: port=1 dev=0 devName=rocep1s0f1 ndevs=1 nmdevs=1 qp_num=11051 pkey=0 pd=0xfd4d800138e0 oooRq=0
spark1:1:85 [0] NCCL INFO NET/IB: ncclIbConnectImpl: NCCL Dev 0 IbDev 0 Port 1 qp_num 11051 mtu 3 GID 3 (0/108640AFFFF0000) ctsFifoRkey=0x1a7073 ctsFifoLkey=0x1a7073
spark1:1:85 [0] NCCL INFO NET/IB: ncclIbConnectImpl: IbDev 0 Port 1 qp_num 11051 query_ece={supported=1, vendor_id=0x15b3, options=0x30000002, comp_mask=0x0}
spark1:1:85 [0] NCCL INFO NET/IB: ncclIbResiliencyInit: Resiliency is disabled on the recv communicator (comm=0xfd4d8019e000)
spark1:1:85 [0] NCCL INFO NET/IB: ncclIbRecvCommInit: Receive work requests will be posted on-demand
spark1:1:85 [0] NCCL INFO NET/IB: ncclIbResiliencyInit: Resiliency is disabled on the send communicator (comm=0xfd4d801e6000)
spark1:1:85 [0] NCCL INFO NET/IB: ncclIbResiliencyInit: Resiliency is disabled on the recv communicator (comm=0xfd4d8022a000)
spark1:1:85 [0] NCCL INFO NET/IB: ncclIbRecvCommInit: Receive work requests will be posted on-demand
spark1:1:85 [0] NCCL INFO NET/IB: ncclIbResiliencyInit: Resiliency is disabled on the send communicator (comm=0xfd4d80272000)
spark1:1:85 [0] NCCL INFO NET/IB: ncclIbResiliencyInit: Resiliency is disabled on the recv communicator (comm=0xfd4d802b6000)
spark1:1:85 [0] NCCL INFO NET/IB: ncclIbRecvCommInit: Receive work requests will be posted on-demand
spark1:1:85 [0] NCCL INFO NET/IB: ncclIbResiliencyInit: Resiliency is disabled on the send communicator (comm=0xfd4d802fe000)
spark1:1:85 [0] NCCL INFO NET/IB: ncclIbResiliencyInit: Resiliency is disabled on the recv communicator (comm=0xfd4d80342000)
spark1:1:85 [0] NCCL INFO NET/IB: ncclIbRecvCommInit: Receive work requests will be posted on-demand
spark1:1:85 [0] NCCL INFO NET/IB: ncclIbResiliencyInit: Resiliency is disabled on the send communicator (comm=0xfd4d8038a000)
spark1:1:85 [0] NCCL INFO NET/IB: ncclIbResiliencyInit: Resiliency is disabled on the recv communicator (comm=0xfd4d803ce000)
spark1:1:85 [0] NCCL INFO NET/IB: ncclIbRecvCommInit: Receive work requests will be posted on-demand
spark1:1:85 [0] NCCL INFO NET/IB: ncclIbResiliencyInit: Resiliency is disabled on the send communicator (comm=0xfd4d80416000)
spark1:1:85 [0] NCCL INFO NET/IB: ncclIbResiliencyInit: Resiliency is disabled on the recv communicator (comm=0xfd4d8045a000)
spark1:1:85 [0] NCCL INFO NET/IB: ncclIbRecvCommInit: Receive work requests will be posted on-demand
spark1:1:85 [0] NCCL INFO NET/IB: ncclIbResiliencyInit: Resiliency is disabled on the send communicator (comm=0xfd4d804a2000)
spark1:1:85 [0] NCCL INFO NET/IB: ncclIbResiliencyInit: Resiliency is disabled on the recv communicator (comm=0xfd4d804e6000)
spark1:1:85 [0] NCCL INFO NET/IB: ncclIbRecvCommInit: Receive work requests will be posted on-demand
spark1:1:85 [0] NCCL INFO NET/IB: ncclIbSenderQpsToRts: Set ECE: IbDev 0 Port 1 qp_num 11051 set_ece={supported=1, vendor_id=0x15b3, options=0x30000002, comp_mask=0x0}
spark1:1:85 [0] NCCL INFO NET/IB: ncclIbSenderQpsCreate: QP created: port=1 dev=0 devName=rocep1s0f1 ndevs=1 nmdevs=1 qp_num=11052 pkey=0 pd=0xfd4d800138e0 oooRq=0
spark1:1:85 [0] NCCL INFO NET/IB: ncclIbConnectImpl: NCCL Dev 0 IbDev 0 Port 1 qp_num 11052 mtu 3 GID 3 (0/108640AFFFF0000) ctsFifoRkey=0x196261 ctsFifoLkey=0x196261
spark1:1:85 [0] NCCL INFO NET/IB: ncclIbConnectImpl: IbDev 0 Port 1 qp_num 11052 query_ece={supported=1, vendor_id=0x15b3, options=0x30000002, comp_mask=0x0}
spark1:1:85 [0] NCCL INFO NET/IB: ncclIbReceiverQpsCreateToRts: QP created: port=1 dev=0 devName=rocep1s0f1 ndevs=1 nmdevs=1 qp_num=11053 pkey=0 pd=0xfd4d800138e0 oooRq=0
spark1:1:85 [0] NCCL INFO NET/IB: ncclIbReceiverQpsCreateToRts: Flush QP created: port=1 dev=0 devName=rocep1s0f1 ndevs=1 nmdevs=1 qp_num=11054 pkey=0 pd=0xfd4d800138e0
spark1:1:85 [0] NCCL INFO NET/IB: ncclIbSenderQpsCreate: QP created: port=1 dev=0 devName=rocep1s0f1 ndevs=1 nmdevs=1 qp_num=11055 pkey=0 pd=0xfd4d800138e0 oooRq=0
spark1:1:85 [0] NCCL INFO NET/IB: ncclIbConnectImpl: NCCL Dev 0 IbDev 0 Port 1 qp_num 11055 mtu 3 GID 3 (0/108640AFFFF0000) ctsFifoRkey=0x18feff ctsFifoLkey=0x18feff
spark1:1:85 [0] NCCL INFO NET/IB: ncclIbConnectImpl: IbDev 0 Port 1 qp_num 11055 query_ece={supported=1, vendor_id=0x15b3, options=0x30000002, comp_mask=0x0}
spark1:1:85 [0] NCCL INFO NET/IB: ncclIbReceiverQpsCreateToRts: QP created: port=1 dev=0 devName=rocep1s0f1 ndevs=1 nmdevs=1 qp_num=11056 pkey=0 pd=0xfd4d800138e0 oooRq=0
spark1:1:85 [0] NCCL INFO NET/IB: ncclIbReceiverQpsCreateToRts: Flush QP created: port=1 dev=0 devName=rocep1s0f1 ndevs=1 nmdevs=1 qp_num=11057 pkey=0 pd=0xfd4d800138e0
spark1:1:85 [0] NCCL INFO NET/IB: ncclIbSenderQpsCreate: QP created: port=1 dev=0 devName=rocep1s0f1 ndevs=1 nmdevs=1 qp_num=11058 pkey=0 pd=0xfd4d800138e0 oooRq=0
spark1:1:85 [0] NCCL INFO NET/IB: ncclIbConnectImpl: NCCL Dev 0 IbDev 0 Port 1 qp_num 11058 mtu 3 GID 3 (0/108640AFFFF0000) ctsFifoRkey=0x177775 ctsFifoLkey=0x177775
spark1:1:85 [0] NCCL INFO NET/IB: ncclIbConnectImpl: IbDev 0 Port 1 qp_num 11058 query_ece={supported=1, vendor_id=0x15b3, options=0x30000002, comp_mask=0x0}
spark1:1:85 [0] NCCL INFO NET/IB: ncclIbReceiverQpsCreateToRts: QP created: port=1 dev=0 devName=rocep1s0f1 ndevs=1 nmdevs=1 qp_num=11059 pkey=0 pd=0xfd4d800138e0 oooRq=0
spark1:1:85 [0] NCCL INFO NET/IB: ncclIbReceiverQpsCreateToRts: Flush QP created: port=1 dev=0 devName=rocep1s0f1 ndevs=1 nmdevs=1 qp_num=11060 pkey=0 pd=0xfd4d800138e0
spark1:1:85 [0] NCCL INFO NET/IB: ncclIbSenderQpsCreate: QP created: port=1 dev=0 devName=rocep1s0f1 ndevs=1 nmdevs=1 qp_num=11061 pkey=0 pd=0xfd4d800138e0 oooRq=0
spark1:1:85 [0] NCCL INFO NET/IB: ncclIbConnectImpl: NCCL Dev 0 IbDev 0 Port 1 qp_num 11061 mtu 3 GID 3 (0/108640AFFFF0000) ctsFifoRkey=0x17a5a2 ctsFifoLkey=0x17a5a2
spark1:1:85 [0] NCCL INFO NET/IB: ncclIbConnectImpl: IbDev 0 Port 1 qp_num 11061 query_ece={supported=1, vendor_id=0x15b3, options=0x30000002, comp_mask=0x0}
spark1:1:85 [0] NCCL INFO NET/IB: ncclIbReceiverQpsCreateToRts: QP created: port=1 dev=0 devName=rocep1s0f1 ndevs=1 nmdevs=1 qp_num=11062 pkey=0 pd=0xfd4d800138e0 oooRq=0
spark1:1:85 [0] NCCL INFO NET/IB: ncclIbReceiverQpsCreateToRts: Flush QP created: port=1 dev=0 devName=rocep1s0f1 ndevs=1 nmdevs=1 qp_num=11063 pkey=0 pd=0xfd4d800138e0
spark1:1:85 [0] NCCL INFO NET/IB: ncclIbSenderQpsCreate: QP created: port=1 dev=0 devName=rocep1s0f1 ndevs=1 nmdevs=1 qp_num=11064 pkey=0 pd=0xfd4d800138e0 oooRq=0
spark1:1:85 [0] NCCL INFO NET/IB: ncclIbConnectImpl: NCCL Dev 0 IbDev 0 Port 1 qp_num 11064 mtu 3 GID 3 (0/108640AFFFF0000) ctsFifoRkey=0x17f0ed ctsFifoLkey=0x17f0ed
spark1:1:85 [0] NCCL INFO NET/IB: ncclIbConnectImpl: IbDev 0 Port 1 qp_num 11064 query_ece={supported=1, vendor_id=0x15b3, options=0x30000002, comp_mask=0x0}
spark1:1:85 [0] NCCL INFO NET/IB: ncclIbReceiverQpsCreateToRts: QP created: port=1 dev=0 devName=rocep1s0f1 ndevs=1 nmdevs=1 qp_num=11065 pkey=0 pd=0xfd4d800138e0 oooRq=0
spark1:1:85 [0] NCCL INFO NET/IB: ncclIbReceiverQpsCreateToRts: Flush QP created: port=1 dev=0 devName=rocep1s0f1 ndevs=1 /usr/local/lib/python3.12/dist-packages/torch/distributed/c10d_logger.py:83: UserWarning: barrier(): using the device under current context. You can specify `device_id` in `init_process_group` to mute this warning.
  return func(*args, **kwargs)
           8       15.3 us     0.00 GB/s
          16       14.0 us     0.00 GB/s
          32       14.1 us     0.00 GB/s
          64       12.8 us     0.01 GB/s
         128       13.0 us     0.01 GB/s
         256       13.3 us     0.02 GB/s
         512       13.5 us     0.04 GB/s
        1024       13.5 us     0.08 GB/s
        2048       15.1 us     0.14 GB/s
        4096       15.9 us     0.26 GB/s
        8192       17.8 us     0.46 GB/s
       16384       19.8 us     0.83 GB/s
       32768       24.6 us     1.33 GB/s
       65536       72.9 us     0.90 GB/s
      131072       41.9 us     3.13 GB/s
      262144       56.5 us     4.64 GB/s
      524288       61.7 us     8.50 GB/s
     1048576      100.9 us    10.39 GB/s
     2097152      189.6 us    11.06 GB/s
     4194304      347.6 us    12.07 GB/s
     8388608      646.7 us    12.97 GB/s
    16777216     1274.1 us    13.17 GB/s
    33554432     2565.5 us    13.08 GB/s
    67108864     5079.6 us    13.21 GB/s
   134217728    10118.6 us    13.26 GB/s
   268435456    20134.4 us    13.33 GB/s
nmdevs=1 qp_num=11066 pkey=0 pd=0xfd4d800138e0
spark1:1:85 [0] NCCL INFO NET/IB: ncclIbSenderQpsCreate: QP created: port=1 dev=0 devName=rocep1s0f1 ndevs=1 nmdevs=1 qp_num=11067 pkey=0 pd=0xfd4d800138e0 oooRq=0
spark1:1:85 [0] NCCL INFO NET/IB: ncclIbConnectImpl: NCCL Dev 0 IbDev 0 Port 1 qp_num 11067 mtu 3 GID 3 (0/108640AFFFF0000) ctsFifoRkey=0x180802 ctsFifoLkey=0x180802
spark1:1:85 [0] NCCL INFO NET/IB: ncclIbConnectImpl: IbDev 0 Port 1 qp_num 11067 query_ece={supported=1, vendor_id=0x15b3, options=0x30000002, comp_mask=0x0}
spark1:1:85 [0] NCCL INFO NET/IB: ncclIbReceiverQpsCreateToRts: QP created: port=1 dev=0 devName=rocep1s0f1 ndevs=1 nmdevs=1 qp_num=11068 pkey=0 pd=0xfd4d800138e0 oooRq=0
spark1:1:85 [0] NCCL INFO NET/IB: ncclIbReceiverQpsCreateToRts: Flush QP created: port=1 dev=0 devName=rocep1s0f1 ndevs=1 nmdevs=1 qp_num=11069 pkey=0 pd=0xfd4d800138e0
spark1:1:85 [0] NCCL INFO NET/IB: ncclIbReceiverQpsCreateToRts: QP created: port=1 dev=0 devName=rocep1s0f1 ndevs=1 nmdevs=1 qp_num=11070 pkey=0 pd=0xfd4d800138e0 oooRq=0
spark1:1:85 [0] NCCL INFO NET/IB: ncclIbReceiverQpsCreateToRts: Flush QP created: port=1 dev=0 devName=rocep1s0f1 ndevs=1 nmdevs=1 qp_num=11071 pkey=0 pd=0xfd4d800138e0
spark1:1:85 [0] NCCL INFO NET/IB: ncclIbSenderQpsToRts: Set ECE: IbDev 0 Port 1 qp_num 11052 set_ece={supported=1, vendor_id=0x15b3, options=0x30000002, comp_mask=0x0}
spark1:1:85 [0] NCCL INFO NET/IB: ncclIbSenderQpsToRts: Set ECE: IbDev 0 Port 1 qp_num 11055 set_ece={supported=1, vendor_id=0x15b3, options=0x30000002, comp_mask=0x0}
spark1:1:85 [0] NCCL INFO NET/IB: ncclIbSenderQpsToRts: Set ECE: IbDev 0 Port 1 qp_num 11058 set_ece={supported=1, vendor_id=0x15b3, options=0x30000002, comp_mask=0x0}
spark1:1:85 [0] NCCL INFO NET/IB: ncclIbSenderQpsToRts: Set ECE: IbDev 0 Port 1 qp_num 11061 set_ece={supported=1, vendor_id=0x15b3, options=0x30000002, comp_mask=0x0}
spark1:1:85 [0] NCCL INFO NET/IB: ncclIbSenderQpsToRts: Set ECE: IbDev 0 Port 1 qp_num 11064 set_ece={supported=1, vendor_id=0x15b3, options=0x30000002, comp_mask=0x0}
spark1:1:85 [0] NCCL INFO NET/IB: ncclIbSenderQpsToRts: Set ECE: IbDev 0 Port 1 qp_num 11067 set_ece={supported=1, vendor_id=0x15b3, options=0x30000002, comp_mask=0x0}
spark1:1:1 [0] NCCL INFO Connected all rings, use ring PXN 0 GDR 0
spark1:1:1 [0] NCCL INFO Connected all trees
spark1:1:1 [0] NCCL INFO Connected binomial trees
spark1:1:1 [0] NCCL INFO ncclOsDlopen(libnccl-tuner.so) failed: libnccl-tuner.so: cannot open shared object file: No such file or directory
spark1:1:1 [0] NCCL INFO TUNER/Plugin: Could not find: libnccl-tuner.so
spark1:1:1 [0] NCCL INFO threadThresholds 8/8/64 | 16/8/64 | 512 | 512
spark1:1:1 [0] NCCL INFO 8 coll channels, 8 collnet channels, 0 nvls channels, 8 p2p channels, 1 p2p channels per peer
spark1:1:1 [0] NCCL INFO Symmetric memory is not supported. cuMemEnable 0, globalGinSupport 0, cuMemGdrSupport 0
spark1:1:1 [0] NCCL INFO CC Off, workFifoBytes 1048576
spark1:1:1 [0] NCCL INFO ncclCommInitRankConfig comm 0x42d48330 rank 0 nranks 2 cudaDev 0 nvmlDev 0 busId f01000 commId 0xec3d47e9606e6fce - Init COMPLETE
spark1:1:1 [0] NCCL INFO Init timings - ncclCommInitRankConfig: rank 0 nranks 2 total 0.40 (kernels 0.18, alloc 0.06, bootstrap 0.02, allgathers 0.00, topo 0.01, graphs 0.00, connections 0.12, rest 0.00)
