2026-09-24T21:16:58Z
ctx=8192 pp_warm run=1 doc=8131 ttft=10.98s rate=741.1 tok/s acc=-
ctx=8192 pp_warm run=2 doc=8085 ttft=10.75s rate=752.2 tok/s acc=-
ctx=8192 pp_warm run=3 doc=8115 ttft=10.87s rate=747.2 tok/s acc=-
ctx=8192 pp_novel run=1 doc=8122 ttft=10.73s rate=757.1 tok/s acc=-
ctx=8192 pp_novel run=2 doc=8190 ttft=10.26s rate=798.3 tok/s acc=-
ctx=8192 pp_novel run=3 doc=8061 ttft=10.03s rate=804.1 tok/s acc=-
ctx=8192 tg run=1 doc=8064 ttft=10.30s rate=41.5 tok/s acc=2.909090909090909
ctx=8192 tg run=2 doc=8053 ttft=10.60s rate=30.6 tok/s acc=2.1333333333333333
ctx=8192 tg run=3 doc=8115 ttft=10.68s rate=38.7 tok/s acc=2.666666666666667
ctx=32768 pp_warm run=1 doc=32261 ttft=41.80s rate=771.9 tok/s acc=-
ctx=32768 pp_warm run=2 doc=32496 ttft=41.83s rate=776.9 tok/s acc=-
ctx=32768 pp_warm run=3 doc=32673 ttft=43.26s rate=755.4 tok/s acc=-
ctx=32768 pp_novel run=1 doc=32671 ttft=40.33s rate=810.1 tok/s acc=-
ctx=32768 pp_novel run=2 doc=32614 ttft=41.05s rate=794.7 tok/s acc=-
ctx=32768 pp_novel run=3 doc=32545 ttft=40.40s rate=805.7 tok/s acc=-
ctx=32768 tg run=1 doc=32132 ttft=41.84s rate=34.5 tok/s acc=2.2857142857142856
ctx=32768 tg run=2 doc=32287 ttft=42.36s rate=32.0 tok/s acc=2.2
ctx=32768 tg run=3 doc=32251 ttft=42.97s rate=37.3 tok/s acc=2.6923076923076925
SUMMARY [
 {
  "ctx": 8192,
  "phase": "pp_warm",
  "median_rate_tok_s": 747.2,
  "median_ttft_s": 10.87,
  "doc_tokens": 8131,
  "acceptance_len": 0,
  "runs": 3
 },
 {
  "ctx": 8192,
  "phase": "pp_novel",
  "median_rate_tok_s": 798.3,
  "median_ttft_s": 10.26,
  "doc_tokens": 8122,
  "acceptance_len": 0,
  "runs": 3
 },
 {
  "ctx": 8192,
  "phase": "tg",
  "median_rate_tok_s": 38.7,
  "median_ttft_s": 10.6,
  "doc_tokens": 8064,
  "acceptance_len": 2.67,
  "runs": 3
 },
 {
  "ctx": 32768,
  "phase": "pp_warm",
  "median_rate_tok_s": 771.9,
  "median_ttft_s": 41.83,
  "doc_tokens": 32261,
  "acceptance_len": 0,
  "runs": 3
 },
 {
  "ctx": 32768,
  "phase": "pp_novel",
  "median_rate_tok_s": 805.7,
  "median_ttft_s": 40.4,
  "doc_tokens": 32671,
  "acceptance_len": 0,
  "runs": 3
 },
 {
  "ctx": 32768,
  "phase": "tg",
  "median_rate_tok_s": 34.5,
  "median_ttft_s": 42.36,
  "doc_tokens": 32132,
  "acceptance_len": 2.29,
  "runs": 3
 }
]
exit=0
2026-09-24T21:24:57Z
