21:06:12 s1 116.85 2.25466 s2 117.068 1.09143
21:06:17 s1 116.85 2.25465 s2 116.588 1.09092
21:06:22 s1 116.871 2.25454 s2 115.715 1.09049
21:06:28 s1 116.894 2.25454 s2 114.237 1.09014
21:06:33 s1 116.865 2.25449 s2 114.257 1.08974
21:06:38 s1 116.876 2.25449 s2 114.386 1.08942
21:06:44 s1 116.333 2.25437 s2 112.948 1.0893
21:06:49 s1 115.021 2.25437 s2 114.539 1.0893
21:06:54 s1 114.694 2.25437 s2 114.534 1.0893
21:07:00 s1 115.214 2.25436 s2 114.534 1.0893
21:07:05 s1 113.661 2.25436 s2 114.537 1.0893
21:07:10 s1 111.743 2.25436 s2 114.543 1.0893
21:07:16 s1 112.469 2.25436 s2 114.536 1.08929
21:07:21 s1 113.541 2.25436 s2 114.54 1.08929
21:07:26 s1 112.69 2.25435 s2 111.928 1.08929
21:07:32 s1 37.529 2.25435 s2 39.5182 1.08929
21:07:37 s1 37.1169 2.25434 s2 39.4977 1.08926
21:07:43 s1 38.4125 2.25434 s2 39.4183 1.08925
21:07:48 s1 38.2877 2.25433 s2 39.3375 1.08925
21:07:53 s1 38.2439 2.25431 s2 39.2811 1.08925
21:07:59 s1 37.8937 2.2542 s2 38.923 1.08928
21:08:04 s1 37.1807 2.2542 s2 38.6878 1.08923
21:08:09 s1 36.943 2.2542 s2 38.8518 1.08923
21:08:15 s1 37.3447 2.25419 s2 39.0333 1.08926
21:08:20 s1 37.7326 2.25425 s2 38.7539 1.08958
21:08:25 s1 36.9232 2.25463 s2 38.8254 1.09981
21:08:31 s1 36.7194 2.25463 s2 39.093 1.10232
21:08:36 s1 36.8001 2.25461 s2 40.4286 3.29843
21:08:42 s1 37.5322 2.25449 s2 41.8581 4.07272
21:08:47 s1 37.8104 2.25448 s2 42.1462 4.50056
21:08:52 s1 37.0984 2.25882 s2 42.5166 4.50079
21:08:58 s1 37.3286 2.25881 s2 42.5584 4.50012
21:09:03 s1 38.1655 2.83466 s2 42.8733 4.6389
21:09:08 s1 39.9862 4.4035 s2 42.9574 4.64048
21:09:14 s1 40.7612 5.94398 s2 42.3242 4.65177
21:09:19 s1 41.0029 5.94943 s2 42.4265 4.64833
21:09:24 s1 41.9253 6.55183 s2 42.4614 4.65569
21:09:30 s1 42.1682 6.553 s2 42.5124 4.65731
21:09:35 s1 41.3038 6.55982 s2 42.5114 4.66747
21:09:41 s1 41.4818 6.55964 s2 42.6381 4.67309
21:09:46 s1 41.7873 6.55937 s2 42.6652 4.67184
21:09:52 s1 42.0276 6.56047 s2 42.7166 4.66987
21:09:57 s1 42.2615 6.56064 s2 42.8164 4.34259
21:10:02 s1 41.3905 6.56049 s2 42.2243 4.34045
21:10:08 s1 41.5598 6.56064 s2 42.3069 4.17792
21:10:13 s1 41.8363 6.56368 s2 40.3293 4.16248
21:10:18 s1 42.4385 6.72123 s2 40.1544 4.16212
21:10:24 s1 42.3987 6.749 s2 34.0464 4.14892
21:10:29 s1 41.8867 6.75673 s2 31.3486 4.14455
21:10:34 s1 42.0402 6.72243 s2 31.3394 4.14395
21:10:40 s1 42.2261 6.72198 s2 31.3611 4.14371
21:10:45 s1 42.546 6.72155 s2 32.1017 4.35923
21:10:50 s1 41.702 6.72001 s2 31.6212 4.35361
21:10:56 s1 41.8131 6.71799 s2 30.2785 4.35458
21:11:01 s1 42.0141 6.71832 s2 30.0219 4.35369
21:11:06 s1 42.3415 6.71006 s2 37.4242 4.35305
21:11:12 s1 42.5761 6.71595 s2 37.8451 4.35203
21:11:17 s1 41.7212 6.71962 s2 37.8435 4.35116
21:11:22 s1 41.8744 6.71889 s2 37.8395 4.35013
21:11:28 s1 42.1735 6.7196 s2 37.8349 4.34998
21:11:33 s1 42.3948 6.72041 s2 37.8176 4.34958
21:11:38 s1 42.49 6.72045 s2 37.7979 4.34926
21:11:44 s1 42.1719 6.71841 s2 37.8016 4.34867
21:11:49 s1 41.8764 6.70931 s2 37.8049 4.34846
21:11:55 s1 42.1293 6.71474 s2 37.7812 4.34755
21:12:00 s1 42.4153 6.7576 s2 37.785 4.34704
21:12:05 s1 42.3669 6.76193 s2 37.7905 4.34638
21:12:11 s1 41.6194 6.76148 s2 37.796 4.34633
21:12:16 s1 41.8832 6.76073 s2 37.8013 4.34582
21:12:21 s1 42.1343 6.76012 s2 37.7971 4.34541
21:12:27 s1 42.3549 6.75967 s2 37.7916 4.34414
21:12:32 s1 42.4819 6.75933 s2 37.7953 4.34394
21:12:37 s1 41.4009 6.75869 s2 37.7853 4.34343
21:12:43 s1 42.1418 6.42868 s2 37.7979 4.3431
21:12:48 s1 41.7986 6.27494 s2 37.7811 4.34277
21:12:53 s1 40.549 6.26 s2 37.7854 4.34261
21:12:59 s1 38.6552 6.25345 s2 37.7796 4.34223
21:13:04 s1 30.7322 6.23587 s2 37.7825 4.34216
21:13:09 s1 30.9907 6.21994 s2 37.7756 4.34169
21:13:15 s1 30.9702 6.21969 s2 37.7845 4.34158
21:13:20 s1 30.5045 6.22087 s2 37.7862 4.34128
21:13:25 s1 30.6739 6.25414 s2 37.7983 4.34103
21:13:31 s1 30.3599 6.3604 s2 37.8042 4.34083
21:13:36 s1 30.3249 6.36343 s2 37.8009 4.34053
21:13:41 s1 30.0135 6.36252 s2 37.7559 4.34002
21:13:47 s1 37.4789 6.35806 s2 37.7714 4.33991
21:13:52 s1 36.4794 6.35712 s2 36.8209 4.33932
21:13:57 s1 36.414 6.35598 s2 36.764 4.33928
21:14:03 s1 36.2065 6.35509 s2 36.2885 4.3387
21:14:08 s1 35.5873 6.35476 s2 35.8599 4.33864
21:14:13 s1 34.3884 6.35407 s2 34.7126 4.33849
21:14:19 s1 34.2699 6.3536 s2 34.3274 4.33847
21:14:24 s1 33.4075 6.35215 s2 33.3689 4.33785
21:14:29 s1 33.1841 6.3517 s2 32.9662 4.33755
21:14:35 s1 32.9296 6.35098 s2 32.7565 4.3374
21:14:40 s1 32.6259 6.35025 s2 32.6942 4.33735
21:14:46 s1 34.8428 6.34356 s2 35.1537 4.33728
21:14:51 s1 26.7114 6.34326 s2 27.2087 4.33724
21:14:56 s1 26.2897 6.34304 s2 26.6736 4.33704
21:15:02 s1 25.517 6.34067 s2 25.8133 4.33601
21:15:07 s1 25.3903 6.34055 s2 25.7269 4.33595
21:15:12 s1 25.7237 6.33762 s2 26.1278 4.33582
21:15:17 s1 25.8668 6.33611 s2 26.3332 4.33582
21:15:23 s1 25.7917 6.33603 s2 26.5188 4.33565
21:15:28 s1 25.7323 6.328 s2 26.6705 4.33561
21:15:33 s1 25.362 6.32719 s2 26.8012 4.33559
21:15:39 s1 25.3198 6.32405 s2 26.9239 4.33559
21:15:44 s1 24.8411 6.32242 s2 26.451 4.33537
21:15:50 s1 23.4504 6.32243 s2 25.1079 4.33561
21:15:55 s1 23.3757 6.32159 s2 25.0019 4.33545
21:16:00 s1 23.4662 6.31713 s2 25.0516 4.33522
21:16:06 s1 23.5127 6.31684 s2 25.0772 4.33515
