ctx=8192 pp_warm run=1 doc=6844 ttft=8.86s rate=773.1 tok/s acc=-
ctx=8192 pp_novel run=1 doc=8102 ttft=10.03s rate=808.1 tok/s acc=-
ctx=8192 tg run=1 doc=8171 ttft=10.88s rate=33.1 tok/s acc=2.357142857142857
SUMMARY [
 {
  "ctx": 8192,
  "phase": "pp_warm",
  "median_rate_tok_s": 773.1,
  "median_ttft_s": 8.86,
  "doc_tokens": 6844,
  "acceptance_len": 0,
  "runs": 1
 },
 {
  "ctx": 8192,
  "phase": "pp_novel",
  "median_rate_tok_s": 808.1,
  "median_ttft_s": 10.03,
  "doc_tokens": 8102,
  "acceptance_len": 0,
  "runs": 1
 },
 {
  "ctx": 8192,
  "phase": "tg",
  "median_rate_tok_s": 33.1,
  "median_ttft_s": 10.88,
  "doc_tokens": 8171,
  "acceptance_len": 2.36,
  "runs": 1
 }
]
