layers.0.ffn.experts.0.w1            stock          relerr 0.37752  mse/stock 1.000
layers.0.ffn.experts.0.w1            stock+refit    relerr 0.37710  mse/stock 0.998
layers.0.ffn.experts.0.w1            greedy16       relerr 0.37763  mse/stock 1.001
layers.0.ffn.experts.0.w1            viterbi        relerr 0.26173  mse/stock 0.481
layers.0.ffn.experts.0.w1            viterbi+refit  relerr 0.26153  mse/stock 0.480
layers.0.ffn.experts.0.w2            stock          relerr 0.37742  mse/stock 1.000
layers.0.ffn.experts.0.w2            stock+refit    relerr 0.37729  mse/stock 0.999
layers.0.ffn.experts.0.w2            greedy16       relerr 0.37741  mse/stock 1.000
layers.0.ffn.experts.0.w2            viterbi        relerr 0.26167  mse/stock 0.481
layers.0.ffn.experts.0.w2            viterbi+refit  relerr 0.26162  mse/stock 0.481
layers.0.ffn.experts.0.w3            stock          relerr 0.37711  mse/stock 1.000
layers.0.ffn.experts.0.w3            stock+refit    relerr 0.37677  mse/stock 0.998
layers.0.ffn.experts.0.w3            greedy16       relerr 0.37760  mse/stock 1.003
layers.0.ffn.experts.0.w3            viterbi        relerr 0.26165  mse/stock 0.481
layers.0.ffn.experts.0.w3            viterbi+refit  relerr 0.26156  mse/stock 0.481
layers.0.ffn.experts.1.w1            stock          relerr 0.37730  mse/stock 1.000
layers.0.ffn.experts.1.w1            stock+refit    relerr 0.37688  mse/stock 0.998
layers.0.ffn.experts.1.w1            greedy16       relerr 0.37757  mse/stock 1.001
layers.0.ffn.experts.1.w1            viterbi        relerr 0.26174  mse/stock 0.481
layers.0.ffn.experts.1.w1            viterbi+refit  relerr 0.26153  mse/stock 0.480
layers.0.ffn.experts.1.w2            stock          relerr 0.37718  mse/stock 1.000
layers.0.ffn.experts.1.w2            stock+refit    relerr 0.37704  mse/stock 0.999
layers.0.ffn.experts.1.w2            greedy16       relerr 0.37733  mse/stock 1.001
layers.0.ffn.experts.1.w2            viterbi        relerr 0.26172  mse/stock 0.482
layers.0.ffn.experts.1.w2            viterbi+refit  relerr 0.26163  mse/stock 0.481
layers.0.ffn.experts.1.w3            stock          relerr 0.37745  mse/stock 1.000
layers.0.ffn.experts.1.w3            stock+refit    relerr 0.37705  mse/stock 0.998
layers.0.ffn.experts.1.w3            greedy16       relerr 0.37762  mse/stock 1.001
layers.0.ffn.experts.1.w3            viterbi        relerr 0.26171  mse/stock 0.481
layers.0.ffn.experts.1.w3            viterbi+refit  relerr 0.26151  mse/stock 0.480
== stock          relerr_mean=0.3773 mse_ratio_vs_stock=1
== stock+refit    relerr_mean=0.377 mse_ratio_vs_stock=0.9984
== greedy16       relerr_mean=0.3775 mse_ratio_vs_stock=1.001 sec_per_tensor=1.027 full_pack_h_1node=13.15 full_pack_h_2nodes=6.575
== viterbi        relerr_mean=0.2617 mse_ratio_vs_stock=0.481 sec_per_tensor=2.241 full_pack_h_1node=28.68 full_pack_h_2nodes=14.34
== viterbi+refit  relerr_mean=0.2616 mse_ratio_vs_stock=0.4805 sec_per_tensor=1.971 full_pack_h_1node=25.22 full_pack_h_2nodes=12.61
