layers.0.ffn.experts.0.w1            stock          relerr 0.37752  mse/stock 1.000
layers.0.ffn.experts.0.w1            stock+refit    relerr 0.37710  mse/stock 0.998
layers.0.ffn.experts.0.w1            greedy16       relerr 0.37791  mse/stock 1.002
layers.0.ffn.experts.0.w1            viterbi        relerr 0.26191  mse/stock 0.481
layers.0.ffn.experts.0.w1            viterbi+refit  relerr 0.26169  mse/stock 0.481
layers.0.ffn.experts.0.w2            stock          relerr 0.37742  mse/stock 1.000
layers.0.ffn.experts.0.w2            stock+refit    relerr 0.37729  mse/stock 0.999
layers.0.ffn.experts.0.w2            greedy16       relerr 0.37745  mse/stock 1.000
layers.0.ffn.experts.0.w2            viterbi        relerr 0.26188  mse/stock 0.481
layers.0.ffn.experts.0.w2            viterbi+refit  relerr 0.26180  mse/stock 0.481
layers.0.ffn.experts.0.w3            stock          relerr 0.37711  mse/stock 1.000
layers.0.ffn.experts.0.w3            stock+refit    relerr 0.37677  mse/stock 0.998
layers.0.ffn.experts.0.w3            greedy16       relerr 0.37756  mse/stock 1.002
layers.0.ffn.experts.0.w3            viterbi        relerr 0.26189  mse/stock 0.482
layers.0.ffn.experts.0.w3            viterbi+refit  relerr 0.26171  mse/stock 0.482
layers.0.ffn.experts.1.w1            stock          relerr 0.37730  mse/stock 1.000
layers.0.ffn.experts.1.w1            stock+refit    relerr 0.37688  mse/stock 0.998
layers.0.ffn.experts.1.w1            greedy16       relerr 0.37764  mse/stock 1.002
layers.0.ffn.experts.1.w1            viterbi        relerr 0.26187  mse/stock 0.482
layers.0.ffn.experts.1.w1            viterbi+refit  relerr 0.26172  mse/stock 0.481
layers.0.ffn.experts.1.w2            stock          relerr 0.37718  mse/stock 1.000
layers.0.ffn.experts.1.w2            stock+refit    relerr 0.37704  mse/stock 0.999
layers.0.ffn.experts.1.w2            greedy16       relerr 0.37746  mse/stock 1.001
layers.0.ffn.experts.1.w2            viterbi        relerr 0.26190  mse/stock 0.482
layers.0.ffn.experts.1.w2            viterbi+refit  relerr 0.26182  mse/stock 0.482
layers.0.ffn.experts.1.w3            stock          relerr 0.37745  mse/stock 1.000
layers.0.ffn.experts.1.w3            stock+refit    relerr 0.37705  mse/stock 0.998
layers.0.ffn.experts.1.w3            greedy16       relerr 0.37749  mse/stock 1.000
layers.0.ffn.experts.1.w3            viterbi        relerr 0.26190  mse/stock 0.481
layers.0.ffn.experts.1.w3            viterbi+refit  relerr 0.26169  mse/stock 0.481
== stock          relerr_mean=0.3773 mse_ratio_vs_stock=1
== stock+refit    relerr_mean=0.377 mse_ratio_vs_stock=0.9984
== greedy16       relerr_mean=0.3776 mse_ratio_vs_stock=1.001 sec_per_tensor=1.06 full_pack_h_1node=13.56 full_pack_h_2nodes=6.782
== viterbi        relerr_mean=0.2619 mse_ratio_vs_stock=0.4817 sec_per_tensor=4.539 full_pack_h_1node=58.1 full_pack_h_2nodes=29.05
== viterbi+refit  relerr_mean=0.2617 mse_ratio_vs_stock=0.4812 sec_per_tensor=4.27 full_pack_h_1node=54.65 full_pack_h_2nodes=27.33
