== micro ==
ctx=512 pp run=1 doc=160 ttft=0.57s rate=286.8 tok/s acc=-
ctx=512 pp run=2 doc=133 ttft=0.49s rate=279.8 tok/s acc=-
ctx=512 pp run=3 doc=422 ttft=0.95s rate=447.2 tok/s acc=-
ctx=512 tg run=1 doc=511 ttft=1.05s rate=17.9 tok/s acc=2.0
ctx=512 tg run=2 doc=506 ttft=1.13s rate=20.4 tok/s acc=2.466666666666667
ctx=512 tg run=3 doc=411 ttft=0.97s rate=21.7 tok/s acc=2.428571428571429
ctx=4096 pp run=1 doc=3923 ttft=5.75s rate=683.0 tok/s acc=-
ctx=4096 pp run=2 doc=3661 ttft=5.41s rate=677.7 tok/s acc=-
ctx=4096 pp run=3 doc=3610 ttft=5.06s rate=714.9 tok/s acc=-
ctx=4096 tg run=1 doc=3875 ttft=5.62s rate=21.8 tok/s acc=2.571428571428571
ctx=4096 tg run=2 doc=3941 ttft=5.69s rate=17.6 tok/s acc=1.8823529411764706
ctx=4096 tg run=3 doc=3162 ttft=4.34s rate=26.2 tok/s acc=3.0
ctx=16384 pp run=1 doc=15628 ttft=23.01s rate=679.2 tok/s acc=-
ctx=16384 pp run=2 doc=15309 ttft=22.03s rate=695.0 tok/s acc=-
ctx=16384 pp run=3 doc=16020 ttft=22.57s rate=709.8 tok/s acc=-
ctx=16384 tg run=1 doc=16142 ttft=23.02s rate=27.3 tok/s acc=3.0
ctx=16384 tg run=2 doc=15599 ttft=22.12s rate=23.6 tok/s acc=2.6153846153846154
ctx=16384 tg run=3 doc=15391 ttft=22.09s rate=24.0 tok/s acc=2.4615384615384617
ctx=65536 pp run=1 doc=62824 ttft=89.07s rate=705.4 tok/s acc=-
ctx=65536 pp run=2 doc=63259 ttft=90.29s rate=700.7 tok/s acc=-
ctx=65536 pp run=3 doc=62996 ttft=89.57s rate=703.3 tok/s acc=-
ctx=65536 tg run=1 doc=62785 ttft=89.32s rate=26.6 tok/s acc=2.833333333333333
ctx=65536 tg run=2 doc=62631 ttft=89.02s rate=28.9 tok/s acc=2.909090909090909
ctx=65536 tg run=3 doc=62827 ttft=89.47s rate=26.0 tok/s acc=2.75
SUMMARY [
 {
  "ctx": 512,
  "phase": "pp",
  "median_rate_tok_s": 286.8,
  "median_ttft_s": 0.57,
  "doc_tokens": 160,
  "acceptance_len": 0,
  "runs": 3
 },
 {
  "ctx": 512,
  "phase": "tg",
  "median_rate_tok_s": 20.4,
  "median_ttft_s": 1.05,
  "doc_tokens": 511,
  "acceptance_len": 2.43,
  "runs": 3
 },
 {
  "ctx": 4096,
  "phase": "pp",
  "median_rate_tok_s": 683.0,
  "median_ttft_s": 5.41,
  "doc_tokens": 3923,
  "acceptance_len": 0,
  "runs": 3
 },
 {
  "ctx": 4096,
  "phase": "tg",
  "median_rate_tok_s": 21.8,
  "median_ttft_s": 5.62,
  "doc_tokens": 3875,
  "acceptance_len": 2.57,
  "runs": 3
 },
 {
  "ctx": 16384,
  "phase": "pp",
  "median_rate_tok_s": 695.0,
  "median_ttft_s": 22.57,
  "doc_tokens": 15628,
  "acceptance_len": 0,
  "runs": 3
 },
 {
  "ctx": 16384,
  "phase": "tg",
  "median_rate_tok_s": 24.0,
  "median_ttft_s": 22.12,
  "doc_tokens": 16142,
  "acceptance_len": 2.62,
  "runs": 3
 },
 {
  "ctx": 65536,
  "phase": "pp",
  "median_rate_tok_s": 703.3,
  "median_ttft_s": 89.57,
  "doc_tokens": 62824,
  "acceptance_len": 0,
  "runs": 3
 },
 {
  "ctx": 65536,
  "phase": "tg",
  "median_rate_tok_s": 26.6,
  "median_ttft_s": 89.32,
  "doc_tokens": 62785,
  "acceptance_len": 2.83,
  "runs": 3
 }
]
