spark2:1:1 [0] NCCL INFO ncclOsDlopen(libnccl-env.so) failed: libnccl-env.so: cannot open shared object file: No such file or directory
spark2:1:1 [0] NCCL INFO ENV/Plugin: Could not find: libnccl-env.so
spark2:1:1 [0] NCCL INFO cudaDriverVersion 13000
spark2:1:1 [0] NCCL INFO NCCL_SOCKET_IFNAME set to enp1s0f1np1
spark2:1:1 [0] NCCL INFO NCCL version 2.30.7+cuda13.3
spark2:1:1 [0] NCCL INFO NCCL git version HEAD a5187fa2e
spark2:1:1 [0] NCCL INFO ncclOsDlopen(libnccl-net.so) failed: libnccl-net.so: cannot open shared object file: No such file or directory
spark2:1:1 [0] NCCL INFO NET/Plugin: Could not find: libnccl-net.so
spark2:1:1 [0] NCCL INFO dlvsym failed on mlx5dv_get_data_direct_sysfs_path - /lib/aarch64-linux-gnu/libmlx5.so: undefined symbol: mlx5dv_get_data_direct_sysfs_path, version MLX5_1.25 version MLX5_1.25
spark2:1:1 [0] NCCL INFO dlvsym failed on mlx5dv_reg_dmabuf_mr - /lib/aarch64-linux-gnu/libmlx5.so: undefined symbol: mlx5dv_reg_dmabuf_mr, version MLX5_1.25 version MLX5_1.25
spark2:1:1 [0] NCCL INFO NCCL_IB_HCA set to rocep1s0f1,roceP2p1s0f1
spark2:1:1 [0] NCCL INFO NET/IB: [1] rocep1s0f1:uverbs1:1/RoCE provider=Mlx5 speed=200000 context=0x20665e90 pciPath=/sys/devices/pci0000:00/0000:00:00.0/0000:01:00.0 ar=0 oooRqSize=0
spark2:1:1 [0] NCCL INFO NET/IB: [3] roceP2p1s0f1:uverbs3:1/RoCE provider=Mlx5 speed=200000 context=0x206a7590 pciPath=/sys/devices/pci0002:00/0002:00:00.0/0002:01:00.0 ar=0 oooRqSize=0
spark2:1:1 [0] NCCL INFO NET/IB : Made virtual device [0] name=rocep1s0f1 speed=200000 ndevs=1 rail=-1 plane=-1
spark2:1:1 [0] NCCL INFO NET/IB : Made virtual device [1] name=roceP2p1s0f1 speed=200000 ndevs=1 rail=-1 plane=-1
spark2:1:1 [0] NCCL INFO NET/IB : Using [0]rocep1s0f1:1/RoCE [1]roceP2p1s0f1:1/RoCE [RO]; OOB enp1s0f1np1:10.100.8.2<0>
spark2:1:1 [0] NCCL INFO Initialized NET plugin IB
spark2:1:1 [0] NCCL INFO Assigned NET plugin IB to comm
spark2:1:1 [0] NCCL INFO ncclOsDlopen(libnccl-rma.so) failed: libnccl-rma.so: cannot open shared object file: No such file or directory
spark2:1:1 [0] NCCL INFO RMA/Plugin: Could not find: libnccl-rma.so
spark2:1:1 [0] NCCL INFO RMA/Plugin: Failed to load external plugin libnccl-rma.so, dlHandle: (nil), ncclRma: (nil)
spark2:1:1 [0] NCCL INFO RMA/Plugin: Assigned plugin RMA_IB_PROXY to comm
spark2:1:1 [0] NCCL INFO ncclOsDlopen(libnccl-gin.so) failed: libnccl-gin.so: cannot open shared object file: No such file or directory
spark2:1:1 [0] NCCL INFO GIN/Plugin: Could not find: libnccl-gin.so
spark2:1:1 [0] NCCL INFO GIN/Plugin: Failed to load external plugin libnccl-gin.so, dlHandle: (nil), ncclGin: (nil)
spark2:1:1 [0] NCCL INFO GIN/Plugin: Assigned plugin GIN_IB_GDAKI type 3 to comm
spark2:1:1 [0] NCCL INFO Using network IB
spark2:1:1 [0] NCCL INFO Loaded NVML from libnvidia-ml.so.1
spark2:1:1 [0] NCCL INFO [Rank 1] ncclCommInitRankConfig comm 0x1dbaa320 rank 1 nranks 2 cudaDev 0 nvmlDev 0 busId f01000 commId 0xfcd03e55cc600007 - Init START
spark2:1:1 [0] NCCL INFO RAS client listening socket at 127.0.0.1<28028>
spark2:1:1 [0] NCCL INFO Topology detection: could not read /sys/devices/system/node/node4294967295/cpumap, using empty affinity
spark2:1:1 [0] NCCL INFO TOPO/NET : Importing network plugins to topology
spark2:1:1 [0] NCCL INFO NET/GIN_IB_GDAKI : GPU Direct RDMA Disabled for HCA 0 'rocep1s0f1'
spark2:1:1 [0] NCCL INFO ncclTopoPopulateNics : Filled rocep1s0f1 in topo with pciPath=/sys/devices/pci0000:00/0000:00:00.0/0000:01:00.0 net=0 gin=1 rma=(null) keep=1 coll=(null) rail=-1 plane=-1
spark2:1:1 [0] NCCL INFO NET/GIN_IB_GDAKI : GPU Direct RDMA Disabled for HCA 1 'roceP2p1s0f1'
spark2:1:1 [0] NCCL INFO ncclTopoPopulateNics : Filled roceP2p1s0f1 in topo with pciPath=/sys/devices/pci0002:00/0002:00:00.0/0002:01:00.0 net=0 gin=1 rma=(null) keep=1 coll=(null) rail=-1 plane=-1
spark2:1:1 [0] NCCL INFO NET/RMA_IB_PROXY : GPU Direct RDMA Disabled for HCA 0 'rocep1s0f1'
spark2:1:1 [0] NCCL INFO ncclTopoPopulateNics : Filled rocep1s0f1 in topo with pciPath=/sys/devices/pci0000:00/0000:00:00.0/0000:01:00.0 net=0 gin=1 rma=1 keep=1 coll=(null) rail=-1 plane=-1
spark2:1:1 [0] NCCL INFO NET/RMA_IB_PROXY : GPU Direct RDMA Disabled for HCA 1 'roceP2p1s0f1'
spark2:1:1 [0] NCCL INFO ncclTopoPopulateNics : Filled roceP2p1s0f1 in topo with pciPath=/sys/devices/pci0002:00/0002:00:00.0/0002:01:00.0 net=0 gin=1 rma=1 keep=1 coll=(null) rail=-1 plane=-1
spark2:1:1 [0] NCCL INFO NET/IB : GPU Direct RDMA Disabled for HCA 0 'rocep1s0f1'
spark2:1:1 [0] NCCL INFO ncclTopoPopulateNics : Filled rocep1s0f1 in topo with pciPath=/sys/devices/pci0000:00/0000:00:00.0/0000:01:00.0 net=1 gin=1 rma=1 keep=1 coll=(null) rail=-1 plane=-1
spark2:1:1 [0] NCCL INFO NET/IB : GPU Direct RDMA Disabled for HCA 1 'roceP2p1s0f1'
spark2:1:1 [0] NCCL INFO ncclTopoPopulateNics : Filled roceP2p1s0f1 in topo with pciPath=/sys/devices/pci0002:00/0002:00:00.0/0002:01:00.0 net=1 gin=1 rma=1 keep=1 coll=(null) rail=-1 plane=-1
spark2:1:1 [0] NCCL INFO === System : maxBw 12.0 totalBw 0.2 ===
spark2:1:1 [0] NCCL INFO CPU/0-ffffffffffffff (3/-1/-1)
spark2:1:1 [0] NCCL INFO + C2C[345.0] - DEV/0-f01000
spark2:1:1 [0] NCCL INFO + PCI[12.0] - NIC/0-1000
spark2:1:1 [0] NCCL INFO               + NET[25.0] - NET/0-0 (0/4a127f000347bb4c/1/25.000000)
spark2:1:1 [0] NCCL INFO               + NET[25.0] - GIN/0-0
spark2:1:1 [0] NCCL INFO               + NET[25.0] - RMA/0-0
spark2:1:1 [0] NCCL INFO + PCI[12.0] - NIC/0-201000
spark2:1:1 [0] NCCL INFO               + NET[25.0] - NET/0-1 (0/4a127f000347bb4c/1/25.000000)
spark2:1:1 [0] NCCL INFO               + NET[25.0] - GIN/0-1
spark2:1:1 [0] NCCL INFO               + NET[25.0] - RMA/0-1
spark2:1:1 [0] NCCL INFO + PCI[0.2] - DEV/0-f01000 (10de2e1210de0000)
spark2:1:1 [0] NCCL INFO              + LOC[5000.0] - GPU/0-f01000
spark2:1:1 [0] NCCL INFO              + C2C[345.0] - CPU/0-ffffffffffffff
spark2:1:1 [0] NCCL INFO ==========================================
spark2:1:1 [0] NCCL INFO GPU/0-f01000 :GPU/0-f01000 (0/5000.0/LOC) CPU/0-ffffffffffffff (2/345.0/C2C) NET/0-0 (4/12.0/P2C) NET/0-1 (4/12.0/P2C) GIN/0-0 (4/12.0/PHB) GIN/0-1 (4/12.0/PHB) RMA/0-0 (4/12.0/PHB) RMA/0-1 (4/12.0/PHB) DEV/0-f01000 (1/5000.0/LOC) 
spark2:1:1 [0] NCCL INFO NET/0-0 :GPU/0-f01000 (4/12.0/P2C) CPU/0-ffffffffffffff (2/12.0/PHB) NET/0-0 (0/5000.0/LOC) NET/0-1 (4/12.0/PHB) GIN/0-0 (2/25.0/LOC) GIN/0-1 (4/12.0/PHB) RMA/0-0 (2/25.0/LOC) RMA/0-1 (4/12.0/PHB) DEV/0-f01000 (3/12.0/PHB) 
spark2:1:1 [0] NCCL INFO NET/0-1 :GPU/0-f01000 (4/12.0/P2C) CPU/0-ffffffffffffff (2/12.0/PHB) NET/0-0 (4/12.0/PHB) NET/0-1 (0/5000.0/LOC) GIN/0-0 (4/12.0/PHB) GIN/0-1 (2/25.0/LOC) RMA/0-0 (4/12.0/PHB) RMA/0-1 (2/25.0/LOC) DEV/0-f01000 (3/12.0/PHB) 
spark2:1:1 [0] NCCL INFO GIN/0-0 :GPU/0-f01000 (4/12.0/PHB) CPU/0-ffffffffffffff (2/12.0/PHB) NET/0-0 (2/25.0/LOC) NET/0-1 (4/12.0/PHB) GIN/0-0 (0/5000.0/LOC) GIN/0-1 (4/12.0/PHB) RMA/0-0 (2/25.0/LOC) RMA/0-1 (4/12.0/PHB) DEV/0-f01000 (3/12.0/PHB) 
spark2:1:1 [0] NCCL INFO GIN/0-1 :GPU/0-f01000 (4/12.0/PHB) CPU/0-ffffffffffffff (2/12.0/PHB) NET/0-0 (4/12.0/PHB) NET/0-1 (2/25.0/LOC) GIN/0-0 (4/12.0/PHB) GIN/0-1 (0/5000.0/LOC) RMA/0-0 (4/12.0/PHB) RMA/0-1 (2/25.0/LOC) DEV/0-f01000 (3/12.0/PHB) 
spark2:1:1 [0] NCCL INFO RMA/0-0 :GPU/0-f01000 (4/12.0/PHB) CPU/0-ffffffffffffff (2/12.0/PHB) NET/0-0 (2/25.0/LOC) NET/0-1 (4/12.0/PHB) GIN/0-0 (2/25.0/LOC) GIN/0-1 (4/12.0/PHB) RMA/0-0 (0/5000.0/LOC) RMA/0-1 (4/12.0/PHB) DEV/0-f01000 (3/12.0/PHB) 
spark2:1:1 [0] NCCL INFO RMA/0-1 :GPU/0-f01000 (4/12.0/PHB) CPU/0-ffffffffffffff (2/12.0/PHB) NET/0-0 (4/12.0/PHB) NET/0-1 (2/25.0/LOC) GIN/0-0 (4/12.0/PHB) GIN/0-1 (2/25.0/LOC) RMA/0-0 (4/12.0/PHB) RMA/0-1 (0/5000.0/LOC) DEV/0-f01000 (3/12.0/PHB) 
spark2:1:1 [0] NCCL INFO ncclTopoGetCpuAffinity: Affinity for GPU 0 is empty, ignoring. (GPU affinity =  ; CPU affinity = 0-19).
spark2:1:1 [0] NCCL INFO Pattern 4, crossNic 0, nChannels 32, bw 0.240000/0.240000, type LOC/P2C, sameChannels 1
spark2:1:1 [0] NCCL INFO  0 : NET/0-0 GPU/0-f01000 NET/0-0
spark2:1:1 [0] NCCL INFO  1 : NET/0-1 GPU/0-f01000 NET/0-0
spark2:1:1 [0] NCCL INFO  2 : NET/0-0 GPU/0-f01000 NET/0-0
spark2:1:1 [0] NCCL INFO  3 : NET/0-1 GPU/0-f01000 NET/0-0
spark2:1:1 [0] NCCL INFO  4 : NET/0-0 GPU/0-f01000 NET/0-0
spark2:1:1 [0] NCCL INFO  5 : NET/0-1 GPU/0-f01000 NET/0-0
spark2:1:1 [0] NCCL INFO  6 : NET/0-0 GPU/0-f01000 NET/0-0
spark2:1:1 [0] NCCL INFO  7 : NET/0-1 GPU/0-f01000 NET/0-0
spark2:1:1 [0] NCCL INFO  8 : NET/0-0 GPU/0-f01000 NET/0-0
spark2:1:1 [0] NCCL INFO  9 : NET/0-1 GPU/0-f01000 NET/0-0
spark2:1:1 [0] NCCL INFO 10 : NET/0-0 GPU/0-f01000 NET/0-0
spark2:1:1 [0] NCCL INFO 11 : NET/0-1 GPU/0-f01000 NET/0-0
spark2:1:1 [0] NCCL INFO 12 : NET/0-0 GPU/0-f01000 NET/0-0
spark2:1:1 [0] NCCL INFO 13 : NET/0-1 GPU/0-f01000 NET/0-0
spark2:1:1 [0] NCCL INFO 14 : NET/0-0 GPU/0-f01000 NET/0-0
spark2:1:1 [0] NCCL INFO 15 : NET/0-1 GPU/0-f01000 NET/0-0
spark2:1:1 [0] NCCL INFO 16 : NET/0-0 GPU/0-f01000 NET/0-0
spark2:1:1 [0] NCCL INFO 17 : NET/0-1 GPU/0-f01000 NET/0-0
spark2:1:1 [0] NCCL INFO 18 : NET/0-0 GPU/0-f01000 NET/0-0
spark2:1:1 [0] NCCL INFO 19 : NET/0-1 GPU/0-f01000 NET/0-0
spark2:1:1 [0] NCCL INFO 20 : NET/0-0 GPU/0-f01000 NET/0-0
spark2:1:1 [0] NCCL INFO 21 : NET/0-1 GPU/0-f01000 NET/0-0
spark2:1:1 [0] NCCL INFO 22 : NET/0-0 GPU/0-f01000 NET/0-0
spark2:1:1 [0] NCCL INFO 23 : NET/0-1 GPU/0-f01000 NET/0-0
spark2:1:1 [0] NCCL INFO 24 : NET/0-0 GPU/0-f01000 NET/0-0
spark2:1:1 [0] NCCL INFO 25 : NET/0-1 GPU/0-f01000 NET/0-0
spark2:1:1 [0] NCCL INFO 26 : NET/0-0 GPU/0-f01000 NET/0-0
spark2:1:1 [0] NCCL INFO 27 : NET/0-1 GPU/0-f01000 NET/0-0
spark2:1:1 [0] NCCL INFO 28 : NET/0-0 GPU/0-f01000 NET/0-0
spark2:1:1 [0] NCCL INFO 29 : NET/0-1 GPU/0-f01000 NET/0-0
spark2:1:1 [0] NCCL INFO 30 : NET/0-0 GPU/0-f01000 NET/0-0
spark2:1:1 [0] NCCL INFO 31 : NET/0-1 GPU/0-f01000 NET/0-0
spark2:1:1 [0] NCCL INFO Pattern 3, crossNic 0, nChannels 32, bw 0.240000/0.120000, type LOC/P2C, sameChannels 1
spark2:1:1 [0] NCCL INFO  0 : NET/0-0 GPU/0-f01000 NET/0-0
spark2:1:1 [0] NCCL INFO  1 : NET/0-1 GPU/0-f01000 NET/0-1
spark2:1:1 [0] NCCL INFO  2 : NET/0-0 GPU/0-f01000 NET/0-0
spark2:1:1 [0] NCCL INFO  3 : NET/0-1 GPU/0-f01000 NET/0-1
spark2:1:1 [0] NCCL INFO  4 : NET/0-0 GPU/0-f01000 NET/0-0
spark2:1:1 [0] NCCL INFO  5 : NET/0-1 GPU/0-f01000 NET/0-1
spark2:1:1 [0] NCCL INFO  6 : NET/0-0 GPU/0-f01000 NET/0-0
spark2:1:1 [0] NCCL INFO  7 : NET/0-1 GPU/0-f01000 NET/0-1
spark2:1:1 [0] NCCL INFO  8 : NET/0-0 GPU/0-f01000 NET/0-0
spark2:1:1 [0] NCCL INFO  9 : NET/0-1 GPU/0-f01000 NET/0-1
spark2:1:1 [0] NCCL INFO 10 : NET/0-0 GPU/0-f01000 NET/0-0
spark2:1:1 [0] NCCL INFO 11 : NET/0-1 GPU/0-f01000 NET/0-1
spark2:1:1 [0] NCCL INFO 12 : NET/0-0 GPU/0-f01000 NET/0-0
spark2:1:1 [0] NCCL INFO 13 : NET/0-1 GPU/0-f01000 NET/0-1
spark2:1:1 [0] NCCL INFO 14 : NET/0-0 GPU/0-f01000 NET/0-0
spark2:1:1 [0] NCCL INFO 15 : NET/0-1 GPU/0-f01000 NET/0-1
spark2:1:1 [0] NCCL INFO 16 : NET/0-0 GPU/0-f01000 NET/0-0
spark2:1:1 [0] NCCL INFO 17 : NET/0-1 GPU/0-f01000 NET/0-1
spark2:1:1 [0] NCCL INFO 18 : NET/0-0 GPU/0-f01000 NET/0-0
spark2:1:1 [0] NCCL INFO 19 : NET/0-1 GPU/0-f01000 NET/0-1
spark2:1:1 [0] NCCL INFO 20 : NET/0-0 GPU/0-f01000 NET/0-0
spark2:1:1 [0] NCCL INFO 21 : NET/0-1 GPU/0-f01000 NET/0-1
spark2:1:1 [0] NCCL INFO 22 : NET/0-0 GPU/0-f01000 NET/0-0
spark2:1:1 [0] NCCL INFO 23 : NET/0-1 GPU/0-f01000 NET/0-1
spark2:1:1 [0] NCCL INFO 24 : NET/0-0 GPU/0-f01000 NET/0-0
spark2:1:1 [0] NCCL INFO 25 : NET/0-1 GPU/0-f01000 NET/0-1
spark2:1:1 [0] NCCL INFO 26 : NET/0-0 GPU/0-f01000 NET/0-0
spark2:1:1 [0] NCCL INFO 27 : NET/0-1 GPU/0-f01000 NET/0-1
spark2:1:1 [0] NCCL INFO 28 : NET/0-0 GPU/0-f01000 NET/0-0
spark2:1:1 [0] NCCL INFO 29 : NET/0-1 GPU/0-f01000 NET/0-1
spark2:1:1 [0] NCCL INFO 30 : NET/0-0 GPU/0-f01000 NET/0-0
spark2:1:1 [0] NCCL INFO 31 : NET/0-1 GPU/0-f01000 NET/0-1
spark2:1:1 [0] NCCL INFO Rank 1: 2 Net devices
spark2:1:1 [0] NCCL INFO Rank 1: 0 CollNet devices
spark2:1:1 [0] NCCL INFO comm 0x1dbaa320 rank 1 nRanks 2 nNodes 2 localRanks 1 localRank 0 MNNVL 0
spark2:1:1 [0] NCCL INFO Tree 0 : 0 -> 1 -> -1/-1/-1
spark2:1:1 [0] NCCL INFO Tree 32 : -1 -> 1 -> 0/-1/-1
spark2:1:1 [0] NCCL INFO Tree 1 : 0 -> 1 -> -1/-1/-1
spark2:1:1 [0] NCCL INFO Tree 33 : -1 -> 1 -> 0/-1/-1
spark2:1:1 [0] NCCL INFO Tree 2 : 0 -> 1 -> -1/-1/-1
spark2:1:1 [0] NCCL INFO Tree 34 : -1 -> 1 -> 0/-1/-1
spark2:1:1 [0] NCCL INFO Tree 3 : 0 -> 1 -> -1/-1/-1
spark2:1:1 [0] NCCL INFO Tree 35 : -1 -> 1 -> 0/-1/-1
spark2:1:1 [0] NCCL INFO Tree 4 : 0 -> 1 -> -1/-1/-1
spark2:1:1 [0] NCCL INFO Tree 36 : -1 -> 1 -> 0/-1/-1
spark2:1:1 [0] NCCL INFO Tree 5 : 0 -> 1 -> -1/-1/-1
spark2:1:1 [0] NCCL INFO Tree 37 : -1 -> 1 -> 0/-1/-1
spark2:1:1 [0] NCCL INFO Tree 6 : 0 -> 1 -> -1/-1/-1
spark2:1:1 [0] NCCL INFO Tree 38 : -1 -> 1 -> 0/-1/-1
spark2:1:1 [0] NCCL INFO Tree 7 : 0 -> 1 -> -1/-1/-1
spark2:1:1 [0] NCCL INFO Tree 39 : -1 -> 1 -> 0/-1/-1
spark2:1:1 [0] NCCL INFO Tree 8 : 0 -> 1 -> -1/-1/-1
spark2:1:1 [0] NCCL INFO Tree 40 : -1 -> 1 -> 0/-1/-1
spark2:1:1 [0] NCCL INFO Tree 9 : 0 -> 1 -> -1/-1/-1
spark2:1:1 [0] NCCL INFO Tree 41 : -1 -> 1 -> 0/-1/-1
spark2:1:1 [0] NCCL INFO Tree 10 : 0 -> 1 -> -1/-1/-1
spark2:1:1 [0] NCCL INFO Tree 42 : -1 -> 1 -> 0/-1/-1
spark2:1:1 [0] NCCL INFO Tree 11 : 0 -> 1 -> -1/-1/-1
spark2:1:1 [0] NCCL INFO Tree 43 : -1 -> 1 -> 0/-1/-1
spark2:1:1 [0] NCCL INFO Tree 12 : 0 -> 1 -> -1/-1/-1
spark2:1:1 [0] NCCL INFO Tree 44 : -1 -> 1 -> 0/-1/-1
spark2:1:1 [0] NCCL INFO Tree 13 : 0 -> 1 -> -1/-1/-1
spark2:1:1 [0] NCCL INFO Tree 45 : -1 -> 1 -> 0/-1/-1
spark2:1:1 [0] NCCL INFO Tree 14 : 0 -> 1 -> -1/-1/-1
spark2:1:1 [0] NCCL INFO Tree 46 : -1 -> 1 -> 0/-1/-1
spark2:1:1 [0] NCCL INFO Tree 15 : 0 -> 1 -> -1/-1/-1
spark2:1:1 [0] NCCL INFO Tree 47 : -1 -> 1 -> 0/-1/-1
spark2:1:1 [0] NCCL INFO Tree 16 : 0 -> 1 -> -1/-1/-1
spark2:1:1 [0] NCCL INFO Tree 48 : -1 -> 1 -> 0/-1/-1
spark2:1:1 [0] NCCL INFO Tree 17 : 0 -> 1 -> -1/-1/-1
spark2:1:1 [0] NCCL INFO Tree 49 : -1 -> 1 -> 0/-1/-1
spark2:1:1 [0] NCCL INFO Tree 18 : 0 -> 1 -> -1/-1/-1
spark2:1:1 [0] NCCL INFO Tree 50 : -1 -> 1 -> 0/-1/-1
spark2:1:1 [0] NCCL INFO Tree 19 : 0 -> 1 -> -1/-1/-1
spark2:1:1 [0] NCCL INFO Tree 51 : -1 -> 1 -> 0/-1/-1
spark2:1:1 [0] NCCL INFO Tree 20 : 0 -> 1 -> -1/-1/-1
spark2:1:1 [0] NCCL INFO Tree 52 : -1 -> 1 -> 0/-1/-1
spark2:1:1 [0] NCCL INFO Tree 21 : 0 -> 1 -> -1/-1/-1
spark2:1:1 [0] NCCL INFO Tree 53 : -1 -> 1 -> 0/-1/-1
spark2:1:1 [0] NCCL INFO Tree 22 : 0 -> 1 -> -1/-1/-1
spark2:1:1 [0] NCCL INFO Tree 54 : -1 -> 1 -> 0/-1/-1
spark2:1:1 [0] NCCL INFO Tree 23 : 0 -> 1 -> -1/-1/-1
spark2:1:1 [0] NCCL INFO Tree 55 : -1 -> 1 -> 0/-1/-1
spark2:1:1 [0] NCCL INFO Tree 24 : 0 -> 1 -> -1/-1/-1
spark2:1:1 [0] NCCL INFO Tree 56 : -1 -> 1 -> 0/-1/-1
spark2:1:1 [0] NCCL INFO Tree 25 : 0 -> 1 -> -1/-1/-1
spark2:1:1 [0] NCCL INFO Tree 57 : -1 -> 1 -> 0/-1/-1
spark2:1:1 [0] NCCL INFO Tree 26 : 0 -> 1 -> -1/-1/-1
spark2:1:1 [0] NCCL INFO Tree 58 : -1 -> 1 -> 0/-1/-1
spark2:1:1 [0] NCCL INFO Tree 27 : 0 -> 1 -> -1/-1/-1
spark2:1:1 [0] NCCL INFO Tree 59 : -1 -> 1 -> 0/-1/-1
spark2:1:1 [0] NCCL INFO Tree 28 : 0 -> 1 -> -1/-1/-1
spark2:1:1 [0] NCCL INFO Tree 60 : -1 -> 1 -> 0/-1/-1
spark2:1:1 [0] NCCL INFO Tree 29 : 0 -> 1 -> -1/-1/-1
spark2:1:1 [0] NCCL INFO Tree 61 : -1 -> 1 -> 0/-1/-1
spark2:1:1 [0] NCCL INFO Tree 30 : 0 -> 1 -> -1/-1/-1
spark2:1:1 [0] NCCL INFO Tree 62 : -1 -> 1 -> 0/-1/-1
spark2:1:1 [0] NCCL INFO Tree 31 : 0 -> 1 -> -1/-1/-1
spark2:1:1 [0] NCCL INFO Tree 63 : -1 -> 1 -> 0/-1/-1
spark2:1:1 [0] NCCL INFO Ring 00 : 0 -> 1 -> 0
spark2:1:1 [0] NCCL INFO Ring 01 : 0 -> 1 -> 0
spark2:1:1 [0] NCCL INFO Ring 02 : 0 -> 1 -> 0
spark2:1:1 [0] NCCL INFO Ring 03 : 0 -> 1 -> 0
spark2:1:1 [0] NCCL INFO Ring 04 : 0 -> 1 -> 0
spark2:1:1 [0] NCCL INFO Ring 05 : 0 -> 1 -> 0
spark2:1:1 [0] NCCL INFO Ring 06 : 0 -> 1 -> 0
spark2:1:1 [0] NCCL INFO Ring 07 : 0 -> 1 -> 0
spark2:1:1 [0] NCCL INFO Trees [0] -1/-1/-1->1->0 [1] -1/-1/-1->1->0 [2] -1/-1/-1->1->0 [3] -1/-1/-1->1->0 [4] -1/-1/-1->1->0 [5] -1/-1/-1->1->0 [6] -1/-1/-1->1->0 [7] -1/-1/-1->1->0
spark2:1:1 [0] NCCL INFO P2P Chunksize set to 131072
spark2:1:1 [0] NCCL INFO Tuning P2P operations with maxP2pPeers = 2
spark2:1:1 [0] NCCL INFO ncclOsDlopen(libnccl-profiler.so) failed: libnccl-profiler.so: cannot open shared object file: No such file or directory
spark2:1:1 [0] NCCL INFO PROFILER/Plugin: Could not find: libnccl-profiler.so
spark2:1:1 [0] NCCL INFO Check P2P Type isAllDirectP2p 1 directMode 0 isAllCudaP2p 1
spark2:1:1 [0] NCCL INFO ncclP2pSchedule: group size used is 1
spark2:1:82 [0] NCCL INFO [Proxy Service] Device 0 CPU core 10
spark2:1:83 [0] NCCL INFO [Proxy Service UDS] Device 0 CPU core 9
spark2:1:82 [0] NCCL INFO proxy listening socket at 10.100.8.2<41271>
spark2:1:84 [0] NCCL INFO [Proxy Progress] Device 0 CPU core 9
spark2:1:1 [0] NCCL INFO Channel 00/0 : 0[0] -> 1[0] [receive] via NET/IB/0
spark2:1:1 [0] NCCL INFO Channel 01/0 : 0[0] -> 1[0] [receive] via NET/IB/1
spark2:1:1 [0] NCCL INFO Channel 02/0 : 0[0] -> 1[0] [receive] via NET/IB/0
spark2:1:1 [0] NCCL INFO Channel 03/0 : 0[0] -> 1[0] [receive] via NET/IB/1
spark2:1:1 [0] NCCL INFO Channel 04/0 : 0[0] -> 1[0] [receive] via NET/IB/0
spark2:1:1 [0] NCCL INFO Channel 05/0 : 0[0] -> 1[0] [receive] via NET/IB/1
spark2:1:1 [0] NCCL INFO Channel 06/0 : 0[0] -> 1[0] [receive] via NET/IB/0
spark2:1:1 [0] NCCL INFO Channel 07/0 : 0[0] -> 1[0] [receive] via NET/IB/1
spark2:1:1 [0] NCCL INFO Channel 00/0 : 1[0] -> 0[0] [send] via NET/IB/0
spark2:1:1 [0] NCCL INFO Channel 01/0 : 1[0] -> 0[0] [send] via NET/IB/1
spark2:1:1 [0] NCCL INFO Channel 02/0 : 1[0] -> 0[0] [send] via NET/IB/0
spark2:1:1 [0] NCCL INFO Channel 03/0 : 1[0] -> 0[0] [send] via NET/IB/1
spark2:1:1 [0] NCCL INFO Channel 04/0 : 1[0] -> 0[0] [send] via NET/IB/0
spark2:1:1 [0] NCCL INFO Channel 05/0 : 1[0] -> 0[0] [send] via NET/IB/1
spark2:1:1 [0] NCCL INFO Channel 06/0 : 1[0] -> 0[0] [send] via NET/IB/0
spark2:1:1 [0] NCCL INFO Channel 07/0 : 1[0] -> 0[0] [send] via NET/IB/1
spark2:1:82 [0] NCCL INFO NET/IB: ncclIbResiliencyInit: Resiliency is disabled on the send communicator (comm=0xe48cb0014000)
spark2:1:82 [0] NCCL INFO NET/IB: ncclIbResiliencyInit: Resiliency is disabled on the recv communicator (comm=0xe48cb0058000)
spark2:1:82 [0] NCCL INFO NET/IB: ncclIbRecvCommInit: Receive work requests will be posted on-demand
spark2:1:82 [0] NCCL INFO NET/IB: ncclIbResiliencyInit: Resiliency is disabled on the send communicator (comm=0xe48cb00a0000)
spark2:1:82 [0] NCCL INFO NET/IB: ncclIbSenderQpsCreate: QP created: port=1 dev=0 devName=rocep1s0f1 ndevs=2 nmdevs=2 qp_num=46700 pkey=0 pd=0xe48cb0013f20 oooRq=0
spark2:1:82 [0] NCCL INFO NET/IB: ncclIbConnectImpl: NCCL Dev 0 IbDev 0 Port 1 qp_num 46700 mtu 3 GID 4 (0/208640AFFFF0000) ctsFifoRkey=0x1b1714 ctsFifoLkey=0x1b1714
spark2:1:82 [0] NCCL INFO NET/IB: ncclIbConnectImpl: IbDev 0 Port 1 qp_num 46700 query_ece={supported=1, vendor_id=0x15b3, options=0x30000002, comp_mask=0x0}
spark2:1:82 [0] NCCL INFO NET/IB: ncclIbSenderQpsCreate: QP created: port=1 dev=1 devName=roceP2p1s0f1 ndevs=2 nmdevs=2 qp_num=800 pkey=0 pd=0xe48cb0013f90 oooRq=0
spark2:1:82 [0] NCCL INFO NET/IB: ncclIbConnectImpl: NCCL Dev 1 IbDev 1 Port 1 qp_num 800 mtu 3 GID 3 (0/209640AFFFF0000) ctsFifoRkey=0x1daba8 ctsFifoLkey=0x1daba8
spark2:1:82 [0] NCCL INFO NET/IB: ncclIbConnectImpl: IbDev 1 Port 1 qp_num 800 query_ece={supported=1, vendor_id=0x15b3, options=0x30000002, comp_mask=0x0}
spark2:1:82 [0] NCCL INFO NET/IB: ncclIbResiliencyInit: Resiliency is disabled on the recv communicator (comm=0xe48cb015c000)
spark2:1:82 [0] NCCL INFO NET/IB: ncclIbRecvCommInit: Receive work requests will be posted on-demand
spark2:1:82 [0] NCCL INFO NET/IB: ncclIbReceiverQpsCreateToRts: QP created: port=1 dev=0 devName=rocep1s0f1 ndevs=2 nmdevs=2 qp_num=46701 pkey=0 pd=0xe48cb0013f20 oooRq=0
spark2:1:82 [0] NCCL INFO NET/IB: ncclIbReceiverQpsCreateToRts: Flush QP created: port=1 dev=0 devName=rocep1s0f1 ndevs=2 nmdevs=2 qp_num=46702 pkey=0 pd=0xe48cb0013f20
spark2:1:82 [0] NCCL INFO NET/IB: ncclIbResiliencyInit: Resiliency is disabled on the send communicator (comm=0xe48cb01f4000)
spark2:1:82 [0] NCCL INFO NET/IB: ncclIbSenderQpsToRts: Set ECE: IbDev 0 Port 1 qp_num 46700 set_ece={supported=1, vendor_id=0x15b3, options=0x30000002, comp_mask=0x0}
spark2:1:82 [0] NCCL INFO NET/IB: ncclIbReceiverQpsCreateToRts: QP created: port=1 dev=1 devName=roceP2p1s0f1 ndevs=2 nmdevs=2 qp_num=801 pkey=0 pd=0xe48cb0013f90 oooRq=0
spark2:1:82 [0] NCCL INFO NET/IB: ncclIbReceiverQpsCreateToRts: Flush QP created: port=1 dev=1 devName=roceP2p1s0f1 ndevs=2 nmdevs=2 qp_num=802 pkey=0 pd=0xe48cb0013f90
spark2:1:82 [0] NCCL INFO NET/IB: ncclIbSenderQpsCreate: QP created: port=1 dev=0 devName=rocep1s0f1 ndevs=2 nmdevs=2 qp_num=46703 pkey=0 pd=0xe48cb0013f20 oooRq=0
spark2:1:82 [0] NCCL INFO NET/IB: ncclIbConnectImpl: NCCL Dev 0 IbDev 0 Port 1 qp_num 46703 mtu 3 GID 4 (0/208640AFFFF0000) ctsFifoRkey=0x1bbdba ctsFifoLkey=0x1bbdba
spark2:1:82 [0] NCCL INFO NET/IB: ncclIbConnectImpl: IbDev 0 Port 1 qp_num 46703 query_ece={supported=1, vendor_id=0x15b3, options=0x30000002, comp_mask=0x0}
spark2:1:82 [0] NCCL INFO NET/IB: ncclIbResiliencyInit: Resiliency is disabled on the recv communicator (comm=0xe48cb02b8000)
spark2:1:82 [0] NCCL INFO NET/IB: ncclIbRecvCommInit: Receive work requests will be posted on-demand
spark2:1:82 [0] NCCL INFO NET/IB: ncclIbSenderQpsToRts: Set ECE: IbDev 1 Port 1 qp_num 800 set_ece={supported=1, vendor_id=0x15b3, options=0x30000002, comp_mask=0x0}
spark2:1:82 [0] NCCL INFO NET/IB: ncclIbReceiverQpsCreateToRts: QP created: port=1 dev=0 devName=rocep1s0f1 ndevs=2 nmdevs=2 qp_num=46704 pkey=0 pd=0xe48cb0013f20 oooRq=0
spark2:1:82 [0] NCCL INFO NET/IB: ncclIbReceiverQpsCreateToRts: Flush QP created: port=1 dev=0 devName=rocep1s0f1 ndevs=2 nmdevs=2 qp_num=46705 pkey=0 pd=0xe48cb0013f20
spark2:1:82 [0] NCCL INFO NET/IB: ncclIbResiliencyInit: Resiliency is disabled on the send communicator (comm=0xe48cb0348000)
spark2:1:82 [0] NCCL INFO NET/IB: ncclIbSenderQpsToRts: Set ECE: IbDev 0 Port 1 qp_num 46703 set_ece={supported=1, vendor_id=0x15b3, options=0x30000002, comp_mask=0x0}
spark2:1:82 [0] NCCL INFO NET/IB: ncclIbResiliencyInit: Resiliency is disabled on the recv communicator (comm=0xe48cb038c000)
spark2:1:82 [0] NCCL INFO NET/IB: ncclIbRecvCommInit: Receive work requests will be posted on-demand
spark2:1:82 [0] NCCL INFO NET/IB: ncclIbResiliencyInit: Resiliency is disabled on the send communicator (comm=0xe48cb03d1000)
spark2:1:82 [0] NCCL INFO NET/IB: ncclIbSenderQpsCreate: QP created: port=1 dev=1 devName=roceP2p1s0f1 ndevs=2 nmdevs=2 qp_num=803 pkey=0 pd=0xe48cb0013f90 oooRq=0
spark2:1:82 [0] NCCL INFO NET/IB: ncclIbConnectImpl: NCCL Dev 1 IbDev 1 Port 1 qp_num 803 mtu 3 GID 3 (0/209640AFFFF0000) ctsFifoRkey=0x18d5cb ctsFifoLkey=0x18d5cb
spark2:1:82 [0] NCCL INFO NET/IB: ncclIbConnectImpl: IbDev 1 Port 1 qp_num 803 query_ece={supported=1, vendor_id=0x15b3, options=0x30000002, comp_mask=0x0}
spark2:1:82 [0] NCCL INFO NET/IB: ncclIbResiliencyInit: Resiliency is disabled on the recv communicator (comm=0xe48cb0444000)
spark2:1:82 [0] NCCL INFO NET/IB: ncclIbRecvCommInit: Receive work requests will be posted on-demand
spark2:1:82 [0] NCCL INFO NET/IB: ncclIbReceiverQpsCreateToRts: QP created: port=1 dev=1 devName=roceP2p1s0f1 ndevs=2 nmdevs=2 qp_num=804 pkey=0 pd=0xe48cb0013f90 oooRq=0
spark2:1:82 [0] NCCL INFO NET/IB: ncclIbReceiverQpsCreateToRts: Flush QP created: port=1 dev=1 devName=roceP2p1s0f1 ndevs=2 nmdevs=2 qp_num=805 pkey=0 pd=0xe48cb0013f90
spark2:1:82 [0] NCCL INFO NET/IB: ncclIbSenderQpsCreate: QP created: port=1 dev=0 devName=rocep1s0f1 ndevs=2 nmdevs=2 qp_num=46706 pkey=0 pd=0xe48cb0013f20 oooRq=0
spark2:1:82 [0] NCCL INFO NET/IB: ncclIbConnectImpl: NCCL Dev 0 IbDev 0 Port 1 qp_num 46706 mtu 3 GID 4 (0/208640AFFFF0000) ctsFifoRkey=0x1a9795 ctsFifoLkey=0x1a9795
spark2:1:82 [0] NCCL INFO NET/IB: ncclIbConnectImpl: IbDev 0 Port 1 qp_num 46706 query_ece={supported=1, vendor_id=0x15b3, options=0x30000002, comp_mask=0x0}
spark2:1:82 [0] NCCL INFO NET/IB: ncclIbReceiverQpsCreateToRts: QP created: port=1 dev=0 devName=rocep1s0f1 ndevs=2 nmdevs=2 qp_num=46707 pkey=0 pd=0xe48cb0013f20 oooRq=0
spark2:1:82 [0] NCCL INFO NET/IB: ncclIbReceiverQpsCreateToRts: Flush QP created: port=1 dev=0 devName=rocep1s0f1 ndevs=2 nmdevs=2 qp_num=46708 pkey=0 pd=0xe48cb0013f20
spark2:1:82 [0] NCCL INFO NET/IB: ncclIbResiliencyInit: Resiliency is disabled on the send communicator (comm=0xe48cb055d000)
spark2:1:82 [0] NCCL INFO NET/IB: ncclIbSenderQpsToRts: Set ECE: IbDev 1 Port 1 qp_num 803 set_ece={supported=1, vendor_id=0x15b3, options=0x30000002, comp_mask=0x0}
spark2:1:82 [0] NCCL INFO NET/IB: ncclIbSenderQpsToRts: Set ECE: IbDev 0 Port 1 qp_num 46706 set_ece={supported=1, vendor_id=0x15b3, options=0x30000002, comp_mask=0x0}
spark2:1:82 [0] NCCL INFO NET/IB: ncclIbSenderQpsCreate: QP created: port=1 dev=1 devName=roceP2p1s0f1 ndevs=2 nmdevs=2 qp_num=806 pkey=0 pd=0xe48cb0013f90 oooRq=0
spark2:1:82 [0] NCCL INFO NET/IB: ncclIbConnectImpl: NCCL Dev 1 IbDev 1 Port 1 qp_num 806 mtu 3 GID 3 (0/209640AFFFF0000) ctsFifoRkey=0x1ca3a0 ctsFifoLkey=0x1ca3a0
spark2:1:82 [0] NCCL INFO NET/IB: ncclIbConnectImpl: IbDev 1 Port 1 qp_num 806 query_ece={supported=1, vendor_id=0x15b3, options=0x30000002, comp_mask=0x0}
spark2:1:82 [0] NCCL INFO NET/IB: ncclIbResiliencyInit: Resiliency is disabled on the recv communicator (comm=0xe48cb05cf000)
spark2:1:82 [0] NCCL INFO NET/IB: ncclIbRecvCommInit: Receive work requests will be posted on-demand
spark2:1:82 [0] NCCL INFO NET/IB: ncclIbResiliencyInit: Resiliency is disabled on the send communicator (comm=0xe48cb0614000)
spark2:1:82 [0] NCCL INFO NET/IB: ncclIbResiliencyInit: Resiliency is disabled on the recv communicator (comm=0xe48cb0655000)
spark2:1:82 [0] NCCL INFO NET/IB: ncclIbRecvCommInit: Receive work requests will be posted on-demand
spark2:1:82 [0] NCCL INFO NET/IB: ncclIbResiliencyInit: Resiliency is disabled on the send communicator (comm=0xe48cb069d000)
spark2:1:82 [0] NCCL INFO NET/IB: ncclIbResiliencyInit: Resiliency is disabled on the recv communicator (comm=0xe48cb06e1000)
spark2:1:82 [0] NCCL INFO NET/IB: ncclIbRecvCommInit: Receive work requests will be posted on-demand
spark2:1:82 [0] NCCL INFO NET/IB: ncclIbReceiverQpsCreateToRts: QP created: port=1 dev=1 devName=roceP2p1s0f1 ndevs=2 nmdevs=2 qp_num=807 pkey=0 pd=0xe48cb0013f90 oooRq=0
spark2:1:82 [0] NCCL INFO NET/IB: ncclIbReceiverQpsCreateToRts: Flush QP created: port=1 dev=1 devName=roceP2p1s0f1 ndevs=2 nmdevs=2 qp_num=808 pkey=0 pd=0xe48cb0013f90
spark2:1:82 [0] NCCL INFO NET/IB: ncclIbSenderQpsToRts: Set ECE: IbDev 1 Port 1 qp_num 806 set_ece={supported=1, vendor_id=0x15b3, options=0x30000002, comp_mask=0x0}
spark2:1:82 [0] NCCL INFO NET/IB: ncclIbSenderQpsCreate: QP created: port=1 dev=0 devName=rocep1s0f1 ndevs=2 nmdevs=2 qp_num=46709 pkey=0 pd=0xe48cb0013f20 oooRq=0
spark2:1:82 [0] NCCL INFO NET/IB: ncclIbConnectImpl: NCCL Dev 0 IbDev 0 Port 1 qp_num 46709 mtu 3 GID 4 (0/208640AFFFF0000) ctsFifoRkey=0x1b8986 ctsFifoLkey=0x1b8986
spark2:1:82 [0] NCCL INFO NET/IB: ncclIbConnectImpl: IbDev 0 Port 1 qp_num 46709 query_ece={supported=1, vendor_id=0x15b3, options=0x30000002, comp_mask=0x0}
spark2:1:82 [0] NCCL INFO NET/IB: ncclIbReceiverQpsCreateToRts: QP created: port=1 dev=0 devName=rocep1s0f1 ndevs=2 nmdevs=2 qp_num=46710 pkey=0 pd=0xe48cb0013f20 oooRq=0
spark2:1:82 [0] NCCL INFO NET/IB: ncclIbReceiverQpsCreateToRts: Flush QP created: port=1 dev=0 devName=rocep1s0f1 ndevs=2 nmdevs=2 qp_num=46711 pkey=0 pd=0xe48cb0013f20
spark2:1:82 [0] NCCL INFO NET/IB: ncclIbSenderQpsCreate: QP created: port=1 dev=1 devName=roceP2p1s0f1 ndevs=2 nmdevs=2 qp_num=809 pkey=0 pd=0xe48cb0013f90 oooRq=0
spark2:1:82 [0] NCCL INFO NET/IB: ncclIbConnectImpl: NCCL Dev 1 IbDev 1 Port 1 qp_num 809 mtu 3 GID 3 (0/209640AFFFF0000) ctsFifoRkey=0x1c5d5b ctsFifoLkey=0x1c5d5b
spark2:1:82 [0] NCCL INFO NET/IB: ncclIbConnectImpl: IbDev 1 Port 1 qp_num 809 query_ece={supported=1, vendor_id=0x15b3, options=0x30000002, comp_mask=0x0}
spark2:1:82 [0] NCCL INFO NET/IB: ncclIbReceiverQpsCreateToRts: QP created: port=1 dev=1 devName=roceP2p1s0f1 ndevs=2 nmdevs=2 qp_num=810 pkey=0 pd=0xe48cb0013f90 oooRq=0
spark2:1:82 [0] NCCL INFO NET/IB: ncclIbReceiverQpsCreateToRts: Flush QP created: port=1 dev=1 devName=roceP2p1s0f1 ndevs=2 nmdevs=2 qp_num=811 pkey=0 pd=0xe48cb0013f90
spark2:1:82 [0] NCCL INFO NET/IB: ncclIbSenderQpsToRts: Set ECE: IbDev 0 Port 1 qp_num 46709 set_ece={supported=1, vendor_id=0x15b3, options=0x30000002, comp_mask=0x0}
spark2:1:82 [0] NCCL INFO NET/IB: ncclIbSenderQpsToRts: Set ECE: IbDev 1 Port 1 qp_num 809 set_ece={supported=1, vendor_id=0x15b3, options=0x30000002, comp_mask=0x0}
spark2:1:1 [0] NCCL INFO Connected all rings, use ring PXN 0 GDR 0
spark2:1:1 [0] NCCL INFO Connected all trees
spark2:1:1 [0] NCCL INFO Connected binomial trees
spark2:1:1 [0] NCCL INFO ncclOsDlopen(libnccl-tuner.so) failed: libnccl-tuner.so: cannot open shared object file: No such file or directory
spark2:1:1 [0] NCCL INFO TUNER/Plugin: Could not find: libnccl-tuner.so
spark2:1:1 [0] NCCL INFO threadThresholds 8/8/64 | 16/8/64 | 512 | 512
spark2:1:1 [0] NCCL INFO 8 coll channels, 8 collnet channels, 0 nvls channels, 8 p2p channels, 2 p2p channels per peer
spark2:1:1 [0] NCCL INFO Symmetric memory is not supported. cuMemEnable 0, globalGinSupport 0, cuMemGdrSupport 0
spark2:1:1 [0] NCCL INFO ncclCommInitRankConfig comm 0x1dbaa320 rank 1 nranks 2 cudaDev 0 nvmlDev 0 busId f01000 commId 0xfcd03e55cc600007 - Init COMPLETE
spark2:1:1 [0] NCCL INFO Init timings - ncclCommInitRankConfig: rank 1 nranks 2 total 0.41 (kernels 0.18, alloc 0.04, bootstrap 0.04, allgathers 0.00, topo 0.02, graphs 0.00, connections 0.14, rest 0.00)
