{
 "nll": {
  "mxfp8_mean_of_runs": 0.243387,
  "mxfp8_range": [
   0.242797,
   0.244203
  ],
  "stock_mean_of_runs": 0.242942,
  "stock_range": [
   0.24236,
   0.243759
  ],
  "delta_stock_minus_mxfp8": -0.000445,
  "paired_per_passage_s12quick_minus_s8": {
   "mean_passage_delta": -0.000978,
   "stock_lower": 20,
   "stock_higher": 20,
   "max_abs": 0.02047
  },
  "control_per_passage_s3_minus_s8": {
   "mean_passage_delta": -0.00054,
   "max_abs": 0.02165
  }
 },
 "selfcons": {
  "pooled_aa_mxfp8": {
   "diverged": 65,
   "at_risk_tokens": 3358,
   "hazard": 0.01936
  },
  "pooled_aa_stock": {
   "diverged": 18,
   "at_risk_tokens": 744,
   "hazard": 0.02419
  },
  "pooled_cross_control_mxfp8": {
   "diverged": 929,
   "at_risk_tokens": 50081,
   "hazard": 0.01855
  },
  "pooled_cross_control_mxfp8_excl_mhc40": {
   "diverged": 495,
   "at_risk_tokens": 28472,
   "hazard": 0.01739
  },
  "pooled_cross_ab_stock_vs_mxfp8": {
   "diverged": 532,
   "at_risk_tokens": 26960,
   "hazard": 0.01973
  }
 },
 "rates": {
  "gsm8k": {
   "n": 100,
   "cur_only_wrong": 1,
   "base_only_wrong": 1,
   "delta_acc": 0.0,
   "delta_ci95_wald": [
    -0.0277,
    0.0277
   ],
   "mcnemar_exact_p": 1.0,
   "stock": {
    "k": 94,
    "n": 100,
    "rate": 0.94,
    "ci95": [
     0.8752,
     0.9722
    ]
   },
   "mxfp8": {
    "k": 94,
    "n": 100,
    "rate": 0.94,
    "ci95": [
     0.8752,
     0.9722
    ]
   }
  },
  "gsm8k_think": {
   "n": 40,
   "cur_only_wrong": 0,
   "base_only_wrong": 0,
   "delta_acc": 0.0,
   "delta_ci95_wald": [
    0.0,
    0.0
   ],
   "mcnemar_exact_p": 1.0,
   "stock": {
    "k": 38,
    "n": 40,
    "rate": 0.95,
    "ci95": [
     0.835,
     0.9862
    ]
   },
   "mxfp8": {
    "k": 38,
    "n": 40,
    "rate": 0.95,
    "ci95": [
     0.835,
     0.9862
    ]
   }
  },
  "mmlu": {
   "n": 228,
   "cur_only_wrong": 3,
   "base_only_wrong": 3,
   "delta_acc": 0.0,
   "delta_ci95_wald": [
    -0.0211,
    0.0211
   ],
   "mcnemar_exact_p": 1.0,
   "stock": {
    "k": 197,
    "n": 228,
    "rate": 0.864,
    "ci95": [
     0.8135,
     0.9025
    ]
   },
   "mxfp8": {
    "k": 197,
    "n": 228,
    "rate": 0.864,
    "ci95": [
     0.8135,
     0.9025
    ]
   }
  }
 },
 "tools": {
  "baseline-quick": [
   21,
   [
    "t17"
   ]
  ],
  "baseline-full": [
   21,
   [
    "t09"
   ]
  ],
  "s2": [
   21,
   [
    "t09"
   ]
  ],
  "s3": [
   21,
   [
    "t09"
   ]
  ],
  "s5": [
   21,
   [
    "t09"
   ]
  ],
  "s6": [
   21,
   [
    "t09"
   ]
  ],
  "s7": [
   21,
   [
    "t09"
   ]
  ],
  "s8": [
   20,
   [
    "t09",
    "t17"
   ]
  ],
  "s12-quick": [
   21,
   [
    "t09"
   ]
  ],
  "s12-full": [
   21,
   [
    "t09"
   ]
  ]
 }
}
