== micro ==
ctx=512 pp run=1 doc=470 ttft=0.93s rate=512.1 tok/s acc=-
ctx=512 pp run=2 doc=272 ttft=0.69s rate=399.1 tok/s acc=-
ctx=512 pp run=3 doc=14 ttft=1.13s rate=16.0 tok/s acc=-
ctx=512 tg run=1 doc=433 ttft=0.87s rate=22.3 tok/s acc=2.2857142857142856
ctx=512 tg run=2 doc=498 ttft=0.99s rate=33.3 tok/s acc=3.2
ctx=512 tg run=3 doc=352 ttft=0.89s rate=23.0 tok/s acc=2.6153846153846154
ctx=4096 pp run=1 doc=3955 ttft=5.43s rate=729.2 tok/s acc=-
ctx=4096 pp run=2 doc=4059 ttft=5.39s rate=754.2 tok/s acc=-
ctx=4096 pp run=3 doc=4026 ttft=7.41s rate=543.8 tok/s acc=-
ctx=4096 tg run=1 doc=3822 ttft=6.47s rate=26.3 tok/s acc=2.909090909090909
ctx=4096 tg run=2 doc=3600 ttft=6.25s rate=30.3 tok/s acc=3.3
ctx=4096 tg run=3 doc=3748 ttft=7.07s rate=18.2 tok/s acc=3.2
ctx=16384 pp run=1 doc=15938 ttft=32.83s rate=485.7 tok/s acc=-
ctx=16384 pp run=2 doc=15936 ttft=27.46s rate=580.5 tok/s acc=-
ctx=16384 pp run=3 doc=15464 ttft=25.19s rate=614.0 tok/s acc=-
ctx=16384 tg run=1 doc=15762 ttft=22.71s rate=33.6 tok/s acc=3.888888888888889
ctx=16384 tg run=2 doc=16046 ttft=23.47s rate=34.6 tok/s acc=4.0
ctx=16384 tg run=3 doc=15723 ttft=24.38s rate=23.9 tok/s acc=2.4615384615384617
ctx=65536 pp run=1 doc=63013 ttft=92.20s rate=683.5 tok/s acc=-
ctx=65536 pp run=2 doc=62982 ttft=89.49s rate=703.8 tok/s acc=-
ctx=65536 pp run=3 doc=63160 ttft=89.17s rate=708.3 tok/s acc=-
ctx=65536 tg run=1 doc=63244 ttft=89.86s rate=26.4 tok/s acc=2.666666666666667
ctx=65536 tg run=2 doc=63315 ttft=89.43s rate=29.8 tok/s acc=3.090909090909091
ctx=65536 tg run=3 doc=62844 ttft=88.74s rate=33.8 tok/s acc=3.5
SUMMARY [
 {
  "ctx": 512,
  "phase": "pp",
  "median_rate_tok_s": 399.1,
  "median_ttft_s": 0.93,
  "doc_tokens": 470,
  "acceptance_len": 0,
  "runs": 3
 },
 {
  "ctx": 512,
  "phase": "tg",
  "median_rate_tok_s": 23.0,
  "median_ttft_s": 0.89,
  "doc_tokens": 433,
  "acceptance_len": 2.62,
  "runs": 3
 },
 {
  "ctx": 4096,
  "phase": "pp",
  "median_rate_tok_s": 729.2,
  "median_ttft_s": 5.43,
  "doc_tokens": 3955,
  "acceptance_len": 0,
  "runs": 3
 },
 {
  "ctx": 4096,
  "phase": "tg",
  "median_rate_tok_s": 26.3,
  "median_ttft_s": 6.47,
  "doc_tokens": 3822,
  "acceptance_len": 3.2,
  "runs": 3
 },
 {
  "ctx": 16384,
  "phase": "pp",
  "median_rate_tok_s": 580.5,
  "median_ttft_s": 27.46,
  "doc_tokens": 15938,
  "acceptance_len": 0,
  "runs": 3
 },
 {
  "ctx": 16384,
  "phase": "tg",
  "median_rate_tok_s": 33.6,
  "median_ttft_s": 23.47,
  "doc_tokens": 15762,
  "acceptance_len": 3.89,
  "runs": 3
 },
 {
  "ctx": 65536,
  "phase": "pp",
  "median_rate_tok_s": 703.8,
  "median_ttft_s": 89.49,
  "doc_tokens": 63013,
  "acceptance_len": 0,
  "runs": 3
 },
 {
  "ctx": 65536,
  "phase": "tg",
  "median_rate_tok_s": 29.8,
  "median_ttft_s": 89.43,
  "doc_tokens": 63244,
  "acceptance_len": 3.09,
  "runs": 3
 }
]
