ctx=8192 pp_warm run=1 doc=8079 ttft=11.43s rate=707.0 tok/s acc=-
ctx=8192 pp_novel run=1 doc=8104 ttft=9.85s rate=823.4 tok/s acc=-
ctx=8192 tg run=1 doc=8088 ttft=10.31s rate=35.4 tok/s acc=2.5384615384615383
SUMMARY [
 {
  "ctx": 8192,
  "phase": "pp_warm",
  "median_rate_tok_s": 707.0,
  "median_ttft_s": 11.43,
  "doc_tokens": 8079,
  "acceptance_len": 0,
  "runs": 1
 },
 {
  "ctx": 8192,
  "phase": "pp_novel",
  "median_rate_tok_s": 823.4,
  "median_ttft_s": 9.85,
  "doc_tokens": 8104,
  "acceptance_len": 0,
  "runs": 1
 },
 {
  "ctx": 8192,
  "phase": "tg",
  "median_rate_tok_s": 35.4,
  "median_ttft_s": 10.31,
  "doc_tokens": 8088,
  "acceptance_len": 2.54,
  "runs": 1
 }
]
