ctx=8192 pp run=1 doc=7722 ttft=42.28s rate=182.7 tok/s acc=-
ctx=8192 pp run=2 doc=8046 ttft=30.34s rate=265.3 tok/s acc=-
ctx=8192 pp run=3 doc=7810 ttft=32.54s rate=240.1 tok/s acc=-
ctx=8192 tg run=1 doc=7815 ttft=21.07s rate=30.2 tok/s acc=2.1333333333333333
ctx=8192 tg run=2 doc=8033 ttft=25.93s rate=33.0 tok/s acc=2.2857142857142856
ctx=8192 tg run=3 doc=7932 ttft=22.95s rate=34.7 tok/s acc=2.5384615384615383
ctx=32768 pp run=1 doc=31524 ttft=74.40s rate=423.8 tok/s acc=-
ctx=32768 pp run=2 doc=30666 ttft=52.01s rate=589.6 tok/s acc=-
ctx=32768 pp run=3 doc=31207 ttft=41.04s rate=760.5 tok/s acc=-
ctx=32768 tg run=1 doc=30730 ttft=40.53s rate=36.1 tok/s acc=2.4615384615384617
ctx=32768 tg run=2 doc=30432 ttft=38.62s rate=33.5 tok/s acc=2.357142857142857
ctx=32768 tg run=3 doc=31517 ttft=39.51s rate=39.3 tok/s acc=2.666666666666667
SUMMARY [
 {
  "ctx": 8192,
  "phase": "pp",
  "median_rate_tok_s": 240.1,
  "median_ttft_s": 32.54,
  "doc_tokens": 7722,
  "acceptance_len": 0,
  "runs": 3
 },
 {
  "ctx": 8192,
  "phase": "tg",
  "median_rate_tok_s": 33.0,
  "median_ttft_s": 22.95,
  "doc_tokens": 7815,
  "acceptance_len": 2.29,
  "runs": 3
 },
 {
  "ctx": 32768,
  "phase": "pp",
  "median_rate_tok_s": 589.6,
  "median_ttft_s": 52.01,
  "doc_tokens": 31524,
  "acceptance_len": 0,
  "runs": 3
 },
 {
  "ctx": 32768,
  "phase": "tg",
  "median_rate_tok_s": 36.1,
  "median_ttft_s": 39.51,
  "doc_tokens": 30730,
  "acceptance_len": 2.46,
  "runs": 3
 }
]
