== micro ==
ctx=512 pp run=1 doc=216 ttft=1.74s rate=126.5 tok/s acc=-
ctx=512 pp run=2 doc=166 ttft=0.56s rate=302.2 tok/s acc=-
ctx=512 pp run=3 doc=345 ttft=1.28s rate=272.1 tok/s acc=-
ctx=512 tg run=1 doc=168 ttft=0.56s rate=21.8 tok/s acc=2.2666666666666666
ctx=512 tg run=2 doc=232 ttft=0.84s rate=25.0 tok/s acc=2.5
ctx=512 tg run=3 doc=170 ttft=0.57s rate=21.5 tok/s acc=2.4
ctx=4096 pp run=1 doc=4082 ttft=8.90s rate=459.3 tok/s acc=-
ctx=4096 pp run=2 doc=3950 ttft=5.66s rate=698.9 tok/s acc=-
ctx=4096 pp run=3 doc=2573 ttft=4.17s rate=617.7 tok/s acc=-
ctx=4096 tg run=1 doc=4073 ttft=5.76s rate=35.4 tok/s acc=3.6
ctx=4096 tg run=2 doc=3619 ttft=4.80s rate=28.6 tok/s acc=2.666666666666667
ctx=4096 tg run=3 doc=3432 ttft=4.61s rate=31.7 tok/s acc=3.090909090909091
ctx=16384 pp run=1 doc=15177 ttft=24.04s rate=631.6 tok/s acc=-
ctx=16384 pp run=2 doc=15346 ttft=22.39s rate=685.5 tok/s acc=-
ctx=16384 pp run=3 doc=16019 ttft=23.44s rate=683.5 tok/s acc=-
ctx=16384 tg run=1 doc=16074 ttft=22.43s rate=21.6 tok/s acc=2.0625
ctx=16384 tg run=2 doc=15700 ttft=22.65s rate=31.2 tok/s acc=3.090909090909091
ctx=16384 tg run=3 doc=16180 ttft=22.59s rate=38.1 tok/s acc=3.6666666666666665
ctx=65536 pp run=1 doc=63248 ttft=92.36s rate=684.8 tok/s acc=-
ctx=65536 pp run=2 doc=63824 ttft=92.61s rate=689.2 tok/s acc=-
ctx=65536 pp run=3 doc=62670 ttft=90.77s rate=690.5 tok/s acc=-
ctx=65536 tg run=1 doc=63764 ttft=92.75s rate=29.6 tok/s acc=2.666666666666667
ctx=65536 tg run=2 doc=64224 ttft=91.48s rate=25.7 tok/s acc=2.5
ctx=65536 tg run=3 doc=63451 ttft=90.67s rate=44.4 tok/s acc=4.375
SUMMARY [
 {
  "ctx": 512,
  "phase": "pp",
  "median_rate_tok_s": 272.1,
  "median_ttft_s": 1.28,
  "doc_tokens": 216,
  "acceptance_len": 0,
  "runs": 3
 },
 {
  "ctx": 512,
  "phase": "tg",
  "median_rate_tok_s": 21.8,
  "median_ttft_s": 0.57,
  "doc_tokens": 168,
  "acceptance_len": 2.4,
  "runs": 3
 },
 {
  "ctx": 4096,
  "phase": "pp",
  "median_rate_tok_s": 617.7,
  "median_ttft_s": 5.66,
  "doc_tokens": 4082,
  "acceptance_len": 0,
  "runs": 3
 },
 {
  "ctx": 4096,
  "phase": "tg",
  "median_rate_tok_s": 31.7,
  "median_ttft_s": 4.8,
  "doc_tokens": 4073,
  "acceptance_len": 3.09,
  "runs": 3
 },
 {
  "ctx": 16384,
  "phase": "pp",
  "median_rate_tok_s": 683.5,
  "median_ttft_s": 23.44,
  "doc_tokens": 15177,
  "acceptance_len": 0,
  "runs": 3
 },
 {
  "ctx": 16384,
  "phase": "tg",
  "median_rate_tok_s": 31.2,
  "median_ttft_s": 22.59,
  "doc_tokens": 16074,
  "acceptance_len": 3.09,
  "runs": 3
 },
 {
  "ctx": 65536,
  "phase": "pp",
  "median_rate_tok_s": 689.2,
  "median_ttft_s": 92.36,
  "doc_tokens": 63248,
  "acceptance_len": 0,
  "runs": 3
 },
 {
  "ctx": 65536,
  "phase": "tg",
  "median_rate_tok_s": 29.6,
  "median_ttft_s": 91.48,
  "doc_tokens": 63764,
  "acceptance_len": 2.67,
  "runs": 3
 }
]
