ctx=8192 pp_warm run=1 doc=8075 ttft=11.05s rate=731.1 tok/s acc=-
ctx=8192 pp_warm run=2 doc=7979 ttft=10.51s rate=759.6 tok/s acc=-
ctx=8192 pp_warm run=3 doc=8167 ttft=10.71s rate=763.2 tok/s acc=-
ctx=8192 pp_novel run=1 doc=8081 ttft=10.14s rate=797.5 tok/s acc=-
ctx=8192 pp_novel run=2 doc=8076 ttft=9.91s rate=815.3 tok/s acc=-
ctx=8192 pp_novel run=3 doc=8182 ttft=10.12s rate=808.8 tok/s acc=-
ctx=8192 tg run=1 doc=8188 ttft=10.53s rate=38.9 tok/s acc=2.5384615384615383
ctx=8192 tg run=2 doc=8006 ttft=10.22s rate=30.5 tok/s acc=2.0
ctx=8192 tg run=3 doc=8192 ttft=10.70s rate=36.3 tok/s acc=2.5
ctx=32768 pp_warm run=1 doc=32337 ttft=42.10s rate=768.3 tok/s acc=-
ctx=32768 pp_warm run=2 doc=31973 ttft=41.70s rate=766.8 tok/s acc=-
ctx=32768 pp_warm run=3 doc=31848 ttft=41.61s rate=765.5 tok/s acc=-
ctx=32768 pp_novel run=1 doc=32678 ttft=40.90s rate=799.0 tok/s acc=-
ctx=32768 pp_novel run=2 doc=32722 ttft=39.99s rate=818.3 tok/s acc=-
ctx=32768 pp_novel run=3 doc=32610 ttft=40.76s rate=800.2 tok/s acc=-
ctx=32768 tg run=1 doc=32551 ttft=43.04s rate=31.1 tok/s acc=2.357142857142857
ctx=32768 tg run=2 doc=31833 ttft=41.40s rate=35.3 tok/s acc=2.428571428571429
ctx=32768 tg run=3 doc=32515 ttft=42.91s rate=37.7 tok/s acc=2.4615384615384617
SUMMARY [
 {
  "ctx": 8192,
  "phase": "pp_warm",
  "median_rate_tok_s": 759.6,
  "median_ttft_s": 10.71,
  "doc_tokens": 8075,
  "acceptance_len": 0,
  "runs": 3
 },
 {
  "ctx": 8192,
  "phase": "pp_novel",
  "median_rate_tok_s": 808.8,
  "median_ttft_s": 10.12,
  "doc_tokens": 8081,
  "acceptance_len": 0,
  "runs": 3
 },
 {
  "ctx": 8192,
  "phase": "tg",
  "median_rate_tok_s": 36.3,
  "median_ttft_s": 10.53,
  "doc_tokens": 8188,
  "acceptance_len": 2.5,
  "runs": 3
 },
 {
  "ctx": 32768,
  "phase": "pp_warm",
  "median_rate_tok_s": 766.8,
  "median_ttft_s": 41.7,
  "doc_tokens": 32337,
  "acceptance_len": 0,
  "runs": 3
 },
 {
  "ctx": 32768,
  "phase": "pp_novel",
  "median_rate_tok_s": 800.2,
  "median_ttft_s": 40.76,
  "doc_tokens": 32678,
  "acceptance_len": 0,
  "runs": 3
 },
 {
  "ctx": 32768,
  "phase": "tg",
  "median_rate_tok_s": 35.3,
  "median_ttft_s": 42.91,
  "doc_tokens": 32551,
  "acceptance_len": 2.43,
  "runs": 3
 }
]
