# 2026-09-25T18:30:01Z host spark2 tag final4-time
# pmon before:
# gpu         pid   type     sm    mem    enc    dec    jpg    ofa    command 
# Idx           #    C/G      %      %      %      %      %      %    name 
    0      81524     G      -      -      -      -      -      -    Xorg           
    0      81681     G      -      -      -      -      -      -    gnome-shell    
# free -h:
               total        used        free      shared  buff/cache   available
Mem:           121Gi       5.4Gi        82Gi       268Ki        35Gi       116Gi
Swap:           15Gi       1.1Gi        14Gi
# cmd: kernel_study/p2b_coop/bench_r3.py --mode time,phases,stream --variants 0,1,2 --ms 1,3,4,6,8 --sources census,census_all,dup0 --iters 800 --phase-calls 40 --seed 71 --out results/2026-09-25-kernels/coop-moe/final4-time.json
unchanged /repo/kernel_study/p2b_coop/build_r3/chain_r3.cu
unchanged /repo/kernel_study/p2b_coop/build_r3/bench_r3.cu
unchanged /repo/kernel_study/p2b_coop/build_r3/bench_r3_ts.cu
[18:30:13Z] loaded layer 20 rank 0 in 5.7 s
dsv41: p2b coop dataflow kernel engaged (DSV41_P2B_COOP=2)
[18:30:13Z] [setup] {"name": "NVIDIA GB10", "sms": 48, "l2_bytes": 25165824, "flush_bytes": 134217728} launch {"v0": {"grid": 192, "blocks_per_sm": 4.0}, "v1": {"grid": 192, "blocks_per_sm": 4.0}, "v2": {"grid": 144, "blocks_per_sm": 3.0}}
[18:30:15Z] [time] m=1 census cold: v0 182.3us [180.2,184.4] mean 184.0 147GB/s 59%floor  v1 186.4us [184.4,188.4] mean 188.7 144GB/s 57%floor  v2 157.6us [154.6,162.8] mean 158.8 170GB/s 68%floor | paired mean saving v0-v1 -4.7+-1.0us = -0.19 ms/step  v0-v2 25.3+-1.0us = 1.01 ms/step  v1-v2 30.0+-1.2us = 1.20 ms/step
[18:30:16Z] [time] m=1 census warm: v0 178.1us [176.1,179.2] mean 178.3 150GB/s 60%floor  v1 182.3us [180.2,184.3] mean 183.0 147GB/s 59%floor  v2 150.6us [147.5,154.8] mean 151.7 178GB/s 71%floor | paired mean saving v0-v1 -4.6+-0.8us = -0.18 ms/step  v0-v2 26.6+-0.6us = 1.06 ms/step  v1-v2 31.2+-0.7us = 1.25 ms/step
[18:30:18Z] [time] m=1 census_all cold: v0 182.3us [180.2,186.4] mean 185.5 147GB/s 59%floor  v1 186.4us [184.3,190.5] mean 188.6 144GB/s 57%floor  v2 157.7us [154.6,165.9] mean 161.2 170GB/s 68%floor | paired mean saving v0-v1 -3.0+-1.3us = -0.12 ms/step  v0-v2 24.4+-1.5us = 0.97 ms/step  v1-v2 27.4+-1.3us = 1.10 ms/step
[18:30:19Z] [time] m=1 census_all warm: v0 176.1us [174.2,178.2] mean 176.6 152GB/s 61%floor  v1 180.2us [178.3,182.3] mean 180.7 149GB/s 59%floor  v2 149.5us [146.5,152.8] mean 149.9 179GB/s 72%floor | paired mean saving v0-v1 -4.1+-0.4us = -0.16 ms/step  v0-v2 26.8+-0.4us = 1.07 ms/step  v1-v2 30.9+-0.5us = 1.23 ms/step
[18:30:21Z] [time] m=1 dup0 cold: v0 180.2us [180.0,182.3] mean 181.9 149GB/s 59%floor  v1 184.3us [184.2,186.4] mean 185.8 145GB/s 58%floor  v2 155.7us [153.6,160.6] mean 157.9 172GB/s 69%floor | paired mean saving v0-v1 -3.9+-0.7us = -0.16 ms/step  v0-v2 24.1+-1.4us = 0.96 ms/step  v1-v2 28.0+-1.2us = 1.12 ms/step
[18:30:22Z] [time] m=1 dup0 warm: v0 176.1us [174.1,178.1] mean 177.0 152GB/s 61%floor  v1 180.2us [178.4,182.3] mean 181.6 149GB/s 59%floor  v2 149.5us [147.3,153.7] mean 151.2 179GB/s 72%floor | paired mean saving v0-v1 -4.6+-1.0us = -0.18 ms/step  v0-v2 25.9+-1.1us = 1.03 ms/step  v1-v2 30.5+-1.1us = 1.22 ms/step
[18:30:24Z] [time] m=3 census cold: v0 405.5us [399.1,411.6] mean 408.1 142GB/s 57%floor  v1 315.5us [262.2,374.8] mean 321.1 181GB/s 72%floor  v2 279.6us [224.1,326.7] mean 279.4 207GB/s 83%floor | paired mean saving v0-v1 87.1+-3.0us = 3.48 ms/step  v0-v2 128.7+-2.7us = 5.15 ms/step  v1-v2 41.7+-1.0us = 1.67 ms/step
[18:30:26Z] [time] m=3 census warm: v0 397.3us [389.1,403.5] mean 398.4 146GB/s 58%floor  v1 311.3us [258.3,368.6] mean 316.5 183GB/s 73%floor  v2 275.4us [219.1,314.3] mean 274.0 211GB/s 84%floor | paired mean saving v0-v1 81.9+-2.9us = 3.28 ms/step  v0-v2 124.4+-2.7us = 4.97 ms/step  v1-v2 42.4+-1.4us = 1.70 ms/step
[18:30:28Z] [time] m=3 census_all cold: v0 407.4us [399.4,410.6] mean 407.8 152GB/s 61%floor  v1 342.0us [282.6,380.9] mean 334.0 182GB/s 73%floor  v2 297.9us [240.4,340.0] mean 292.0 208GB/s 83%floor | paired mean saving v0-v1 73.8+-3.3us = 2.95 ms/step  v0-v2 115.8+-3.2us = 4.63 ms/step  v1-v2 42.0+-1.0us = 1.68 ms/step
[18:30:30Z] [time] m=3 census_all warm: v0 399.3us [391.2,404.4] mean 400.4 155GB/s 62%floor  v1 337.9us [278.5,378.9] mean 330.4 184GB/s 73%floor  v2 292.9us [235.5,337.1] mean 287.6 212GB/s 85%floor | paired mean saving v0-v1 70.1+-3.3us = 2.80 ms/step  v0-v2 112.8+-2.9us = 4.51 ms/step  v1-v2 42.7+-1.2us = 1.71 ms/step
[18:30:32Z] [time] m=3 dup0 cold: v0 409.6us [407.6,411.6] mean 412.0 196GB/s 78%floor  v1 417.8us [415.7,419.8] mean 418.6 192GB/s 77%floor  v2 373.9us [372.7,376.6] mean 375.0 215GB/s 86%floor | paired mean saving v0-v1 -6.6+-1.5us = -0.26 ms/step  v0-v2 37.0+-1.7us = 1.48 ms/step  v1-v2 43.6+-1.1us = 1.74 ms/step
[18:30:34Z] [time] m=3 dup0 warm: v0 403.6us [402.4,407.5] mean 406.8 199GB/s 80%floor  v1 411.6us [409.6,413.8] mean 413.9 195GB/s 78%floor  v2 368.8us [367.6,371.5] mean 370.5 218GB/s 87%floor | paired mean saving v0-v1 -7.1+-1.5us = -0.28 ms/step  v0-v2 36.3+-1.5us = 1.45 ms/step  v1-v2 43.4+-1.4us = 1.73 ms/step
[18:30:36Z] [time] m=4 census cold: v0 521.3us [514.0,528.4] mean 522.9 136GB/s 54%floor  v1 378.8us [299.2,446.6] mean 377.4 187GB/s 75%floor  v2 336.3us [263.1,392.2] mean 332.6 211GB/s 84%floor | paired mean saving v0-v1 145.5+-3.5us = 5.82 ms/step  v0-v2 190.3+-3.4us = 7.61 ms/step  v1-v2 44.8+-1.3us = 1.79 ms/step
[18:30:38Z] [time] m=4 census warm: v0 508.9us [501.7,516.1] mean 510.4 139GB/s 56%floor  v1 374.7us [295.8,442.1] mean 371.9 189GB/s 76%floor  v2 330.7us [257.1,387.0] mean 325.7 215GB/s 86%floor | paired mean saving v0-v1 138.4+-3.4us = 5.54 ms/step  v0-v2 184.7+-3.3us = 7.39 ms/step  v1-v2 46.3+-0.9us = 1.85 ms/step
[18:30:41Z] [time] m=4 census_all cold: v0 522.2us [514.0,526.3] mean 523.2 145GB/s 58%floor  v1 399.2us [315.6,485.4] mean 400.4 189GB/s 76%floor  v2 355.3us [279.6,431.1] mean 353.0 213GB/s 85%floor | paired mean saving v0-v1 122.9+-4.5us = 4.91 ms/step  v0-v2 170.2+-4.0us = 6.81 ms/step  v1-v2 47.4+-1.4us = 1.89 ms/step
[18:30:43Z] [time] m=4 census_all warm: v0 511.1us [503.8,520.0] mean 512.9 148GB/s 59%floor  v1 394.3us [313.3,481.2] mean 395.8 191GB/s 76%floor  v2 350.2us [275.5,426.0] mean 347.7 216GB/s 86%floor | paired mean saving v0-v1 117.1+-4.2us = 4.68 ms/step  v0-v2 165.2+-3.9us = 6.61 ms/step  v1-v2 48.1+-1.1us = 1.93 ms/step
[18:30:46Z] [time] m=4 dup0 cold: v0 526.3us [524.3,529.4] mean 528.5 203GB/s 81%floor  v1 537.5us [535.3,540.7] mean 540.1 199GB/s 80%floor  v2 488.4us [486.4,490.6] mean 488.8 219GB/s 88%floor | paired mean saving v0-v1 -11.6+-1.3us = -0.47 ms/step  v0-v2 39.7+-1.3us = 1.59 ms/step  v1-v2 51.3+-1.6us = 2.05 ms/step
[18:30:48Z] [time] m=4 dup0 warm: v0 522.1us [519.2,528.5] mean 524.5 205GB/s 82%floor  v1 532.5us [530.4,537.6] mean 536.3 201GB/s 80%floor  v2 482.5us [480.3,490.5] mean 486.0 222GB/s 89%floor | paired mean saving v0-v1 -11.7+-1.7us = -0.47 ms/step  v0-v2 38.6+-1.3us = 1.54 ms/step  v1-v2 50.3+-1.8us = 2.01 ms/step
[18:30:51Z] [time] m=6 census cold: v0 759.8us [750.6,764.9] mean 760.6 146GB/s 58%floor  v1 559.5us [462.9,626.7] mean 561.1 195GB/s 78%floor  v2 508.9us [416.7,568.3] mean 502.5 219GB/s 87%floor | paired mean saving v0-v1 199.5+-4.6us = 7.98 ms/step  v0-v2 258.1+-4.3us = 10.32 ms/step  v1-v2 58.5+-1.3us = 2.34 ms/step
[18:30:54Z] [time] m=6 census warm: v0 743.4us [732.2,754.7] mean 745.6 149GB/s 60%floor  v1 555.0us [463.9,622.6] mean 556.5 197GB/s 79%floor  v2 502.8us [416.6,562.1] mean 497.4 221GB/s 89%floor | paired mean saving v0-v1 189.1+-4.4us = 7.56 ms/step  v0-v2 248.2+-4.0us = 9.93 ms/step  v1-v2 59.1+-1.5us = 2.37 ms/step
[18:30:57Z] [time] m=6 census_all cold: v0 761.7us [751.5,769.1] mean 763.4 151GB/s 61%floor  v1 600.0us [487.4,706.6] mean 585.7 196GB/s 78%floor  v2 527.3us [432.1,622.6] mean 525.9 219GB/s 87%floor | paired mean saving v0-v1 177.7+-5.5us = 7.11 ms/step  v0-v2 237.5+-5.0us = 9.50 ms/step  v1-v2 59.8+-1.7us = 2.39 ms/step
[18:31:00Z] [time] m=6 census_all warm: v0 747.5us [735.3,757.8] mean 748.4 153GB/s 61%floor  v1 594.5us [482.1,702.4] mean 580.5 197GB/s 79%floor  v2 521.2us [427.0,616.4] mean 518.1 222GB/s 89%floor | paired mean saving v0-v1 167.8+-5.3us = 6.71 ms/step  v0-v2 230.2+-4.7us = 9.21 ms/step  v1-v2 62.4+-1.5us = 2.50 ms/step
[18:31:04Z] [time] m=6 dup0 cold: v0 767.8us [764.0,771.0] mean 770.3 209GB/s 84%floor  v1 780.4us [778.2,784.4] mean 782.9 206GB/s 82%floor  v2 717.9us [715.8,721.7] mean 719.6 224GB/s 89%floor | paired mean saving v0-v1 -12.6+-1.9us = -0.50 ms/step  v0-v2 50.7+-2.1us = 2.03 ms/step  v1-v2 63.2+-1.5us = 2.53 ms/step
[18:31:08Z] [time] m=6 dup0 warm: v0 761.9us [759.7,766.0] mean 763.8 211GB/s 84%floor  v1 776.1us [773.1,778.3] mean 776.7 207GB/s 83%floor  v2 710.7us [708.6,713.9] mean 714.0 226GB/s 90%floor | paired mean saving v0-v1 -12.9+-1.3us = -0.52 ms/step  v0-v2 49.8+-2.0us = 1.99 ms/step  v1-v2 62.7+-1.7us = 2.51 ms/step
[18:31:11Z] [time] m=8 census cold: v0 1013.7us [1002.6,1028.0] mean 1021.8 132GB/s 53%floor  v1 669.6us [563.2,782.3] mean 678.8 198GB/s 79%floor  v2 606.8us [508.9,710.6] mean 608.5 220GB/s 88%floor | paired mean saving v0-v1 343.0+-6.4us = 13.72 ms/step  v0-v2 413.3+-6.1us = 16.53 ms/step  v1-v2 70.3+-2.2us = 2.81 ms/step
[18:31:15Z] [time] m=8 census warm: v0 991.1us [977.9,1002.6] mean 991.6 135GB/s 54%floor  v1 663.5us [558.0,770.0] mean 668.7 200GB/s 80%floor  v2 600.0us [502.6,694.4] mean 597.5 223GB/s 89%floor | paired mean saving v0-v1 322.9+-5.5us = 12.92 ms/step  v0-v2 394.1+-5.0us = 15.76 ms/step  v1-v2 71.1+-1.5us = 2.84 ms/step
[18:31:18Z] [time] m=8 census_all cold: v0 1013.8us [1003.5,1022.0] mean 1016.0 137GB/s 55%floor  v1 713.8us [550.9,851.0] mean 705.6 199GB/s 79%floor  v2 625.6us [493.6,758.8] mean 632.5 221GB/s 89%floor | paired mean saving v0-v1 310.4+-7.6us = 12.42 ms/step  v0-v2 383.5+-7.0us = 15.34 ms/step  v1-v2 73.1+-1.4us = 2.92 ms/step
[18:31:22Z] [time] m=8 census_all warm: v0 998.5us [983.0,1012.7] mean 1001.7 139GB/s 56%floor  v1 708.7us [551.9,845.9] mean 701.4 200GB/s 80%floor  v2 621.1us [491.6,755.6] mean 627.4 223GB/s 89%floor | paired mean saving v0-v1 300.3+-7.5us = 12.01 ms/step  v0-v2 374.3+-6.8us = 14.97 ms/step  v1-v2 74.0+-1.6us = 2.96 ms/step
[18:31:26Z] [time] m=8 dup0 cold: v0 1026.0us [1022.9,1031.2] mean 1031.8 209GB/s 83%floor  v1 1051.6us [1048.6,1055.9] mean 1056.8 204GB/s 81%floor  v2 948.2us [945.2,952.3] mean 952.7 226GB/s 90%floor | paired mean saving v0-v1 -25.0+-3.1us = -1.00 ms/step  v0-v2 79.1+-2.5us = 3.16 ms/step  v1-v2 104.1+-2.5us = 4.16 ms/step
[18:31:31Z] [time] m=8 dup0 warm: v0 1017.9us [1015.0,1026.0] mean 1022.1 210GB/s 84%floor  v1 1044.5us [1041.4,1051.5] mean 1048.6 205GB/s 82%floor  v2 941.0us [938.0,950.3] mean 944.2 228GB/s 91%floor | paired mean saving v0-v1 -26.5+-2.4us = -1.06 ms/step  v0-v2 78.0+-1.8us = 3.12 ms/step  v1-v2 104.4+-2.2us = 4.18 ms/step
[18:31:37Z] [stream] m=1: tile_barrier 120.9us 219.6GB/s [216.0,221.5]  tile_nobarrier 120.9us 219.6GB/s [215.9,221.6]  contiguous 120.8us 219.7GB/s [214.2,223.4]  nsplit_g 126.0us 210.7GB/s [207.3,212.5]  nsplit_k 127.0us 209.0GB/s [205.7,210.8]  tile_barrier_g144 124.9us 212.5GB/s [210.7,216.0]  nsplit_g_g144 124.9us 212.5GB/s [209.0,212.7]  nsplit_k_g144 125.0us 212.4GB/s [209.0,212.5]  flat16_g48 123.1us 215.7GB/s [209.1,216.1]  flat16_g96 116.7us 227.4GB/s [223.4,231.4]  flat16_g144 114.7us 231.4GB/s [225.5,231.9]
[18:31:45Z] [stream] m=3: tile_barrier 258.0us 223.2GB/s [217.8,225.9]  tile_nobarrier 259.1us 222.5GB/s [217.1,225.3]  contiguous 256.0us 224.0GB/s [218.9,227.4]  nsplit_g 255.0us 224.8GB/s [220.4,227.4]  nsplit_k 256.0us 223.8GB/s [219.3,226.5]  tile_barrier_g144 257.0us 224.3GB/s [219.7,227.4]  nsplit_g_g144 264.2us 219.1GB/s [214.1,222.9]  nsplit_k_g144 265.2us 218.3GB/s [214.2,222.7]  flat16_g48 260.1us 221.1GB/s [217.8,223.4]  flat16_g96 246.6us 233.4GB/s [229.4,235.6]  flat16_g144 245.6us 234.8GB/s [230.4,237.7]
[18:31:53Z] [stream] m=4: tile_barrier 312.3us 225.7GB/s [221.6,227.9]  tile_nobarrier 313.3us 224.8GB/s [220.7,227.3]  contiguous 310.2us 224.9GB/s [220.4,228.2]  nsplit_g 314.4us 225.3GB/s [222.8,227.4]  nsplit_k 315.4us 224.4GB/s [221.6,226.6]  tile_barrier_g144 309.2us 226.7GB/s [222.1,229.6]  nsplit_g_g144 316.4us 222.2GB/s [216.0,226.0]  nsplit_k_g144 317.4us 222.0GB/s [216.0,225.5]  flat16_g48 317.4us 222.5GB/s [219.5,224.6]  flat16_g96 301.1us 234.2GB/s [230.6,236.7]  flat16_g144 299.0us 235.4GB/s [232.1,238.2]
[18:32:02Z] [stream] m=6: tile_barrier 481.3us 228.8GB/s [226.7,230.3]  tile_nobarrier 483.3us 227.8GB/s [225.7,229.4]  contiguous 484.3us 226.2GB/s [222.6,228.6]  nsplit_g 484.5us 226.8GB/s [223.3,229.0]  nsplit_k 486.4us 226.0GB/s [222.9,228.3]  tile_barrier_g144 477.2us 230.2GB/s [227.9,231.7]  nsplit_g_g144 487.5us 224.6GB/s [220.7,227.0]  nsplit_k_g144 488.4us 224.3GB/s [220.7,226.9]  flat16_g48 489.5us 224.3GB/s [221.8,225.8]  flat16_g96 466.9us 235.2GB/s [231.6,237.2]  flat16_g144 465.0us 236.2GB/s [233.0,238.5]
[18:32:12Z] [stream] m=8: tile_barrier 577.0us 229.5GB/s [227.4,230.7]  tile_nobarrier 579.6us 228.4GB/s [226.4,229.8]  contiguous 583.7us 226.9GB/s [223.4,229.0]  nsplit_g 578.5us 227.8GB/s [225.2,229.4]  nsplit_k 579.6us 227.4GB/s [224.6,228.9]  tile_barrier_g144 573.4us 231.1GB/s [228.4,232.3]  nsplit_g_g144 593.9us 225.3GB/s [221.9,227.7]  nsplit_k_g144 593.9us 225.1GB/s [222.1,227.4]  flat16_g48 589.8us 224.8GB/s [222.4,226.3]  flat16_g96 561.2us 235.6GB/s [232.9,237.4]  flat16_g144 560.7us 236.3GB/s [233.3,238.4]
unchanged /repo/kernel_study/p2b_coop/build_r3/chain_r3.cu
unchanged /repo/kernel_study/p2b_coop/build_r3/bench_r3.cu
unchanged /repo/kernel_study/p2b_coop/build_r3/bench_r3_ts.cu
[18:32:12Z] [phases] v0 m=1 grid 192: total 164.7 us, skew 0.1, s1 work 2.9 imb 2.6 bar 0.7 | s2 work 101.3 imb 29.1 bar 0.7 | s3 work 2.5 imb 2.2 bar 0.8 | s4 work 0.6 imb 0.3 bar 0.7 | s5 work 1.8 imb 1.6 bar 0.8 | s6 work 46.4 imb 2.8 bar 0.7 | s7 work 2.0 imb 1.7 bar 0.7 | s8 work 0.9 imb 0.1 bar 0.9 | tail 0.5 | uniq 6.0
[18:32:12Z] [phases] v0 m=3 grid 192: total 389.7 us, skew 0.1, s1 work 3.2 imb 2.8 bar 0.7 | s2 work 242.1 imb 18.6 bar 0.7 | s3 work 2.5 imb 2.3 bar 0.8 | s4 work 0.6 imb 0.3 bar 0.8 | s5 work 1.8 imb 1.6 bar 0.8 | s6 work 127.1 imb 14.0 bar 0.7 | s7 work 2.4 imb 2.0 bar 0.7 | s8 work 1.6 imb 0.5 bar 0.7 | tail 0.5 | uniq 13.6
[18:32:12Z] [phases] v0 m=4 grid 192: total 497.8 us, skew 0.1, s1 work 3.5 imb 0.8 bar 0.7 | s2 work 310.9 imb 9.8 bar 0.7 | s3 work 2.5 imb 2.2 bar 0.7 | s4 work 0.6 imb 0.3 bar 0.8 | s5 work 1.8 imb 1.6 bar 0.8 | s6 work 167.5 imb 26.1 bar 0.7 | s7 work 2.5 imb 0.6 bar 0.7 | s8 work 1.8 imb 0.4 bar 0.7 | tail 0.6 | uniq 15.8
[18:32:12Z] [phases] v0 m=6 grid 192: total 735.3 us, skew 0.1, s1 work 4.4 imb 1.0 bar 0.7 | s2 work 467.7 imb 15.2 bar 0.7 | s3 work 2.6 imb 2.3 bar 0.8 | s4 work 0.7 imb 0.2 bar 0.8 | s5 work 2.0 imb 1.7 bar 0.7 | s6 work 247.2 imb 36.6 bar 0.7 | s7 work 2.9 imb 0.6 bar 0.7 | s8 work 2.1 imb 0.3 bar 0.7 | tail 0.6 | uniq 24.7
[18:32:12Z] [phases] v0 m=8 grid 192: total 976.8 us, skew 0.1, s1 work 5.4 imb 1.6 bar 0.7 | s2 work 627.2 imb 45.6 bar 0.7 | s3 work 2.7 imb 2.3 bar 0.8 | s4 work 0.8 imb 0.3 bar 0.8 | s5 work 1.9 imb 1.6 bar 0.8 | s6 work 326.4 imb 49.4 bar 0.7 | s7 work 3.6 imb 1.0 bar 0.7 | s8 work 2.9 imb 0.5 bar 0.7 | tail 0.6 | uniq 30.3
[18:32:12Z] [phases] v1 m=1 grid 192: total 159.8 us, skew 0.1, s1 work 4.0 imb 2.3 bar 0.7 | s2 work 97.5 imb 26.9 bar 0.7 | s3 work 2.5 imb 2.2 bar 0.7 | s4 work 0.5 imb 0.3 bar 0.7 | s5 work 1.8 imb 1.6 bar 0.7 | s6 work 45.2 imb 2.6 bar 0.7 | s7 work 2.0 imb 1.7 bar 0.7 | tail 1.4 | uniq 6.0
[18:32:12Z] [phases] v1 m=3 grid 192: total 280.6 us, skew 0.1, s1 work 5.4 imb 2.6 bar 0.7 | s2 work 169.5 imb 18.6 bar 0.7 | s3 work 2.5 imb 2.2 bar 0.7 | s4 work 0.6 imb 0.3 bar 0.8 | s5 work 1.8 imb 1.6 bar 0.7 | s6 work 89.3 imb 11.4 bar 0.7 | s7 work 2.3 imb 1.9 bar 0.7 | tail 1.6 | uniq 12.3
[18:32:13Z] [phases] v1 m=4 grid 192: total 343.3 us, skew 0.1, s1 work 5.9 imb 0.9 bar 0.7 | s2 work 212.4 imb 17.5 bar 0.7 | s3 work 2.5 imb 2.2 bar 0.7 | s4 work 0.6 imb 0.2 bar 0.8 | s5 work 1.9 imb 1.6 bar 0.7 | s6 work 110.7 imb 12.0 bar 0.7 | s7 work 2.5 imb 0.6 bar 0.7 | tail 1.5 | uniq 15.2
[18:32:13Z] [phases] v1 m=6 grid 192: total 526.5 us, skew 0.1, s1 work 7.7 imb 0.8 bar 0.7 | s2 work 327.6 imb 18.0 bar 0.7 | s3 work 2.7 imb 2.3 bar 0.7 | s4 work 0.6 imb 0.2 bar 0.7 | s5 work 1.9 imb 1.7 bar 0.7 | s6 work 175.9 imb 21.4 bar 0.7 | s7 work 2.9 imb 0.6 bar 0.7 | tail 1.8 | uniq 24.5
dsv41: p2b coop dataflow kernel engaged (DSV41_P2B_COOP=2)
[18:32:13Z] [phases] v1 m=8 grid 192: total 669.6 us, skew 0.1, s1 work 9.6 imb 1.6 bar 0.7 | s2 work 421.2 imb 28.3 bar 0.7 | s3 work 2.7 imb 2.4 bar 0.7 | s4 work 0.8 imb 0.3 bar 0.7 | s5 work 2.0 imb 1.7 bar 0.7 | s6 work 224.9 imb 26.5 bar 0.7 | s7 work 3.5 imb 1.1 bar 0.7 | tail 1.9 | uniq 30.4
[18:32:13Z] [phases] v2 m=1 grid 144: total 164.4 us, skew 0.1, s1 work 11.1 imb 5.4 bar 0.7 | s2 work 148.8 imb 12.6 bar 0.7 | tail 3.0 | uniq 6.0 | df tiles_per_warp 4.8 fill_us 12.0 loop_us 84.1 reduce_us 7.1 span_us 133.7 between_tiles_us 29.7 | pro build_us 1.54 prefetch_issue_us 3.65 hadamard_us 0.13 first_release_us 11.76
[18:32:13Z] [phases] v2 m=3 grid 144: total 268.8 us, skew 0.1, s1 work 9.5 imb 0.8 bar 0.7 | s2 work 255.1 imb 8.5 bar 0.7 | tail 2.9 | uniq 12.9 | df tiles_per_warp 10.5 fill_us 20.2 loop_us 184.0 reduce_us 19.2 span_us 244.8 between_tiles_us 21.6 | pro build_us 2.48 prefetch_issue_us 0.86 hadamard_us 5.15 first_release_us 10.26
[18:32:13Z] [phases] v2 m=4 grid 144: total 324.6 us, skew 0.1, s1 work 9.6 imb 0.6 bar 0.7 | s2 work 311.0 imb 8.7 bar 0.7 | tail 2.9 | uniq 15.5 | df tiles_per_warp 12.9 fill_us 23.3 loop_us 225.5 reduce_us 25.6 span_us 300.9 between_tiles_us 25.9 | pro build_us 2.59 prefetch_issue_us 0.83 hadamard_us 5.44 first_release_us 10.30
[18:32:13Z] [phases] v2 m=6 grid 144: total 490.6 us, skew 0.1, s1 work 12.4 imb 1.8 bar 0.7 | s2 work 474.4 imb 8.3 bar 0.7 | tail 2.8 | uniq 23.8 | df tiles_per_warp 19.3 fill_us 36.6 loop_us 339.9 reduce_us 41.5 span_us 464.2 between_tiles_us 40.9 | pro build_us 3.55 prefetch_issue_us 0.86 hadamard_us 5.98 first_release_us 13.02
[18:32:13Z] [phases] v2 m=8 grid 144: total 594.9 us, skew 0.1, s1 work 13.2 imb 1.1 bar 0.7 | s2 work 577.3 imb 8.6 bar 0.7 | tail 2.9 | uniq 29.5 | df tiles_per_warp 24.2 fill_us 46.7 loop_us 422.8 reduce_us 48.6 span_us 567.2 between_tiles_us 49.9 | pro build_us 4.16 prefetch_issue_us 0.95 hadamard_us 6.92 first_release_us 13.81
[18:32:13Z] pass=True
# 2026-09-25T18:32:14Z rc 0
# pmon after:
# gpu         pid   type     sm    mem    enc    dec    jpg    ofa    command 
# Idx           #    C/G      %      %      %      %      %      %    name 
    0      81524     G      -      -      -      -      -      -    Xorg           
    0      81681     G      -      -      -      -      -      -    gnome-shell    
