# 2026-09-25T14:33:37Z host spark2 tag ncu-final-m4
# pmon before:
# gpu         pid   type     sm    mem    enc    dec    jpg    ofa    command 
# Idx           #    C/G      %      %      %      %      %      %    name 
    0      81524     G      -      -      -      -      -      -    Xorg           
    0      81681     G      -      -      -      -      -      -    gnome-shell    
# free -h:
               total        used        free      shared  buff/cache   available
Mem:           121Gi       5.9Gi        91Gi       272Ki        25Gi       115Gi
Swap:           15Gi       1.2Gi        14Gi
# cmd: --target-processes all --kernel-name regex:p2b_moe_batched|p2b_coop_df --clock-control none --set full --import-source yes -f -o /repo/kernel_study/p2b_coop/build/ncu/final-m4 python3 kernel_study/p2b_coop/ncu_target.py --variants 0,1,2 --m 4 --calls 2
dsv41: lm_head mxfp8 hook skipped: ModuleNotFoundError("No module named 'torch'")
==WARNING== Note: Running with unmodified GPU clocks. If not controlled otherwise, profiling results may be inconsistent.
==PROF== Connected to process 68 (/usr/bin/python3.12)
unchanged /repo/kernel_study/p2b_coop/build_r3/chain_r3.cu
unchanged /repo/kernel_study/p2b_coop/build_r3/bench_r3.cu
unchanged /repo/kernel_study/p2b_coop/build_r3/bench_r3_ts.cu
==PROF== Connected to process 121 (/usr/bin/python3.12)
==PROF== Connected to process 143 (/usr/bin/python3.12)
==PROF== Disconnected from process 143
==PROF== Disconnected from process 121
==PROF== Profiling "p2b_moe_batched_kernel": 0%....50%....100% - 38 passes
variant 0 unique 14
==PROF== Profiling "p2b_moe_batched_kernel": 0%....50%....100% - 38 passes
variant 0 unique 18
==PROF== Profiling "p2b_moe_batched_kernel": 0%....50%....100% - 38 passes
variant 1 unique 14
==PROF== Profiling "p2b_moe_batched_kernel": 0%....50%....100% - 38 passes
variant 1 unique 18
dsv41: p2b coop dataflow kernel engaged (DSV41_P2B_COOP=2)
==PROF== Profiling "p2b_coop_df_kernel": 0%....50%....100% - 38 passes
variant 2 unique 14
==PROF== Profiling "p2b_coop_df_kernel": 0%....50%....100% - 38 passes
variant 2 unique 18
==PROF== Disconnected from process 68
==WARNING== No source files were imported. Check that the target application was compiled with -lineinfo.
==PROF== Report: /repo/kernel_study/p2b_coop/build/ncu/final-m4.ncu-rep
# 2026-09-25T14:34:10Z rc 0
# pmon after:
# gpu         pid   type     sm    mem    enc    dec    jpg    ofa    command 
# Idx           #    C/G      %      %      %      %      %      %    name 
    0      81524     G      -      -      -      -      -      -    Xorg           
    0      81681     G      -      -      -      -      -      -    gnome-shell    
