# 2026-09-25T14:55:21Z host spark2 tag real-ext-check
# pmon before:
# gpu         pid   type     sm    mem    enc    dec    jpg    ofa    command 
# Idx           #    C/G      %      %      %      %      %      %    name 
    0      81524     G      -      -      -      -      -      -    Xorg           
    0      81681     G      -      -      -      -      -      -    gnome-shell    
# free -h:
               total        used        free      shared  buff/cache   available
Mem:           121Gi       5.2Gi        92Gi       256Ki        25Gi       116Gi
Swap:           15Gi       1.2Gi        14Gi
# cmd: kernel_study/p2b_coop/real_ext_check.py --so-dir kernel_study/p2b_coop/build/e15so --out results/2026-09-25-kernels/coop-moe/real-ext-check.json
unchanged /repo/kernel_study/p2b_coop/build_r3/chain_r3.cu
unchanged /repo/kernel_study/p2b_coop/build_r3/bench_r3.cu
unchanged /repo/kernel_study/p2b_coop/build_r3/bench_r3_ts.cu
dsv41: p2b coop dataflow kernel engaged (DSV41_P2B_COOP=2)
 dsv41-patch skip g8_load_tracer: DSV41_LOAD_PF_G8 is not 1
usage: real_ext_check.py [-h] --so-dir SO_DIR [--layer LAYER]
                         [--routings ROUTINGS] --out OUT
real_ext_check.py: error: the following arguments are required: --out

child DSV41_P2B_COOP=unset failed (2)
# 2026-09-25T14:55:44Z rc 1
# pmon after:
# gpu         pid   type     sm    mem    enc    dec    jpg    ofa    command 
# Idx           #    C/G      %      %      %      %      %      %    name 
    0      81524     G      -      -      -      -      -      -    Xorg           
    0      81681     G      -      -      -      -      -      -    gnome-shell    
# 2026-09-25T14:57:02Z host spark2 tag real-ext-check
# pmon before:
# gpu         pid   type     sm    mem    enc    dec    jpg    ofa    command 
# Idx           #    C/G      %      %      %      %      %      %    name 
    0      81524     G      -      -      -      -      -      -    Xorg           
    0      81681     G      -      -      -      -      -      -    gnome-shell    
# free -h:
               total        used        free      shared  buff/cache   available
Mem:           121Gi       5.3Gi        92Gi       248Ki        25Gi       116Gi
Swap:           15Gi       1.2Gi        14Gi
# cmd: kernel_study/p2b_coop/real_ext_check.py --so-dir kernel_study/p2b_coop/build/e15so --out results/2026-09-25-kernels/coop-moe/real-ext-check.json
unchanged /repo/kernel_study/p2b_coop/build_r3/chain_r3.cu
unchanged /repo/kernel_study/p2b_coop/build_r3/bench_r3.cu
unchanged /repo/kernel_study/p2b_coop/build_r3/bench_r3_ts.cu
dsv41: p2b coop dataflow kernel engaged (DSV41_P2B_COOP=2)
{
 "so_dir": "kernel_study/p2b_coop/build/e15so",
 "cases": 24,
 "modes": {
  "unset": {
   "so": "/repo/kernel_study/p2b_coop/build/e15so/vllm_exl3_c.cpython-312-aarch64-linux-gnu.so",
   "engaged_line": false,
   "disarm_line": false,
   "timing_us": {}
  },
  "0": {
   "so": "/repo/kernel_study/p2b_coop/build/e15so/vllm_exl3_c.cpython-312-aarch64-linux-gnu.so",
   "engaged_line": false,
   "disarm_line": false,
   "timing_us": {}
  },
  "1": {
   "so": "/repo/kernel_study/p2b_coop/build/e15so/vllm_exl3_c.cpython-312-aarch64-linux-gnu.so",
   "engaged_line": false,
   "disarm_line": false,
   "timing_us": {}
  },
  "2": {
   "so": "/repo/kernel_study/p2b_coop/build/e15so/vllm_exl3_c.cpython-312-aarch64-linux-gnu.so",
   "engaged_line": true,
   "disarm_line": false,
   "timing_us": {
    "m1/t0": 157.69599378108978,
    "m4/t0": 226.30399465560913,
    "m8/t0": 669.7279810905457
   }
  }
 },
 "checks": {
  "unset_onehot_eq_bench_v0": true,
  "mode0_onehot_eq_bench_v0": true,
  "mode1_rw_eq_bench_v1": true,
  "mode2_rw_eq_bench_v2": true,
  "mode2_rw_eq_real_mode1": true,
  "mode2_onehot_eq_bench_v0": true,
  "engaged_only_mode2": true,
  "no_disarm_line": true
 },
 "timing_cold_median_us": {
  "bench_v2": {
   "m1/t0": 156.70399367809296,
   "m4/t0": 226.30399465560913,
   "m8/t0": 674.8000085353851
  },
  "real_mode2": {
   "m1/t0": 157.69599378108978,
   "m4/t0": 226.30399465560913,
   "m8/t0": 669.7279810905457
  }
 },
 "pass": true
}
# 2026-09-25T14:58:10Z rc 0
# pmon after:
# gpu         pid   type     sm    mem    enc    dec    jpg    ofa    command 
# Idx           #    C/G      %      %      %      %      %      %    name 
    0      81524     G      -      -      -      -      -      -    Xorg           
    0      81681     G      -      -      -      -      -      -    gnome-shell    
