# 2026-09-25T14:08:56Z host spark2 tag v10-pfl2
# pmon before:
# gpu         pid   type     sm    mem    enc    dec    jpg    ofa    command 
# Idx           #    C/G      %      %      %      %      %      %    name 
    0      81524     G      -      -      -      -      -      -    Xorg           
    0      81681     G      -      -      -      -      -      -    gnome-shell    
# free -h:
               total        used        free      shared  buff/cache   available
Mem:           121Gi       5.4Gi        95Gi       244Ki        22Gi       116Gi
Swap:           15Gi       1.2Gi        14Gi
# cmd: kernel_study/p2b_coop/bench_r3.py --mode time --variants 0,10,17,19,20,21,22,23 --ms 4,8 --sources census,dup0 --iters 400 --out results/2026-09-25-kernels/coop-moe/v10-pfl2.json
unchanged /repo/kernel_study/p2b_coop/build_r3/chain_r3.cu
unchanged /repo/kernel_study/p2b_coop/build_r3/bench_r3.cu
unchanged /repo/kernel_study/p2b_coop/build_r3/bench_r3_ts.cu
[14:09:09Z] loaded layer 20 rank 0 in 6.1 s
dsv41: p2b coop dataflow kernel engaged (DSV41_P2B_COOP=2)
[14:09:09Z] [setup] {"name": "NVIDIA GB10", "sms": 48, "l2_bytes": 25165824, "flush_bytes": 134217728} launch {"v0": {"grid": 192, "blocks_per_sm": 4.0}, "v10": {"grid": 144, "blocks_per_sm": 3.0}, "v17": {"grid": 144, "blocks_per_sm": 3.0}, "v19": {"grid": 144, "blocks_per_sm": 3.0}, "v20": {"grid": 144, "blocks_per_sm": 3.0}, "v21": {"grid": 144, "blocks_per_sm": 3.0}, "v22": {"grid": 144, "blocks_per_sm": 3.0}, "v23": {"grid": 144, "blocks_per_sm": 3.0}}
[14:09:12Z] [time] m=4 census cold: v0 526.3us [516.2,536.6] 135GB/s 54%floor  v10 333.3us [270.6,396.3] 213GB/s 85%floor  v17 332.8us [264.1,393.2] 213GB/s 85%floor  v19 330.8us [262.2,391.2] 214GB/s 86%floor  v20 331.8us [266.3,392.2] 214GB/s 86%floor  v21 331.7us [262.1,392.2] 214GB/s 86%floor  v22 334.9us [266.2,399.4] 212GB/s 85%floor  v23 331.9us [265.2,399.4] 213GB/s 85%floor
[14:09:15Z] [time] m=4 census warm: v0 508.9us [500.7,521.1] 139GB/s 56%floor  v10 322.0us [249.9,384.0] 220GB/s 88%floor  v17 323.6us [250.9,383.8] 219GB/s 87%floor  v19 321.6us [249.9,380.9] 220GB/s 88%floor  v20 321.7us [250.9,382.0] 220GB/s 88%floor  v21 322.6us [250.9,381.0] 219GB/s 88%floor  v22 327.7us [254.0,399.4] 216GB/s 87%floor  v23 323.6us [250.8,387.1] 219GB/s 88%floor
[14:09:18Z] [time] m=4 dup0 cold: v0 526.3us [524.2,528.4] 203GB/s 81%floor  v10 481.5us [480.3,484.4] 222GB/s 89%floor  v17 481.3us [479.2,483.3] 222GB/s 89%floor  v19 479.2us [477.3,481.4] 223GB/s 89%floor  v20 480.3us [478.3,482.3] 223GB/s 89%floor  v21 479.3us [478.2,481.5] 223GB/s 89%floor  v22 485.4us [483.4,487.5] 221GB/s 88%floor  v23 482.3us [480.2,484.4] 222GB/s 89%floor
[14:09:22Z] [time] m=4 dup0 warm: v0 520.4us [518.1,524.3] 206GB/s 82%floor  v10 472.1us [470.0,474.3] 227GB/s 91%floor  v17 474.1us [472.1,476.2] 226GB/s 90%floor  v19 472.1us [470.8,474.4] 227GB/s 91%floor  v20 473.1us [471.0,475.1] 226GB/s 91%floor  v21 473.1us [471.0,475.2] 226GB/s 91%floor  v22 479.3us [478.5,481.3] 223GB/s 89%floor  v23 474.1us [472.4,476.3] 226GB/s 90%floor
[14:09:26Z] [time] m=8 census cold: v0 1011.7us [1001.5,1020.9] 132GB/s 53%floor  v10 598.0us [501.8,677.9] 223GB/s 89%floor  v17 597.9us [494.6,686.1] 223GB/s 89%floor  v19 596.0us [489.5,687.1] 224GB/s 90%floor  v20 597.0us [487.5,681.0] 223GB/s 89%floor  v21 597.5us [489.4,690.2] 224GB/s 89%floor  v22 604.2us [491.7,690.2] 221GB/s 88%floor  v23 599.1us [488.4,691.2] 223GB/s 89%floor
[14:09:30Z] [time] m=8 census warm: v0 987.1us [974.8,999.5] 135GB/s 54%floor  v10 588.8us [479.3,665.6] 227GB/s 91%floor  v17 590.8us [480.3,668.7] 226GB/s 90%floor  v19 588.8us [483.3,671.9] 227GB/s 91%floor  v20 589.9us [480.4,666.7] 227GB/s 91%floor  v21 590.4us [479.4,666.6] 226GB/s 91%floor  v22 598.0us [485.4,675.8] 223GB/s 89%floor  v23 591.4us [486.4,669.7] 226GB/s 90%floor
[14:09:35Z] [time] m=8 dup0 cold: v0 1024.9us [1021.8,1031.2] 209GB/s 84%floor  v10 941.1us [938.0,949.3] 228GB/s 91%floor  v17 941.1us [939.0,949.2] 228GB/s 91%floor  v19 939.0us [937.0,949.2] 228GB/s 91%floor  v20 940.0us [937.9,947.2] 228GB/s 91%floor  v21 940.0us [938.0,946.2] 228GB/s 91%floor  v22 952.3us [950.0,958.5] 225GB/s 90%floor  v23 943.1us [941.0,950.3] 227GB/s 91%floor
[14:09:42Z] [time] m=8 dup0 warm: v0 1017.8us [1014.8,1021.8] 210GB/s 84%floor  v10 929.8us [927.7,933.0] 230GB/s 92%floor  v17 932.9us [929.8,935.9] 230GB/s 92%floor  v19 930.6us [927.8,933.9] 230GB/s 92%floor  v20 931.8us [928.8,934.9] 230GB/s 92%floor  v21 931.8us [929.6,935.7] 230GB/s 92%floor  v22 944.1us [942.1,948.2] 227GB/s 91%floor  v23 934.0us [931.8,938.0] 229GB/s 92%floor
[14:09:42Z] pass=True
# 2026-09-25T14:09:43Z rc 0
# pmon after:
# gpu         pid   type     sm    mem    enc    dec    jpg    ofa    command 
# Idx           #    C/G      %      %      %      %      %      %    name 
    0      81524     G      -      -      -      -      -      -    Xorg           
    0      81681     G      -      -      -      -      -      -    gnome-shell    
