# 2026-09-25T13:25:31Z host spark2 tag v4-bw
# pmon before:
# gpu         pid   type     sm    mem    enc    dec    jpg    ofa    command 
# Idx           #    C/G      %      %      %      %      %      %    name 
    0      81524     G      -      -      -      -      -      -    Xorg           
    0      81681     G      -      -      -      -      -      -    gnome-shell    
# free -h:
               total        used        free      shared  buff/cache   available
Mem:           121Gi       5.0Gi        96Gi       228Ki        21Gi       116Gi
Swap:           15Gi       1.2Gi        14Gi
# cmd: kernel_study/p2b_coop/bench_r3.py --mode bw --variants 0 --ms 4 --iters 200 --out results/2026-09-25-kernels/coop-moe/v4-bw.json
unchanged /repo/kernel_study/p2b_coop/build_r3/chain_r3.cu
unchanged /repo/kernel_study/p2b_coop/build_r3/bench_r3.cu
unchanged /repo/kernel_study/p2b_coop/build_r3/bench_r3_ts.cu
[13:25:44Z] loaded layer 20 rank 0 in 5.7 s
[13:25:44Z] [setup] {"name": "NVIDIA GB10", "sms": 48, "l2_bytes": 25165824, "flush_bytes": 134217728} launch {"v0": {"grid": 192, "blocks_per_sm": 4.0}}
[13:25:47Z] [bw] bps3_pf1_vec4_l2d0: 231.8 GB/s (max 234.5)
[13:25:47Z] [bw] bps2_pf1_vec4_l2d0: 231.6 GB/s (max 234.0)
[13:25:47Z] [bw] bps4_pf1_vec4_l2d0: 231.5 GB/s (max 233.7)
[13:25:47Z] [bw] bps3_pf2_vec4_l2d0: 230.9 GB/s (max 233.7)
[13:25:47Z] [bw] bps3_pf4_vec1_l2d0: 230.7 GB/s (max 234.5)
[13:25:47Z] [bw] bps2_pf2_vec4_l2d0: 230.6 GB/s (max 233.1)
[13:25:47Z] [bw] bps2_pf4_vec4_l2d0: 230.5 GB/s (max 233.2)
[13:25:47Z] [bw] bps6_pf1_vec4_l2d0: 230.5 GB/s (max 234.7)
[13:25:47Z] [bw] bps2_pf4_vec1_l2d0: 230.4 GB/s (max 233.6)
[13:25:47Z] [bw] bps4_pf2_vec4_l2d0: 230.3 GB/s (max 233.8)
[13:25:47Z] [bw] bps3_pf4_vec4_l2d8: 230.0 GB/s (max 232.1)
[13:25:47Z] [bw] bps4_pf4_vec1_l2d0: 229.9 GB/s (max 233.9)
[13:25:47Z] [bw] bps3_pf8_vec1_l2d0: 229.9 GB/s (max 232.1)
[13:25:47Z] [bw] bps3_pf4_vec4_l2d0: 229.8 GB/s (max 232.7)
[13:25:47Z] [bw] bps2_pf8_vec1_l2d0: 229.8 GB/s (max 232.1)
[13:25:47Z] [bw] bps4_pf4_vec4_l2d0: 229.6 GB/s (max 233.4)
[13:25:47Z] [bw] bps6_pf2_vec4_l2d0: 229.5 GB/s (max 232.0)
[13:25:47Z] [bw] bps6_pf4_vec4_l2d0: 229.5 GB/s (max 233.6)
[13:25:47Z] [bw] bps2_pf4_vec4_l2d8: 229.3 GB/s (max 232.2)
[13:25:47Z] [bw] bps4_pf4_vec4_l2d8: 229.2 GB/s (max 232.6)
[13:25:47Z] [bw] bps2_pf4_vec1_l2d8: 228.9 GB/s (max 231.4)
[13:25:47Z] [bw] bps2_pf2_vec1_l2d0: 228.5 GB/s (max 231.8)
[13:25:47Z] [bw] bps6_pf2_vec4_l2d8: 228.5 GB/s (max 231.4)
[13:25:47Z] [bw] bps6_pf4_vec1_l2d0: 228.4 GB/s (max 232.2)
[13:25:47Z] [bw] bps4_pf8_vec1_l2d0: 228.3 GB/s (max 232.1)
[13:25:47Z] [bw] bps3_pf4_vec1_l2d8: 228.2 GB/s (max 231.5)
[13:25:47Z] [bw] bps6_pf4_vec4_l2d8: 228.2 GB/s (max 231.5)
[13:25:47Z] [bw] bps4_pf2_vec4_l2d8: 228.1 GB/s (max 230.5)
[13:25:47Z] [bw] bps4_pf2_vec1_l2d0: 228.1 GB/s (max 230.4)
[13:25:47Z] [bw] bps3_pf2_vec4_l2d8: 228.0 GB/s (max 232.3)
[13:25:47Z] [bw] bps3_pf2_vec1_l2d0: 227.9 GB/s (max 231.5)
[13:25:47Z] [bw] bps4_pf4_vec1_l2d8: 227.8 GB/s (max 232.1)
[13:25:47Z] [bw] bps2_pf8_vec1_l2d8: 227.7 GB/s (max 230.7)
[13:25:47Z] [bw] bps2_pf1_vec4_l2d8: 227.6 GB/s (max 228.7)
[13:25:47Z] [bw] bps2_pf2_vec4_l2d8: 227.4 GB/s (max 230.9)
[13:25:47Z] [bw] bps6_pf2_vec1_l2d0: 227.3 GB/s (max 231.0)
[13:25:47Z] [bw] bps3_pf8_vec1_l2d8: 227.3 GB/s (max 229.5)
[13:25:47Z] [bw] bps2_pf2_vec1_l2d8: 226.9 GB/s (max 228.7)
[13:25:47Z] [bw] bps3_pf2_vec1_l2d8: 226.3 GB/s (max 229.1)
[13:25:47Z] [bw] bps3_pf1_vec4_l2d8: 226.2 GB/s (max 229.1)
[13:25:47Z] [bw] bps6_pf2_vec1_l2d8: 226.1 GB/s (max 229.2)
[13:25:47Z] [bw] bps6_pf8_vec1_l2d0: 225.8 GB/s (max 228.6)
[13:25:47Z] [bw] bps4_pf1_vec4_l2d8: 225.5 GB/s (max 228.8)
[13:25:47Z] [bw] bps4_pf2_vec1_l2d8: 225.5 GB/s (max 228.9)
[13:25:47Z] [bw] bps6_pf1_vec4_l2d8: 225.3 GB/s (max 228.1)
[13:25:47Z] [bw] bps4_pf8_vec1_l2d8: 223.6 GB/s (max 226.6)
[13:25:47Z] [bw] bps6_pf8_vec1_l2d8: 223.6 GB/s (max 225.3)
[13:25:47Z] [bw] bps6_pf4_vec1_l2d8: 223.5 GB/s (max 226.6)
[13:25:47Z] [bw] bps4_pf1_vec1_l2d0: 220.3 GB/s (max 222.6)
[13:25:47Z] [bw] bps6_pf1_vec1_l2d8: 219.9 GB/s (max 223.0)
[13:25:47Z] [bw] bps3_pf1_vec1_l2d8: 219.5 GB/s (max 222.6)
[13:25:47Z] [bw] bps4_pf1_vec1_l2d8: 219.3 GB/s (max 223.5)
[13:25:47Z] [bw] bps6_pf1_vec1_l2d0: 219.2 GB/s (max 223.5)
[13:25:47Z] [bw] bps2_pf1_vec1_l2d8: 218.6 GB/s (max 221.9)
[13:25:47Z] [bw] bps3_pf1_vec1_l2d0: 218.1 GB/s (max 221.3)
[13:25:47Z] [bw] bps2_pf1_vec1_l2d0: 190.3 GB/s (max 191.7)
[13:25:47Z] pass=True
# 2026-09-25T13:25:49Z rc 0
# pmon after:
# gpu         pid   type     sm    mem    enc    dec    jpg    ofa    command 
# Idx           #    C/G      %      %      %      %      %      %    name 
    0      81524     G      -      -      -      -      -      -    Xorg           
    0      81681     G      -      -      -      -      -      -    gnome-shell    
