# 2026-09-25T13:28:52Z host spark2 tag v4-gemm
# pmon before:
# gpu         pid   type     sm    mem    enc    dec    jpg    ofa    command 
# Idx           #    C/G      %      %      %      %      %      %    name 
    0      81524     G      -      -      -      -      -      -    Xorg           
    0      81681     G      -      -      -      -      -      -    gnome-shell    
# free -h:
               total        used        free      shared  buff/cache   available
Mem:           121Gi       5.1Gi        96Gi       252Ki        21Gi       116Gi
Swap:           15Gi       1.2Gi        14Gi
# cmd: kernel_study/p2b_coop/bench_r3.py --mode gemm --variants 0 --ms 4 --iters 200 --out results/2026-09-25-kernels/coop-moe/v4-gemm.json
unchanged /repo/kernel_study/p2b_coop/build_r3/chain_r3.cu
unchanged /repo/kernel_study/p2b_coop/build_r3/bench_r3.cu
unchanged /repo/kernel_study/p2b_coop/build_r3/bench_r3_ts.cu
[13:29:04Z] loaded layer 20 rank 0 in 5.8 s
[13:29:04Z] [setup] {"name": "NVIDIA GB10", "sms": 48, "l2_bytes": 25165824, "flush_bytes": 134217728} launch {"v0": {"grid": 192, "blocks_per_sm": 4.0}}
[13:29:05Z] [gemm] N=64640 m=4 662 MB: 226.2 GB/s (max 227.7)
[13:29:05Z] [gemm] N=64640 m=8 662 MB: 229.5 GB/s (max 230.7)
[13:29:05Z] [gemm] N=16384 m=4 168 MB: 227.9 GB/s (max 229.8)
[13:29:05Z] [gemm] N=16384 m=8 168 MB: 226.3 GB/s (max 227.6)
[13:29:05Z] pass=True
# 2026-09-25T13:29:07Z rc 0
# pmon after:
# gpu         pid   type     sm    mem    enc    dec    jpg    ofa    command 
# Idx           #    C/G      %      %      %      %      %      %    name 
    0      81524     G      -      -      -      -      -      -    Xorg           
    0      81681     G      -      -      -      -      -      -    gnome-shell    
