# 2026-09-25T13:34:09Z host spark2 tag v5-pro-dfout
# pmon before:
# gpu         pid   type     sm    mem    enc    dec    jpg    ofa    command 
# Idx           #    C/G      %      %      %      %      %      %    name 
    0      81524     G      -      -      -      -      -      -    Xorg           
    0      81681     G      -      -      -      -      -      -    gnome-shell    
# free -h:
               total        used        free      shared  buff/cache   available
Mem:           121Gi       5.1Gi        96Gi       244Ki        22Gi       116Gi
Swap:           15Gi       1.2Gi        14Gi
# cmd: kernel_study/p2b_coop/bench_r3.py --mode all --variants 0,1,3,6,10,11,12 --ms 1,3,4,6,8 --check-routings 4 --out results/2026-09-25-kernels/coop-moe/v5-pro-dfout.json
unchanged /repo/kernel_study/p2b_coop/build_r3/chain_r3.cu
unchanged /repo/kernel_study/p2b_coop/build_r3/bench_r3.cu
unchanged /repo/kernel_study/p2b_coop/build_r3/bench_r3_ts.cu
[13:34:21Z] loaded layer 20 rank 0 in 5.7 s
dsv41: p2b coop dataflow kernel engaged (DSV41_P2B_COOP=2)
[13:34:21Z] [setup] {"name": "NVIDIA GB10", "sms": 48, "l2_bytes": 25165824, "flush_bytes": 134217728} launch {"v0": {"grid": 192, "blocks_per_sm": 4.0}, "v1": {"grid": 192, "blocks_per_sm": 4.0}, "v3": {"grid": 144, "blocks_per_sm": 3.0}, "v6": {"grid": 144, "blocks_per_sm": 3.0}, "v10": {"grid": 144, "blocks_per_sm": 3.0}, "v11": {"grid": 144, "blocks_per_sm": 3.0}, "v12": {"grid": 144, "blocks_per_sm": 3.0}}
[13:34:21Z] [check] v1 m=1 census: {"pass": true, "onehot_bitexact": true, "full_max_rel": 9.770510587259196e-07, "full_max_ulp": 1, "repeat_bitexact": true, "ref_max_rel": 0.0, "p2b_ref_max_rel": 0.0, "ref_rms_rel": null, "p2b_ref_rms_rel": null}
[13:34:21Z] [check] v3 m=1 census: {"pass": true, "onehot_bitexact": true, "full_max_rel": 9.770510587259196e-07, "full_max_ulp": 1, "repeat_bitexact": true, "ref_max_rel": 0.0, "p2b_ref_max_rel": 0.0, "ref_rms_rel": null, "p2b_ref_rms_rel": null}
[13:34:21Z] [check] v6 m=1 census: {"pass": true, "onehot_bitexact": true, "full_max_rel": 9.770510587259196e-07, "full_max_ulp": 1, "repeat_bitexact": true, "ref_max_rel": 0.0, "p2b_ref_max_rel": 0.0, "ref_rms_rel": null, "p2b_ref_rms_rel": null}
[13:34:21Z] [check] v10 m=1 census: {"pass": true, "onehot_bitexact": true, "full_max_rel": 9.770510587259196e-07, "full_max_ulp": 1, "repeat_bitexact": true, "ref_max_rel": 0.0, "p2b_ref_max_rel": 0.0, "ref_rms_rel": null, "p2b_ref_rms_rel": null}
[13:34:21Z] [check] v11 m=1 census: {"pass": true, "onehot_bitexact": true, "full_max_rel": 9.770510587259196e-07, "full_max_ulp": 1, "repeat_bitexact": true, "ref_max_rel": 0.0, "p2b_ref_max_rel": 0.0, "ref_rms_rel": null, "p2b_ref_rms_rel": null}
[13:34:21Z] [check] v12 m=1 census: {"pass": true, "onehot_bitexact": true, "full_max_rel": 9.770510587259196e-07, "full_max_ulp": 1, "repeat_bitexact": true, "ref_max_rel": 0.0, "p2b_ref_max_rel": 0.0, "ref_rms_rel": null, "p2b_ref_rms_rel": null}
[13:34:21Z] [check] v1 m=1 dup0: {"pass": true, "onehot_bitexact": true, "full_max_rel": 1.7390095308655873e-05, "full_max_ulp": 1, "repeat_bitexact": true, "ref_max_rel": 0.0, "p2b_ref_max_rel": 0.0, "ref_rms_rel": null, "p2b_ref_rms_rel": null}
[13:34:21Z] [check] v3 m=1 dup0: {"pass": true, "onehot_bitexact": true, "full_max_rel": 1.7390095308655873e-05, "full_max_ulp": 1, "repeat_bitexact": true, "ref_max_rel": 0.0, "p2b_ref_max_rel": 0.0, "ref_rms_rel": null, "p2b_ref_rms_rel": null}
[13:34:21Z] [check] v6 m=1 dup0: {"pass": true, "onehot_bitexact": true, "full_max_rel": 1.7390095308655873e-05, "full_max_ulp": 1, "repeat_bitexact": true, "ref_max_rel": 0.0, "p2b_ref_max_rel": 0.0, "ref_rms_rel": null, "p2b_ref_rms_rel": null}
[13:34:21Z] [check] v10 m=1 dup0: {"pass": true, "onehot_bitexact": true, "full_max_rel": 1.7390095308655873e-05, "full_max_ulp": 1, "repeat_bitexact": true, "ref_max_rel": 0.0, "p2b_ref_max_rel": 0.0, "ref_rms_rel": null, "p2b_ref_rms_rel": null}
[13:34:21Z] [check] v11 m=1 dup0: {"pass": true, "onehot_bitexact": true, "full_max_rel": 1.7390095308655873e-05, "full_max_ulp": 1, "repeat_bitexact": true, "ref_max_rel": 0.0, "p2b_ref_max_rel": 0.0, "ref_rms_rel": null, "p2b_ref_rms_rel": null}
[13:34:21Z] [check] v12 m=1 dup0: {"pass": true, "onehot_bitexact": true, "full_max_rel": 1.7390095308655873e-05, "full_max_ulp": 1, "repeat_bitexact": true, "ref_max_rel": 0.0, "p2b_ref_max_rel": 0.0, "ref_rms_rel": null, "p2b_ref_rms_rel": null}
[13:34:22Z] [check] v1 m=3 census: {"pass": true, "onehot_bitexact": true, "full_max_rel": 0.00026413099840283394, "full_max_ulp": 1, "repeat_bitexact": true, "ref_max_rel": 0.0, "p2b_ref_max_rel": 0.0, "ref_rms_rel": null, "p2b_ref_rms_rel": null}
[13:34:22Z] [check] v3 m=3 census: {"pass": true, "onehot_bitexact": true, "full_max_rel": 0.00026413099840283394, "full_max_ulp": 1, "repeat_bitexact": true, "ref_max_rel": 0.0, "p2b_ref_max_rel": 0.0, "ref_rms_rel": null, "p2b_ref_rms_rel": null}
[13:34:22Z] [check] v6 m=3 census: {"pass": true, "onehot_bitexact": true, "full_max_rel": 0.00026413099840283394, "full_max_ulp": 1, "repeat_bitexact": true, "ref_max_rel": 0.0, "p2b_ref_max_rel": 0.0, "ref_rms_rel": null, "p2b_ref_rms_rel": null}
[13:34:22Z] [check] v10 m=3 census: {"pass": true, "onehot_bitexact": true, "full_max_rel": 0.00026413099840283394, "full_max_ulp": 1, "repeat_bitexact": true, "ref_max_rel": 0.0, "p2b_ref_max_rel": 0.0, "ref_rms_rel": null, "p2b_ref_rms_rel": null}
[13:34:22Z] [check] v11 m=3 census: {"pass": true, "onehot_bitexact": true, "full_max_rel": 0.00026413099840283394, "full_max_ulp": 1, "repeat_bitexact": true, "ref_max_rel": 0.0, "p2b_ref_max_rel": 0.0, "ref_rms_rel": null, "p2b_ref_rms_rel": null}
[13:34:22Z] [check] v12 m=3 census: {"pass": true, "onehot_bitexact": true, "full_max_rel": 0.00026413099840283394, "full_max_ulp": 1, "repeat_bitexact": true, "ref_max_rel": 0.0, "p2b_ref_max_rel": 0.0, "ref_rms_rel": null, "p2b_ref_rms_rel": null}
[13:34:22Z] [check] v1 m=3 dup0: {"pass": true, "onehot_bitexact": true, "full_max_rel": 9.207425136992242e-06, "full_max_ulp": 1, "repeat_bitexact": true, "ref_max_rel": 0.0, "p2b_ref_max_rel": 0.0, "ref_rms_rel": null, "p2b_ref_rms_rel": null}
[13:34:22Z] [check] v3 m=3 dup0: {"pass": true, "onehot_bitexact": true, "full_max_rel": 9.207425136992242e-06, "full_max_ulp": 1, "repeat_bitexact": true, "ref_max_rel": 0.0, "p2b_ref_max_rel": 0.0, "ref_rms_rel": null, "p2b_ref_rms_rel": null}
[13:34:22Z] [check] v6 m=3 dup0: {"pass": true, "onehot_bitexact": true, "full_max_rel": 9.207425136992242e-06, "full_max_ulp": 1, "repeat_bitexact": true, "ref_max_rel": 0.0, "p2b_ref_max_rel": 0.0, "ref_rms_rel": null, "p2b_ref_rms_rel": null}
[13:34:22Z] [check] v10 m=3 dup0: {"pass": true, "onehot_bitexact": true, "full_max_rel": 9.207425136992242e-06, "full_max_ulp": 1, "repeat_bitexact": true, "ref_max_rel": 0.0, "p2b_ref_max_rel": 0.0, "ref_rms_rel": null, "p2b_ref_rms_rel": null}
[13:34:22Z] [check] v11 m=3 dup0: {"pass": true, "onehot_bitexact": true, "full_max_rel": 9.207425136992242e-06, "full_max_ulp": 1, "repeat_bitexact": true, "ref_max_rel": 0.0, "p2b_ref_max_rel": 0.0, "ref_rms_rel": null, "p2b_ref_rms_rel": null}
[13:34:22Z] [check] v12 m=3 dup0: {"pass": true, "onehot_bitexact": true, "full_max_rel": 9.207425136992242e-06, "full_max_ulp": 1, "repeat_bitexact": true, "ref_max_rel": 0.0, "p2b_ref_max_rel": 0.0, "ref_rms_rel": null, "p2b_ref_rms_rel": null}
[13:34:22Z] [check] v1 m=4 census: {"pass": true, "onehot_bitexact": true, "full_max_rel": 0.0001227294997079298, "full_max_ulp": 1, "repeat_bitexact": true, "ref_max_rel": 0.0, "p2b_ref_max_rel": 0.0, "ref_rms_rel": null, "p2b_ref_rms_rel": null}
[13:34:22Z] [check] v3 m=4 census: {"pass": true, "onehot_bitexact": true, "full_max_rel": 0.0001227294997079298, "full_max_ulp": 1, "repeat_bitexact": true, "ref_max_rel": 0.0, "p2b_ref_max_rel": 0.0, "ref_rms_rel": null, "p2b_ref_rms_rel": null}
[13:34:22Z] [check] v6 m=4 census: {"pass": true, "onehot_bitexact": true, "full_max_rel": 0.0001227294997079298, "full_max_ulp": 1, "repeat_bitexact": true, "ref_max_rel": 0.0, "p2b_ref_max_rel": 0.0, "ref_rms_rel": null, "p2b_ref_rms_rel": null}
[13:34:22Z] [check] v10 m=4 census: {"pass": true, "onehot_bitexact": true, "full_max_rel": 0.0001227294997079298, "full_max_ulp": 1, "repeat_bitexact": true, "ref_max_rel": 0.0, "p2b_ref_max_rel": 0.0, "ref_rms_rel": null, "p2b_ref_rms_rel": null}
[13:34:22Z] [check] v11 m=4 census: {"pass": true, "onehot_bitexact": true, "full_max_rel": 0.0001227294997079298, "full_max_ulp": 1, "repeat_bitexact": true, "ref_max_rel": 0.0, "p2b_ref_max_rel": 0.0, "ref_rms_rel": null, "p2b_ref_rms_rel": null}
[13:34:22Z] [check] v12 m=4 census: {"pass": true, "onehot_bitexact": true, "full_max_rel": 0.0001227294997079298, "full_max_ulp": 1, "repeat_bitexact": true, "ref_max_rel": 0.0, "p2b_ref_max_rel": 0.0, "ref_rms_rel": null, "p2b_ref_rms_rel": null}
[13:34:22Z] [check] v1 m=4 dup0: {"pass": true, "onehot_bitexact": true, "full_max_rel": 0.0004642525454983115, "full_max_ulp": 1, "repeat_bitexact": true, "ref_max_rel": 0.0, "p2b_ref_max_rel": 0.0, "ref_rms_rel": null, "p2b_ref_rms_rel": null}
[13:34:22Z] [check] v3 m=4 dup0: {"pass": true, "onehot_bitexact": true, "full_max_rel": 0.0004642525454983115, "full_max_ulp": 1, "repeat_bitexact": true, "ref_max_rel": 0.0, "p2b_ref_max_rel": 0.0, "ref_rms_rel": null, "p2b_ref_rms_rel": null}
[13:34:22Z] [check] v6 m=4 dup0: {"pass": true, "onehot_bitexact": true, "full_max_rel": 0.0004642525454983115, "full_max_ulp": 1, "repeat_bitexact": true, "ref_max_rel": 0.0, "p2b_ref_max_rel": 0.0, "ref_rms_rel": null, "p2b_ref_rms_rel": null}
[13:34:22Z] [check] v10 m=4 dup0: {"pass": true, "onehot_bitexact": true, "full_max_rel": 0.0004642525454983115, "full_max_ulp": 1, "repeat_bitexact": true, "ref_max_rel": 0.0, "p2b_ref_max_rel": 0.0, "ref_rms_rel": null, "p2b_ref_rms_rel": null}
[13:34:22Z] [check] v11 m=4 dup0: {"pass": true, "onehot_bitexact": true, "full_max_rel": 0.0004642525454983115, "full_max_ulp": 1, "repeat_bitexact": true, "ref_max_rel": 0.0, "p2b_ref_max_rel": 0.0, "ref_rms_rel": null, "p2b_ref_rms_rel": null}
[13:34:22Z] [check] v12 m=4 dup0: {"pass": true, "onehot_bitexact": true, "full_max_rel": 0.0004642525454983115, "full_max_ulp": 1, "repeat_bitexact": true, "ref_max_rel": 0.0, "p2b_ref_max_rel": 0.0, "ref_rms_rel": null, "p2b_ref_rms_rel": null}
[13:34:22Z] [check] v1 m=6 census: {"pass": true, "onehot_bitexact": true, "full_max_rel": 0.0005376344197429717, "full_max_ulp": 1, "repeat_bitexact": true, "ref_max_rel": 0.0, "p2b_ref_max_rel": 0.0, "ref_rms_rel": null, "p2b_ref_rms_rel": null}
[13:34:22Z] [check] v3 m=6 census: {"pass": true, "onehot_bitexact": true, "full_max_rel": 0.0005376344197429717, "full_max_ulp": 1, "repeat_bitexact": true, "ref_max_rel": 0.0, "p2b_ref_max_rel": 0.0, "ref_rms_rel": null, "p2b_ref_rms_rel": null}
[13:34:22Z] [check] v6 m=6 census: {"pass": true, "onehot_bitexact": true, "full_max_rel": 0.0005376344197429717, "full_max_ulp": 1, "repeat_bitexact": true, "ref_max_rel": 0.0, "p2b_ref_max_rel": 0.0, "ref_rms_rel": null, "p2b_ref_rms_rel": null}
[13:34:22Z] [check] v10 m=6 census: {"pass": true, "onehot_bitexact": true, "full_max_rel": 0.0005376344197429717, "full_max_ulp": 1, "repeat_bitexact": true, "ref_max_rel": 0.0, "p2b_ref_max_rel": 0.0, "ref_rms_rel": null, "p2b_ref_rms_rel": null}
[13:34:22Z] [check] v11 m=6 census: {"pass": true, "onehot_bitexact": true, "full_max_rel": 0.0005376344197429717, "full_max_ulp": 1, "repeat_bitexact": true, "ref_max_rel": 0.0, "p2b_ref_max_rel": 0.0, "ref_rms_rel": null, "p2b_ref_rms_rel": null}
[13:34:22Z] [check] v12 m=6 census: {"pass": true, "onehot_bitexact": true, "full_max_rel": 0.0005376344197429717, "full_max_ulp": 1, "repeat_bitexact": true, "ref_max_rel": 0.0, "p2b_ref_max_rel": 0.0, "ref_rms_rel": null, "p2b_ref_rms_rel": null}
[13:34:22Z] [check] v1 m=6 dup0: {"pass": true, "onehot_bitexact": true, "full_max_rel": 0.00024582105106674135, "full_max_ulp": 1, "repeat_bitexact": true, "ref_max_rel": 0.0, "p2b_ref_max_rel": 0.0, "ref_rms_rel": null, "p2b_ref_rms_rel": null}
[13:34:22Z] [check] v3 m=6 dup0: {"pass": true, "onehot_bitexact": true, "full_max_rel": 0.00024582105106674135, "full_max_ulp": 1, "repeat_bitexact": true, "ref_max_rel": 0.0, "p2b_ref_max_rel": 0.0, "ref_rms_rel": null, "p2b_ref_rms_rel": null}
[13:34:22Z] [check] v6 m=6 dup0: {"pass": true, "onehot_bitexact": true, "full_max_rel": 0.00024582105106674135, "full_max_ulp": 1, "repeat_bitexact": true, "ref_max_rel": 0.0, "p2b_ref_max_rel": 0.0, "ref_rms_rel": null, "p2b_ref_rms_rel": null}
[13:34:22Z] [check] v10 m=6 dup0: {"pass": true, "onehot_bitexact": true, "full_max_rel": 0.00024582105106674135, "full_max_ulp": 1, "repeat_bitexact": true, "ref_max_rel": 0.0, "p2b_ref_max_rel": 0.0, "ref_rms_rel": null, "p2b_ref_rms_rel": null}
[13:34:22Z] [check] v11 m=6 dup0: {"pass": true, "onehot_bitexact": true, "full_max_rel": 0.00024582105106674135, "full_max_ulp": 1, "repeat_bitexact": true, "ref_max_rel": 0.0, "p2b_ref_max_rel": 0.0, "ref_rms_rel": null, "p2b_ref_rms_rel": null}
[13:34:22Z] [check] v12 m=6 dup0: {"pass": true, "onehot_bitexact": true, "full_max_rel": 0.00024582105106674135, "full_max_ulp": 1, "repeat_bitexact": true, "ref_max_rel": 0.0, "p2b_ref_max_rel": 0.0, "ref_rms_rel": null, "p2b_ref_rms_rel": null}
[13:34:22Z] [check] v1 m=6 census_seq: {"pass": true, "onehot_bitexact": true, "full_max_rel": 0.00012309207522775978, "full_max_ulp": 1, "repeat_bitexact": true, "ref_max_rel": 0.0, "p2b_ref_max_rel": 0.0, "ref_rms_rel": null, "p2b_ref_rms_rel": null}
[13:34:22Z] [check] v3 m=6 census_seq: {"pass": true, "onehot_bitexact": true, "full_max_rel": 0.00012309207522775978, "full_max_ulp": 1, "repeat_bitexact": true, "ref_max_rel": 0.0, "p2b_ref_max_rel": 0.0, "ref_rms_rel": null, "p2b_ref_rms_rel": null}
[13:34:22Z] [check] v6 m=6 census_seq: {"pass": true, "onehot_bitexact": true, "full_max_rel": 0.00012309207522775978, "full_max_ulp": 1, "repeat_bitexact": true, "ref_max_rel": 0.0, "p2b_ref_max_rel": 0.0, "ref_rms_rel": null, "p2b_ref_rms_rel": null}
[13:34:22Z] [check] v10 m=6 census_seq: {"pass": true, "onehot_bitexact": true, "full_max_rel": 0.00012309207522775978, "full_max_ulp": 1, "repeat_bitexact": true, "ref_max_rel": 0.0, "p2b_ref_max_rel": 0.0, "ref_rms_rel": null, "p2b_ref_rms_rel": null}
[13:34:22Z] [check] v11 m=6 census_seq: {"pass": true, "onehot_bitexact": true, "full_max_rel": 0.00012309207522775978, "full_max_ulp": 1, "repeat_bitexact": true, "ref_max_rel": 0.0, "p2b_ref_max_rel": 0.0, "ref_rms_rel": null, "p2b_ref_rms_rel": null}
[13:34:22Z] [check] v12 m=6 census_seq: {"pass": true, "onehot_bitexact": true, "full_max_rel": 0.00012309207522775978, "full_max_ulp": 1, "repeat_bitexact": true, "ref_max_rel": 0.0, "p2b_ref_max_rel": 0.0, "ref_rms_rel": null, "p2b_ref_rms_rel": null}
[13:34:23Z] [check] v1 m=8 census: {"pass": true, "onehot_bitexact": true, "full_max_rel": 0.00012088975199731067, "full_max_ulp": 1, "repeat_bitexact": true, "ref_max_rel": 0.0, "p2b_ref_max_rel": 0.0, "ref_rms_rel": null, "p2b_ref_rms_rel": null}
[13:34:23Z] [check] v3 m=8 census: {"pass": true, "onehot_bitexact": true, "full_max_rel": 0.00012088975199731067, "full_max_ulp": 1, "repeat_bitexact": true, "ref_max_rel": 0.0, "p2b_ref_max_rel": 0.0, "ref_rms_rel": null, "p2b_ref_rms_rel": null}
[13:34:23Z] [check] v6 m=8 census: {"pass": true, "onehot_bitexact": true, "full_max_rel": 0.00012088975199731067, "full_max_ulp": 1, "repeat_bitexact": true, "ref_max_rel": 0.0, "p2b_ref_max_rel": 0.0, "ref_rms_rel": null, "p2b_ref_rms_rel": null}
[13:34:23Z] [check] v10 m=8 census: {"pass": true, "onehot_bitexact": true, "full_max_rel": 0.00012088975199731067, "full_max_ulp": 1, "repeat_bitexact": true, "ref_max_rel": 0.0, "p2b_ref_max_rel": 0.0, "ref_rms_rel": null, "p2b_ref_rms_rel": null}
[13:34:23Z] [check] v11 m=8 census: {"pass": true, "onehot_bitexact": true, "full_max_rel": 0.00012088975199731067, "full_max_ulp": 1, "repeat_bitexact": true, "ref_max_rel": 0.0, "p2b_ref_max_rel": 0.0, "ref_rms_rel": null, "p2b_ref_rms_rel": null}
[13:34:23Z] [check] v12 m=8 census: {"pass": false, "onehot_bitexact": false, "full_max_rel": 0.00012088975199731067, "full_max_ulp": 1, "repeat_bitexact": true, "ref_max_rel": 0.0, "p2b_ref_max_rel": 0.0, "ref_rms_rel": null, "p2b_ref_rms_rel": null}
[13:34:23Z] [check] v1 m=8 dup0: {"pass": true, "onehot_bitexact": true, "full_max_rel": 6.42013328615576e-05, "full_max_ulp": 1, "repeat_bitexact": true, "ref_max_rel": 0.0, "p2b_ref_max_rel": 0.0, "ref_rms_rel": null, "p2b_ref_rms_rel": null}
[13:34:23Z] [check] v3 m=8 dup0: {"pass": true, "onehot_bitexact": true, "full_max_rel": 6.42013328615576e-05, "full_max_ulp": 1, "repeat_bitexact": true, "ref_max_rel": 0.0, "p2b_ref_max_rel": 0.0, "ref_rms_rel": null, "p2b_ref_rms_rel": null}
[13:34:23Z] [check] v6 m=8 dup0: {"pass": true, "onehot_bitexact": true, "full_max_rel": 6.42013328615576e-05, "full_max_ulp": 1, "repeat_bitexact": true, "ref_max_rel": 0.0, "p2b_ref_max_rel": 0.0, "ref_rms_rel": null, "p2b_ref_rms_rel": null}
[13:34:23Z] [check] v10 m=8 dup0: {"pass": true, "onehot_bitexact": true, "full_max_rel": 6.42013328615576e-05, "full_max_ulp": 1, "repeat_bitexact": true, "ref_max_rel": 0.0, "p2b_ref_max_rel": 0.0, "ref_rms_rel": null, "p2b_ref_rms_rel": null}
[13:34:23Z] [check] v11 m=8 dup0: {"pass": true, "onehot_bitexact": true, "full_max_rel": 6.42013328615576e-05, "full_max_ulp": 1, "repeat_bitexact": true, "ref_max_rel": 0.0, "p2b_ref_max_rel": 0.0, "ref_rms_rel": null, "p2b_ref_rms_rel": null}
[13:34:23Z] [check] v12 m=8 dup0: {"pass": true, "onehot_bitexact": true, "full_max_rel": 6.42013328615576e-05, "full_max_ulp": 1, "repeat_bitexact": true, "ref_max_rel": 0.0, "p2b_ref_max_rel": 0.0, "ref_rms_rel": null, "p2b_ref_rms_rel": null}
[13:34:23Z] [check] v1 m=8 census_seq: {"pass": true, "onehot_bitexact": true, "full_max_rel": 0.00023408239940181375, "full_max_ulp": 1, "repeat_bitexact": true, "ref_max_rel": 0.0, "p2b_ref_max_rel": 0.0, "ref_rms_rel": null, "p2b_ref_rms_rel": null}
[13:34:23Z] [check] v3 m=8 census_seq: {"pass": true, "onehot_bitexact": true, "full_max_rel": 0.00023408239940181375, "full_max_ulp": 1, "repeat_bitexact": true, "ref_max_rel": 0.0, "p2b_ref_max_rel": 0.0, "ref_rms_rel": null, "p2b_ref_rms_rel": null}
[13:34:23Z] [check] v6 m=8 census_seq: {"pass": true, "onehot_bitexact": true, "full_max_rel": 0.00023408239940181375, "full_max_ulp": 1, "repeat_bitexact": true, "ref_max_rel": 0.0, "p2b_ref_max_rel": 0.0, "ref_rms_rel": null, "p2b_ref_rms_rel": null}
[13:34:23Z] [check] v10 m=8 census_seq: {"pass": true, "onehot_bitexact": true, "full_max_rel": 0.00023408239940181375, "full_max_ulp": 1, "repeat_bitexact": true, "ref_max_rel": 0.0, "p2b_ref_max_rel": 0.0, "ref_rms_rel": null, "p2b_ref_rms_rel": null}
[13:34:23Z] [check] v11 m=8 census_seq: {"pass": true, "onehot_bitexact": true, "full_max_rel": 0.00023408239940181375, "full_max_ulp": 1, "repeat_bitexact": true, "ref_max_rel": 0.0, "p2b_ref_max_rel": 0.0, "ref_rms_rel": null, "p2b_ref_rms_rel": null}
[13:34:23Z] [check] v12 m=8 census_seq: {"pass": false, "onehot_bitexact": false, "full_max_rel": 0.00023408239940181375, "full_max_ulp": 1, "repeat_bitexact": true, "ref_max_rel": 0.0, "p2b_ref_max_rel": 0.0, "ref_rms_rel": null, "p2b_ref_rms_rel": null}
[13:34:23Z] [capture] v1 m=1: replay_equals_eager=True (16 replays)
[13:34:23Z] [capture] v1 m=3: replay_equals_eager=True (16 replays)
[13:34:23Z] [capture] v1 m=4: replay_equals_eager=True (16 replays)
[13:34:23Z] [capture] v1 m=6: replay_equals_eager=True (16 replays)
[13:34:23Z] [capture] v1 m=8: replay_equals_eager=True (16 replays)
[13:34:23Z] [capture] v3 m=1: replay_equals_eager=True (16 replays)
[13:34:23Z] [capture] v3 m=3: replay_equals_eager=True (16 replays)
[13:34:23Z] [capture] v3 m=4: replay_equals_eager=True (16 replays)
[13:34:23Z] [capture] v3 m=6: replay_equals_eager=True (16 replays)
[13:34:23Z] [capture] v3 m=8: replay_equals_eager=True (16 replays)
[13:34:23Z] [capture] v6 m=1: replay_equals_eager=True (16 replays)
[13:34:23Z] [capture] v6 m=3: replay_equals_eager=True (16 replays)
[13:34:23Z] [capture] v6 m=4: replay_equals_eager=True (16 replays)
[13:34:23Z] [capture] v6 m=6: replay_equals_eager=True (16 replays)
[13:34:23Z] [capture] v6 m=8: replay_equals_eager=True (16 replays)
[13:34:23Z] [capture] v10 m=1: replay_equals_eager=True (16 replays)
[13:34:23Z] [capture] v10 m=3: replay_equals_eager=True (16 replays)
[13:34:23Z] [capture] v10 m=4: replay_equals_eager=True (16 replays)
[13:34:23Z] [capture] v10 m=6: replay_equals_eager=True (16 replays)
[13:34:23Z] [capture] v10 m=8: replay_equals_eager=True (16 replays)
[13:34:23Z] [capture] v11 m=1: replay_equals_eager=True (16 replays)
[13:34:23Z] [capture] v11 m=3: replay_equals_eager=True (16 replays)
[13:34:23Z] [capture] v11 m=4: replay_equals_eager=True (16 replays)
[13:34:23Z] [capture] v11 m=6: replay_equals_eager=True (16 replays)
[13:34:23Z] [capture] v11 m=8: replay_equals_eager=True (16 replays)
[13:34:23Z] [capture] v12 m=1: replay_equals_eager=True (16 replays)
[13:34:23Z] [capture] v12 m=3: replay_equals_eager=True (16 replays)
[13:34:23Z] [capture] v12 m=4: replay_equals_eager=False (16 replays)
[13:34:23Z] [capture] v12 m=6: replay_equals_eager=False (16 replays)
[13:34:23Z] [capture] v12 m=8: replay_equals_eager=True (16 replays)
[13:34:25Z] [time] m=1 census cold: v0 182.3us [182.1,184.4] 147GB/s 59%floor  v1 186.4us [185.4,188.4] 144GB/s 57%floor  v3 155.6us [151.6,159.6] 172GB/s 69%floor  v6 168.9us [164.9,174.1] 159GB/s 63%floor  v10 159.8us [156.7,166.9] 168GB/s 67%floor  v11 164.9us [160.8,177.1] 162GB/s 65%floor  v12 165.1us [154.7,171.0] 162GB/s 65%floor
[13:34:25Z] [time] m=1 census warm: v0 180.2us [178.1,184.3] 149GB/s 59%floor  v1 184.3us [181.2,186.6] 145GB/s 58%floor  v3 147.6us [145.4,153.4] 181GB/s 73%floor  v6 161.8us [157.2,166.9] 165GB/s 66%floor  v10 148.4us [144.4,154.7] 180GB/s 72%floor  v11 164.9us [159.8,172.1] 162GB/s 65%floor  v12 155.7us [149.5,161.8] 172GB/s 69%floor
[13:34:26Z] [time] m=1 dup0 cold: v0 180.3us [180.2,182.4] 148GB/s 59%floor  v1 184.4us [184.3,186.5] 145GB/s 58%floor  v3 153.6us [149.5,157.5] 174GB/s 70%floor  v6 168.0us [164.9,175.1] 159GB/s 64%floor  v10 160.8us [156.7,165.9] 166GB/s 67%floor  v11 164.9us [160.7,175.1] 162GB/s 65%floor  v12 164.9us [154.7,172.1] 162GB/s 65%floor
[13:34:27Z] [time] m=1 dup0 warm: v0 176.1us [174.2,178.2] 152GB/s 61%floor  v1 180.2us [180.0,182.3] 149GB/s 59%floor  v3 147.5us [143.4,151.6] 182GB/s 73%floor  v6 162.2us [157.9,165.9] 165GB/s 66%floor  v10 147.5us [142.3,153.3] 182GB/s 73%floor  v11 163.8us [157.7,171.0] 163GB/s 65%floor  v12 155.6us [150.7,162.8] 172GB/s 69%floor
[13:34:28Z] [time] m=3 census cold: v0 406.9us [399.4,410.6] 142GB/s 57%floor  v1 315.4us [262.2,372.7] 180GB/s 72%floor  v3 276.6us [219.1,319.5] 208GB/s 83%floor  v6 274.4us [222.2,315.4] 209GB/s 84%floor  v10 272.4us [220.2,313.4] 211GB/s 85%floor  v11 281.6us [226.3,323.6] 205GB/s 82%floor  v12 279.6us [224.3,319.5] 207GB/s 83%floor
[13:34:29Z] [time] m=3 census warm: v0 393.8us [387.2,401.4] 145GB/s 58%floor  v1 310.4us [258.0,368.6] 183GB/s 73%floor  v3 272.4us [215.0,315.4] 213GB/s 85%floor  v6 268.3us [215.0,308.3] 215GB/s 86%floor  v10 264.2us [208.9,304.1] 219GB/s 87%floor  v11 276.5us [222.0,318.5] 209GB/s 84%floor  v12 271.2us [217.1,313.3] 213GB/s 85%floor
[13:34:31Z] [time] m=3 dup0 cold: v0 409.6us [407.6,411.8] 196GB/s 78%floor  v1 416.8us [415.6,419.8] 193GB/s 77%floor  v3 374.8us [372.7,376.9] 214GB/s 86%floor  v6 369.7us [368.4,371.7] 217GB/s 87%floor  v10 368.6us [366.6,370.7] 218GB/s 87%floor  v11 378.9us [376.8,381.1] 212GB/s 85%floor  v12 376.8us [374.7,379.9] 213GB/s 85%floor
[13:34:32Z] [time] m=3 dup0 warm: v0 405.0us [402.6,407.6] 198GB/s 79%floor  v1 411.6us [409.6,413.7] 195GB/s 78%floor  v3 368.6us [366.6,370.7] 218GB/s 87%floor  v6 362.5us [361.3,364.5] 222GB/s 89%floor  v10 358.4us [357.2,360.5] 224GB/s 90%floor  v11 372.7us [370.7,375.8] 215GB/s 86%floor  v12 366.6us [364.5,369.6] 219GB/s 88%floor
[13:34:33Z] [time] m=4 census cold: v0 520.3us [514.0,526.3] 138GB/s 55%floor  v1 380.9us [317.4,450.6] 188GB/s 75%floor  v3 338.0us [278.6,397.3] 213GB/s 85%floor  v6 333.8us [275.5,390.1] 215GB/s 86%floor  v10 331.8us [274.4,389.1] 216GB/s 86%floor  v11 343.0us [281.6,401.4] 210GB/s 84%floor  v12 340.0us [279.6,398.2] 211GB/s 85%floor
[13:34:34Z] [time] m=4 census warm: v0 507.9us [501.7,517.1] 141GB/s 57%floor  v1 375.8us [313.2,444.4] 191GB/s 76%floor  v3 333.8us [274.5,391.2] 215GB/s 86%floor  v6 327.7us [270.4,384.2] 219GB/s 87%floor  v10 322.6us [265.4,379.9] 222GB/s 89%floor  v11 337.9us [278.5,398.3] 212GB/s 85%floor  v12 330.8us [272.5,389.2] 216GB/s 87%floor
[13:34:36Z] [time] m=4 dup0 cold: v0 526.4us [524.3,532.5] 203GB/s 81%floor  v1 537.6us [535.5,540.7] 199GB/s 80%floor  v3 491.6us [489.5,496.7] 218GB/s 87%floor  v6 484.4us [482.3,488.4] 221GB/s 88%floor  v10 482.3us [480.3,488.5] 222GB/s 89%floor  v11 496.7us [494.6,501.8] 216GB/s 86%floor  v12 493.6us [491.5,497.7] 217GB/s 87%floor
[13:34:38Z] [time] m=4 dup0 warm: v0 521.2us [519.3,526.2] 205GB/s 82%floor  v1 532.5us [530.4,535.5] 201GB/s 80%floor  v3 486.2us [484.3,489.5] 220GB/s 88%floor  v6 477.2us [475.9,481.3] 224GB/s 90%floor  v10 472.1us [470.0,476.1] 227GB/s 91%floor  v11 490.5us [487.6,493.7] 218GB/s 87%floor  v12 482.4us [480.3,486.4] 222GB/s 89%floor
[13:34:39Z] [time] m=6 census cold: v0 757.8us [749.6,763.9] 146GB/s 59%floor  v1 559.1us [485.7,647.2] 196GB/s 78%floor  v3 510.1us [434.2,588.0] 218GB/s 87%floor  v6 502.8us [428.0,578.5] 221GB/s 88%floor  v10 500.7us [426.0,576.7] 222GB/s 89%floor  v11 516.1us [439.3,594.9] 215GB/s 86%floor  v12 513.0us [437.2,591.9] 216GB/s 87%floor
[13:34:41Z] [time] m=6 census warm: v0 739.3us [729.1,751.6] 150GB/s 60%floor  v1 555.0us [481.3,640.2] 197GB/s 79%floor  v3 504.4us [430.1,583.5] 220GB/s 88%floor  v6 496.6us [422.8,572.4] 224GB/s 89%floor  v10 491.6us [415.7,568.3] 226GB/s 90%floor  v11 510.0us [435.2,587.8] 217GB/s 87%floor  v12 503.3us [428.0,580.4] 221GB/s 88%floor
[13:34:43Z] [time] m=6 dup0 cold: v0 770.0us [763.9,798.7] 209GB/s 83%floor  v1 782.4us [778.2,807.9] 205GB/s 82%floor  v3 729.1us [724.8,753.5] 220GB/s 88%floor  v6 716.8us [711.8,752.6] 224GB/s 90%floor  v10 716.8us [709.7,747.6] 224GB/s 90%floor  v11 737.3us [731.2,761.9] 218GB/s 87%floor  v12 730.2us [726.0,766.0] 220GB/s 88%floor
[13:34:45Z] [time] m=6 dup0 warm: v0 759.8us [757.8,763.9] 211GB/s 85%floor  v1 774.2us [772.1,778.2] 207GB/s 83%floor  v3 717.9us [715.9,720.9] 224GB/s 89%floor  v6 705.6us [703.6,708.6] 228GB/s 91%floor  v10 700.4us [697.4,703.3] 229GB/s 92%floor  v11 723.9us [720.9,726.1] 222GB/s 89%floor  v12 714.8us [712.7,717.9] 225GB/s 90%floor
[13:34:47Z] [time] m=8 census cold: v0 1011.6us [1001.5,1019.9] 132GB/s 53%floor  v1 669.7us [544.8,776.4] 198GB/s 79%floor  v3 610.3us [493.6,709.5] 219GB/s 88%floor  v6 601.7us [487.5,697.4] 222GB/s 89%floor  v10 600.7us [485.4,694.3] 223GB/s 89%floor  v11 621.1us [501.8,720.9] 216GB/s 86%floor  v12 615.0us [496.6,712.7] 218GB/s 87%floor
[13:34:50Z] [time] m=8 census warm: v0 989.3us [975.0,1001.6] 135GB/s 54%floor  v1 662.4us [540.7,769.1] 200GB/s 80%floor  v3 604.2us [489.5,700.4] 222GB/s 89%floor  v6 594.5us [481.3,689.2] 225GB/s 90%floor  v10 588.8us [478.0,683.1] 227GB/s 91%floor  v11 611.3us [496.6,709.6] 219GB/s 87%floor  v12 603.2us [489.5,699.4] 222GB/s 89%floor
[13:34:52Z] [time] m=8 dup0 cold: v0 1024.0us [1021.9,1028.1] 209GB/s 84%floor  v1 1050.6us [1046.6,1054.6] 204GB/s 82%floor  v3 959.5us [957.4,962.6] 223GB/s 89%floor  v6 944.0us [941.1,946.2] 227GB/s 91%floor  v10 940.0us [937.9,943.1] 228GB/s 91%floor  v11 968.7us [966.6,971.7] 221GB/s 88%floor  v12 961.6us [959.4,964.6] 223GB/s 89%floor
[13:34:55Z] [time] m=8 dup0 warm: v0 1016.0us [1013.8,1019.9] 211GB/s 84%floor  v1 1042.4us [1040.2,1046.5] 205GB/s 82%floor  v3 951.4us [949.2,955.4] 225GB/s 90%floor  v6 935.9us [932.9,938.0] 229GB/s 92%floor  v10 929.7us [926.7,932.9] 230GB/s 92%floor  v11 958.6us [956.4,962.5] 223GB/s 89%floor  v12 947.4us [945.4,951.3] 226GB/s 90%floor
unchanged /repo/kernel_study/p2b_coop/build_r3/chain_r3.cu
unchanged /repo/kernel_study/p2b_coop/build_r3/bench_r3.cu
unchanged /repo/kernel_study/p2b_coop/build_r3/bench_r3_ts.cu
[13:34:55Z] [phases] v0 m=1 grid 192: total 170.9 us, skew 0.1, s1 work 3.0 imb 2.7 bar 0.7 | s2 work 103.2 imb 29.3 bar 0.7 | s3 work 2.4 imb 2.2 bar 0.7 | s4 work 0.6 imb 0.3 bar 0.7 | s5 work 1.8 imb 1.6 bar 0.7 | s6 work 48.2 imb 3.2 bar 0.7 | s7 work 2.0 imb 1.7 bar 0.7 | s8 work 0.9 imb 0.1 bar 1.1 | tail 0.5 | uniq 6.0
[13:34:55Z] [phases] v0 m=3 grid 192: total 387.8 us, skew 0.1, s1 work 3.3 imb 2.9 bar 0.7 | s2 work 241.4 imb 18.0 bar 0.7 | s3 work 2.5 imb 2.2 bar 0.7 | s4 work 0.6 imb 0.3 bar 0.8 | s5 work 1.8 imb 1.5 bar 0.7 | s6 work 127.2 imb 14.9 bar 0.7 | s7 work 2.4 imb 2.0 bar 0.7 | s8 work 1.5 imb 0.3 bar 0.8 | tail 0.5 | uniq 13.7
[13:34:55Z] [phases] v0 m=4 grid 192: total 498.2 us, skew 0.1, s1 work 3.5 imb 0.8 bar 0.7 | s2 work 313.0 imb 9.5 bar 0.7 | s3 work 2.5 imb 2.2 bar 0.8 | s4 work 0.6 imb 0.2 bar 0.8 | s5 work 1.9 imb 1.6 bar 0.7 | s6 work 167.0 imb 27.3 bar 0.7 | s7 work 2.5 imb 0.5 bar 0.7 | s8 work 1.8 imb 0.4 bar 0.7 | tail 0.5 | uniq 14.9
[13:34:55Z] [phases] v0 m=6 grid 192: total 735.3 us, skew 0.1, s1 work 4.4 imb 0.9 bar 0.7 | s2 work 467.0 imb 15.7 bar 0.7 | s3 work 2.6 imb 2.3 bar 0.8 | s4 work 0.7 imb 0.2 bar 0.8 | s5 work 1.9 imb 1.6 bar 0.8 | s6 work 247.3 imb 37.4 bar 0.7 | s7 work 2.9 imb 0.7 bar 0.7 | s8 work 2.2 imb 0.4 bar 0.7 | tail 0.6 | uniq 24.4
[13:34:55Z] [phases] v0 m=8 grid 192: total 978.4 us, skew 0.1, s1 work 5.5 imb 1.6 bar 0.7 | s2 work 628.0 imb 47.9 bar 0.7 | s3 work 2.7 imb 2.4 bar 0.8 | s4 work 0.8 imb 0.3 bar 0.8 | s5 work 1.9 imb 1.6 bar 0.8 | s6 work 326.7 imb 49.1 bar 0.7 | s7 work 3.6 imb 1.1 bar 0.6 | s8 work 3.0 imb 0.8 bar 0.7 | tail 0.6 | uniq 29.6
[13:34:55Z] [phases] v1 m=1 grid 192: total 159.8 us, skew 0.1, s1 work 4.0 imb 2.3 bar 0.7 | s2 work 97.6 imb 27.2 bar 0.7 | s3 work 2.5 imb 2.2 bar 0.7 | s4 work 0.5 imb 0.3 bar 0.7 | s5 work 1.8 imb 1.6 bar 0.7 | s6 work 45.3 imb 2.6 bar 0.7 | s7 work 2.0 imb 1.8 bar 0.7 | tail 1.6 | uniq 6.0
[13:34:55Z] [phases] v1 m=3 grid 192: total 302.4 us, skew 0.1, s1 work 5.7 imb 2.9 bar 0.7 | s2 work 183.9 imb 18.8 bar 0.7 | s3 work 2.5 imb 2.2 bar 0.7 | s4 work 0.6 imb 0.3 bar 0.8 | s5 work 1.9 imb 1.6 bar 0.7 | s6 work 94.4 imb 11.3 bar 0.7 | s7 work 2.4 imb 1.9 bar 0.7 | tail 1.7 | uniq 13.0
[13:34:55Z] [phases] v1 m=4 grid 192: total 347.4 us, skew 0.1, s1 work 6.0 imb 0.8 bar 0.7 | s2 work 214.4 imb 16.9 bar 0.7 | s3 work 2.6 imb 2.3 bar 0.7 | s4 work 0.6 imb 0.2 bar 0.8 | s5 work 1.9 imb 1.6 bar 0.7 | s6 work 113.4 imb 12.7 bar 0.7 | s7 work 2.6 imb 0.6 bar 0.7 | tail 1.5 | uniq 16.2
[13:34:55Z] [phases] v1 m=6 grid 192: total 528.9 us, skew 0.1, s1 work 7.7 imb 0.8 bar 0.7 | s2 work 329.5 imb 24.7 bar 0.7 | s3 work 2.7 imb 2.4 bar 0.7 | s4 work 0.6 imb 0.2 bar 0.7 | s5 work 2.0 imb 1.7 bar 0.7 | s6 work 177.6 imb 23.8 bar 0.7 | s7 work 2.9 imb 0.6 bar 0.7 | tail 1.8 | uniq 24.7
[13:34:55Z] [phases] v1 m=8 grid 192: total 633.7 us, skew 0.1, s1 work 9.5 imb 1.6 bar 0.7 | s2 work 396.9 imb 25.9 bar 0.7 | s3 work 2.7 imb 2.4 bar 0.7 | s4 work 0.8 imb 0.3 bar 0.7 | s5 work 2.0 imb 1.7 bar 0.7 | s6 work 211.5 imb 25.1 bar 0.7 | s7 work 3.5 imb 1.0 bar 0.6 | tail 1.9 | uniq 28.5
dsv41: p2b coop dataflow kernel engaged (DSV41_P2B_COOP=2)
[13:34:55Z] [phases] v3 m=1 grid 144: total 154.6 us, skew 0.1, s1 work 4.0 imb 2.4 bar 0.7 | s2 work 143.2 imb 10.4 bar 0.7 | tail 6.0 | uniq 6.0 | df tiles_per_warp 4.8 fill_us 7.0 loop_us 99.5 reduce_us 7.2 span_us 131.4 between_tiles_us 17.6
[13:34:55Z] [phases] v3 m=3 grid 144: total 279.4 us, skew 0.1, s1 work 5.6 imb 0.6 bar 0.7 | s2 work 266.9 imb 6.7 bar 0.7 | tail 5.7 | uniq 12.9 | df tiles_per_warp 10.5 fill_us 12.3 loop_us 212.8 reduce_us 18.9 span_us 259.6 between_tiles_us 14.8
[13:34:55Z] [phases] v3 m=4 grid 144: total 327.6 us, skew 0.1, s1 work 5.9 imb 0.6 bar 0.7 | s2 work 314.9 imb 7.1 bar 0.7 | tail 5.4 | uniq 15.7 | df tiles_per_warp 12.5 fill_us 14.9 loop_us 252.8 reduce_us 22.8 span_us 306.4 between_tiles_us 18.0
[13:34:56Z] [phases] v3 m=6 grid 144: total 514.8 us, skew 0.1, s1 work 8.3 imb 1.5 bar 0.6 | s2 work 499.6 imb 7.2 bar 0.7 | tail 5.5 | uniq 24.5 | df tiles_per_warp 20.1 fill_us 22.8 loop_us 404.7 reduce_us 35.2 span_us 490.5 between_tiles_us 28.3
[13:34:56Z] [phases] v3 m=8 grid 144: total 605.0 us, skew 0.1, s1 work 9.4 imb 1.1 bar 0.6 | s2 work 581.4 imb 7.4 bar 0.7 | tail 5.3 | uniq 29.3 | df tiles_per_warp 23.4 fill_us 26.7 loop_us 469.9 reduce_us 42.6 span_us 571.6 between_tiles_us 33.0
[13:34:56Z] [phases] v6 m=1 grid 144: total 163.7 us, skew 0.1, s1 work 4.0 imb 2.3 bar 0.7 | s2 work 152.0 imb 7.7 bar 0.7 | tail 6.4 | uniq 6.0 | df tiles_per_warp 4.8 fill_us 11.4 loop_us 83.8 reduce_us 11.5 span_us 140.8 between_tiles_us 33.8
[13:34:56Z] [phases] v6 m=3 grid 144: total 286.5 us, skew 0.1, s1 work 5.5 imb 0.6 bar 0.7 | s2 work 271.5 imb 8.8 bar 0.7 | tail 5.9 | uniq 12.8 | df tiles_per_warp 10.5 fill_us 24.3 loop_us 178.2 reduce_us 27.3 span_us 262.4 between_tiles_us 26.0
[13:34:56Z] [phases] v6 m=4 grid 144: total 313.0 us, skew 0.1, s1 work 5.9 imb 0.6 bar 0.7 | s2 work 300.8 imb 9.4 bar 0.7 | tail 5.1 | uniq 15.7 | df tiles_per_warp 12.1 fill_us 26.1 loop_us 208.5 reduce_us 30.1 span_us 290.8 between_tiles_us 28.1
[13:34:56Z] [phases] v6 m=6 grid 144: total 536.7 us, skew 0.1, s1 work 8.6 imb 1.6 bar 0.6 | s2 work 521.8 imb 9.2 bar 0.7 | tail 5.4 | uniq 26.2 | df tiles_per_warp 20.9 fill_us 44.7 loop_us 356.4 reduce_us 53.4 span_us 511.4 between_tiles_us 51.1
[13:34:56Z] [phases] v6 m=8 grid 144: total 619.8 us, skew 0.1, s1 work 9.5 imb 1.2 bar 0.7 | s2 work 597.6 imb 9.1 bar 0.7 | tail 5.3 | uniq 29.9 | df tiles_per_warp 24.2 fill_us 50.6 loop_us 412.0 reduce_us 61.5 span_us 588.0 between_tiles_us 59.5
[13:34:56Z] [phases] v10 m=1 grid 144: total 157.8 us, skew 0.1, s1 work 8.2 imb 5.7 bar 0.7 | s2 work 141.7 imb 8.0 bar 0.7 | tail 6.5 | uniq 6.0 | df tiles_per_warp 4.8 fill_us 10.1 loop_us 82.1 reduce_us 11.0 span_us 128.5 between_tiles_us 25.1
[13:34:56Z] [phases] v10 m=3 grid 144: total 274.9 us, skew 0.1, s1 work 9.4 imb 0.7 bar 0.7 | s2 work 257.7 imb 8.4 bar 0.7 | tail 6.2 | uniq 12.9 | df tiles_per_warp 10.5 fill_us 22.2 loop_us 177.1 reduce_us 26.6 span_us 249.1 between_tiles_us 23.0
[13:34:56Z] [phases] v10 m=4 grid 144: total 331.4 us, skew 0.1, s1 work 9.8 imb 0.8 bar 0.7 | s2 work 314.2 imb 8.8 bar 0.7 | tail 6.0 | uniq 15.4 | df tiles_per_warp 12.9 fill_us 26.4 loop_us 217.3 reduce_us 31.9 span_us 303.9 between_tiles_us 28.3
[13:34:56Z] [phases] v10 m=6 grid 144: total 496.3 us, skew 0.1, s1 work 12.3 imb 1.7 bar 0.6 | s2 work 477.2 imb 8.3 bar 0.7 | tail 6.0 | uniq 24.3 | df tiles_per_warp 19.3 fill_us 41.7 loop_us 324.1 reduce_us 51.5 span_us 467.4 between_tiles_us 45.3
[13:34:56Z] [phases] v10 m=8 grid 144: total 602.5 us, skew 0.1, s1 work 13.4 imb 1.2 bar 0.7 | s2 work 581.6 imb 9.1 bar 0.7 | tail 5.8 | uniq 29.6 | df tiles_per_warp 24.2 fill_us 51.3 loop_us 402.2 reduce_us 61.6 span_us 570.7 between_tiles_us 55.5
[13:34:56Z] [phases] v11 m=1 grid 144: total 166.2 us, skew 0.1, s1 work 4.0 imb 2.4 bar 0.7 | tail 161.6 | uniq 6.0 | df tiles_per_warp 4.8 fill_us 12.0 loop_us 81.5 reduce_us 11.8 span_us 145.7 between_tiles_us 40.3
[13:34:56Z] [phases] v11 m=3 grid 144: total 291.0 us, skew 0.1, s1 work 5.5 imb 0.6 bar 0.7 | tail 284.8 | uniq 13.6 | df tiles_per_warp 10.5 fill_us 24.1 loop_us 177.4 reduce_us 26.4 span_us 269.7 between_tiles_us 37.9
[13:34:56Z] [phases] v11 m=4 grid 144: total 340.4 us, skew 0.1, s1 work 5.9 imb 0.6 bar 0.7 | tail 333.8 | uniq 16.2 | df tiles_per_warp 12.9 fill_us 26.9 loop_us 216.7 reduce_us 31.1 span_us 318.4 between_tiles_us 44.0
[13:34:56Z] [phases] v11 m=6 grid 144: total 517.0 us, skew 0.1, s1 work 8.4 imb 1.6 bar 0.6 | tail 507.8 | uniq 24.5 | df tiles_per_warp 20.1 fill_us 42.7 loop_us 332.9 reduce_us 48.3 span_us 491.9 between_tiles_us 70.0
[13:34:56Z] [phases] v11 m=8 grid 144: total 590.3 us, skew 0.1, s1 work 9.5 imb 1.1 bar 0.7 | tail 580.1 | uniq 28.4 | df tiles_per_warp 22.6 fill_us 47.9 loop_us 373.8 reduce_us 55.6 span_us 565.9 between_tiles_us 79.5
[13:34:56Z] [phases] v12 m=1 grid 144: total 162.1 us, skew 0.1, s1 work 8.2 imb 5.7 bar 0.7 | tail 153.2 | uniq 6.0 | df tiles_per_warp 4.8 fill_us 9.1 loop_us 82.9 reduce_us 10.8 span_us 130.7 between_tiles_us 27.7
[13:34:56Z] [phases] v12 m=3 grid 144: total 289.0 us, skew 0.1, s1 work 9.6 imb 0.8 bar 0.7 | tail 278.7 | uniq 12.9 | df tiles_per_warp 10.5 fill_us 20.1 loop_us 176.4 reduce_us 25.9 span_us 265.2 between_tiles_us 37.3
[13:34:56Z] [phases] v12 m=4 grid 144: total 316.5 us, skew 0.1, s1 work 9.7 imb 0.7 bar 0.7 | tail 306.1 | uniq 14.9 | df tiles_per_warp 12.1 fill_us 22.0 loop_us 202.2 reduce_us 27.1 span_us 291.2 between_tiles_us 40.6
[13:34:56Z] [phases] v12 m=6 grid 144: total 539.0 us, skew 0.1, s1 work 12.4 imb 1.7 bar 0.7 | tail 525.7 | uniq 25.4 | df tiles_per_warp 20.9 fill_us 38.1 loop_us 346.3 reduce_us 48.9 span_us 508.6 between_tiles_us 73.4
[13:34:56Z] [phases] v12 m=8 grid 144: total 614.4 us, skew 0.1, s1 work 13.5 imb 1.2 bar 0.7 | tail 600.3 | uniq 30.0 | df tiles_per_warp 24.2 fill_us 45.0 loop_us 399.5 reduce_us 57.4 span_us 585.7 between_tiles_us 85.0
[13:34:56Z] pass=False
# 2026-09-25T13:34:58Z rc 1
# pmon after:
# gpu         pid   type     sm    mem    enc    dec    jpg    ofa    command 
# Idx           #    C/G      %      %      %      %      %      %    name 
    0      81524     G      -      -      -      -      -      -    Xorg           
    0      81681     G      -      -      -      -      -      -    gnome-shell    
