# 2026-09-25T13:46:44Z host spark2 tag v6-df2
# pmon before:
# gpu         pid   type     sm    mem    enc    dec    jpg    ofa    command 
# Idx           #    C/G      %      %      %      %      %      %    name 
    0      81524     G      -      -      -      -      -      -    Xorg           
    0      81681     G      -      -      -      -      -      -    gnome-shell    
# free -h:
               total        used        free      shared  buff/cache   available
Mem:           121Gi       5.2Gi        95Gi       240Ki        22Gi       116Gi
Swap:           15Gi       1.2Gi        14Gi
# cmd: kernel_study/p2b_coop/bench_r3.py --mode all --variants 0,1,6,10,13,14 --ms 1,3,4,6,8 --check-routings 6 --out results/2026-09-25-kernels/coop-moe/v6-df2.json
unchanged /repo/kernel_study/p2b_coop/build_r3/chain_r3.cu
unchanged /repo/kernel_study/p2b_coop/build_r3/bench_r3.cu
unchanged /repo/kernel_study/p2b_coop/build_r3/bench_r3_ts.cu
[13:46:57Z] loaded layer 20 rank 0 in 5.8 s
dsv41: p2b coop dataflow kernel engaged (DSV41_P2B_COOP=2)
[13:46:57Z] [setup] {"name": "NVIDIA GB10", "sms": 48, "l2_bytes": 25165824, "flush_bytes": 134217728} launch {"v0": {"grid": 192, "blocks_per_sm": 4.0}, "v1": {"grid": 192, "blocks_per_sm": 4.0}, "v6": {"grid": 144, "blocks_per_sm": 3.0}, "v10": {"grid": 144, "blocks_per_sm": 3.0}, "v13": {"grid": 144, "blocks_per_sm": 3.0}, "v14": {"grid": 144, "blocks_per_sm": 3.0}}
[13:46:57Z] [check] v1 m=1 census: {"pass": true, "onehot_bitexact": true, "full_max_rel": 3.2912059396039695e-05, "full_max_ulp": 1, "repeat_bitexact": true, "ref_max_rel": 0.0, "p2b_ref_max_rel": 0.0, "ref_rms_rel": null, "p2b_ref_rms_rel": null}
[13:46:57Z] [check] v6 m=1 census: {"pass": true, "onehot_bitexact": true, "full_max_rel": 3.2912059396039695e-05, "full_max_ulp": 1, "repeat_bitexact": true, "ref_max_rel": 0.0, "p2b_ref_max_rel": 0.0, "ref_rms_rel": null, "p2b_ref_rms_rel": null}
[13:46:57Z] [check] v10 m=1 census: {"pass": true, "onehot_bitexact": true, "full_max_rel": 3.2912059396039695e-05, "full_max_ulp": 1, "repeat_bitexact": true, "ref_max_rel": 0.0, "p2b_ref_max_rel": 0.0, "ref_rms_rel": null, "p2b_ref_rms_rel": null}
[13:46:57Z] [check] v13 m=1 census: {"pass": true, "onehot_bitexact": true, "full_max_rel": 3.2912059396039695e-05, "full_max_ulp": 1, "repeat_bitexact": true, "ref_max_rel": 0.0, "p2b_ref_max_rel": 0.0, "ref_rms_rel": null, "p2b_ref_rms_rel": null}
[13:46:57Z] [check] v14 m=1 census: {"pass": true, "onehot_bitexact": true, "full_max_rel": 3.2912059396039695e-05, "full_max_ulp": 1, "repeat_bitexact": true, "ref_max_rel": 0.0, "p2b_ref_max_rel": 0.0, "ref_rms_rel": null, "p2b_ref_rms_rel": null}
[13:46:57Z] [check] v1 m=1 dup0: {"pass": true, "onehot_bitexact": true, "full_max_rel": 2.790178541545174e-07, "full_max_ulp": 1, "repeat_bitexact": true, "ref_max_rel": 0.0, "p2b_ref_max_rel": 0.0, "ref_rms_rel": null, "p2b_ref_rms_rel": null}
[13:46:57Z] [check] v6 m=1 dup0: {"pass": true, "onehot_bitexact": true, "full_max_rel": 2.790178541545174e-07, "full_max_ulp": 1, "repeat_bitexact": true, "ref_max_rel": 0.0, "p2b_ref_max_rel": 0.0, "ref_rms_rel": null, "p2b_ref_rms_rel": null}
[13:46:57Z] [check] v10 m=1 dup0: {"pass": true, "onehot_bitexact": true, "full_max_rel": 2.790178541545174e-07, "full_max_ulp": 1, "repeat_bitexact": true, "ref_max_rel": 0.0, "p2b_ref_max_rel": 0.0, "ref_rms_rel": null, "p2b_ref_rms_rel": null}
[13:46:57Z] [check] v13 m=1 dup0: {"pass": true, "onehot_bitexact": true, "full_max_rel": 2.790178541545174e-07, "full_max_ulp": 1, "repeat_bitexact": true, "ref_max_rel": 0.0, "p2b_ref_max_rel": 0.0, "ref_rms_rel": null, "p2b_ref_rms_rel": null}
[13:46:57Z] [check] v14 m=1 dup0: {"pass": true, "onehot_bitexact": true, "full_max_rel": 2.790178541545174e-07, "full_max_ulp": 1, "repeat_bitexact": true, "ref_max_rel": 0.0, "p2b_ref_max_rel": 0.0, "ref_rms_rel": null, "p2b_ref_rms_rel": null}
[13:46:57Z] [check] v1 m=3 census: {"pass": true, "onehot_bitexact": true, "full_max_rel": 0.00012230919674038887, "full_max_ulp": 1, "repeat_bitexact": true, "ref_max_rel": 0.0, "p2b_ref_max_rel": 0.0, "ref_rms_rel": null, "p2b_ref_rms_rel": null}
[13:46:57Z] [check] v6 m=3 census: {"pass": true, "onehot_bitexact": true, "full_max_rel": 0.00012230919674038887, "full_max_ulp": 1, "repeat_bitexact": true, "ref_max_rel": 0.0, "p2b_ref_max_rel": 0.0, "ref_rms_rel": null, "p2b_ref_rms_rel": null}
[13:46:57Z] [check] v10 m=3 census: {"pass": true, "onehot_bitexact": true, "full_max_rel": 0.00012230919674038887, "full_max_ulp": 1, "repeat_bitexact": true, "ref_max_rel": 0.0, "p2b_ref_max_rel": 0.0, "ref_rms_rel": null, "p2b_ref_rms_rel": null}
[13:46:57Z] [check] v13 m=3 census: {"pass": true, "onehot_bitexact": true, "full_max_rel": 0.00012230919674038887, "full_max_ulp": 1, "repeat_bitexact": true, "ref_max_rel": 0.0, "p2b_ref_max_rel": 0.0, "ref_rms_rel": null, "p2b_ref_rms_rel": null}
[13:46:57Z] [check] v14 m=3 census: {"pass": true, "onehot_bitexact": true, "full_max_rel": 0.00012230919674038887, "full_max_ulp": 1, "repeat_bitexact": true, "ref_max_rel": 0.0, "p2b_ref_max_rel": 0.0, "ref_rms_rel": null, "p2b_ref_rms_rel": null}
[13:46:57Z] [check] v1 m=3 dup0: {"pass": true, "onehot_bitexact": true, "full_max_rel": 6.25000029685907e-05, "full_max_ulp": 1, "repeat_bitexact": true, "ref_max_rel": 0.0, "p2b_ref_max_rel": 0.0, "ref_rms_rel": null, "p2b_ref_rms_rel": null}
[13:46:57Z] [check] v6 m=3 dup0: {"pass": true, "onehot_bitexact": true, "full_max_rel": 6.25000029685907e-05, "full_max_ulp": 1, "repeat_bitexact": true, "ref_max_rel": 0.0, "p2b_ref_max_rel": 0.0, "ref_rms_rel": null, "p2b_ref_rms_rel": null}
[13:46:57Z] [check] v10 m=3 dup0: {"pass": true, "onehot_bitexact": true, "full_max_rel": 6.25000029685907e-05, "full_max_ulp": 1, "repeat_bitexact": true, "ref_max_rel": 0.0, "p2b_ref_max_rel": 0.0, "ref_rms_rel": null, "p2b_ref_rms_rel": null}
[13:46:57Z] [check] v13 m=3 dup0: {"pass": true, "onehot_bitexact": true, "full_max_rel": 6.25000029685907e-05, "full_max_ulp": 1, "repeat_bitexact": true, "ref_max_rel": 0.0, "p2b_ref_max_rel": 0.0, "ref_rms_rel": null, "p2b_ref_rms_rel": null}
[13:46:57Z] [check] v14 m=3 dup0: {"pass": true, "onehot_bitexact": true, "full_max_rel": 6.25000029685907e-05, "full_max_ulp": 1, "repeat_bitexact": true, "ref_max_rel": 0.0, "p2b_ref_max_rel": 0.0, "ref_rms_rel": null, "p2b_ref_rms_rel": null}
[13:46:57Z] [check] v1 m=4 census: {"pass": true, "onehot_bitexact": true, "full_max_rel": 0.0002704164362512529, "full_max_ulp": 1, "repeat_bitexact": true, "ref_max_rel": 0.0, "p2b_ref_max_rel": 0.0, "ref_rms_rel": null, "p2b_ref_rms_rel": null}
[13:46:57Z] [check] v6 m=4 census: {"pass": true, "onehot_bitexact": true, "full_max_rel": 0.0002704164362512529, "full_max_ulp": 1, "repeat_bitexact": true, "ref_max_rel": 0.0, "p2b_ref_max_rel": 0.0, "ref_rms_rel": null, "p2b_ref_rms_rel": null}
[13:46:57Z] [check] v10 m=4 census: {"pass": true, "onehot_bitexact": true, "full_max_rel": 0.0002704164362512529, "full_max_ulp": 1, "repeat_bitexact": true, "ref_max_rel": 0.0, "p2b_ref_max_rel": 0.0, "ref_rms_rel": null, "p2b_ref_rms_rel": null}
[13:46:57Z] [check] v13 m=4 census: {"pass": true, "onehot_bitexact": true, "full_max_rel": 0.0002704164362512529, "full_max_ulp": 1, "repeat_bitexact": true, "ref_max_rel": 0.0, "p2b_ref_max_rel": 0.0, "ref_rms_rel": null, "p2b_ref_rms_rel": null}
[13:46:57Z] [check] v14 m=4 census: {"pass": true, "onehot_bitexact": true, "full_max_rel": 0.0002704164362512529, "full_max_ulp": 1, "repeat_bitexact": true, "ref_max_rel": 0.0, "p2b_ref_max_rel": 0.0, "ref_rms_rel": null, "p2b_ref_rms_rel": null}
[13:46:58Z] [check] v1 m=4 dup0: {"pass": true, "onehot_bitexact": true, "full_max_rel": 0.00013269639748614281, "full_max_ulp": 1, "repeat_bitexact": true, "ref_max_rel": 0.0, "p2b_ref_max_rel": 0.0, "ref_rms_rel": null, "p2b_ref_rms_rel": null}
[13:46:58Z] [check] v6 m=4 dup0: {"pass": true, "onehot_bitexact": true, "full_max_rel": 0.00013269639748614281, "full_max_ulp": 1, "repeat_bitexact": true, "ref_max_rel": 0.0, "p2b_ref_max_rel": 0.0, "ref_rms_rel": null, "p2b_ref_rms_rel": null}
[13:46:58Z] [check] v10 m=4 dup0: {"pass": true, "onehot_bitexact": true, "full_max_rel": 0.00013269639748614281, "full_max_ulp": 1, "repeat_bitexact": true, "ref_max_rel": 0.0, "p2b_ref_max_rel": 0.0, "ref_rms_rel": null, "p2b_ref_rms_rel": null}
[13:46:58Z] [check] v13 m=4 dup0: {"pass": true, "onehot_bitexact": true, "full_max_rel": 0.00013269639748614281, "full_max_ulp": 1, "repeat_bitexact": true, "ref_max_rel": 0.0, "p2b_ref_max_rel": 0.0, "ref_rms_rel": null, "p2b_ref_rms_rel": null}
[13:46:58Z] [check] v14 m=4 dup0: {"pass": true, "onehot_bitexact": true, "full_max_rel": 0.00013269639748614281, "full_max_ulp": 1, "repeat_bitexact": true, "ref_max_rel": 0.0, "p2b_ref_max_rel": 0.0, "ref_rms_rel": null, "p2b_ref_rms_rel": null}
[13:46:58Z] [check] v1 m=6 census: {"pass": true, "onehot_bitexact": true, "full_max_rel": 2.896200203394983e-05, "full_max_ulp": 1, "repeat_bitexact": true, "ref_max_rel": 0.0, "p2b_ref_max_rel": 0.0, "ref_rms_rel": null, "p2b_ref_rms_rel": null}
[13:46:58Z] [check] v6 m=6 census: {"pass": true, "onehot_bitexact": true, "full_max_rel": 2.896200203394983e-05, "full_max_ulp": 1, "repeat_bitexact": true, "ref_max_rel": 0.0, "p2b_ref_max_rel": 0.0, "ref_rms_rel": null, "p2b_ref_rms_rel": null}
[13:46:58Z] [check] v10 m=6 census: {"pass": true, "onehot_bitexact": true, "full_max_rel": 2.896200203394983e-05, "full_max_ulp": 1, "repeat_bitexact": true, "ref_max_rel": 0.0, "p2b_ref_max_rel": 0.0, "ref_rms_rel": null, "p2b_ref_rms_rel": null}
[13:46:58Z] [check] v13 m=6 census: {"pass": true, "onehot_bitexact": true, "full_max_rel": 2.896200203394983e-05, "full_max_ulp": 1, "repeat_bitexact": true, "ref_max_rel": 0.0, "p2b_ref_max_rel": 0.0, "ref_rms_rel": null, "p2b_ref_rms_rel": null}
[13:46:58Z] [check] v14 m=6 census: {"pass": true, "onehot_bitexact": true, "full_max_rel": 2.896200203394983e-05, "full_max_ulp": 1, "repeat_bitexact": true, "ref_max_rel": 0.0, "p2b_ref_max_rel": 0.0, "ref_rms_rel": null, "p2b_ref_rms_rel": null}
[13:46:58Z] [check] v1 m=6 dup0: {"pass": true, "onehot_bitexact": true, "full_max_rel": 0.00012761613470502198, "full_max_ulp": 1, "repeat_bitexact": true, "ref_max_rel": 0.0, "p2b_ref_max_rel": 0.0, "ref_rms_rel": null, "p2b_ref_rms_rel": null}
[13:46:58Z] [check] v6 m=6 dup0: {"pass": true, "onehot_bitexact": true, "full_max_rel": 0.00012761613470502198, "full_max_ulp": 1, "repeat_bitexact": true, "ref_max_rel": 0.0, "p2b_ref_max_rel": 0.0, "ref_rms_rel": null, "p2b_ref_rms_rel": null}
[13:46:58Z] [check] v10 m=6 dup0: {"pass": true, "onehot_bitexact": true, "full_max_rel": 0.00012761613470502198, "full_max_ulp": 1, "repeat_bitexact": true, "ref_max_rel": 0.0, "p2b_ref_max_rel": 0.0, "ref_rms_rel": null, "p2b_ref_rms_rel": null}
[13:46:58Z] [check] v13 m=6 dup0: {"pass": true, "onehot_bitexact": true, "full_max_rel": 0.00012761613470502198, "full_max_ulp": 1, "repeat_bitexact": true, "ref_max_rel": 0.0, "p2b_ref_max_rel": 0.0, "ref_rms_rel": null, "p2b_ref_rms_rel": null}
[13:46:58Z] [check] v14 m=6 dup0: {"pass": true, "onehot_bitexact": true, "full_max_rel": 0.00012761613470502198, "full_max_ulp": 1, "repeat_bitexact": true, "ref_max_rel": 0.0, "p2b_ref_max_rel": 0.0, "ref_rms_rel": null, "p2b_ref_rms_rel": null}
[13:46:58Z] [check] v1 m=6 census_seq: {"pass": true, "onehot_bitexact": true, "full_max_rel": 0.0005173305980861187, "full_max_ulp": 1, "repeat_bitexact": true, "ref_max_rel": 0.0, "p2b_ref_max_rel": 0.0, "ref_rms_rel": null, "p2b_ref_rms_rel": null}
[13:46:58Z] [check] v6 m=6 census_seq: {"pass": true, "onehot_bitexact": true, "full_max_rel": 0.0005173305980861187, "full_max_ulp": 1, "repeat_bitexact": true, "ref_max_rel": 0.0, "p2b_ref_max_rel": 0.0, "ref_rms_rel": null, "p2b_ref_rms_rel": null}
[13:46:58Z] [check] v10 m=6 census_seq: {"pass": true, "onehot_bitexact": true, "full_max_rel": 0.0005173305980861187, "full_max_ulp": 1, "repeat_bitexact": true, "ref_max_rel": 0.0, "p2b_ref_max_rel": 0.0, "ref_rms_rel": null, "p2b_ref_rms_rel": null}
[13:46:58Z] [check] v13 m=6 census_seq: {"pass": true, "onehot_bitexact": true, "full_max_rel": 0.0005173305980861187, "full_max_ulp": 1, "repeat_bitexact": true, "ref_max_rel": 0.0, "p2b_ref_max_rel": 0.0, "ref_rms_rel": null, "p2b_ref_rms_rel": null}
[13:46:58Z] [check] v14 m=6 census_seq: {"pass": true, "onehot_bitexact": true, "full_max_rel": 0.0005173305980861187, "full_max_ulp": 1, "repeat_bitexact": true, "ref_max_rel": 0.0, "p2b_ref_max_rel": 0.0, "ref_rms_rel": null, "p2b_ref_rms_rel": null}
[13:46:58Z] [check] v1 m=8 census: {"pass": true, "onehot_bitexact": true, "full_max_rel": 0.00012906556366942823, "full_max_ulp": 1, "repeat_bitexact": true, "ref_max_rel": 0.0, "p2b_ref_max_rel": 0.0, "ref_rms_rel": null, "p2b_ref_rms_rel": null}
[13:46:58Z] [check] v6 m=8 census: {"pass": true, "onehot_bitexact": true, "full_max_rel": 0.00012906556366942823, "full_max_ulp": 1, "repeat_bitexact": true, "ref_max_rel": 0.0, "p2b_ref_max_rel": 0.0, "ref_rms_rel": null, "p2b_ref_rms_rel": null}
[13:46:58Z] [check] v10 m=8 census: {"pass": true, "onehot_bitexact": true, "full_max_rel": 0.00012906556366942823, "full_max_ulp": 1, "repeat_bitexact": true, "ref_max_rel": 0.0, "p2b_ref_max_rel": 0.0, "ref_rms_rel": null, "p2b_ref_rms_rel": null}
[13:46:58Z] [check] v13 m=8 census: {"pass": true, "onehot_bitexact": true, "full_max_rel": 0.00012906556366942823, "full_max_ulp": 1, "repeat_bitexact": true, "ref_max_rel": 0.0, "p2b_ref_max_rel": 0.0, "ref_rms_rel": null, "p2b_ref_rms_rel": null}
[13:46:58Z] [check] v14 m=8 census: {"pass": true, "onehot_bitexact": true, "full_max_rel": 0.00012906556366942823, "full_max_ulp": 1, "repeat_bitexact": true, "ref_max_rel": 0.0, "p2b_ref_max_rel": 0.0, "ref_rms_rel": null, "p2b_ref_rms_rel": null}
[13:46:59Z] [check] v1 m=8 dup0: {"pass": true, "onehot_bitexact": true, "full_max_rel": 0.00012291052553337067, "full_max_ulp": 1, "repeat_bitexact": true, "ref_max_rel": 0.0, "p2b_ref_max_rel": 0.0, "ref_rms_rel": null, "p2b_ref_rms_rel": null}
[13:46:59Z] [check] v6 m=8 dup0: {"pass": true, "onehot_bitexact": true, "full_max_rel": 0.00012291052553337067, "full_max_ulp": 1, "repeat_bitexact": true, "ref_max_rel": 0.0, "p2b_ref_max_rel": 0.0, "ref_rms_rel": null, "p2b_ref_rms_rel": null}
[13:46:59Z] [check] v10 m=8 dup0: {"pass": true, "onehot_bitexact": true, "full_max_rel": 0.00012291052553337067, "full_max_ulp": 1, "repeat_bitexact": true, "ref_max_rel": 0.0, "p2b_ref_max_rel": 0.0, "ref_rms_rel": null, "p2b_ref_rms_rel": null}
[13:46:59Z] [check] v13 m=8 dup0: {"pass": true, "onehot_bitexact": true, "full_max_rel": 0.00012291052553337067, "full_max_ulp": 1, "repeat_bitexact": true, "ref_max_rel": 0.0, "p2b_ref_max_rel": 0.0, "ref_rms_rel": null, "p2b_ref_rms_rel": null}
[13:46:59Z] [check] v14 m=8 dup0: {"pass": true, "onehot_bitexact": true, "full_max_rel": 0.00012291052553337067, "full_max_ulp": 1, "repeat_bitexact": true, "ref_max_rel": 0.0, "p2b_ref_max_rel": 0.0, "ref_rms_rel": null, "p2b_ref_rms_rel": null}
[13:46:59Z] [check] v1 m=8 census_seq: {"pass": true, "onehot_bitexact": true, "full_max_rel": 0.00026399156195111573, "full_max_ulp": 1, "repeat_bitexact": true, "ref_max_rel": 0.0, "p2b_ref_max_rel": 0.0, "ref_rms_rel": null, "p2b_ref_rms_rel": null}
[13:46:59Z] [check] v6 m=8 census_seq: {"pass": true, "onehot_bitexact": true, "full_max_rel": 0.00026399156195111573, "full_max_ulp": 1, "repeat_bitexact": true, "ref_max_rel": 0.0, "p2b_ref_max_rel": 0.0, "ref_rms_rel": null, "p2b_ref_rms_rel": null}
[13:46:59Z] [check] v10 m=8 census_seq: {"pass": true, "onehot_bitexact": true, "full_max_rel": 0.00026399156195111573, "full_max_ulp": 1, "repeat_bitexact": true, "ref_max_rel": 0.0, "p2b_ref_max_rel": 0.0, "ref_rms_rel": null, "p2b_ref_rms_rel": null}
[13:46:59Z] [check] v13 m=8 census_seq: {"pass": true, "onehot_bitexact": true, "full_max_rel": 0.00026399156195111573, "full_max_ulp": 1, "repeat_bitexact": true, "ref_max_rel": 0.0, "p2b_ref_max_rel": 0.0, "ref_rms_rel": null, "p2b_ref_rms_rel": null}
[13:46:59Z] [check] v14 m=8 census_seq: {"pass": true, "onehot_bitexact": true, "full_max_rel": 0.00026399156195111573, "full_max_ulp": 1, "repeat_bitexact": true, "ref_max_rel": 0.0, "p2b_ref_max_rel": 0.0, "ref_rms_rel": null, "p2b_ref_rms_rel": null}
[13:46:59Z] [capture] v1 m=1: replay_equals_eager=True (16 replays)
[13:46:59Z] [capture] v1 m=3: replay_equals_eager=True (16 replays)
[13:46:59Z] [capture] v1 m=4: replay_equals_eager=True (16 replays)
[13:46:59Z] [capture] v1 m=6: replay_equals_eager=True (16 replays)
[13:46:59Z] [capture] v1 m=8: replay_equals_eager=True (16 replays)
[13:46:59Z] [capture] v6 m=1: replay_equals_eager=True (16 replays)
[13:46:59Z] [capture] v6 m=3: replay_equals_eager=True (16 replays)
[13:46:59Z] [capture] v6 m=4: replay_equals_eager=True (16 replays)
[13:46:59Z] [capture] v6 m=6: replay_equals_eager=True (16 replays)
[13:46:59Z] [capture] v6 m=8: replay_equals_eager=True (16 replays)
[13:46:59Z] [capture] v10 m=1: replay_equals_eager=True (16 replays)
[13:46:59Z] [capture] v10 m=3: replay_equals_eager=True (16 replays)
[13:46:59Z] [capture] v10 m=4: replay_equals_eager=True (16 replays)
[13:46:59Z] [capture] v10 m=6: replay_equals_eager=True (16 replays)
[13:46:59Z] [capture] v10 m=8: replay_equals_eager=True (16 replays)
[13:46:59Z] [capture] v13 m=1: replay_equals_eager=True (16 replays)
[13:46:59Z] [capture] v13 m=3: replay_equals_eager=True (16 replays)
[13:46:59Z] [capture] v13 m=4: replay_equals_eager=True (16 replays)
[13:46:59Z] [capture] v13 m=6: replay_equals_eager=True (16 replays)
[13:46:59Z] [capture] v13 m=8: replay_equals_eager=True (16 replays)
[13:46:59Z] [capture] v14 m=1: replay_equals_eager=True (16 replays)
[13:46:59Z] [capture] v14 m=3: replay_equals_eager=True (16 replays)
[13:46:59Z] [capture] v14 m=4: replay_equals_eager=True (16 replays)
[13:46:59Z] [capture] v14 m=6: replay_equals_eager=True (16 replays)
[13:46:59Z] [capture] v14 m=8: replay_equals_eager=True (16 replays)
[13:47:00Z] [time] m=1 census cold: v0 184.3us [182.2,188.4] 145GB/s 58%floor  v1 188.4us [186.3,192.5] 142GB/s 57%floor  v6 169.0us [164.9,174.2] 158GB/s 63%floor  v10 160.8us [156.7,171.0] 166GB/s 67%floor  v13 165.9us [161.8,172.0] 161GB/s 65%floor  v14 161.8us [156.9,166.0] 165GB/s 66%floor
[13:47:01Z] [time] m=1 census warm: v0 176.3us [176.0,182.2] 152GB/s 61%floor  v1 181.2us [179.2,186.5] 148GB/s 59%floor  v6 162.8us [157.7,166.0] 164GB/s 66%floor  v10 148.5us [144.2,154.6] 180GB/s 72%floor  v13 161.2us [156.7,166.9] 166GB/s 66%floor  v14 156.6us [153.6,159.8] 171GB/s 68%floor
[13:47:02Z] [time] m=1 dup0 cold: v0 180.3us [180.2,182.4] 148GB/s 59%floor  v1 184.4us [184.3,186.5] 145GB/s 58%floor  v6 169.0us [164.9,174.2] 158GB/s 63%floor  v10 160.8us [156.7,165.9] 166GB/s 67%floor  v13 164.9us [160.9,171.0] 162GB/s 65%floor  v14 159.8us [155.6,163.9] 167GB/s 67%floor
[13:47:02Z] [time] m=1 dup0 warm: v0 176.2us [175.9,180.2] 152GB/s 61%floor  v1 180.3us [180.1,184.3] 148GB/s 59%floor  v6 161.9us [157.7,166.8] 165GB/s 66%floor  v10 147.4us [143.4,152.6] 182GB/s 73%floor  v13 161.3us [156.8,166.0] 166GB/s 66%floor  v14 156.2us [153.6,159.7] 171GB/s 69%floor
[13:47:03Z] [time] m=3 census cold: v0 407.5us [399.5,411.6] 142GB/s 57%floor  v1 317.4us [262.2,376.9] 180GB/s 72%floor  v6 276.5us [222.3,330.7] 210GB/s 84%floor  v10 274.4us [220.2,327.8] 211GB/s 85%floor  v13 281.6us [227.2,335.8] 206GB/s 82%floor  v14 281.6us [225.2,337.0] 206GB/s 82%floor
[13:47:04Z] [time] m=3 census warm: v0 395.3us [388.1,403.4] 146GB/s 59%floor  v1 312.9us [258.2,372.7] 183GB/s 73%floor  v6 269.3us [215.1,324.6] 215GB/s 86%floor  v10 265.2us [210.7,309.3] 219GB/s 88%floor  v13 279.5us [224.3,323.6] 208GB/s 83%floor  v14 280.5us [221.2,334.8] 207GB/s 83%floor
[13:47:06Z] [time] m=3 dup0 cold: v0 409.6us [407.5,411.6] 196GB/s 78%floor  v1 417.8us [415.7,419.9] 192GB/s 77%floor  v6 369.7us [367.6,371.7] 217GB/s 87%floor  v10 367.6us [365.7,369.6] 218GB/s 87%floor  v13 374.8us [373.7,376.9] 214GB/s 86%floor  v14 376.8us [374.8,377.7] 213GB/s 85%floor
[13:47:07Z] [time] m=3 dup0 warm: v0 403.6us [403.1,405.7] 199GB/s 80%floor  v1 411.7us [409.6,413.9] 195GB/s 78%floor  v6 362.5us [360.5,364.5] 222GB/s 89%floor  v10 358.4us [356.4,360.2] 224GB/s 90%floor  v13 372.7us [370.7,374.8] 215GB/s 86%floor  v14 374.7us [372.7,376.8] 214GB/s 86%floor
[13:47:08Z] [time] m=4 census cold: v0 520.2us [514.0,526.3] 137GB/s 55%floor  v1 379.5us [315.2,446.5] 187GB/s 75%floor  v6 332.8us [273.4,387.2] 214GB/s 86%floor  v10 330.8us [272.4,387.1] 216GB/s 86%floor  v13 337.9us [280.6,395.3] 211GB/s 84%floor  v14 339.5us [280.6,395.3] 210GB/s 84%floor
[13:47:09Z] [time] m=4 census warm: v0 507.8us [499.9,516.1] 141GB/s 56%floor  v1 374.8us [311.3,442.4] 190GB/s 76%floor  v6 327.2us [268.3,383.0] 218GB/s 87%floor  v10 321.6us [264.2,378.8] 222GB/s 89%floor  v13 335.9us [277.5,392.2] 212GB/s 85%floor  v14 337.9us [278.7,393.2] 211GB/s 84%floor
[13:47:10Z] [time] m=4 dup0 cold: v0 526.3us [524.3,529.4] 203GB/s 81%floor  v1 536.6us [535.7,539.7] 200GB/s 80%floor  v6 483.4us [482.0,485.4] 222GB/s 89%floor  v10 481.4us [480.1,483.4] 222GB/s 89%floor  v13 489.5us [487.4,491.5] 219GB/s 87%floor  v14 491.5us [489.5,493.6] 218GB/s 87%floor
[13:47:12Z] [time] m=4 dup0 warm: v0 521.2us [518.4,524.3] 205GB/s 82%floor  v1 532.5us [530.4,535.6] 201GB/s 80%floor  v6 477.2us [475.4,479.3] 224GB/s 90%floor  v10 472.0us [470.0,474.1] 227GB/s 91%floor  v13 486.4us [484.6,489.5] 220GB/s 88%floor  v14 489.5us [487.4,491.5] 219GB/s 87%floor
[13:47:13Z] [time] m=6 census cold: v0 759.7us [749.6,765.9] 147GB/s 59%floor  v1 561.2us [506.6,649.2] 195GB/s 78%floor  v6 504.9us [446.4,583.7] 221GB/s 88%floor  v10 503.8us [445.7,579.6] 222GB/s 89%floor  v13 512.0us [452.6,590.8] 218GB/s 87%floor  v14 516.1us [454.7,592.7] 217GB/s 87%floor
[13:47:15Z] [time] m=6 census warm: v0 743.4us [731.2,757.8] 150GB/s 60%floor  v1 563.2us [503.8,648.2] 196GB/s 79%floor  v6 502.8us [441.4,580.6] 223GB/s 89%floor  v10 498.2us [436.1,573.4] 225GB/s 90%floor  v13 512.0us [450.6,590.8] 219GB/s 87%floor  v14 514.1us [452.6,604.4] 218GB/s 87%floor
[13:47:16Z] [time] m=6 dup0 cold: v0 766.0us [763.9,770.1] 210GB/s 84%floor  v1 780.3us [778.2,784.5] 206GB/s 82%floor  v6 713.5us [711.7,717.8] 225GB/s 90%floor  v10 711.1us [709.6,715.8] 226GB/s 90%floor  v13 719.5us [716.8,722.9] 223GB/s 89%floor  v14 725.0us [722.9,727.0] 222GB/s 89%floor
[13:47:18Z] [time] m=6 dup0 warm: v0 761.9us [758.8,765.0] 211GB/s 84%floor  v1 775.2us [773.1,779.3] 207GB/s 83%floor  v6 705.5us [703.6,708.5] 228GB/s 91%floor  v10 700.4us [698.4,703.5] 229GB/s 92%floor  v13 715.8us [713.7,717.8] 224GB/s 90%floor  v14 720.9us [718.8,723.9] 223GB/s 89%floor
[13:47:20Z] [time] m=8 census cold: v0 1010.2us [999.4,1057.2] 129GB/s 52%floor  v1 669.2us [545.9,778.4] 198GB/s 79%floor  v6 600.1us [487.3,696.3] 222GB/s 89%floor  v10 598.0us [485.4,690.2] 223GB/s 89%floor  v13 606.7us [492.6,702.5] 220GB/s 88%floor  v14 610.4us [497.7,708.6] 219GB/s 87%floor
[13:47:22Z] [time] m=8 census warm: v0 985.1us [971.8,999.4] 135GB/s 54%floor  v1 661.5us [539.6,765.1] 200GB/s 80%floor  v6 593.2us [482.3,686.1] 225GB/s 90%floor  v10 586.8us [475.1,681.0] 227GB/s 91%floor  v13 602.7us [489.5,696.3] 221GB/s 89%floor  v14 608.2us [493.6,702.4] 220GB/s 88%floor
[13:47:24Z] [time] m=8 dup0 cold: v0 1024.0us [1020.9,1028.1] 209GB/s 84%floor  v1 1050.6us [1047.3,1052.7] 204GB/s 82%floor  v6 942.1us [940.0,945.2] 227GB/s 91%floor  v10 939.0us [935.9,942.1] 228GB/s 91%floor  v13 947.2us [945.2,950.3] 226GB/s 90%floor  v14 954.9us [952.4,958.5] 224GB/s 90%floor
[13:47:26Z] [time] m=8 dup0 warm: v0 1017.0us [1014.6,1026.2] 211GB/s 84%floor  v1 1044.5us [1040.5,1052.6] 205GB/s 82%floor  v6 934.9us [931.9,949.2] 229GB/s 92%floor  v10 927.7us [925.7,943.2] 231GB/s 92%floor  v13 945.2us [942.1,957.4] 227GB/s 91%floor  v14 952.3us [949.2,962.6] 225GB/s 90%floor
unchanged /repo/kernel_study/p2b_coop/build_r3/chain_r3.cu
unchanged /repo/kernel_study/p2b_coop/build_r3/bench_r3.cu
unchanged /repo/kernel_study/p2b_coop/build_r3/bench_r3_ts.cu
[13:47:27Z] [phases] v0 m=1 grid 192: total 166.7 us, skew 0.1, s1 work 3.0 imb 2.7 bar 0.7 | s2 work 102.6 imb 29.1 bar 0.7 | s3 work 2.5 imb 2.2 bar 0.8 | s4 work 0.6 imb 0.4 bar 0.7 | s5 work 1.8 imb 1.5 bar 0.8 | s6 work 47.0 imb 2.8 bar 0.7 | s7 work 2.0 imb 1.7 bar 0.7 | s8 work 0.8 imb 0.1 bar 0.9 | tail 0.5 | uniq 6.0
[13:47:27Z] [phases] v0 m=3 grid 192: total 387.4 us, skew 0.1, s1 work 3.2 imb 2.7 bar 0.7 | s2 work 241.3 imb 18.2 bar 0.7 | s3 work 2.4 imb 2.2 bar 0.8 | s4 work 0.6 imb 0.3 bar 0.8 | s5 work 1.8 imb 1.5 bar 0.8 | s6 work 127.4 imb 15.0 bar 0.7 | s7 work 2.4 imb 1.9 bar 0.7 | s8 work 1.5 imb 0.4 bar 0.8 | tail 0.5 | uniq 12.6
[13:47:27Z] [phases] v0 m=4 grid 192: total 503.2 us, skew 0.1, s1 work 3.6 imb 0.9 bar 0.7 | s2 work 314.0 imb 10.2 bar 0.7 | s3 work 2.5 imb 2.2 bar 0.8 | s4 work 0.6 imb 0.3 bar 0.8 | s5 work 1.8 imb 1.6 bar 0.8 | s6 work 168.6 imb 24.6 bar 0.7 | s7 work 2.5 imb 0.6 bar 0.7 | s8 work 1.8 imb 0.4 bar 0.7 | tail 0.5 | uniq 16.3
[13:47:27Z] [phases] v0 m=6 grid 192: total 736.9 us, skew 0.1, s1 work 4.4 imb 1.0 bar 0.7 | s2 work 466.8 imb 16.1 bar 0.7 | s3 work 2.5 imb 2.2 bar 0.8 | s4 work 0.7 imb 0.2 bar 0.8 | s5 work 1.8 imb 1.6 bar 0.7 | s6 work 249.1 imb 36.4 bar 0.7 | s7 work 2.9 imb 0.7 bar 0.7 | s8 work 2.2 imb 0.4 bar 0.7 | tail 0.6 | uniq 24.5
[13:47:27Z] [phases] v0 m=8 grid 192: total 978.4 us, skew 0.1, s1 work 5.4 imb 1.5 bar 0.7 | s2 work 627.9 imb 45.7 bar 0.7 | s3 work 2.7 imb 2.4 bar 0.8 | s4 work 0.8 imb 0.3 bar 0.8 | s5 work 1.9 imb 1.6 bar 0.8 | s6 work 327.0 imb 49.4 bar 0.7 | s7 work 3.6 imb 1.0 bar 0.7 | s8 work 2.8 imb 0.5 bar 0.7 | tail 0.6 | uniq 30.3
[13:47:27Z] [phases] v1 m=1 grid 192: total 159.6 us, skew 0.1, s1 work 3.9 imb 2.3 bar 0.7 | s2 work 97.1 imb 26.8 bar 0.7 | s3 work 2.5 imb 2.2 bar 0.7 | s4 work 0.5 imb 0.3 bar 0.7 | s5 work 1.8 imb 1.6 bar 0.7 | s6 work 45.3 imb 2.6 bar 0.7 | s7 work 2.0 imb 1.8 bar 0.7 | tail 1.4 | uniq 6.0
[13:47:27Z] [phases] v1 m=3 grid 192: total 293.6 us, skew 0.1, s1 work 5.6 imb 2.8 bar 0.7 | s2 work 178.5 imb 18.2 bar 0.7 | s3 work 2.5 imb 2.2 bar 0.7 | s4 work 0.6 imb 0.3 bar 0.8 | s5 work 1.7 imb 1.5 bar 0.7 | s6 work 98.7 imb 10.9 bar 0.7 | s7 work 2.4 imb 1.9 bar 0.7 | tail 1.6 | uniq 13.0
[13:47:27Z] [phases] v1 m=4 grid 192: total 371.4 us, skew 0.1, s1 work 5.9 imb 0.7 bar 0.7 | s2 work 227.7 imb 18.8 bar 0.7 | s3 work 2.6 imb 2.3 bar 0.7 | s4 work 0.6 imb 0.2 bar 0.8 | s5 work 1.8 imb 1.5 bar 0.7 | s6 work 123.1 imb 13.3 bar 0.7 | s7 work 2.6 imb 0.6 bar 0.7 | tail 1.5 | uniq 16.0
[13:47:27Z] [phases] v1 m=6 grid 192: total 530.0 us, skew 0.1, s1 work 7.7 imb 0.7 bar 0.7 | s2 work 328.8 imb 15.7 bar 0.7 | s3 work 2.7 imb 2.4 bar 0.7 | s4 work 0.6 imb 0.2 bar 0.8 | s5 work 1.9 imb 1.7 bar 0.7 | s6 work 178.2 imb 21.2 bar 0.7 | s7 work 2.9 imb 0.6 bar 0.7 | tail 1.8 | uniq 25.1
dsv41: p2b coop dataflow kernel engaged (DSV41_P2B_COOP=2)
[13:47:27Z] [phases] v1 m=8 grid 192: total 624.1 us, skew 0.1, s1 work 9.4 imb 1.6 bar 0.7 | s2 work 385.2 imb 20.8 bar 0.7 | s3 work 2.7 imb 2.4 bar 0.7 | s4 work 0.8 imb 0.3 bar 0.7 | s5 work 1.9 imb 1.7 bar 0.7 | s6 work 210.4 imb 25.4 bar 0.7 | s7 work 3.6 imb 1.0 bar 0.7 | tail 1.9 | uniq 29.3
[13:47:27Z] [phases] v6 m=1 grid 144: total 167.2 us, skew 0.1, s1 work 4.0 imb 2.4 bar 0.7 | s2 work 155.7 imb 7.6 bar 0.7 | tail 6.3 | uniq 6.0 | df tiles_per_warp 4.8 fill_us 11.8 loop_us 84.5 reduce_us 11.5 span_us 142.4 between_tiles_us 35.2
[13:47:27Z] [phases] v6 m=3 grid 144: total 279.1 us, skew 0.1, s1 work 5.6 imb 0.6 bar 0.7 | s2 work 264.1 imb 9.3 bar 0.7 | tail 5.7 | uniq 12.7 | df tiles_per_warp 10.5 fill_us 23.9 loop_us 178.6 reduce_us 26.5 span_us 252.2 between_tiles_us 25.2
[13:47:27Z] [phases] v6 m=4 grid 144: total 331.6 us, skew 0.1, s1 work 5.7 imb 0.5 bar 0.7 | s2 work 318.9 imb 9.1 bar 0.7 | tail 5.4 | uniq 15.7 | df tiles_per_warp 12.9 fill_us 27.1 loop_us 220.8 reduce_us 31.3 span_us 308.5 between_tiles_us 29.1
[13:47:27Z] [phases] v6 m=6 grid 144: total 511.0 us, skew 0.1, s1 work 8.3 imb 1.5 bar 0.7 | s2 work 492.7 imb 9.0 bar 0.7 | tail 5.4 | uniq 24.6 | df tiles_per_warp 20.1 fill_us 41.8 loop_us 340.3 reduce_us 50.0 span_us 482.2 between_tiles_us 47.7
[13:47:27Z] [phases] v6 m=8 grid 144: total 603.8 us, skew 0.1, s1 work 9.4 imb 1.0 bar 0.7 | s2 work 587.6 imb 9.1 bar 0.7 | tail 5.3 | uniq 30.7 | df tiles_per_warp 24.2 fill_us 50.9 loop_us 411.5 reduce_us 61.7 span_us 577.2 between_tiles_us 56.7
[13:47:27Z] [phases] v10 m=1 grid 144: total 160.2 us, skew 0.1, s1 work 8.1 imb 5.6 bar 0.7 | s2 work 144.0 imb 10.1 bar 0.7 | tail 6.9 | uniq 6.0 | df tiles_per_warp 4.8 fill_us 10.2 loop_us 82.2 reduce_us 11.2 span_us 129.4 between_tiles_us 25.7
[13:47:27Z] [phases] v10 m=3 grid 144: total 260.3 us, skew 0.1, s1 work 9.5 imb 0.7 bar 0.7 | s2 work 243.3 imb 7.4 bar 0.7 | tail 6.3 | uniq 12.5 | df tiles_per_warp 9.7 fill_us 21.6 loop_us 165.1 reduce_us 24.6 span_us 232.0 between_tiles_us 22.2
[13:47:27Z] [phases] v10 m=4 grid 144: total 331.5 us, skew 0.1, s1 work 9.7 imb 0.6 bar 0.7 | s2 work 314.4 imb 8.4 bar 0.7 | tail 6.1 | uniq 16.0 | df tiles_per_warp 12.9 fill_us 26.8 loop_us 218.6 reduce_us 30.7 span_us 304.1 between_tiles_us 28.4
[13:47:27Z] [phases] v10 m=6 grid 144: total 505.3 us, skew 0.1, s1 work 12.4 imb 1.7 bar 0.7 | s2 work 485.0 imb 8.8 bar 0.7 | tail 6.4 | uniq 24.8 | df tiles_per_warp 20.1 fill_us 42.9 loop_us 336.6 reduce_us 50.7 span_us 474.9 between_tiles_us 46.3
[13:47:27Z] [phases] v10 m=8 grid 144: total 573.0 us, skew 0.1, s1 work 13.2 imb 1.2 bar 0.7 | s2 work 552.5 imb 8.6 bar 0.7 | tail 6.1 | uniq 28.8 | df tiles_per_warp 22.6 fill_us 46.9 loop_us 383.7 reduce_us 60.0 span_us 542.4 between_tiles_us 54.5
[13:47:27Z] [phases] v13 m=1 grid 144: total 147.9 us, skew 0.1, s1 work 2.9 imb 0.2 bar 4.0 | s2 work 136.8 imb 6.1 bar 0.7 | tail 3.2 | uniq 6.0 | df tiles_per_warp 4.8 fill_us 9.9 loop_us 81.7 reduce_us 11.7 span_us 123.1 between_tiles_us 19.8
[13:47:27Z] [phases] v13 m=3 grid 144: total 281.6 us, skew 0.1, s1 work 5.2 imb 0.4 bar 2.8 | s2 work 267.2 imb 8.1 bar 0.7 | tail 3.2 | uniq 13.3 | df tiles_per_warp 10.5 fill_us 23.7 loop_us 178.0 reduce_us 28.5 span_us 258.8 between_tiles_us 22.9
[13:47:27Z] [phases] v13 m=4 grid 144: total 325.2 us, skew 0.1, s1 work 5.4 imb 0.3 bar 2.7 | s2 work 313.4 imb 8.2 bar 0.7 | tail 3.2 | uniq 15.8 | df tiles_per_warp 12.9 fill_us 27.9 loop_us 215.6 reduce_us 32.8 span_us 302.8 between_tiles_us 25.8
[13:47:27Z] [phases] v13 m=6 grid 144: total 501.4 us, skew 0.1, s1 work 7.5 imb 0.4 bar 2.7 | s2 work 487.5 imb 8.5 bar 0.7 | tail 3.2 | uniq 24.6 | df tiles_per_warp 20.1 fill_us 44.2 loop_us 334.2 reduce_us 53.5 span_us 477.2 between_tiles_us 43.6
[13:47:27Z] [phases] v13 m=8 grid 144: total 612.3 us, skew 0.1, s1 work 8.6 imb 0.4 bar 2.9 | s2 work 597.0 imb 8.4 bar 0.7 | tail 3.2 | uniq 30.2 | df tiles_per_warp 25.0 fill_us 56.6 loop_us 413.1 reduce_us 66.3 span_us 588.1 between_tiles_us 53.9
[13:47:27Z] [phases] v14 m=1 grid 144: total 148.3 us, skew 0.1, s1 work 2.8 imb 0.3 bar 2.8 | s2 work 138.9 imb 10.1 bar 0.7 | tail 3.2 | uniq 6.0 | df tiles_per_warp 4.8 fill_us 4.6 loop_us 99.4 reduce_us 7.3 span_us 127.4 between_tiles_us 15.8
[13:47:27Z] [phases] v14 m=3 grid 144: total 275.0 us, skew 0.1, s1 work 3.8 imb 0.2 bar 2.7 | s2 work 264.6 imb 6.9 bar 0.7 | tail 3.2 | uniq 12.6 | df tiles_per_warp 10.5 fill_us 9.8 loop_us 213.4 reduce_us 17.6 span_us 256.0 between_tiles_us 15.2
[13:47:27Z] [phases] v14 m=4 grid 144: total 334.7 us, skew 0.1, s1 work 4.2 imb 0.1 bar 2.8 | s2 work 324.1 imb 7.0 bar 0.7 | tail 3.1 | uniq 16.3 | df tiles_per_warp 12.9 fill_us 12.4 loop_us 262.7 reduce_us 22.5 span_us 315.3 between_tiles_us 19.0
[13:47:28Z] [phases] v14 m=6 grid 144: total 501.2 us, skew 0.1, s1 work 6.1 imb 0.2 bar 2.6 | s2 work 488.9 imb 6.8 bar 0.7 | tail 3.1 | uniq 23.8 | df tiles_per_warp 19.7 fill_us 19.2 loop_us 399.8 reduce_us 33.6 span_us 481.2 between_tiles_us 28.3
[13:47:28Z] [phases] v14 m=8 grid 144: total 630.5 us, skew 0.1, s1 work 7.1 imb 0.2 bar 2.6 | s2 work 616.5 imb 6.6 bar 0.7 | tail 3.1 | uniq 30.4 | df tiles_per_warp 25.0 fill_us 24.6 loop_us 505.6 reduce_us 43.9 span_us 608.8 between_tiles_us 35.6
[13:47:28Z] pass=True
# 2026-09-25T13:47:29Z rc 0
# pmon after:
# gpu         pid   type     sm    mem    enc    dec    jpg    ofa    command 
# Idx           #    C/G      %      %      %      %      %      %    name 
    0      81524     G      -      -      -      -      -      -    Xorg           
    0      81681     G      -      -      -      -      -      -    gnome-shell    
