# 2026-09-25T14:05:00Z host spark2 tag v9-next
# pmon before:
# gpu         pid   type     sm    mem    enc    dec    jpg    ofa    command 
# Idx           #    C/G      %      %      %      %      %      %    name 
    0      81524     G      -      -      -      -      -      -    Xorg           
    0      81681     G      -      -      -      -      -      -    gnome-shell    
# free -h:
               total        used        free      shared  buff/cache   available
Mem:           121Gi       5.4Gi        95Gi       300Ki        22Gi       116Gi
Swap:           15Gi       1.2Gi        14Gi
# cmd: kernel_study/p2b_coop/bench_r3.py --mode all --variants 0,10,17,18,19 --ms 1,3,4,6,8 --time-ms 1,4,8 --check-routings 6 --out results/2026-09-25-kernels/coop-moe/v9-next.json
unchanged /repo/kernel_study/p2b_coop/build_r3/chain_r3.cu
unchanged /repo/kernel_study/p2b_coop/build_r3/bench_r3.cu
unchanged /repo/kernel_study/p2b_coop/build_r3/bench_r3_ts.cu
[14:05:13Z] loaded layer 20 rank 0 in 6.0 s
dsv41: p2b coop dataflow kernel engaged (DSV41_P2B_COOP=2)
[14:05:13Z] [setup] {"name": "NVIDIA GB10", "sms": 48, "l2_bytes": 25165824, "flush_bytes": 134217728} launch {"v0": {"grid": 192, "blocks_per_sm": 4.0}, "v10": {"grid": 144, "blocks_per_sm": 3.0}, "v17": {"grid": 144, "blocks_per_sm": 3.0}, "v18": {"grid": 144, "blocks_per_sm": 3.0}, "v19": {"grid": 144, "blocks_per_sm": 3.0}}
[14:05:13Z] [check] v10 m=1 census: {"pass": true, "onehot_bitexact": true, "full_max_rel": 3.2912059396039695e-05, "full_max_ulp": 1, "repeat_bitexact": true, "ref_max_rel": 0.0, "p2b_ref_max_rel": 0.0, "ref_rms_rel": null, "p2b_ref_rms_rel": null}
[14:05:13Z] [check] v17 m=1 census: {"pass": true, "onehot_bitexact": true, "full_max_rel": 3.2912059396039695e-05, "full_max_ulp": 1, "repeat_bitexact": true, "ref_max_rel": 0.0, "p2b_ref_max_rel": 0.0, "ref_rms_rel": null, "p2b_ref_rms_rel": null}
[14:05:13Z] [check] v18 m=1 census: {"pass": true, "onehot_bitexact": true, "full_max_rel": 3.2912059396039695e-05, "full_max_ulp": 1, "repeat_bitexact": true, "ref_max_rel": 0.0, "p2b_ref_max_rel": 0.0, "ref_rms_rel": null, "p2b_ref_rms_rel": null}
[14:05:13Z] [check] v19 m=1 census: {"pass": true, "onehot_bitexact": true, "full_max_rel": 3.2912059396039695e-05, "full_max_ulp": 1, "repeat_bitexact": true, "ref_max_rel": 0.0, "p2b_ref_max_rel": 0.0, "ref_rms_rel": null, "p2b_ref_rms_rel": null}
[14:05:13Z] [check] v10 m=1 dup0: {"pass": true, "onehot_bitexact": true, "full_max_rel": 6.0386471886886284e-05, "full_max_ulp": 1, "repeat_bitexact": true, "ref_max_rel": 0.0, "p2b_ref_max_rel": 0.0, "ref_rms_rel": null, "p2b_ref_rms_rel": null}
[14:05:13Z] [check] v17 m=1 dup0: {"pass": true, "onehot_bitexact": true, "full_max_rel": 6.0386471886886284e-05, "full_max_ulp": 1, "repeat_bitexact": true, "ref_max_rel": 0.0, "p2b_ref_max_rel": 0.0, "ref_rms_rel": null, "p2b_ref_rms_rel": null}
[14:05:13Z] [check] v18 m=1 dup0: {"pass": true, "onehot_bitexact": true, "full_max_rel": 6.0386471886886284e-05, "full_max_ulp": 1, "repeat_bitexact": true, "ref_max_rel": 0.0, "p2b_ref_max_rel": 0.0, "ref_rms_rel": null, "p2b_ref_rms_rel": null}
[14:05:13Z] [check] v19 m=1 dup0: {"pass": true, "onehot_bitexact": true, "full_max_rel": 6.0386471886886284e-05, "full_max_ulp": 1, "repeat_bitexact": true, "ref_max_rel": 0.0, "p2b_ref_max_rel": 0.0, "ref_rms_rel": null, "p2b_ref_rms_rel": null}
[14:05:13Z] [check] v10 m=3 census: {"pass": true, "onehot_bitexact": true, "full_max_rel": 6.175889575388283e-05, "full_max_ulp": 1, "repeat_bitexact": true, "ref_max_rel": 0.0, "p2b_ref_max_rel": 0.0, "ref_rms_rel": null, "p2b_ref_rms_rel": null}
[14:05:13Z] [check] v17 m=3 census: {"pass": true, "onehot_bitexact": true, "full_max_rel": 6.175889575388283e-05, "full_max_ulp": 1, "repeat_bitexact": true, "ref_max_rel": 0.0, "p2b_ref_max_rel": 0.0, "ref_rms_rel": null, "p2b_ref_rms_rel": null}
[14:05:13Z] [check] v18 m=3 census: {"pass": true, "onehot_bitexact": true, "full_max_rel": 6.175889575388283e-05, "full_max_ulp": 1, "repeat_bitexact": true, "ref_max_rel": 0.0, "p2b_ref_max_rel": 0.0, "ref_rms_rel": null, "p2b_ref_rms_rel": null}
[14:05:13Z] [check] v19 m=3 census: {"pass": true, "onehot_bitexact": true, "full_max_rel": 6.175889575388283e-05, "full_max_ulp": 1, "repeat_bitexact": true, "ref_max_rel": 0.0, "p2b_ref_max_rel": 0.0, "ref_rms_rel": null, "p2b_ref_rms_rel": null}
[14:05:13Z] [check] v10 m=3 dup0: {"pass": true, "onehot_bitexact": true, "full_max_rel": 0.00012846865865867585, "full_max_ulp": 1, "repeat_bitexact": true, "ref_max_rel": 0.0, "p2b_ref_max_rel": 0.0, "ref_rms_rel": null, "p2b_ref_rms_rel": null}
[14:05:13Z] [check] v17 m=3 dup0: {"pass": true, "onehot_bitexact": true, "full_max_rel": 0.00012846865865867585, "full_max_ulp": 1, "repeat_bitexact": true, "ref_max_rel": 0.0, "p2b_ref_max_rel": 0.0, "ref_rms_rel": null, "p2b_ref_rms_rel": null}
[14:05:13Z] [check] v18 m=3 dup0: {"pass": true, "onehot_bitexact": true, "full_max_rel": 0.00012846865865867585, "full_max_ulp": 1, "repeat_bitexact": true, "ref_max_rel": 0.0, "p2b_ref_max_rel": 0.0, "ref_rms_rel": null, "p2b_ref_rms_rel": null}
[14:05:13Z] [check] v19 m=3 dup0: {"pass": true, "onehot_bitexact": true, "full_max_rel": 0.00012846865865867585, "full_max_ulp": 1, "repeat_bitexact": true, "ref_max_rel": 0.0, "p2b_ref_max_rel": 0.0, "ref_rms_rel": null, "p2b_ref_rms_rel": null}
[14:05:13Z] [check] v10 m=4 census: {"pass": true, "onehot_bitexact": true, "full_max_rel": 2.7901785870199092e-05, "full_max_ulp": 1, "repeat_bitexact": true, "ref_max_rel": 0.0, "p2b_ref_max_rel": 0.0, "ref_rms_rel": null, "p2b_ref_rms_rel": null}
[14:05:13Z] [check] v17 m=4 census: {"pass": true, "onehot_bitexact": true, "full_max_rel": 2.7901785870199092e-05, "full_max_ulp": 1, "repeat_bitexact": true, "ref_max_rel": 0.0, "p2b_ref_max_rel": 0.0, "ref_rms_rel": null, "p2b_ref_rms_rel": null}
[14:05:13Z] [check] v18 m=4 census: {"pass": true, "onehot_bitexact": true, "full_max_rel": 2.7901785870199092e-05, "full_max_ulp": 1, "repeat_bitexact": true, "ref_max_rel": 0.0, "p2b_ref_max_rel": 0.0, "ref_rms_rel": null, "p2b_ref_rms_rel": null}
[14:05:13Z] [check] v19 m=4 census: {"pass": true, "onehot_bitexact": true, "full_max_rel": 2.7901785870199092e-05, "full_max_ulp": 1, "repeat_bitexact": true, "ref_max_rel": 0.0, "p2b_ref_max_rel": 0.0, "ref_rms_rel": null, "p2b_ref_rms_rel": null}
[14:05:14Z] [check] v10 m=4 dup0: {"pass": true, "onehot_bitexact": true, "full_max_rel": 0.0002367424312978983, "full_max_ulp": 1, "repeat_bitexact": true, "ref_max_rel": 0.0, "p2b_ref_max_rel": 0.0, "ref_rms_rel": null, "p2b_ref_rms_rel": null}
[14:05:14Z] [check] v17 m=4 dup0: {"pass": true, "onehot_bitexact": true, "full_max_rel": 0.0002367424312978983, "full_max_ulp": 1, "repeat_bitexact": true, "ref_max_rel": 0.0, "p2b_ref_max_rel": 0.0, "ref_rms_rel": null, "p2b_ref_rms_rel": null}
[14:05:14Z] [check] v18 m=4 dup0: {"pass": true, "onehot_bitexact": true, "full_max_rel": 0.0002367424312978983, "full_max_ulp": 1, "repeat_bitexact": true, "ref_max_rel": 0.0, "p2b_ref_max_rel": 0.0, "ref_rms_rel": null, "p2b_ref_rms_rel": null}
[14:05:14Z] [check] v19 m=4 dup0: {"pass": true, "onehot_bitexact": true, "full_max_rel": 0.0002367424312978983, "full_max_ulp": 1, "repeat_bitexact": true, "ref_max_rel": 0.0, "p2b_ref_max_rel": 0.0, "ref_rms_rel": null, "p2b_ref_rms_rel": null}
[14:05:14Z] [check] v10 m=6 census: {"pass": true, "onehot_bitexact": true, "full_max_rel": 0.00013397641305346042, "full_max_ulp": 1, "repeat_bitexact": true, "ref_max_rel": 0.0, "p2b_ref_max_rel": 0.0, "ref_rms_rel": null, "p2b_ref_rms_rel": null}
[14:05:14Z] [check] v17 m=6 census: {"pass": true, "onehot_bitexact": true, "full_max_rel": 0.00013397641305346042, "full_max_ulp": 1, "repeat_bitexact": true, "ref_max_rel": 0.0, "p2b_ref_max_rel": 0.0, "ref_rms_rel": null, "p2b_ref_rms_rel": null}
[14:05:14Z] [check] v18 m=6 census: {"pass": true, "onehot_bitexact": true, "full_max_rel": 0.00013397641305346042, "full_max_ulp": 1, "repeat_bitexact": true, "ref_max_rel": 0.0, "p2b_ref_max_rel": 0.0, "ref_rms_rel": null, "p2b_ref_rms_rel": null}
[14:05:14Z] [check] v19 m=6 census: {"pass": true, "onehot_bitexact": true, "full_max_rel": 0.00013397641305346042, "full_max_ulp": 1, "repeat_bitexact": true, "ref_max_rel": 0.0, "p2b_ref_max_rel": 0.0, "ref_rms_rel": null, "p2b_ref_rms_rel": null}
[14:05:14Z] [check] v10 m=6 dup0: {"pass": true, "onehot_bitexact": true, "full_max_rel": 0.00026624067686498165, "full_max_ulp": 1, "repeat_bitexact": true, "ref_max_rel": 0.0, "p2b_ref_max_rel": 0.0, "ref_rms_rel": null, "p2b_ref_rms_rel": null}
[14:05:14Z] [check] v17 m=6 dup0: {"pass": true, "onehot_bitexact": true, "full_max_rel": 0.00026624067686498165, "full_max_ulp": 1, "repeat_bitexact": true, "ref_max_rel": 0.0, "p2b_ref_max_rel": 0.0, "ref_rms_rel": null, "p2b_ref_rms_rel": null}
[14:05:14Z] [check] v18 m=6 dup0: {"pass": true, "onehot_bitexact": true, "full_max_rel": 0.00026624067686498165, "full_max_ulp": 1, "repeat_bitexact": true, "ref_max_rel": 0.0, "p2b_ref_max_rel": 0.0, "ref_rms_rel": null, "p2b_ref_rms_rel": null}
[14:05:14Z] [check] v19 m=6 dup0: {"pass": true, "onehot_bitexact": true, "full_max_rel": 0.00026624067686498165, "full_max_ulp": 1, "repeat_bitexact": true, "ref_max_rel": 0.0, "p2b_ref_max_rel": 0.0, "ref_rms_rel": null, "p2b_ref_rms_rel": null}
[14:05:14Z] [check] v10 m=6 census_seq: {"pass": true, "onehot_bitexact": true, "full_max_rel": 6.572029087692499e-05, "full_max_ulp": 1, "repeat_bitexact": true, "ref_max_rel": 0.0, "p2b_ref_max_rel": 0.0, "ref_rms_rel": null, "p2b_ref_rms_rel": null}
[14:05:14Z] [check] v17 m=6 census_seq: {"pass": true, "onehot_bitexact": true, "full_max_rel": 6.572029087692499e-05, "full_max_ulp": 1, "repeat_bitexact": true, "ref_max_rel": 0.0, "p2b_ref_max_rel": 0.0, "ref_rms_rel": null, "p2b_ref_rms_rel": null}
[14:05:14Z] [check] v18 m=6 census_seq: {"pass": true, "onehot_bitexact": true, "full_max_rel": 6.572029087692499e-05, "full_max_ulp": 1, "repeat_bitexact": true, "ref_max_rel": 0.0, "p2b_ref_max_rel": 0.0, "ref_rms_rel": null, "p2b_ref_rms_rel": null}
[14:05:14Z] [check] v19 m=6 census_seq: {"pass": true, "onehot_bitexact": true, "full_max_rel": 6.572029087692499e-05, "full_max_ulp": 1, "repeat_bitexact": true, "ref_max_rel": 0.0, "p2b_ref_max_rel": 0.0, "ref_rms_rel": null, "p2b_ref_rms_rel": null}
[14:05:14Z] [check] v10 m=8 census: {"pass": true, "onehot_bitexact": true, "full_max_rel": 5.841121674166061e-05, "full_max_ulp": 1, "repeat_bitexact": true, "ref_max_rel": 0.0, "p2b_ref_max_rel": 0.0, "ref_rms_rel": null, "p2b_ref_rms_rel": null}
[14:05:14Z] [check] v17 m=8 census: {"pass": true, "onehot_bitexact": true, "full_max_rel": 5.841121674166061e-05, "full_max_ulp": 1, "repeat_bitexact": true, "ref_max_rel": 0.0, "p2b_ref_max_rel": 0.0, "ref_rms_rel": null, "p2b_ref_rms_rel": null}
[14:05:14Z] [check] v18 m=8 census: {"pass": true, "onehot_bitexact": true, "full_max_rel": 5.841121674166061e-05, "full_max_ulp": 1, "repeat_bitexact": true, "ref_max_rel": 0.0, "p2b_ref_max_rel": 0.0, "ref_rms_rel": null, "p2b_ref_rms_rel": null}
[14:05:14Z] [check] v19 m=8 census: {"pass": true, "onehot_bitexact": true, "full_max_rel": 5.841121674166061e-05, "full_max_ulp": 1, "repeat_bitexact": true, "ref_max_rel": 0.0, "p2b_ref_max_rel": 0.0, "ref_rms_rel": null, "p2b_ref_rms_rel": null}
[14:05:14Z] [check] v10 m=8 dup0: {"pass": true, "onehot_bitexact": true, "full_max_rel": 0.0005091649945825338, "full_max_ulp": 1, "repeat_bitexact": true, "ref_max_rel": 0.0, "p2b_ref_max_rel": 0.0, "ref_rms_rel": null, "p2b_ref_rms_rel": null}
[14:05:14Z] [check] v17 m=8 dup0: {"pass": true, "onehot_bitexact": true, "full_max_rel": 0.0005091649945825338, "full_max_ulp": 1, "repeat_bitexact": true, "ref_max_rel": 0.0, "p2b_ref_max_rel": 0.0, "ref_rms_rel": null, "p2b_ref_rms_rel": null}
[14:05:14Z] [check] v18 m=8 dup0: {"pass": true, "onehot_bitexact": true, "full_max_rel": 0.0005091649945825338, "full_max_ulp": 1, "repeat_bitexact": true, "ref_max_rel": 0.0, "p2b_ref_max_rel": 0.0, "ref_rms_rel": null, "p2b_ref_rms_rel": null}
[14:05:14Z] [check] v19 m=8 dup0: {"pass": true, "onehot_bitexact": true, "full_max_rel": 0.0005091649945825338, "full_max_ulp": 1, "repeat_bitexact": true, "ref_max_rel": 0.0, "p2b_ref_max_rel": 0.0, "ref_rms_rel": null, "p2b_ref_rms_rel": null}
[14:05:15Z] [check] v10 m=8 census_seq: {"pass": true, "onehot_bitexact": true, "full_max_rel": 0.00019186492136213928, "full_max_ulp": 1, "repeat_bitexact": true, "ref_max_rel": 0.0, "p2b_ref_max_rel": 0.0, "ref_rms_rel": null, "p2b_ref_rms_rel": null}
[14:05:15Z] [check] v17 m=8 census_seq: {"pass": true, "onehot_bitexact": true, "full_max_rel": 0.00019186492136213928, "full_max_ulp": 1, "repeat_bitexact": true, "ref_max_rel": 0.0, "p2b_ref_max_rel": 0.0, "ref_rms_rel": null, "p2b_ref_rms_rel": null}
[14:05:15Z] [check] v18 m=8 census_seq: {"pass": true, "onehot_bitexact": true, "full_max_rel": 0.00019186492136213928, "full_max_ulp": 1, "repeat_bitexact": true, "ref_max_rel": 0.0, "p2b_ref_max_rel": 0.0, "ref_rms_rel": null, "p2b_ref_rms_rel": null}
[14:05:15Z] [check] v19 m=8 census_seq: {"pass": true, "onehot_bitexact": true, "full_max_rel": 0.00019186492136213928, "full_max_ulp": 1, "repeat_bitexact": true, "ref_max_rel": 0.0, "p2b_ref_max_rel": 0.0, "ref_rms_rel": null, "p2b_ref_rms_rel": null}
[14:05:15Z] [capture] v10 m=1: replay_equals_eager=True (16 replays)
[14:05:15Z] [capture] v10 m=3: replay_equals_eager=True (16 replays)
[14:05:15Z] [capture] v10 m=4: replay_equals_eager=True (16 replays)
[14:05:15Z] [capture] v10 m=6: replay_equals_eager=True (16 replays)
[14:05:15Z] [capture] v10 m=8: replay_equals_eager=True (16 replays)
[14:05:15Z] [capture] v17 m=1: replay_equals_eager=True (16 replays)
[14:05:15Z] [capture] v17 m=3: replay_equals_eager=True (16 replays)
[14:05:15Z] [capture] v17 m=4: replay_equals_eager=True (16 replays)
[14:05:15Z] [capture] v17 m=6: replay_equals_eager=True (16 replays)
[14:05:15Z] [capture] v17 m=8: replay_equals_eager=True (16 replays)
[14:05:15Z] [capture] v18 m=1: replay_equals_eager=True (16 replays)
[14:05:15Z] [capture] v18 m=3: replay_equals_eager=True (16 replays)
[14:05:15Z] [capture] v18 m=4: replay_equals_eager=True (16 replays)
[14:05:15Z] [capture] v18 m=6: replay_equals_eager=True (16 replays)
[14:05:15Z] [capture] v18 m=8: replay_equals_eager=True (16 replays)
[14:05:15Z] [capture] v19 m=1: replay_equals_eager=True (16 replays)
[14:05:15Z] [capture] v19 m=3: replay_equals_eager=True (16 replays)
[14:05:15Z] [capture] v19 m=4: replay_equals_eager=True (16 replays)
[14:05:15Z] [capture] v19 m=6: replay_equals_eager=True (16 replays)
[14:05:15Z] [capture] v19 m=8: replay_equals_eager=True (16 replays)
[14:05:16Z] [time] m=1 census cold: v0 182.4us [182.2,186.4] 147GB/s 59%floor  v10 159.7us [156.6,166.9] 168GB/s 67%floor  v17 157.7us [154.6,163.9] 170GB/s 68%floor  v18 150.5us [148.5,153.6] 178GB/s 71%floor  v19 152.6us [148.6,157.7] 175GB/s 70%floor
[14:05:16Z] [time] m=1 census warm: v0 178.1us [175.2,183.3] 150GB/s 60%floor  v10 147.5us [144.2,153.6] 182GB/s 73%floor  v17 151.0us [146.5,157.7] 177GB/s 71%floor  v18 142.1us [139.2,146.5] 188GB/s 75%floor  v19 143.4us [139.3,149.5] 187GB/s 75%floor
[14:05:17Z] [time] m=1 dup0 cold: v0 182.2us [180.2,188.1] 147GB/s 59%floor  v10 160.8us [156.7,174.2] 166GB/s 67%floor  v17 159.7us [155.6,174.1] 168GB/s 67%floor  v18 149.6us [147.5,158.7] 179GB/s 72%floor  v19 152.6us [148.5,164.9] 175GB/s 70%floor
[14:05:17Z] [time] m=1 dup0 warm: v0 176.1us [174.1,178.2] 152GB/s 61%floor  v10 148.5us [143.4,152.7] 180GB/s 72%floor  v17 151.6us [147.5,157.7] 177GB/s 71%floor  v18 140.3us [139.2,142.4] 191GB/s 76%floor  v19 143.3us [140.0,146.5] 187GB/s 75%floor
[14:05:18Z] [time] m=4 census cold: v0 520.6us [514.0,526.3] 136GB/s 54%floor  v10 329.8us [259.0,369.7] 215GB/s 86%floor  v17 329.7us [257.0,369.6] 216GB/s 86%floor  v18 343.0us [269.4,379.9] 207GB/s 83%floor  v19 327.6us [253.9,367.6] 217GB/s 87%floor
[14:05:19Z] [time] m=4 census warm: v0 503.9us [497.7,514.0] 140GB/s 56%floor  v10 320.5us [247.8,366.6] 221GB/s 88%floor  v17 322.6us [250.9,364.6] 219GB/s 88%floor  v18 335.3us [262.1,377.8] 212GB/s 85%floor  v19 320.5us [254.0,363.6] 221GB/s 88%floor
[14:05:20Z] [time] m=4 dup0 cold: v0 526.4us [524.3,532.5] 203GB/s 81%floor  v10 482.4us [480.3,488.5] 222GB/s 89%floor  v17 481.3us [479.3,485.4] 222GB/s 89%floor  v18 492.5us [490.5,497.7] 217GB/s 87%floor  v19 480.3us [478.2,486.4] 223GB/s 89%floor
[14:05:21Z] [time] m=4 dup0 warm: v0 520.5us [518.2,524.3] 206GB/s 82%floor  v10 472.1us [470.0,475.1] 227GB/s 91%floor  v17 474.1us [472.1,477.1] 226GB/s 90%floor  v18 485.4us [483.3,488.4] 221GB/s 88%floor  v19 472.1us [470.9,475.2] 227GB/s 91%floor
[14:05:23Z] [time] m=8 census cold: v0 1009.7us [1001.3,1017.0] 131GB/s 52%floor  v10 595.9us [482.4,691.2] 224GB/s 89%floor  v17 596.5us [481.3,691.2] 224GB/s 89%floor  v18 607.8us [494.6,703.5] 219GB/s 88%floor  v19 593.9us [481.3,690.2] 224GB/s 90%floor
[14:05:24Z] [time] m=8 census warm: v0 976.9us [963.6,993.3] 136GB/s 54%floor  v10 587.2us [473.0,680.9] 227GB/s 91%floor  v17 588.8us [474.1,682.0] 226GB/s 91%floor  v18 601.6us [487.3,698.4] 222GB/s 89%floor  v19 586.7us [472.9,682.0] 227GB/s 91%floor
[14:05:26Z] [time] m=8 dup0 cold: v0 1024.0us [1020.9,1029.1] 209GB/s 84%floor  v10 939.5us [937.0,945.3] 228GB/s 91%floor  v17 940.0us [937.0,946.2] 228GB/s 91%floor  v18 954.4us [952.3,958.6] 224GB/s 90%floor  v19 938.0us [935.8,941.2] 228GB/s 91%floor
[14:05:28Z] [time] m=8 dup0 warm: v0 1015.6us [1012.8,1018.9] 211GB/s 84%floor  v10 927.7us [924.8,933.9] 231GB/s 92%floor  v17 929.8us [927.7,933.9] 230GB/s 92%floor  v18 947.2us [944.1,950.1] 226GB/s 90%floor  v19 927.7us [925.7,931.8] 231GB/s 92%floor
unchanged /repo/kernel_study/p2b_coop/build_r3/chain_r3.cu
unchanged /repo/kernel_study/p2b_coop/build_r3/bench_r3.cu
unchanged /repo/kernel_study/p2b_coop/build_r3/bench_r3_ts.cu
[14:05:28Z] [phases] v0 m=1 grid 192: total 165.5 us, skew 0.1, s1 work 2.9 imb 2.7 bar 0.7 | s2 work 101.7 imb 28.6 bar 0.7 | s3 work 2.5 imb 2.2 bar 0.8 | s4 work 0.6 imb 0.3 bar 0.7 | s5 work 1.8 imb 1.5 bar 0.8 | s6 work 46.5 imb 2.9 bar 0.7 | s7 work 2.0 imb 1.8 bar 0.7 | s8 work 0.8 imb 0.1 bar 1.1 | tail 0.5 | uniq 6.0
[14:05:28Z] [phases] v0 m=4 grid 192: total 499.4 us, skew 0.1, s1 work 3.4 imb 0.7 bar 0.7 | s2 work 313.3 imb 9.8 bar 0.7 | s3 work 2.5 imb 2.2 bar 0.8 | s4 work 0.6 imb 0.3 bar 0.8 | s5 work 1.8 imb 1.5 bar 0.7 | s6 work 168.4 imb 25.8 bar 0.7 | s7 work 2.5 imb 0.6 bar 0.7 | s8 work 1.8 imb 0.4 bar 0.7 | tail 0.6 | uniq 15.3
[14:05:28Z] [phases] v0 m=8 grid 192: total 981.6 us, skew 0.1, s1 work 5.4 imb 1.6 bar 0.7 | s2 work 628.4 imb 45.3 bar 0.7 | s3 work 2.7 imb 2.3 bar 0.8 | s4 work 0.8 imb 0.3 bar 0.8 | s5 work 1.9 imb 1.6 bar 0.8 | s6 work 328.0 imb 52.2 bar 0.7 | s7 work 3.6 imb 1.1 bar 0.6 | s8 work 3.1 imb 0.8 bar 0.6 | tail 0.6 | uniq 28.9
dsv41: p2b coop dataflow kernel engaged (DSV41_P2B_COOP=2)
[14:05:28Z] [phases] v10 m=1 grid 144: total 157.7 us, skew 0.1, s1 work 8.1 imb 5.6 bar 0.7 | s2 work 142.1 imb 9.2 bar 0.7 | tail 6.3 | uniq 6.0 | df tiles_per_warp 4.8 fill_us 10.2 loop_us 82.5 reduce_us 10.9 span_us 128.6 between_tiles_us 24.9
[14:05:28Z] [phases] v10 m=4 grid 144: total 358.3 us, skew 0.1, s1 work 9.9 imb 0.9 bar 0.7 | s2 work 337.3 imb 8.3 bar 0.7 | tail 6.1 | uniq 16.6 | df tiles_per_warp 13.7 fill_us 29.2 loop_us 230.3 reduce_us 34.3 span_us 328.1 between_tiles_us 31.9
[14:05:28Z] [phases] v10 m=8 grid 144: total 630.5 us, skew 0.1, s1 work 13.3 imb 1.0 bar 0.7 | s2 work 610.0 imb 8.6 bar 0.7 | tail 6.0 | uniq 31.3 | df tiles_per_warp 25.4 fill_us 52.1 loop_us 422.3 reduce_us 65.0 span_us 601.1 between_tiles_us 59.2
[14:05:28Z] [phases] v17 m=1 grid 144: total 157.7 us, skew 0.1, s1 work 8.2 imb 5.7 bar 0.7 | s2 work 144.1 imb 12.4 bar 0.7 | tail 4.1 | uniq 6.0 | df tiles_per_warp 4.8 fill_us 10.2 loop_us 82.1 reduce_us 11.2 span_us 128.3 between_tiles_us 24.6
[14:05:28Z] [phases] v17 m=4 grid 144: total 329.9 us, skew 0.1, s1 work 9.7 imb 0.6 bar 0.7 | s2 work 315.0 imb 9.2 bar 0.7 | tail 3.8 | uniq 15.5 | df tiles_per_warp 12.1 fill_us 26.7 loop_us 220.1 reduce_us 30.9 span_us 305.0 between_tiles_us 26.8
[14:05:29Z] [phases] v17 m=8 grid 144: total 598.9 us, skew 0.1, s1 work 13.2 imb 1.1 bar 0.6 | s2 work 580.5 imb 8.9 bar 0.7 | tail 3.9 | uniq 29.2 | df tiles_per_warp 23.8 fill_us 53.6 loop_us 407.0 reduce_us 57.7 span_us 571.0 between_tiles_us 51.5
[14:05:29Z] [phases] v18 m=1 grid 144: total 147.4 us, skew 0.1, s1 work 8.0 imb 5.3 bar 0.7 | s2 work 134.5 imb 11.5 bar 0.7 | tail 3.7 | uniq 6.0 | df tiles_per_warp 4.8 fill_us 9.2 loop_us 85.4 reduce_us 11.3 span_us 121.7 between_tiles_us 16.5
[14:05:29Z] [phases] v18 m=4 grid 144: total 343.9 us, skew 0.1, s1 work 10.4 imb 0.7 bar 0.7 | s2 work 325.5 imb 9.0 bar 0.7 | tail 3.5 | uniq 15.3 | df tiles_per_warp 12.5 fill_us 16.8 loop_us 226.1 reduce_us 28.8 span_us 314.2 between_tiles_us 42.6
[14:05:29Z] [phases] v18 m=8 grid 144: total 593.3 us, skew 0.1, s1 work 13.8 imb 1.1 bar 0.6 | s2 work 574.9 imb 12.6 bar 0.7 | tail 3.5 | uniq 28.9 | df tiles_per_warp 23.4 fill_us 29.3 loop_us 410.6 reduce_us 56.6 span_us 561.4 between_tiles_us 70.5
[14:05:29Z] [phases] v19 m=1 grid 144: total 150.6 us, skew 0.1, s1 work 7.7 imb 5.3 bar 0.7 | s2 work 138.4 imb 7.9 bar 0.7 | tail 3.3 | uniq 6.0 | df tiles_per_warp 4.8 fill_us 9.4 loop_us 85.9 reduce_us 8.7 span_us 127.1 between_tiles_us 22.7
[14:05:29Z] [phases] v19 m=4 grid 144: total 326.7 us, skew 0.1, s1 work 9.5 imb 0.7 bar 0.7 | s2 work 312.5 imb 9.0 bar 0.7 | tail 3.3 | uniq 15.5 | df tiles_per_warp 12.5 fill_us 24.8 loop_us 222.1 reduce_us 26.0 span_us 302.6 between_tiles_us 25.1
[14:05:29Z] [phases] v19 m=8 grid 144: total 615.5 us, skew 0.1, s1 work 13.0 imb 1.1 bar 0.6 | s2 work 598.0 imb 8.9 bar 0.7 | tail 3.4 | uniq 30.9 | df tiles_per_warp 25.0 fill_us 50.6 loop_us 438.0 reduce_us 52.5 span_us 587.0 between_tiles_us 49.8
[14:05:29Z] pass=True
# 2026-09-25T14:05:30Z rc 0
# pmon after:
# gpu         pid   type     sm    mem    enc    dec    jpg    ofa    command 
# Idx           #    C/G      %      %      %      %      %      %    name 
    0      81524     G      -      -      -      -      -      -    Xorg           
    0      81681     G      -      -      -      -      -      -    gnome-shell    
