# 2026-09-25T17:56:57Z host spark2 tag x5-early
# pmon before:
# gpu         pid   type     sm    mem    enc    dec    jpg    ofa    command 
# Idx           #    C/G      %      %      %      %      %      %    name 
    0      81524     G      -      -      -      -      -      -    Xorg           
    0      81681     G      -      -      -      -      -      -    gnome-shell    
# free -h:
               total        used        free      shared  buff/cache   available
Mem:           121Gi       5.5Gi        85Gi       248Ki        32Gi       116Gi
Swap:           15Gi       1.1Gi        14Gi
# cmd: kernel_study/p2b_coop/bench_r3.py --mode check,capture,time,phases --variants 0,1,2,3,10,11 --ms 1,3,4,6,8 --sources census_all,dup0 --check-routings 4 --replays 16 --iters 800 --pair-base 2,3 --phase-calls 40 --seed 53 --out results/2026-09-25-kernels/coop-moe/x5-early.json
unchanged /repo/kernel_study/p2b_coop/build_r3/chain_r3.cu
unchanged /repo/kernel_study/p2b_coop/build_r3/bench_r3.cu
unchanged /repo/kernel_study/p2b_coop/build_r3/bench_r3_ts.cu
[17:57:10Z] loaded layer 20 rank 0 in 5.9 s
dsv41: p2b coop dataflow kernel engaged (DSV41_P2B_COOP=2)
[17:57:10Z] [setup] {"name": "NVIDIA GB10", "sms": 48, "l2_bytes": 25165824, "flush_bytes": 134217728} launch {"v0": {"grid": 192, "blocks_per_sm": 4.0}, "v1": {"grid": 192, "blocks_per_sm": 4.0}, "v2": {"grid": 144, "blocks_per_sm": 3.0}, "v3": {"grid": 144, "blocks_per_sm": 3.0}, "v10": {"grid": 144, "blocks_per_sm": 3.0}, "v11": {"grid": 144, "blocks_per_sm": 3.0}}
[17:57:10Z] [check] v1 m=1 census_all: {"pass": true, "onehot_bitexact": true, "v1_full_bitexact": true, "full_max_rel": 1.9678841454151552e-06, "full_max_ulp": 1, "repeat_bitexact": true, "ref_max_rel": 0.0, "p2b_ref_max_rel": 0.0, "ref_rms_rel": null, "p2b_ref_rms_rel": null}
[17:57:10Z] [check] v2 m=1 census_all: {"pass": true, "onehot_bitexact": true, "v1_full_bitexact": true, "full_max_rel": 1.9678841454151552e-06, "full_max_ulp": 1, "repeat_bitexact": true, "ref_max_rel": 0.0, "p2b_ref_max_rel": 0.0, "ref_rms_rel": null, "p2b_ref_rms_rel": null}
[17:57:10Z] [check] v3 m=1 census_all: {"pass": true, "onehot_bitexact": true, "v1_full_bitexact": true, "full_max_rel": 1.9678841454151552e-06, "full_max_ulp": 1, "repeat_bitexact": true, "ref_max_rel": 0.0, "p2b_ref_max_rel": 0.0, "ref_rms_rel": null, "p2b_ref_rms_rel": null}
[17:57:10Z] [check] v10 m=1 census_all: {"pass": true, "onehot_bitexact": true, "v1_full_bitexact": true, "full_max_rel": 1.9678841454151552e-06, "full_max_ulp": 1, "repeat_bitexact": true, "ref_max_rel": 0.0, "p2b_ref_max_rel": 0.0, "ref_rms_rel": null, "p2b_ref_rms_rel": null}
[17:57:10Z] [check] v11 m=1 census_all: {"pass": true, "onehot_bitexact": true, "v1_full_bitexact": true, "full_max_rel": 1.9678841454151552e-06, "full_max_ulp": 1, "repeat_bitexact": true, "ref_max_rel": 0.0, "p2b_ref_max_rel": 0.0, "ref_rms_rel": null, "p2b_ref_rms_rel": null}
[17:57:10Z] [check] v1 m=1 dup0: {"pass": true, "onehot_bitexact": true, "v1_full_bitexact": true, "full_max_rel": 1.851303386501968e-05, "full_max_ulp": 1, "repeat_bitexact": true, "ref_max_rel": 0.0, "p2b_ref_max_rel": 0.0, "ref_rms_rel": null, "p2b_ref_rms_rel": null}
[17:57:10Z] [check] v2 m=1 dup0: {"pass": true, "onehot_bitexact": true, "v1_full_bitexact": true, "full_max_rel": 1.851303386501968e-05, "full_max_ulp": 1, "repeat_bitexact": true, "ref_max_rel": 0.0, "p2b_ref_max_rel": 0.0, "ref_rms_rel": null, "p2b_ref_rms_rel": null}
[17:57:10Z] [check] v3 m=1 dup0: {"pass": true, "onehot_bitexact": true, "v1_full_bitexact": true, "full_max_rel": 1.851303386501968e-05, "full_max_ulp": 1, "repeat_bitexact": true, "ref_max_rel": 0.0, "p2b_ref_max_rel": 0.0, "ref_rms_rel": null, "p2b_ref_rms_rel": null}
[17:57:10Z] [check] v10 m=1 dup0: {"pass": true, "onehot_bitexact": true, "v1_full_bitexact": true, "full_max_rel": 1.851303386501968e-05, "full_max_ulp": 1, "repeat_bitexact": true, "ref_max_rel": 0.0, "p2b_ref_max_rel": 0.0, "ref_rms_rel": null, "p2b_ref_rms_rel": null}
[17:57:10Z] [check] v11 m=1 dup0: {"pass": true, "onehot_bitexact": true, "v1_full_bitexact": true, "full_max_rel": 1.851303386501968e-05, "full_max_ulp": 1, "repeat_bitexact": true, "ref_max_rel": 0.0, "p2b_ref_max_rel": 0.0, "ref_rms_rel": null, "p2b_ref_rms_rel": null}
[17:57:10Z] [check] v1 m=3 census_all: {"pass": true, "onehot_bitexact": true, "v1_full_bitexact": true, "full_max_rel": 1.0438936897116946e-06, "full_max_ulp": 1, "repeat_bitexact": true, "ref_max_rel": 0.0, "p2b_ref_max_rel": 0.0, "ref_rms_rel": null, "p2b_ref_rms_rel": null}
[17:57:10Z] [check] v2 m=3 census_all: {"pass": true, "onehot_bitexact": true, "v1_full_bitexact": true, "full_max_rel": 1.0438936897116946e-06, "full_max_ulp": 1, "repeat_bitexact": true, "ref_max_rel": 0.0, "p2b_ref_max_rel": 0.0, "ref_rms_rel": null, "p2b_ref_rms_rel": null}
[17:57:10Z] [check] v3 m=3 census_all: {"pass": true, "onehot_bitexact": true, "v1_full_bitexact": true, "full_max_rel": 1.0438936897116946e-06, "full_max_ulp": 1, "repeat_bitexact": true, "ref_max_rel": 0.0, "p2b_ref_max_rel": 0.0, "ref_rms_rel": null, "p2b_ref_rms_rel": null}
[17:57:10Z] [check] v10 m=3 census_all: {"pass": true, "onehot_bitexact": true, "v1_full_bitexact": true, "full_max_rel": 1.0438936897116946e-06, "full_max_ulp": 1, "repeat_bitexact": true, "ref_max_rel": 0.0, "p2b_ref_max_rel": 0.0, "ref_rms_rel": null, "p2b_ref_rms_rel": null}
[17:57:10Z] [check] v11 m=3 census_all: {"pass": true, "onehot_bitexact": true, "v1_full_bitexact": true, "full_max_rel": 1.0438936897116946e-06, "full_max_ulp": 1, "repeat_bitexact": true, "ref_max_rel": 0.0, "p2b_ref_max_rel": 0.0, "ref_rms_rel": null, "p2b_ref_rms_rel": null}
[17:57:10Z] [check] v1 m=3 dup0: {"pass": true, "onehot_bitexact": true, "v1_full_bitexact": true, "full_max_rel": 0.0, "full_max_ulp": 0, "repeat_bitexact": true, "ref_max_rel": 0.0, "p2b_ref_max_rel": 0.0, "ref_rms_rel": null, "p2b_ref_rms_rel": null}
[17:57:10Z] [check] v2 m=3 dup0: {"pass": true, "onehot_bitexact": true, "v1_full_bitexact": true, "full_max_rel": 0.0, "full_max_ulp": 0, "repeat_bitexact": true, "ref_max_rel": 0.0, "p2b_ref_max_rel": 0.0, "ref_rms_rel": null, "p2b_ref_rms_rel": null}
[17:57:10Z] [check] v3 m=3 dup0: {"pass": true, "onehot_bitexact": true, "v1_full_bitexact": true, "full_max_rel": 0.0, "full_max_ulp": 0, "repeat_bitexact": true, "ref_max_rel": 0.0, "p2b_ref_max_rel": 0.0, "ref_rms_rel": null, "p2b_ref_rms_rel": null}
[17:57:10Z] [check] v10 m=3 dup0: {"pass": true, "onehot_bitexact": true, "v1_full_bitexact": true, "full_max_rel": 0.0, "full_max_ulp": 0, "repeat_bitexact": true, "ref_max_rel": 0.0, "p2b_ref_max_rel": 0.0, "ref_rms_rel": null, "p2b_ref_rms_rel": null}
[17:57:10Z] [check] v11 m=3 dup0: {"pass": true, "onehot_bitexact": true, "v1_full_bitexact": true, "full_max_rel": 0.0, "full_max_ulp": 0, "repeat_bitexact": true, "ref_max_rel": 0.0, "p2b_ref_max_rel": 0.0, "ref_rms_rel": null, "p2b_ref_rms_rel": null}
[17:57:10Z] [check] v1 m=4 census_all: {"pass": true, "onehot_bitexact": true, "v1_full_bitexact": true, "full_max_rel": 6.169793050503358e-05, "full_max_ulp": 1, "repeat_bitexact": true, "ref_max_rel": 0.0, "p2b_ref_max_rel": 0.0, "ref_rms_rel": null, "p2b_ref_rms_rel": null}
[17:57:10Z] [check] v2 m=4 census_all: {"pass": true, "onehot_bitexact": true, "v1_full_bitexact": true, "full_max_rel": 6.169793050503358e-05, "full_max_ulp": 1, "repeat_bitexact": true, "ref_max_rel": 0.0, "p2b_ref_max_rel": 0.0, "ref_rms_rel": null, "p2b_ref_rms_rel": null}
[17:57:10Z] [check] v3 m=4 census_all: {"pass": true, "onehot_bitexact": true, "v1_full_bitexact": true, "full_max_rel": 6.169793050503358e-05, "full_max_ulp": 1, "repeat_bitexact": true, "ref_max_rel": 0.0, "p2b_ref_max_rel": 0.0, "ref_rms_rel": null, "p2b_ref_rms_rel": null}
[17:57:10Z] [check] v10 m=4 census_all: {"pass": true, "onehot_bitexact": true, "v1_full_bitexact": true, "full_max_rel": 6.169793050503358e-05, "full_max_ulp": 1, "repeat_bitexact": true, "ref_max_rel": 0.0, "p2b_ref_max_rel": 0.0, "ref_rms_rel": null, "p2b_ref_rms_rel": null}
[17:57:10Z] [check] v11 m=4 census_all: {"pass": true, "onehot_bitexact": true, "v1_full_bitexact": true, "full_max_rel": 6.169793050503358e-05, "full_max_ulp": 1, "repeat_bitexact": true, "ref_max_rel": 0.0, "p2b_ref_max_rel": 0.0, "ref_rms_rel": null, "p2b_ref_rms_rel": null}
[17:57:10Z] [check] v1 m=4 dup0: {"pass": true, "onehot_bitexact": true, "v1_full_bitexact": true, "full_max_rel": 0.00013007284724153578, "full_max_ulp": 1, "repeat_bitexact": true, "ref_max_rel": 0.0, "p2b_ref_max_rel": 0.0, "ref_rms_rel": null, "p2b_ref_rms_rel": null}
[17:57:10Z] [check] v2 m=4 dup0: {"pass": true, "onehot_bitexact": true, "v1_full_bitexact": true, "full_max_rel": 0.00013007284724153578, "full_max_ulp": 1, "repeat_bitexact": true, "ref_max_rel": 0.0, "p2b_ref_max_rel": 0.0, "ref_rms_rel": null, "p2b_ref_rms_rel": null}
[17:57:10Z] [check] v3 m=4 dup0: {"pass": true, "onehot_bitexact": true, "v1_full_bitexact": true, "full_max_rel": 0.00013007284724153578, "full_max_ulp": 1, "repeat_bitexact": true, "ref_max_rel": 0.0, "p2b_ref_max_rel": 0.0, "ref_rms_rel": null, "p2b_ref_rms_rel": null}
[17:57:10Z] [check] v10 m=4 dup0: {"pass": true, "onehot_bitexact": true, "v1_full_bitexact": true, "full_max_rel": 0.00013007284724153578, "full_max_ulp": 1, "repeat_bitexact": true, "ref_max_rel": 0.0, "p2b_ref_max_rel": 0.0, "ref_rms_rel": null, "p2b_ref_rms_rel": null}
[17:57:10Z] [check] v11 m=4 dup0: {"pass": true, "onehot_bitexact": true, "v1_full_bitexact": true, "full_max_rel": 0.00013007284724153578, "full_max_ulp": 1, "repeat_bitexact": true, "ref_max_rel": 0.0, "p2b_ref_max_rel": 0.0, "ref_rms_rel": null, "p2b_ref_rms_rel": null}
[17:57:11Z] [check] v1 m=6 census_all: {"pass": true, "onehot_bitexact": true, "v1_full_bitexact": true, "full_max_rel": 3.340459807077423e-05, "full_max_ulp": 1, "repeat_bitexact": true, "ref_max_rel": 0.0, "p2b_ref_max_rel": 0.0, "ref_rms_rel": null, "p2b_ref_rms_rel": null}
[17:57:11Z] [check] v2 m=6 census_all: {"pass": true, "onehot_bitexact": true, "v1_full_bitexact": true, "full_max_rel": 3.340459807077423e-05, "full_max_ulp": 1, "repeat_bitexact": true, "ref_max_rel": 0.0, "p2b_ref_max_rel": 0.0, "ref_rms_rel": null, "p2b_ref_rms_rel": null}
[17:57:11Z] [check] v3 m=6 census_all: {"pass": true, "onehot_bitexact": true, "v1_full_bitexact": true, "full_max_rel": 3.340459807077423e-05, "full_max_ulp": 1, "repeat_bitexact": true, "ref_max_rel": 0.0, "p2b_ref_max_rel": 0.0, "ref_rms_rel": null, "p2b_ref_rms_rel": null}
[17:57:11Z] [check] v10 m=6 census_all: {"pass": true, "onehot_bitexact": true, "v1_full_bitexact": true, "full_max_rel": 3.340459807077423e-05, "full_max_ulp": 1, "repeat_bitexact": true, "ref_max_rel": 0.0, "p2b_ref_max_rel": 0.0, "ref_rms_rel": null, "p2b_ref_rms_rel": null}
[17:57:11Z] [check] v11 m=6 census_all: {"pass": true, "onehot_bitexact": true, "v1_full_bitexact": true, "full_max_rel": 3.340459807077423e-05, "full_max_ulp": 1, "repeat_bitexact": true, "ref_max_rel": 0.0, "p2b_ref_max_rel": 0.0, "ref_rms_rel": null, "p2b_ref_rms_rel": null}
[17:57:11Z] [check] v1 m=6 dup0: {"pass": true, "onehot_bitexact": true, "v1_full_bitexact": true, "full_max_rel": 6.423432932933792e-05, "full_max_ulp": 1, "repeat_bitexact": true, "ref_max_rel": 0.0, "p2b_ref_max_rel": 0.0, "ref_rms_rel": null, "p2b_ref_rms_rel": null}
[17:57:11Z] [check] v2 m=6 dup0: {"pass": true, "onehot_bitexact": true, "v1_full_bitexact": true, "full_max_rel": 6.423432932933792e-05, "full_max_ulp": 1, "repeat_bitexact": true, "ref_max_rel": 0.0, "p2b_ref_max_rel": 0.0, "ref_rms_rel": null, "p2b_ref_rms_rel": null}
[17:57:11Z] [check] v3 m=6 dup0: {"pass": true, "onehot_bitexact": true, "v1_full_bitexact": true, "full_max_rel": 6.423432932933792e-05, "full_max_ulp": 1, "repeat_bitexact": true, "ref_max_rel": 0.0, "p2b_ref_max_rel": 0.0, "ref_rms_rel": null, "p2b_ref_rms_rel": null}
[17:57:11Z] [check] v10 m=6 dup0: {"pass": true, "onehot_bitexact": true, "v1_full_bitexact": true, "full_max_rel": 6.423432932933792e-05, "full_max_ulp": 1, "repeat_bitexact": true, "ref_max_rel": 0.0, "p2b_ref_max_rel": 0.0, "ref_rms_rel": null, "p2b_ref_rms_rel": null}
[17:57:11Z] [check] v11 m=6 dup0: {"pass": true, "onehot_bitexact": true, "v1_full_bitexact": true, "full_max_rel": 6.423432932933792e-05, "full_max_ulp": 1, "repeat_bitexact": true, "ref_max_rel": 0.0, "p2b_ref_max_rel": 0.0, "ref_rms_rel": null, "p2b_ref_rms_rel": null}
[17:57:11Z] [check] v1 m=6 census_seq: {"pass": true, "onehot_bitexact": true, "v1_full_bitexact": true, "full_max_rel": 0.00023105360742192715, "full_max_ulp": 1, "repeat_bitexact": true, "ref_max_rel": 0.0, "p2b_ref_max_rel": 0.0, "ref_rms_rel": null, "p2b_ref_rms_rel": null}
[17:57:11Z] [check] v2 m=6 census_seq: {"pass": true, "onehot_bitexact": true, "v1_full_bitexact": true, "full_max_rel": 0.00023105360742192715, "full_max_ulp": 1, "repeat_bitexact": true, "ref_max_rel": 0.0, "p2b_ref_max_rel": 0.0, "ref_rms_rel": null, "p2b_ref_rms_rel": null}
[17:57:11Z] [check] v3 m=6 census_seq: {"pass": true, "onehot_bitexact": true, "v1_full_bitexact": true, "full_max_rel": 0.00023105360742192715, "full_max_ulp": 1, "repeat_bitexact": true, "ref_max_rel": 0.0, "p2b_ref_max_rel": 0.0, "ref_rms_rel": null, "p2b_ref_rms_rel": null}
[17:57:11Z] [check] v10 m=6 census_seq: {"pass": true, "onehot_bitexact": true, "v1_full_bitexact": true, "full_max_rel": 0.00023105360742192715, "full_max_ulp": 1, "repeat_bitexact": true, "ref_max_rel": 0.0, "p2b_ref_max_rel": 0.0, "ref_rms_rel": null, "p2b_ref_rms_rel": null}
[17:57:11Z] [check] v11 m=6 census_seq: {"pass": true, "onehot_bitexact": true, "v1_full_bitexact": true, "full_max_rel": 0.00023105360742192715, "full_max_ulp": 1, "repeat_bitexact": true, "ref_max_rel": 0.0, "p2b_ref_max_rel": 0.0, "ref_rms_rel": null, "p2b_ref_rms_rel": null}
[17:57:11Z] [check] v1 m=8 census_all: {"pass": true, "onehot_bitexact": true, "v1_full_bitexact": true, "full_max_rel": 0.00026028111460618675, "full_max_ulp": 1, "repeat_bitexact": true, "ref_max_rel": 0.0, "p2b_ref_max_rel": 0.0, "ref_rms_rel": null, "p2b_ref_rms_rel": null}
[17:57:11Z] [check] v2 m=8 census_all: {"pass": true, "onehot_bitexact": true, "v1_full_bitexact": true, "full_max_rel": 0.00026028111460618675, "full_max_ulp": 1, "repeat_bitexact": true, "ref_max_rel": 0.0, "p2b_ref_max_rel": 0.0, "ref_rms_rel": null, "p2b_ref_rms_rel": null}
[17:57:11Z] [check] v3 m=8 census_all: {"pass": true, "onehot_bitexact": true, "v1_full_bitexact": true, "full_max_rel": 0.00026028111460618675, "full_max_ulp": 1, "repeat_bitexact": true, "ref_max_rel": 0.0, "p2b_ref_max_rel": 0.0, "ref_rms_rel": null, "p2b_ref_rms_rel": null}
[17:57:11Z] [check] v10 m=8 census_all: {"pass": true, "onehot_bitexact": true, "v1_full_bitexact": true, "full_max_rel": 0.00026028111460618675, "full_max_ulp": 1, "repeat_bitexact": true, "ref_max_rel": 0.0, "p2b_ref_max_rel": 0.0, "ref_rms_rel": null, "p2b_ref_rms_rel": null}
[17:57:11Z] [check] v11 m=8 census_all: {"pass": true, "onehot_bitexact": true, "v1_full_bitexact": true, "full_max_rel": 0.00026028111460618675, "full_max_ulp": 1, "repeat_bitexact": true, "ref_max_rel": 0.0, "p2b_ref_max_rel": 0.0, "ref_rms_rel": null, "p2b_ref_rms_rel": null}
[17:57:11Z] [check] v1 m=8 dup0: {"pass": true, "onehot_bitexact": true, "v1_full_bitexact": true, "full_max_rel": 0.00010794473200803623, "full_max_ulp": 1, "repeat_bitexact": true, "ref_max_rel": 0.0, "p2b_ref_max_rel": 0.0, "ref_rms_rel": null, "p2b_ref_rms_rel": null}
[17:57:11Z] [check] v2 m=8 dup0: {"pass": true, "onehot_bitexact": true, "v1_full_bitexact": true, "full_max_rel": 0.00010794473200803623, "full_max_ulp": 1, "repeat_bitexact": true, "ref_max_rel": 0.0, "p2b_ref_max_rel": 0.0, "ref_rms_rel": null, "p2b_ref_rms_rel": null}
[17:57:11Z] [check] v3 m=8 dup0: {"pass": true, "onehot_bitexact": true, "v1_full_bitexact": true, "full_max_rel": 0.00010794473200803623, "full_max_ulp": 1, "repeat_bitexact": true, "ref_max_rel": 0.0, "p2b_ref_max_rel": 0.0, "ref_rms_rel": null, "p2b_ref_rms_rel": null}
[17:57:11Z] [check] v10 m=8 dup0: {"pass": true, "onehot_bitexact": true, "v1_full_bitexact": true, "full_max_rel": 0.00010794473200803623, "full_max_ulp": 1, "repeat_bitexact": true, "ref_max_rel": 0.0, "p2b_ref_max_rel": 0.0, "ref_rms_rel": null, "p2b_ref_rms_rel": null}
[17:57:11Z] [check] v11 m=8 dup0: {"pass": true, "onehot_bitexact": true, "v1_full_bitexact": true, "full_max_rel": 0.00010794473200803623, "full_max_ulp": 1, "repeat_bitexact": true, "ref_max_rel": 0.0, "p2b_ref_max_rel": 0.0, "ref_rms_rel": null, "p2b_ref_rms_rel": null}
[17:57:11Z] [check] v1 m=8 census_seq: {"pass": true, "onehot_bitexact": true, "v1_full_bitexact": true, "full_max_rel": 0.00025746654137037694, "full_max_ulp": 1, "repeat_bitexact": true, "ref_max_rel": 0.0, "p2b_ref_max_rel": 0.0, "ref_rms_rel": null, "p2b_ref_rms_rel": null}
[17:57:11Z] [check] v2 m=8 census_seq: {"pass": true, "onehot_bitexact": true, "v1_full_bitexact": true, "full_max_rel": 0.00025746654137037694, "full_max_ulp": 1, "repeat_bitexact": true, "ref_max_rel": 0.0, "p2b_ref_max_rel": 0.0, "ref_rms_rel": null, "p2b_ref_rms_rel": null}
[17:57:11Z] [check] v3 m=8 census_seq: {"pass": true, "onehot_bitexact": true, "v1_full_bitexact": true, "full_max_rel": 0.00025746654137037694, "full_max_ulp": 1, "repeat_bitexact": true, "ref_max_rel": 0.0, "p2b_ref_max_rel": 0.0, "ref_rms_rel": null, "p2b_ref_rms_rel": null}
[17:57:11Z] [check] v10 m=8 census_seq: {"pass": true, "onehot_bitexact": true, "v1_full_bitexact": true, "full_max_rel": 0.00025746654137037694, "full_max_ulp": 1, "repeat_bitexact": true, "ref_max_rel": 0.0, "p2b_ref_max_rel": 0.0, "ref_rms_rel": null, "p2b_ref_rms_rel": null}
[17:57:11Z] [check] v11 m=8 census_seq: {"pass": true, "onehot_bitexact": true, "v1_full_bitexact": true, "full_max_rel": 0.00025746654137037694, "full_max_ulp": 1, "repeat_bitexact": true, "ref_max_rel": 0.0, "p2b_ref_max_rel": 0.0, "ref_rms_rel": null, "p2b_ref_rms_rel": null}
[17:57:11Z] [capture] v1 m=1: replay_equals_eager=True (16 replays)
[17:57:11Z] [capture] v1 m=3: replay_equals_eager=True (16 replays)
[17:57:11Z] [capture] v1 m=4: replay_equals_eager=True (16 replays)
[17:57:11Z] [capture] v1 m=6: replay_equals_eager=True (16 replays)
[17:57:12Z] [capture] v1 m=8: replay_equals_eager=True (16 replays)
[17:57:12Z] [capture] v2 m=1: replay_equals_eager=True (16 replays)
[17:57:12Z] [capture] v2 m=3: replay_equals_eager=True (16 replays)
[17:57:12Z] [capture] v2 m=4: replay_equals_eager=True (16 replays)
[17:57:12Z] [capture] v2 m=6: replay_equals_eager=True (16 replays)
[17:57:12Z] [capture] v2 m=8: replay_equals_eager=True (16 replays)
[17:57:12Z] [capture] v3 m=1: replay_equals_eager=True (16 replays)
[17:57:12Z] [capture] v3 m=3: replay_equals_eager=True (16 replays)
[17:57:12Z] [capture] v3 m=4: replay_equals_eager=True (16 replays)
[17:57:12Z] [capture] v3 m=6: replay_equals_eager=True (16 replays)
[17:57:12Z] [capture] v3 m=8: replay_equals_eager=True (16 replays)
[17:57:12Z] [capture] v10 m=1: replay_equals_eager=True (16 replays)
[17:57:12Z] [capture] v10 m=3: replay_equals_eager=True (16 replays)
[17:57:12Z] [capture] v10 m=4: replay_equals_eager=True (16 replays)
[17:57:12Z] [capture] v10 m=6: replay_equals_eager=True (16 replays)
[17:57:12Z] [capture] v10 m=8: replay_equals_eager=True (16 replays)
[17:57:12Z] [capture] v11 m=1: replay_equals_eager=True (16 replays)
[17:57:12Z] [capture] v11 m=3: replay_equals_eager=True (16 replays)
[17:57:12Z] [capture] v11 m=4: replay_equals_eager=True (16 replays)
[17:57:12Z] [capture] v11 m=6: replay_equals_eager=True (16 replays)
[17:57:12Z] [capture] v11 m=8: replay_equals_eager=True (16 replays)
[17:57:16Z] [time] m=1 census_all cold: v0 181.2us [180.1,186.1] mean 183.4 148GB/s 59%floor  v1 185.3us [184.3,190.5] mean 187.7 144GB/s 58%floor  v2 156.8us [153.8,163.8] mean 158.9 171GB/s 68%floor  v3 164.8us [160.8,171.0] mean 166.3 162GB/s 65%floor  v10 167.9us [163.6,172.0] mean 168.8 159GB/s 64%floor  v11 169.0us [165.8,173.2] mean 170.8 158GB/s 63%floor | paired mean saving v2-v0 -24.5+-1.2us = -0.98 ms/step  v2-v1 -28.8+-1.1us = -1.15 ms/step  v2-v3 -7.4+-0.7us = -0.30 ms/step  v2-v10 -9.9+-0.8us = -0.40 ms/step  v2-v11 -11.9+-0.9us = -0.47 ms/step  v3-v0 -17.1+-1.4us = -0.68 ms/step  v3-v1 -21.4+-1.1us = -0.86 ms/step  v3-v10 -2.5+-1.0us = -0.10 ms/step  v3-v11 -4.5+-0.9us = -0.18 ms/step
[17:57:17Z] [time] m=1 census_all warm: v0 176.1us [174.1,176.3] mean 176.7 152GB/s 61%floor  v1 180.2us [178.3,182.3] mean 180.8 149GB/s 59%floor  v2 149.5us [147.3,153.6] mean 150.6 179GB/s 72%floor  v3 152.5us [149.5,156.7] mean 153.5 175GB/s 70%floor  v10 153.6us [149.5,157.7] mean 154.0 174GB/s 70%floor  v11 158.7us [154.7,163.8] mean 159.4 169GB/s 67%floor | paired mean saving v2-v0 -26.1+-0.5us = -1.04 ms/step  v2-v1 -30.2+-0.7us = -1.21 ms/step  v2-v3 -2.9+-0.7us = -0.11 ms/step  v2-v10 -3.4+-0.5us = -0.14 ms/step  v2-v11 -8.8+-0.6us = -0.35 ms/step  v3-v0 -23.2+-0.8us = -0.93 ms/step  v3-v1 -27.4+-0.7us = -1.09 ms/step  v3-v10 -0.5+-0.7us = -0.02 ms/step  v3-v11 -6.0+-0.7us = -0.24 ms/step
[17:57:21Z] [time] m=1 dup0 cold: v0 180.2us [180.0,182.3] mean 181.9 149GB/s 59%floor  v1 184.3us [184.1,186.4] mean 186.5 145GB/s 58%floor  v2 155.7us [153.6,159.8] mean 157.4 172GB/s 69%floor  v3 163.8us [160.8,169.0] mean 164.9 163GB/s 65%floor  v10 166.9us [162.8,171.0] mean 167.6 160GB/s 64%floor  v11 168.8us [164.8,172.0] mean 169.5 159GB/s 63%floor | paired mean saving v2-v0 -24.4+-0.8us = -0.98 ms/step  v2-v1 -29.1+-1.2us = -1.16 ms/step  v2-v3 -7.5+-0.6us = -0.30 ms/step  v2-v10 -10.2+-0.7us = -0.41 ms/step  v2-v11 -12.1+-1.0us = -0.48 ms/step  v3-v0 -16.9+-0.9us = -0.68 ms/step  v3-v1 -21.6+-1.2us = -0.86 ms/step  v3-v10 -2.7+-0.6us = -0.11 ms/step  v3-v11 -4.6+-1.0us = -0.18 ms/step
[17:57:23Z] [time] m=1 dup0 warm: v0 176.1us [174.1,178.2] mean 177.0 152GB/s 61%floor  v1 180.2us [178.2,182.3] mean 181.0 149GB/s 59%floor  v2 149.5us [147.3,153.6] mean 150.7 179GB/s 72%floor  v3 153.6us [149.6,157.7] mean 154.0 174GB/s 70%floor  v10 153.6us [150.5,157.7] mean 154.5 174GB/s 70%floor  v11 159.7us [155.6,163.9] mean 160.5 168GB/s 67%floor | paired mean saving v2-v0 -26.3+-0.8us = -1.05 ms/step  v2-v1 -30.4+-0.8us = -1.21 ms/step  v2-v3 -3.3+-0.6us = -0.13 ms/step  v2-v10 -3.8+-0.9us = -0.15 ms/step  v2-v11 -9.8+-0.7us = -0.39 ms/step  v3-v0 -23.0+-0.7us = -0.92 ms/step  v3-v1 -27.0+-0.6us = -1.08 ms/step  v3-v10 -0.5+-0.8us = -0.02 ms/step  v3-v11 -6.5+-0.5us = -0.26 ms/step
[17:57:27Z] [time] m=3 census_all cold: v0 407.0us [399.4,409.6] mean 407.2 153GB/s 61%floor  v1 342.0us [284.7,397.2] mean 336.4 182GB/s 73%floor  v2 298.0us [240.6,354.3] mean 293.6 208GB/s 83%floor  v3 299.0us [241.7,355.3] mean 294.9 207GB/s 83%floor  v10 296.8us [239.6,352.3] mean 292.5 209GB/s 84%floor  v11 297.0us [241.7,353.3] mean 294.1 209GB/s 84%floor | paired mean saving v2-v0 -113.7+-3.2us = -4.55 ms/step  v2-v1 -42.8+-1.3us = -1.71 ms/step  v2-v3 -1.3+-1.0us = -0.05 ms/step  v2-v10 1.1+-1.3us = 0.04 ms/step  v2-v11 -0.5+-1.5us = -0.02 ms/step  v3-v0 -112.3+-3.0us = -4.49 ms/step  v3-v1 -41.5+-1.1us = -1.66 ms/step  v3-v10 2.4+-0.9us = 0.10 ms/step  v3-v11 0.8+-1.2us = 0.03 ms/step
[17:57:30Z] [time] m=3 census_all warm: v0 397.3us [389.1,403.5] mean 397.9 156GB/s 62%floor  v1 337.9us [280.5,391.2] mean 331.2 184GB/s 73%floor  v2 292.9us [236.3,349.1] mean 288.7 212GB/s 85%floor  v3 293.9us [237.4,349.2] mean 288.9 212GB/s 85%floor  v10 293.9us [236.5,349.2] mean 289.1 211GB/s 85%floor  v11 292.9us [237.4,348.4] mean 288.9 212GB/s 85%floor | paired mean saving v2-v0 -109.2+-2.8us = -4.37 ms/step  v2-v1 -42.5+-0.9us = -1.70 ms/step  v2-v3 -0.2+-0.8us = -0.01 ms/step  v2-v10 -0.5+-1.2us = -0.02 ms/step  v2-v11 -0.3+-0.9us = -0.01 ms/step  v3-v0 -109.0+-2.8us = -4.36 ms/step  v3-v1 -42.3+-0.8us = -1.69 ms/step  v3-v10 -0.2+-0.8us = -0.01 ms/step  v3-v11 -0.1+-0.9us = -0.00 ms/step
[17:57:35Z] [time] m=3 dup0 cold: v0 409.6us [407.6,413.7] mean 411.8 196GB/s 78%floor  v1 417.8us [415.7,419.9] mean 419.9 192GB/s 77%floor  v2 374.8us [372.7,377.6] mean 375.3 214GB/s 86%floor  v3 375.8us [373.8,379.9] mean 377.0 214GB/s 85%floor  v10 373.6us [371.6,376.9] mean 375.2 215GB/s 86%floor  v11 373.8us [371.7,377.9] mean 376.3 215GB/s 86%floor | paired mean saving v2-v0 -36.5+-1.2us = -1.46 ms/step  v2-v1 -44.6+-1.4us = -1.78 ms/step  v2-v3 -1.7+-0.4us = -0.07 ms/step  v2-v10 0.1+-1.0us = 0.01 ms/step  v2-v11 -1.0+-1.2us = -0.04 ms/step  v3-v0 -34.8+-1.2us = -1.39 ms/step  v3-v1 -42.9+-1.4us = -1.72 ms/step  v3-v10 1.8+-1.0us = 0.07 ms/step  v3-v11 0.7+-1.2us = 0.03 ms/step
[17:57:39Z] [time] m=3 dup0 warm: v0 403.6us [402.4,407.4] mean 406.1 199GB/s 80%floor  v1 411.6us [409.6,413.7] mean 413.9 195GB/s 78%floor  v2 369.4us [367.6,371.7] mean 369.9 217GB/s 87%floor  v3 369.7us [367.7,371.7] mean 370.4 217GB/s 87%floor  v10 369.7us [367.6,371.7] mean 370.7 217GB/s 87%floor  v11 368.7us [367.6,370.7] mean 370.8 218GB/s 87%floor | paired mean saving v2-v0 -36.2+-1.1us = -1.45 ms/step  v2-v1 -43.9+-1.4us = -1.76 ms/step  v2-v3 -0.5+-0.6us = -0.02 ms/step  v2-v10 -0.7+-0.9us = -0.03 ms/step  v2-v11 -0.9+-1.3us = -0.04 ms/step  v3-v0 -35.7+-1.2us = -1.43 ms/step  v3-v1 -43.4+-1.5us = -1.74 ms/step  v3-v10 -0.2+-0.8us = -0.01 ms/step  v3-v11 -0.4+-1.2us = -0.02 ms/step
[17:57:44Z] [time] m=4 census_all cold: v0 522.3us [516.1,534.5] mean 526.6 145GB/s 58%floor  v1 399.4us [317.5,487.4] mean 404.7 188GB/s 75%floor  v2 356.4us [281.6,432.0] mean 357.9 211GB/s 85%floor  v3 357.4us [284.5,433.2] mean 359.3 211GB/s 84%floor  v10 354.3us [280.6,431.1] mean 356.0 213GB/s 85%floor  v11 355.2us [280.5,431.1] mean 357.4 212GB/s 85%floor | paired mean saving v2-v0 -168.7+-4.1us = -6.75 ms/step  v2-v1 -46.8+-1.8us = -1.87 ms/step  v2-v3 -1.4+-1.1us = -0.06 ms/step  v2-v10 1.9+-1.0us = 0.08 ms/step  v2-v11 0.5+-1.4us = 0.02 ms/step  v3-v0 -167.3+-4.1us = -6.69 ms/step  v3-v1 -45.3+-1.6us = -1.81 ms/step  v3-v10 3.3+-1.0us = 0.13 ms/step  v3-v11 1.9+-1.2us = 0.08 ms/step
[17:57:48Z] [time] m=4 census_all warm: v0 510.0us [503.8,519.2] mean 512.4 148GB/s 59%floor  v1 393.4us [313.3,481.2] mean 396.9 191GB/s 77%floor  v2 350.4us [276.5,426.0] mean 350.4 216GB/s 86%floor  v3 351.2us [277.5,426.9] mean 351.0 215GB/s 86%floor  v10 350.2us [276.5,426.0] mean 350.6 216GB/s 86%floor  v11 351.2us [276.4,426.0] mean 350.3 216GB/s 86%floor | paired mean saving v2-v0 -162.0+-3.8us = -6.48 ms/step  v2-v1 -46.5+-0.8us = -1.86 ms/step  v2-v3 -0.5+-1.1us = -0.02 ms/step  v2-v10 -0.2+-1.3us = -0.01 ms/step  v2-v11 0.1+-1.0us = 0.01 ms/step  v3-v0 -161.4+-3.7us = -6.46 ms/step  v3-v1 -46.0+-1.0us = -1.84 ms/step  v3-v10 0.3+-0.8us = 0.01 ms/step  v3-v11 0.7+-0.7us = 0.03 ms/step
[17:57:53Z] [time] m=4 dup0 cold: v0 526.3us [524.3,528.5] mean 528.2 203GB/s 81%floor  v1 536.7us [535.6,539.6] mean 539.4 199GB/s 80%floor  v2 488.4us [486.4,490.5] mean 490.0 219GB/s 88%floor  v3 490.5us [488.4,492.4] mean 491.7 218GB/s 87%floor  v10 486.6us [485.3,489.5] mean 487.7 220GB/s 88%floor  v11 487.4us [485.4,489.5] mean 488.9 220GB/s 88%floor | paired mean saving v2-v0 -38.2+-1.8us = -1.53 ms/step  v2-v1 -49.4+-1.6us = -1.98 ms/step  v2-v3 -1.7+-1.1us = -0.07 ms/step  v2-v10 2.3+-1.2us = 0.09 ms/step  v2-v11 1.1+-1.6us = 0.04 ms/step  v3-v0 -36.5+-1.9us = -1.46 ms/step  v3-v1 -47.7+-1.7us = -1.91 ms/step  v3-v10 4.0+-1.2us = 0.16 ms/step  v3-v11 2.8+-1.5us = 0.11 ms/step
[17:57:58Z] [time] m=4 dup0 warm: v0 522.2us [519.2,527.3] mean 524.2 205GB/s 82%floor  v1 532.5us [530.4,536.6] mean 534.8 201GB/s 80%floor  v2 483.3us [481.3,488.4] mean 484.7 222GB/s 89%floor  v3 484.4us [482.3,489.5] mean 486.2 221GB/s 88%floor  v10 483.3us [481.6,489.4] mean 486.0 222GB/s 89%floor  v11 483.3us [481.3,488.7] mean 485.7 222GB/s 89%floor | paired mean saving v2-v0 -39.5+-1.4us = -1.58 ms/step  v2-v1 -50.1+-0.9us = -2.01 ms/step  v2-v3 -1.5+-0.8us = -0.06 ms/step  v2-v10 -1.3+-1.2us = -0.05 ms/step  v2-v11 -1.0+-1.0us = -0.04 ms/step  v3-v0 -38.0+-1.2us = -1.52 ms/step  v3-v1 -48.6+-1.1us = -1.95 ms/step  v3-v10 0.2+-1.3us = 0.01 ms/step  v3-v11 0.5+-1.1us = 0.02 ms/step
[17:58:04Z] [time] m=6 census_all cold: v0 759.8us [750.6,766.0] mean 762.5 148GB/s 59%floor  v1 596.0us [487.4,704.5] mean 582.1 196GB/s 78%floor  v2 521.1us [434.2,622.4] mean 522.4 219GB/s 88%floor  v3 522.8us [435.0,623.6] mean 523.9 218GB/s 87%floor  v10 516.8us [435.2,622.6] mean 524.2 219GB/s 87%floor  v11 519.2us [435.2,623.6] mean 524.3 219GB/s 87%floor | paired mean saving v2-v0 -240.1+-5.3us = -9.60 ms/step  v2-v1 -59.7+-1.4us = -2.39 ms/step  v2-v3 -1.5+-1.1us = -0.06 ms/step  v2-v10 -1.8+-1.6us = -0.07 ms/step  v2-v11 -1.9+-1.8us = -0.07 ms/step  v3-v0 -238.6+-5.3us = -9.54 ms/step  v3-v1 -58.2+-1.5us = -2.33 ms/step  v3-v10 -0.3+-1.0us = -0.01 ms/step  v3-v11 -0.4+-1.4us = -0.01 ms/step
[17:58:10Z] [time] m=6 census_all warm: v0 745.5us [733.2,759.8] mean 750.4 151GB/s 61%floor  v1 587.8us [484.4,700.5] mean 578.3 197GB/s 79%floor  v2 519.7us [428.0,615.5] mean 517.0 221GB/s 88%floor  v3 520.2us [429.0,617.5] mean 518.2 221GB/s 88%floor  v10 518.7us [428.0,616.4] mean 517.6 221GB/s 88%floor  v11 519.2us [429.1,616.5] mean 518.1 221GB/s 88%floor | paired mean saving v2-v0 -233.3+-5.0us = -9.33 ms/step  v2-v1 -61.2+-1.4us = -2.45 ms/step  v2-v3 -1.1+-0.9us = -0.05 ms/step  v2-v10 -0.6+-1.2us = -0.02 ms/step  v2-v11 -1.1+-0.9us = -0.04 ms/step  v3-v0 -232.2+-5.0us = -9.29 ms/step  v3-v1 -60.1+-1.6us = -2.40 ms/step  v3-v10 0.6+-1.0us = 0.02 ms/step  v3-v11 0.1+-1.0us = 0.00 ms/step
[17:58:16Z] [time] m=6 dup0 cold: v0 768.0us [764.9,772.1] mean 771.3 209GB/s 84%floor  v1 781.3us [778.3,784.4] mean 784.6 206GB/s 82%floor  v2 718.8us [716.7,721.9] mean 720.3 223GB/s 89%floor  v3 720.7us [718.1,723.7] mean 721.1 223GB/s 89%floor  v10 719.9us [717.6,722.9] mean 720.4 223GB/s 89%floor  v11 719.9us [717.8,722.9] mean 721.8 223GB/s 89%floor | paired mean saving v2-v0 -50.9+-2.4us = -2.04 ms/step  v2-v1 -64.3+-2.0us = -2.57 ms/step  v2-v3 -0.8+-1.3us = -0.03 ms/step  v2-v10 -0.1+-1.5us = -0.00 ms/step  v2-v11 -1.5+-1.8us = -0.06 ms/step  v3-v0 -50.1+-2.0us = -2.01 ms/step  v3-v1 -63.5+-1.9us = -2.54 ms/step  v3-v10 0.7+-0.5us = 0.03 ms/step  v3-v11 -0.6+-1.1us = -0.03 ms/step
[17:58:23Z] [time] m=6 dup0 warm: v0 761.9us [759.8,766.1] mean 765.0 211GB/s 84%floor  v1 776.2us [773.1,781.1] mean 779.4 207GB/s 83%floor  v2 711.7us [709.6,716.8] mean 713.6 226GB/s 90%floor  v3 712.7us [710.5,717.9] mean 715.0 225GB/s 90%floor  v10 711.7us [709.6,716.8] mean 714.8 226GB/s 90%floor  v11 711.8us [709.6,716.9] mean 714.8 226GB/s 90%floor | paired mean saving v2-v0 -51.4+-1.5us = -2.06 ms/step  v2-v1 -65.8+-1.7us = -2.63 ms/step  v2-v3 -1.4+-1.0us = -0.05 ms/step  v2-v10 -1.2+-1.4us = -0.05 ms/step  v2-v11 -1.2+-1.2us = -0.05 ms/step  v3-v0 -50.0+-1.7us = -2.00 ms/step  v3-v1 -64.4+-2.0us = -2.58 ms/step  v3-v10 0.2+-1.5us = 0.01 ms/step  v3-v11 0.2+-1.4us = 0.01 ms/step
[17:58:30Z] [time] m=8 census_all cold: v0 1015.8us [1005.6,1027.1] mean 1023.5 136GB/s 55%floor  v1 716.8us [567.2,854.0] mean 711.6 198GB/s 79%floor  v2 630.8us [512.0,776.2] mean 639.4 220GB/s 88%floor  v3 639.6us [513.0,763.9] mean 640.0 220GB/s 88%floor  v10 642.0us [512.1,764.8] mean 640.1 220GB/s 88%floor  v11 643.1us [513.0,761.9] mean 639.9 220GB/s 88%floor | paired mean saving v2-v0 -384.2+-7.3us = -15.37 ms/step  v2-v1 -72.2+-2.9us = -2.89 ms/step  v2-v3 -0.6+-2.2us = -0.02 ms/step  v2-v10 -0.7+-2.3us = -0.03 ms/step  v2-v11 -0.5+-2.5us = -0.02 ms/step  v3-v0 -383.6+-7.3us = -15.34 ms/step  v3-v1 -71.6+-2.8us = -2.86 ms/step  v3-v10 -0.1+-2.0us = -0.00 ms/step  v3-v11 0.1+-2.3us = 0.00 ms/step
[17:58:37Z] [time] m=8 census_all warm: v0 995.5us [983.0,1009.6] mean 998.0 140GB/s 56%floor  v1 709.6us [563.1,843.8] mean 702.7 200GB/s 80%floor  v2 621.6us [506.5,753.7] mean 628.8 223GB/s 89%floor  v3 622.0us [506.8,752.6] mean 628.4 223GB/s 89%floor  v10 621.2us [505.8,752.6] mean 627.6 223GB/s 89%floor  v11 621.1us [505.9,751.6] mean 628.0 223GB/s 89%floor | paired mean saving v2-v0 -369.2+-6.6us = -14.77 ms/step  v2-v1 -74.0+-1.8us = -2.96 ms/step  v2-v3 0.3+-1.4us = 0.01 ms/step  v2-v10 1.1+-1.4us = 0.04 ms/step  v2-v11 0.8+-1.4us = 0.03 ms/step  v3-v0 -369.6+-6.5us = -14.78 ms/step  v3-v1 -74.3+-1.6us = -2.97 ms/step  v3-v10 0.8+-0.6us = 0.03 ms/step  v3-v11 0.5+-0.7us = 0.02 ms/step
[17:58:45Z] [time] m=8 dup0 cold: v0 1026.0us [1024.0,1032.2] mean 1030.8 209GB/s 83%floor  v1 1052.7us [1049.6,1058.7] mean 1056.2 203GB/s 81%floor  v2 949.2us [946.3,956.3] mean 952.2 226GB/s 90%floor  v3 951.3us [948.4,957.4] mean 954.9 225GB/s 90%floor  v10 950.3us [948.2,957.4] mean 953.3 225GB/s 90%floor  v11 950.4us [948.2,956.4] mean 954.4 225GB/s 90%floor | paired mean saving v2-v0 -78.6+-2.5us = -3.14 ms/step  v2-v1 -103.9+-1.9us = -4.16 ms/step  v2-v3 -2.7+-1.5us = -0.11 ms/step  v2-v10 -1.1+-1.6us = -0.04 ms/step  v2-v11 -2.2+-2.0us = -0.09 ms/step  v3-v0 -75.9+-2.8us = -3.04 ms/step  v3-v1 -101.3+-2.3us = -4.05 ms/step  v3-v10 1.6+-1.7us = 0.06 ms/step  v3-v11 0.5+-2.3us = 0.02 ms/step
[17:58:54Z] [time] m=8 dup0 warm: v0 1018.9us [1015.8,1025.0] mean 1021.9 210GB/s 84%floor  v1 1045.5us [1042.4,1052.7] mean 1049.9 205GB/s 82%floor  v2 942.1us [939.2,949.2] mean 946.4 227GB/s 91%floor  v3 943.1us [940.0,951.3] mean 946.3 227GB/s 91%floor  v10 942.1us [939.2,949.3] mean 945.8 227GB/s 91%floor  v11 942.1us [939.9,951.3] mean 946.8 227GB/s 91%floor | paired mean saving v2-v0 -75.5+-2.0us = -3.02 ms/step  v2-v1 -103.5+-2.4us = -4.14 ms/step  v2-v3 0.1+-2.0us = 0.00 ms/step  v2-v10 0.6+-2.1us = 0.02 ms/step  v2-v11 -0.4+-2.2us = -0.01 ms/step  v3-v0 -75.6+-1.4us = -3.02 ms/step  v3-v1 -103.6+-2.4us = -4.14 ms/step  v3-v10 0.5+-1.9us = 0.02 ms/step  v3-v11 -0.4+-1.9us = -0.02 ms/step
unchanged /repo/kernel_study/p2b_coop/build_r3/chain_r3.cu
unchanged /repo/kernel_study/p2b_coop/build_r3/bench_r3.cu
unchanged /repo/kernel_study/p2b_coop/build_r3/bench_r3_ts.cu
[17:58:54Z] [phases] v0 m=1 grid 192: total 165.6 us, skew 0.1, s1 work 2.9 imb 2.7 bar 0.7 | s2 work 101.7 imb 29.1 bar 0.7 | s3 work 2.5 imb 2.2 bar 0.8 | s4 work 0.6 imb 0.3 bar 0.7 | s5 work 1.8 imb 1.6 bar 0.8 | s6 work 46.7 imb 2.9 bar 0.7 | s7 work 2.0 imb 1.8 bar 0.7 | s8 work 0.9 imb 0.1 bar 0.9 | tail 0.5 | uniq 6.0
[17:58:54Z] [phases] v0 m=3 grid 192: total 389.4 us, skew 0.1, s1 work 3.2 imb 2.8 bar 0.7 | s2 work 242.6 imb 18.9 bar 0.7 | s3 work 2.5 imb 2.3 bar 0.8 | s4 work 0.6 imb 0.3 bar 0.8 | s5 work 1.8 imb 1.5 bar 0.8 | s6 work 127.5 imb 15.0 bar 0.7 | s7 work 2.4 imb 2.0 bar 0.7 | s8 work 1.7 imb 0.5 bar 0.8 | tail 0.6 | uniq 13.2
[17:58:55Z] [phases] v0 m=4 grid 192: total 498.8 us, skew 0.1, s1 work 3.5 imb 0.7 bar 0.7 | s2 work 313.1 imb 9.1 bar 0.7 | s3 work 2.6 imb 2.3 bar 0.8 | s4 work 0.6 imb 0.2 bar 0.8 | s5 work 1.8 imb 1.5 bar 0.8 | s6 work 167.1 imb 25.4 bar 0.7 | s7 work 2.5 imb 0.6 bar 0.7 | s8 work 1.7 imb 0.3 bar 0.7 | tail 0.6 | uniq 15.7
[17:58:55Z] [phases] v0 m=6 grid 192: total 737.2 us, skew 0.1, s1 work 4.3 imb 0.9 bar 0.7 | s2 work 468.3 imb 15.5 bar 0.7 | s3 work 2.7 imb 2.3 bar 0.8 | s4 work 0.7 imb 0.2 bar 0.8 | s5 work 1.9 imb 1.6 bar 0.7 | s6 work 247.5 imb 37.3 bar 0.7 | s7 work 2.9 imb 0.6 bar 0.7 | s8 work 2.2 imb 0.4 bar 0.7 | tail 0.6 | uniq 24.7
[17:58:55Z] [phases] v0 m=8 grid 192: total 983.6 us, skew 0.1, s1 work 5.5 imb 1.6 bar 0.7 | s2 work 631.2 imb 44.4 bar 0.7 | s3 work 2.7 imb 2.4 bar 0.8 | s4 work 0.8 imb 0.3 bar 0.8 | s5 work 2.0 imb 1.7 bar 0.8 | s6 work 328.9 imb 50.1 bar 0.7 | s7 work 3.6 imb 1.2 bar 0.7 | s8 work 2.9 imb 0.6 bar 0.7 | tail 0.6 | uniq 30.5
[17:58:55Z] [phases] v1 m=1 grid 192: total 160.3 us, skew 0.1, s1 work 4.0 imb 2.3 bar 0.7 | s2 work 97.9 imb 27.1 bar 0.7 | s3 work 2.5 imb 2.2 bar 0.7 | s4 work 0.5 imb 0.3 bar 0.7 | s5 work 1.8 imb 1.6 bar 0.7 | s6 work 45.3 imb 2.6 bar 0.7 | s7 work 2.0 imb 1.8 bar 0.7 | tail 1.5 | uniq 6.0
[17:58:55Z] [phases] v1 m=3 grid 192: total 290.7 us, skew 0.1, s1 work 5.4 imb 2.7 bar 0.7 | s2 work 175.7 imb 20.1 bar 0.7 | s3 work 2.5 imb 2.2 bar 0.7 | s4 work 0.6 imb 0.3 bar 0.8 | s5 work 1.9 imb 1.6 bar 0.7 | s6 work 94.8 imb 10.3 bar 0.7 | s7 work 2.4 imb 1.9 bar 0.7 | tail 1.7 | uniq 12.8
[17:58:55Z] [phases] v1 m=4 grid 192: total 348.6 us, skew 0.1, s1 work 6.0 imb 0.9 bar 0.7 | s2 work 214.7 imb 16.9 bar 0.7 | s3 work 2.6 imb 2.3 bar 0.7 | s4 work 0.6 imb 0.2 bar 0.8 | s5 work 1.9 imb 1.6 bar 0.7 | s6 work 113.8 imb 12.4 bar 0.7 | s7 work 2.6 imb 0.6 bar 0.7 | tail 1.6 | uniq 15.6
[17:58:55Z] [phases] v1 m=6 grid 192: total 529.8 us, skew 0.1, s1 work 7.8 imb 0.9 bar 0.7 | s2 work 329.8 imb 23.3 bar 0.7 | s3 work 2.7 imb 2.3 bar 0.7 | s4 work 0.6 imb 0.2 bar 0.8 | s5 work 2.0 imb 1.7 bar 0.7 | s6 work 177.1 imb 19.9 bar 0.7 | s7 work 2.9 imb 0.6 bar 0.7 | tail 1.9 | uniq 24.1
[17:58:55Z] [phases] v1 m=8 grid 192: total 632.6 us, skew 0.1, s1 work 9.5 imb 1.6 bar 0.7 | s2 work 394.6 imb 25.0 bar 0.7 | s3 work 2.7 imb 2.4 bar 0.7 | s4 work 0.8 imb 0.3 bar 0.7 | s5 work 2.0 imb 1.8 bar 0.7 | s6 work 212.6 imb 25.5 bar 0.7 | s7 work 3.7 imb 1.1 bar 0.7 | tail 1.8 | uniq 29.5
dsv41: p2b coop dataflow kernel engaged (DSV41_P2B_COOP=2)
[17:58:55Z] [phases] v2 m=1 grid 144: total 162.7 us, skew 0.1, s1 work 11.1 imb 5.3 bar 0.7 | s2 work 146.6 imb 11.7 bar 0.7 | tail 3.4 | uniq 6.0 | df tiles_per_warp 4.8 fill_us 11.3 loop_us 83.6 reduce_us 7.5 span_us 131.6 between_tiles_us 28.8 | pro build_us 1.57 prefetch_issue_us 3.64 hadamard_us 0.13 first_release_us 11.79
[17:58:55Z] [phases] v2 m=3 grid 144: total 269.0 us, skew 0.1, s1 work 9.4 imb 0.9 bar 0.7 | s2 work 255.0 imb 8.4 bar 0.7 | tail 3.2 | uniq 13.1 | df tiles_per_warp 10.5 fill_us 20.1 loop_us 184.1 reduce_us 21.0 span_us 246.2 between_tiles_us 21.5 | pro build_us 2.53 prefetch_issue_us 0.83 hadamard_us 5.12 first_release_us 10.13
[17:58:55Z] [phases] v2 m=4 grid 144: total 326.6 us, skew 0.1, s1 work 9.7 imb 0.7 bar 0.7 | s2 work 311.1 imb 8.7 bar 0.7 | tail 3.3 | uniq 15.8 | df tiles_per_warp 12.9 fill_us 24.6 loop_us 224.6 reduce_us 25.0 span_us 301.6 between_tiles_us 26.3 | pro build_us 2.69 prefetch_issue_us 0.83 hadamard_us 5.49 first_release_us 10.43
[17:58:55Z] [phases] v2 m=6 grid 144: total 504.6 us, skew 0.1, s1 work 12.3 imb 1.8 bar 0.7 | s2 work 485.7 imb 8.5 bar 0.7 | tail 3.2 | uniq 24.2 | df tiles_per_warp 19.3 fill_us 38.0 loop_us 348.7 reduce_us 43.7 span_us 476.0 between_tiles_us 41.8 | pro build_us 3.63 prefetch_issue_us 0.83 hadamard_us 6.10 first_release_us 12.94
[17:58:55Z] [phases] v2 m=8 grid 144: total 599.2 us, skew 0.1, s1 work 13.2 imb 1.1 bar 0.7 | s2 work 581.5 imb 8.3 bar 0.7 | tail 3.3 | uniq 30.0 | df tiles_per_warp 24.2 fill_us 46.4 loop_us 419.0 reduce_us 54.2 span_us 570.7 between_tiles_us 50.5 | pro build_us 4.24 prefetch_issue_us 0.83 hadamard_us 7.13 first_release_us 13.89
[17:58:55Z] [phases] v3 m=1 grid 144: total 157.1 us, skew 0.1, s1 work 8.0 imb 5.4 bar 0.7 | s2 work 144.6 imb 11.7 bar 0.7 | tail 3.2 | uniq 6.0 | df tiles_per_warp 4.8 fill_us 8.5 loop_us 84.7 reduce_us 7.9 span_us 129.3 between_tiles_us 28.1 | pro build_us 1.66 prefetch_issue_us 0.70 hadamard_us 0.16 first_release_us 8.67
[17:58:55Z] [phases] v3 m=3 grid 144: total 281.6 us, skew 0.1, s1 work 9.4 imb 0.7 bar 0.7 | s2 work 266.9 imb 8.3 bar 0.7 | tail 3.1 | uniq 13.2 | df tiles_per_warp 10.5 fill_us 20.0 loop_us 190.6 reduce_us 21.0 span_us 256.1 between_tiles_us 23.5 | pro build_us 2.66 prefetch_issue_us 0.70 hadamard_us 5.31 first_release_us 10.14
[17:58:55Z] [phases] v3 m=4 grid 144: total 308.7 us, skew 0.1, s1 work 9.6 imb 0.6 bar 0.7 | s2 work 294.7 imb 8.2 bar 0.7 | tail 2.9 | uniq 15.5 | df tiles_per_warp 12.1 fill_us 22.5 loop_us 213.1 reduce_us 23.1 span_us 284.3 between_tiles_us 25.7 | pro build_us 2.75 prefetch_issue_us 0.70 hadamard_us 5.57 first_release_us 10.30
[17:58:55Z] [phases] v3 m=6 grid 144: total 512.2 us, skew 0.1, s1 work 12.5 imb 1.8 bar 0.7 | s2 work 494.9 imb 8.0 bar 0.7 | tail 3.0 | uniq 24.6 | df tiles_per_warp 20.1 fill_us 38.5 loop_us 353.9 reduce_us 41.8 span_us 485.7 between_tiles_us 43.9 | pro build_us 3.71 prefetch_issue_us 0.70 hadamard_us 6.22 first_release_us 13.20
[17:58:55Z] [phases] v3 m=8 grid 144: total 597.6 us, skew 0.1, s1 work 13.1 imb 1.1 bar 0.7 | s2 work 579.5 imb 8.3 bar 0.7 | tail 3.0 | uniq 29.8 | df tiles_per_warp 24.2 fill_us 46.9 loop_us 422.1 reduce_us 50.0 span_us 569.5 between_tiles_us 51.4 | pro build_us 4.30 prefetch_issue_us 0.70 hadamard_us 7.01 first_release_us 13.82
[17:58:55Z] [phases] v10 m=1 grid 144: total 157.7 us, skew 0.1, s1 work 8.3 imb 5.7 bar 0.7 | s2 work 144.7 imb 12.3 bar 0.7 | tail 3.4 | uniq 6.0 | df tiles_per_warp 4.8 fill_us 8.9 loop_us 83.3 reduce_us 7.6 span_us 129.2 between_tiles_us 29.2 | pro build_us 1.70 prefetch_issue_us 0.70 hadamard_us 0.16 first_release_us 8.94
[17:58:55Z] [phases] v10 m=3 grid 144: total 249.2 us, skew 0.1, s1 work 8.2 imb 3.1 bar 0.7 | s2 work 236.5 imb 8.1 bar 0.7 | tail 3.4 | uniq 12.4 | df tiles_per_warp 9.7 fill_us 18.5 loop_us 169.0 reduce_us 20.5 span_us 227.3 between_tiles_us 21.7 | pro build_us 3.14 prefetch_issue_us 1.31 hadamard_us 0.54 first_release_us 8.93
[17:58:55Z] [phases] v10 m=4 grid 144: total 306.3 us, skew 0.1, s1 work 7.9 imb 0.8 bar 0.7 | s2 work 293.6 imb 8.6 bar 0.7 | tail 3.3 | uniq 15.3 | df tiles_per_warp 12.1 fill_us 22.7 loop_us 210.7 reduce_us 24.5 span_us 283.1 between_tiles_us 26.1 | pro build_us 3.54 prefetch_issue_us 2.45 hadamard_us 0.79 first_release_us 8.61
[17:58:56Z] [phases] v10 m=6 grid 144: total 517.9 us, skew 0.1, s1 work 12.7 imb 4.3 bar 0.7 | s2 work 500.9 imb 8.3 bar 0.7 | tail 3.3 | uniq 24.9 | df tiles_per_warp 20.9 fill_us 39.7 loop_us 364.0 reduce_us 41.8 span_us 491.5 between_tiles_us 44.9 | pro build_us 4.61 prefetch_issue_us 2.26 hadamard_us 1.25 first_release_us 13.34
[17:58:56Z] [phases] v10 m=8 grid 144: total 595.5 us, skew 0.1, s1 work 13.5 imb 1.1 bar 0.7 | s2 work 577.0 imb 8.2 bar 0.7 | tail 3.3 | uniq 29.7 | df tiles_per_warp 24.2 fill_us 46.8 loop_us 420.6 reduce_us 49.7 span_us 568.5 between_tiles_us 51.2 | pro build_us 5.15 prefetch_issue_us 2.15 hadamard_us 5.07 first_release_us 14.19
[17:58:56Z] [phases] v11 m=1 grid 144: total 161.8 us, skew 0.1, s1 work 9.8 imb 7.1 bar 0.7 | s2 work 147.4 imb 14.2 bar 0.7 | tail 3.4 | uniq 6.0 | df tiles_per_warp 4.8 fill_us 9.3 loop_us 80.9 reduce_us 6.5 span_us 129.5 between_tiles_us 32.7 | pro build_us 1.73 prefetch_issue_us 0.86 hadamard_us 0.16 first_release_us 10.50
[17:58:56Z] [phases] v11 m=3 grid 144: total 276.9 us, skew 0.1, s1 work 9.8 imb 4.4 bar 0.7 | s2 work 262.6 imb 8.0 bar 0.7 | tail 3.2 | uniq 12.6 | df tiles_per_warp 10.5 fill_us 19.9 loop_us 182.2 reduce_us 21.3 span_us 247.9 between_tiles_us 23.7 | pro build_us 3.14 prefetch_issue_us 1.41 hadamard_us 0.54 first_release_us 10.70
[17:58:56Z] [phases] v11 m=4 grid 144: total 315.5 us, skew 0.1, s1 work 9.8 imb 2.1 bar 1.0 | s2 work 301.1 imb 8.4 bar 0.7 | tail 3.3 | uniq 15.2 | df tiles_per_warp 12.5 fill_us 23.3 loop_us 216.4 reduce_us 23.8 span_us 292.0 between_tiles_us 27.1 | pro build_us 3.52 prefetch_issue_us 3.18 hadamard_us 0.70 first_release_us 10.85
[17:58:56Z] [phases] v11 m=6 grid 144: total 519.4 us, skew 0.1, s1 work 13.1 imb 4.7 bar 0.7 | s2 work 501.1 imb 8.4 bar 0.7 | tail 3.3 | uniq 24.2 | df tiles_per_warp 20.1 fill_us 40.2 loop_us 353.5 reduce_us 42.7 span_us 491.3 between_tiles_us 44.9 | pro build_us 4.61 prefetch_issue_us 2.43 hadamard_us 1.31 first_release_us 13.79
[17:58:56Z] [phases] v11 m=8 grid 144: total 590.9 us, skew 0.1, s1 work 14.8 imb 1.2 bar 0.7 | s2 work 567.8 imb 8.4 bar 0.7 | tail 3.2 | uniq 29.4 | df tiles_per_warp 23.4 fill_us 45.7 loop_us 407.7 reduce_us 52.0 span_us 557.9 between_tiles_us 50.9 | pro build_us 5.22 prefetch_issue_us 2.21 hadamard_us 5.96 first_release_us 15.41
[17:58:56Z] pass=True
# 2026-09-25T17:58:57Z rc 0
# pmon after:
# gpu         pid   type     sm    mem    enc    dec    jpg    ofa    command 
# Idx           #    C/G      %      %      %      %      %      %    name 
    0      81524     G      -      -      -      -      -      -    Xorg           
    0      81681     G      -      -      -      -      -      -    gnome-shell    
