# 2026-09-25T18:09:08Z host spark2 tag x6-early2
# pmon before:
# gpu         pid   type     sm    mem    enc    dec    jpg    ofa    command 
# Idx           #    C/G      %      %      %      %      %      %    name 
    0      81524     G      -      -      -      -      -      -    Xorg           
    0      81681     G      -      -      -      -      -      -    gnome-shell    
# free -h:
               total        used        free      shared  buff/cache   available
Mem:           121Gi       5.5Gi        85Gi       260Ki        32Gi       116Gi
Swap:           15Gi       1.1Gi        14Gi
# cmd: kernel_study/p2b_coop/bench_r3.py --mode check,capture,time,phases --variants 0,1,2,3,10,12 --ms 1,3,4,6,8 --sources census_all,dup0 --check-routings 4 --replays 16 --iters 800 --pair-base 2,3 --phase-calls 40 --seed 59 --out results/2026-09-25-kernels/coop-moe/x6-early2.json
unchanged /repo/kernel_study/p2b_coop/build_r3/chain_r3.cu
unchanged /repo/kernel_study/p2b_coop/build_r3/bench_r3.cu
unchanged /repo/kernel_study/p2b_coop/build_r3/bench_r3_ts.cu
[18:09:21Z] loaded layer 20 rank 0 in 5.8 s
dsv41: p2b coop dataflow kernel engaged (DSV41_P2B_COOP=2)
[18:09:21Z] [setup] {"name": "NVIDIA GB10", "sms": 48, "l2_bytes": 25165824, "flush_bytes": 134217728} launch {"v0": {"grid": 192, "blocks_per_sm": 4.0}, "v1": {"grid": 192, "blocks_per_sm": 4.0}, "v2": {"grid": 144, "blocks_per_sm": 3.0}, "v3": {"grid": 144, "blocks_per_sm": 3.0}, "v10": {"grid": 144, "blocks_per_sm": 3.0}, "v12": {"grid": 144, "blocks_per_sm": 3.0}}
[18:09:21Z] [check] v1 m=1 census_all: {"pass": true, "onehot_bitexact": true, "v1_full_bitexact": true, "full_max_rel": 0.0001435131998732686, "full_max_ulp": 1, "repeat_bitexact": true, "ref_max_rel": 0.0, "p2b_ref_max_rel": 0.0, "ref_rms_rel": null, "p2b_ref_rms_rel": null}
[18:09:21Z] [check] v2 m=1 census_all: {"pass": true, "onehot_bitexact": true, "v1_full_bitexact": true, "full_max_rel": 0.0001435131998732686, "full_max_ulp": 1, "repeat_bitexact": true, "ref_max_rel": 0.0, "p2b_ref_max_rel": 0.0, "ref_rms_rel": null, "p2b_ref_rms_rel": null}
[18:09:21Z] [check] v3 m=1 census_all: {"pass": true, "onehot_bitexact": true, "v1_full_bitexact": true, "full_max_rel": 0.0001435131998732686, "full_max_ulp": 1, "repeat_bitexact": true, "ref_max_rel": 0.0, "p2b_ref_max_rel": 0.0, "ref_rms_rel": null, "p2b_ref_rms_rel": null}
[18:09:21Z] [check] v10 m=1 census_all: {"pass": true, "onehot_bitexact": true, "v1_full_bitexact": true, "full_max_rel": 0.0001435131998732686, "full_max_ulp": 1, "repeat_bitexact": true, "ref_max_rel": 0.0, "p2b_ref_max_rel": 0.0, "ref_rms_rel": null, "p2b_ref_rms_rel": null}
[18:09:21Z] [check] v12 m=1 census_all: {"pass": true, "onehot_bitexact": true, "v1_full_bitexact": true, "full_max_rel": 0.0001435131998732686, "full_max_ulp": 1, "repeat_bitexact": true, "ref_max_rel": 0.0, "p2b_ref_max_rel": 0.0, "ref_rms_rel": null, "p2b_ref_rms_rel": null}
[18:09:21Z] [check] v1 m=1 dup0: {"pass": true, "onehot_bitexact": true, "v1_full_bitexact": true, "full_max_rel": 6.458746497628454e-07, "full_max_ulp": 1, "repeat_bitexact": true, "ref_max_rel": 0.0, "p2b_ref_max_rel": 0.0, "ref_rms_rel": null, "p2b_ref_rms_rel": null}
[18:09:21Z] [check] v2 m=1 dup0: {"pass": true, "onehot_bitexact": true, "v1_full_bitexact": true, "full_max_rel": 6.458746497628454e-07, "full_max_ulp": 1, "repeat_bitexact": true, "ref_max_rel": 0.0, "p2b_ref_max_rel": 0.0, "ref_rms_rel": null, "p2b_ref_rms_rel": null}
[18:09:21Z] [check] v3 m=1 dup0: {"pass": true, "onehot_bitexact": true, "v1_full_bitexact": true, "full_max_rel": 6.458746497628454e-07, "full_max_ulp": 1, "repeat_bitexact": true, "ref_max_rel": 0.0, "p2b_ref_max_rel": 0.0, "ref_rms_rel": null, "p2b_ref_rms_rel": null}
[18:09:21Z] [check] v10 m=1 dup0: {"pass": true, "onehot_bitexact": true, "v1_full_bitexact": true, "full_max_rel": 6.458746497628454e-07, "full_max_ulp": 1, "repeat_bitexact": true, "ref_max_rel": 0.0, "p2b_ref_max_rel": 0.0, "ref_rms_rel": null, "p2b_ref_rms_rel": null}
[18:09:21Z] [check] v12 m=1 dup0: {"pass": true, "onehot_bitexact": true, "v1_full_bitexact": true, "full_max_rel": 6.458746497628454e-07, "full_max_ulp": 1, "repeat_bitexact": true, "ref_max_rel": 0.0, "p2b_ref_max_rel": 0.0, "ref_rms_rel": null, "p2b_ref_rms_rel": null}
[18:09:21Z] [check] v1 m=3 census_all: {"pass": true, "onehot_bitexact": true, "v1_full_bitexact": true, "full_max_rel": 2.3982380525922053e-07, "full_max_ulp": 1, "repeat_bitexact": true, "ref_max_rel": 0.0, "p2b_ref_max_rel": 0.0, "ref_rms_rel": null, "p2b_ref_rms_rel": null}
[18:09:21Z] [check] v2 m=3 census_all: {"pass": true, "onehot_bitexact": true, "v1_full_bitexact": true, "full_max_rel": 2.3982380525922053e-07, "full_max_ulp": 1, "repeat_bitexact": true, "ref_max_rel": 0.0, "p2b_ref_max_rel": 0.0, "ref_rms_rel": null, "p2b_ref_rms_rel": null}
[18:09:21Z] [check] v3 m=3 census_all: {"pass": true, "onehot_bitexact": true, "v1_full_bitexact": true, "full_max_rel": 2.3982380525922053e-07, "full_max_ulp": 1, "repeat_bitexact": true, "ref_max_rel": 0.0, "p2b_ref_max_rel": 0.0, "ref_rms_rel": null, "p2b_ref_rms_rel": null}
[18:09:21Z] [check] v10 m=3 census_all: {"pass": true, "onehot_bitexact": true, "v1_full_bitexact": true, "full_max_rel": 2.3982380525922053e-07, "full_max_ulp": 1, "repeat_bitexact": true, "ref_max_rel": 0.0, "p2b_ref_max_rel": 0.0, "ref_rms_rel": null, "p2b_ref_rms_rel": null}
[18:09:21Z] [check] v12 m=3 census_all: {"pass": true, "onehot_bitexact": true, "v1_full_bitexact": true, "full_max_rel": 2.3982380525922053e-07, "full_max_ulp": 1, "repeat_bitexact": true, "ref_max_rel": 0.0, "p2b_ref_max_rel": 0.0, "ref_rms_rel": null, "p2b_ref_rms_rel": null}
[18:09:21Z] [check] v1 m=3 dup0: {"pass": true, "onehot_bitexact": true, "v1_full_bitexact": true, "full_max_rel": 0.00024570024106651545, "full_max_ulp": 1, "repeat_bitexact": true, "ref_max_rel": 0.0, "p2b_ref_max_rel": 0.0, "ref_rms_rel": null, "p2b_ref_rms_rel": null}
[18:09:21Z] [check] v2 m=3 dup0: {"pass": true, "onehot_bitexact": true, "v1_full_bitexact": true, "full_max_rel": 0.00024570024106651545, "full_max_ulp": 1, "repeat_bitexact": true, "ref_max_rel": 0.0, "p2b_ref_max_rel": 0.0, "ref_rms_rel": null, "p2b_ref_rms_rel": null}
[18:09:21Z] [check] v3 m=3 dup0: {"pass": true, "onehot_bitexact": true, "v1_full_bitexact": true, "full_max_rel": 0.00024570024106651545, "full_max_ulp": 1, "repeat_bitexact": true, "ref_max_rel": 0.0, "p2b_ref_max_rel": 0.0, "ref_rms_rel": null, "p2b_ref_rms_rel": null}
[18:09:21Z] [check] v10 m=3 dup0: {"pass": true, "onehot_bitexact": true, "v1_full_bitexact": true, "full_max_rel": 0.00024570024106651545, "full_max_ulp": 1, "repeat_bitexact": true, "ref_max_rel": 0.0, "p2b_ref_max_rel": 0.0, "ref_rms_rel": null, "p2b_ref_rms_rel": null}
[18:09:21Z] [check] v12 m=3 dup0: {"pass": true, "onehot_bitexact": true, "v1_full_bitexact": true, "full_max_rel": 0.00024570024106651545, "full_max_ulp": 1, "repeat_bitexact": true, "ref_max_rel": 0.0, "p2b_ref_max_rel": 0.0, "ref_rms_rel": null, "p2b_ref_rms_rel": null}
[18:09:21Z] [check] v1 m=4 census_all: {"pass": true, "onehot_bitexact": true, "v1_full_bitexact": true, "full_max_rel": 0.00026028111460618675, "full_max_ulp": 1, "repeat_bitexact": true, "ref_max_rel": 0.0, "p2b_ref_max_rel": 0.0, "ref_rms_rel": null, "p2b_ref_rms_rel": null}
[18:09:21Z] [check] v2 m=4 census_all: {"pass": true, "onehot_bitexact": true, "v1_full_bitexact": true, "full_max_rel": 0.00026028111460618675, "full_max_ulp": 1, "repeat_bitexact": true, "ref_max_rel": 0.0, "p2b_ref_max_rel": 0.0, "ref_rms_rel": null, "p2b_ref_rms_rel": null}
[18:09:21Z] [check] v3 m=4 census_all: {"pass": true, "onehot_bitexact": true, "v1_full_bitexact": true, "full_max_rel": 0.00026028111460618675, "full_max_ulp": 1, "repeat_bitexact": true, "ref_max_rel": 0.0, "p2b_ref_max_rel": 0.0, "ref_rms_rel": null, "p2b_ref_rms_rel": null}
[18:09:21Z] [check] v10 m=4 census_all: {"pass": true, "onehot_bitexact": true, "v1_full_bitexact": true, "full_max_rel": 0.00026028111460618675, "full_max_ulp": 1, "repeat_bitexact": true, "ref_max_rel": 0.0, "p2b_ref_max_rel": 0.0, "ref_rms_rel": null, "p2b_ref_rms_rel": null}
[18:09:21Z] [check] v12 m=4 census_all: {"pass": true, "onehot_bitexact": true, "v1_full_bitexact": true, "full_max_rel": 0.00026028111460618675, "full_max_ulp": 1, "repeat_bitexact": true, "ref_max_rel": 0.0, "p2b_ref_max_rel": 0.0, "ref_rms_rel": null, "p2b_ref_rms_rel": null}
[18:09:22Z] [check] v1 m=4 dup0: {"pass": true, "onehot_bitexact": true, "v1_full_bitexact": true, "full_max_rel": 0.0002380952355451882, "full_max_ulp": 1, "repeat_bitexact": true, "ref_max_rel": 0.0, "p2b_ref_max_rel": 0.0, "ref_rms_rel": null, "p2b_ref_rms_rel": null}
[18:09:22Z] [check] v2 m=4 dup0: {"pass": true, "onehot_bitexact": true, "v1_full_bitexact": true, "full_max_rel": 0.0002380952355451882, "full_max_ulp": 1, "repeat_bitexact": true, "ref_max_rel": 0.0, "p2b_ref_max_rel": 0.0, "ref_rms_rel": null, "p2b_ref_rms_rel": null}
[18:09:22Z] [check] v3 m=4 dup0: {"pass": true, "onehot_bitexact": true, "v1_full_bitexact": true, "full_max_rel": 0.0002380952355451882, "full_max_ulp": 1, "repeat_bitexact": true, "ref_max_rel": 0.0, "p2b_ref_max_rel": 0.0, "ref_rms_rel": null, "p2b_ref_rms_rel": null}
[18:09:22Z] [check] v10 m=4 dup0: {"pass": true, "onehot_bitexact": true, "v1_full_bitexact": true, "full_max_rel": 0.0002380952355451882, "full_max_ulp": 1, "repeat_bitexact": true, "ref_max_rel": 0.0, "p2b_ref_max_rel": 0.0, "ref_rms_rel": null, "p2b_ref_rms_rel": null}
[18:09:22Z] [check] v12 m=4 dup0: {"pass": true, "onehot_bitexact": true, "v1_full_bitexact": true, "full_max_rel": 0.0002380952355451882, "full_max_ulp": 1, "repeat_bitexact": true, "ref_max_rel": 0.0, "p2b_ref_max_rel": 0.0, "ref_rms_rel": null, "p2b_ref_rms_rel": null}
[18:09:22Z] [check] v1 m=6 census_all: {"pass": true, "onehot_bitexact": true, "v1_full_bitexact": true, "full_max_rel": 0.00020475020573940128, "full_max_ulp": 1, "repeat_bitexact": true, "ref_max_rel": 0.0, "p2b_ref_max_rel": 0.0, "ref_rms_rel": null, "p2b_ref_rms_rel": null}
[18:09:22Z] [check] v2 m=6 census_all: {"pass": true, "onehot_bitexact": true, "v1_full_bitexact": true, "full_max_rel": 0.00020475020573940128, "full_max_ulp": 1, "repeat_bitexact": true, "ref_max_rel": 0.0, "p2b_ref_max_rel": 0.0, "ref_rms_rel": null, "p2b_ref_rms_rel": null}
[18:09:22Z] [check] v3 m=6 census_all: {"pass": true, "onehot_bitexact": true, "v1_full_bitexact": true, "full_max_rel": 0.00020475020573940128, "full_max_ulp": 1, "repeat_bitexact": true, "ref_max_rel": 0.0, "p2b_ref_max_rel": 0.0, "ref_rms_rel": null, "p2b_ref_rms_rel": null}
[18:09:22Z] [check] v10 m=6 census_all: {"pass": true, "onehot_bitexact": true, "v1_full_bitexact": true, "full_max_rel": 0.00020475020573940128, "full_max_ulp": 1, "repeat_bitexact": true, "ref_max_rel": 0.0, "p2b_ref_max_rel": 0.0, "ref_rms_rel": null, "p2b_ref_rms_rel": null}
[18:09:22Z] [check] v12 m=6 census_all: {"pass": true, "onehot_bitexact": true, "v1_full_bitexact": true, "full_max_rel": 0.00020475020573940128, "full_max_ulp": 1, "repeat_bitexact": true, "ref_max_rel": 0.0, "p2b_ref_max_rel": 0.0, "ref_rms_rel": null, "p2b_ref_rms_rel": null}
[18:09:22Z] [check] v1 m=6 dup0: {"pass": true, "onehot_bitexact": true, "v1_full_bitexact": true, "full_max_rel": 6.406971078831702e-05, "full_max_ulp": 1, "repeat_bitexact": true, "ref_max_rel": 0.0, "p2b_ref_max_rel": 0.0, "ref_rms_rel": null, "p2b_ref_rms_rel": null}
[18:09:22Z] [check] v2 m=6 dup0: {"pass": true, "onehot_bitexact": true, "v1_full_bitexact": true, "full_max_rel": 6.406971078831702e-05, "full_max_ulp": 1, "repeat_bitexact": true, "ref_max_rel": 0.0, "p2b_ref_max_rel": 0.0, "ref_rms_rel": null, "p2b_ref_rms_rel": null}
[18:09:22Z] [check] v3 m=6 dup0: {"pass": true, "onehot_bitexact": true, "v1_full_bitexact": true, "full_max_rel": 6.406971078831702e-05, "full_max_ulp": 1, "repeat_bitexact": true, "ref_max_rel": 0.0, "p2b_ref_max_rel": 0.0, "ref_rms_rel": null, "p2b_ref_rms_rel": null}
[18:09:22Z] [check] v10 m=6 dup0: {"pass": true, "onehot_bitexact": true, "v1_full_bitexact": true, "full_max_rel": 6.406971078831702e-05, "full_max_ulp": 1, "repeat_bitexact": true, "ref_max_rel": 0.0, "p2b_ref_max_rel": 0.0, "ref_rms_rel": null, "p2b_ref_rms_rel": null}
[18:09:22Z] [check] v12 m=6 dup0: {"pass": true, "onehot_bitexact": true, "v1_full_bitexact": true, "full_max_rel": 6.406971078831702e-05, "full_max_ulp": 1, "repeat_bitexact": true, "ref_max_rel": 0.0, "p2b_ref_max_rel": 0.0, "ref_rms_rel": null, "p2b_ref_rms_rel": null}
[18:09:22Z] [check] v1 m=6 census_seq: {"pass": true, "onehot_bitexact": true, "v1_full_bitexact": true, "full_max_rel": 0.00022935779998078942, "full_max_ulp": 1, "repeat_bitexact": true, "ref_max_rel": 0.0, "p2b_ref_max_rel": 0.0, "ref_rms_rel": null, "p2b_ref_rms_rel": null}
[18:09:22Z] [check] v2 m=6 census_seq: {"pass": true, "onehot_bitexact": true, "v1_full_bitexact": true, "full_max_rel": 0.00022935779998078942, "full_max_ulp": 1, "repeat_bitexact": true, "ref_max_rel": 0.0, "p2b_ref_max_rel": 0.0, "ref_rms_rel": null, "p2b_ref_rms_rel": null}
[18:09:22Z] [check] v3 m=6 census_seq: {"pass": true, "onehot_bitexact": true, "v1_full_bitexact": true, "full_max_rel": 0.00022935779998078942, "full_max_ulp": 1, "repeat_bitexact": true, "ref_max_rel": 0.0, "p2b_ref_max_rel": 0.0, "ref_rms_rel": null, "p2b_ref_rms_rel": null}
[18:09:22Z] [check] v10 m=6 census_seq: {"pass": true, "onehot_bitexact": true, "v1_full_bitexact": true, "full_max_rel": 0.00022935779998078942, "full_max_ulp": 1, "repeat_bitexact": true, "ref_max_rel": 0.0, "p2b_ref_max_rel": 0.0, "ref_rms_rel": null, "p2b_ref_rms_rel": null}
[18:09:22Z] [check] v12 m=6 census_seq: {"pass": true, "onehot_bitexact": true, "v1_full_bitexact": true, "full_max_rel": 0.00022935779998078942, "full_max_ulp": 1, "repeat_bitexact": true, "ref_max_rel": 0.0, "p2b_ref_max_rel": 0.0, "ref_rms_rel": null, "p2b_ref_rms_rel": null}
[18:09:22Z] [check] v1 m=8 census_all: {"pass": true, "onehot_bitexact": true, "v1_full_bitexact": true, "full_max_rel": 3.3156498830066994e-05, "full_max_ulp": 1, "repeat_bitexact": true, "ref_max_rel": 0.0, "p2b_ref_max_rel": 0.0, "ref_rms_rel": null, "p2b_ref_rms_rel": null}
[18:09:22Z] [check] v2 m=8 census_all: {"pass": true, "onehot_bitexact": true, "v1_full_bitexact": true, "full_max_rel": 3.3156498830066994e-05, "full_max_ulp": 1, "repeat_bitexact": true, "ref_max_rel": 0.0, "p2b_ref_max_rel": 0.0, "ref_rms_rel": null, "p2b_ref_rms_rel": null}
[18:09:22Z] [check] v3 m=8 census_all: {"pass": true, "onehot_bitexact": true, "v1_full_bitexact": true, "full_max_rel": 3.3156498830066994e-05, "full_max_ulp": 1, "repeat_bitexact": true, "ref_max_rel": 0.0, "p2b_ref_max_rel": 0.0, "ref_rms_rel": null, "p2b_ref_rms_rel": null}
[18:09:22Z] [check] v10 m=8 census_all: {"pass": true, "onehot_bitexact": true, "v1_full_bitexact": true, "full_max_rel": 3.3156498830066994e-05, "full_max_ulp": 1, "repeat_bitexact": true, "ref_max_rel": 0.0, "p2b_ref_max_rel": 0.0, "ref_rms_rel": null, "p2b_ref_rms_rel": null}
[18:09:22Z] [check] v12 m=8 census_all: {"pass": true, "onehot_bitexact": true, "v1_full_bitexact": true, "full_max_rel": 3.3156498830066994e-05, "full_max_ulp": 1, "repeat_bitexact": true, "ref_max_rel": 0.0, "p2b_ref_max_rel": 0.0, "ref_rms_rel": null, "p2b_ref_rms_rel": null}
[18:09:22Z] [check] v1 m=8 dup0: {"pass": true, "onehot_bitexact": true, "v1_full_bitexact": true, "full_max_rel": 6.430040957638994e-05, "full_max_ulp": 1, "repeat_bitexact": true, "ref_max_rel": 0.0, "p2b_ref_max_rel": 0.0, "ref_rms_rel": null, "p2b_ref_rms_rel": null}
[18:09:22Z] [check] v2 m=8 dup0: {"pass": true, "onehot_bitexact": true, "v1_full_bitexact": true, "full_max_rel": 6.430040957638994e-05, "full_max_ulp": 1, "repeat_bitexact": true, "ref_max_rel": 0.0, "p2b_ref_max_rel": 0.0, "ref_rms_rel": null, "p2b_ref_rms_rel": null}
[18:09:22Z] [check] v3 m=8 dup0: {"pass": true, "onehot_bitexact": true, "v1_full_bitexact": true, "full_max_rel": 6.430040957638994e-05, "full_max_ulp": 1, "repeat_bitexact": true, "ref_max_rel": 0.0, "p2b_ref_max_rel": 0.0, "ref_rms_rel": null, "p2b_ref_rms_rel": null}
[18:09:22Z] [check] v10 m=8 dup0: {"pass": true, "onehot_bitexact": true, "v1_full_bitexact": true, "full_max_rel": 6.430040957638994e-05, "full_max_ulp": 1, "repeat_bitexact": true, "ref_max_rel": 0.0, "p2b_ref_max_rel": 0.0, "ref_rms_rel": null, "p2b_ref_rms_rel": null}
[18:09:22Z] [check] v12 m=8 dup0: {"pass": true, "onehot_bitexact": true, "v1_full_bitexact": true, "full_max_rel": 6.430040957638994e-05, "full_max_ulp": 1, "repeat_bitexact": true, "ref_max_rel": 0.0, "p2b_ref_max_rel": 0.0, "ref_rms_rel": null, "p2b_ref_rms_rel": null}
[18:09:22Z] [check] v1 m=8 census_seq: {"pass": true, "onehot_bitexact": true, "v1_full_bitexact": true, "full_max_rel": 2.984718230436556e-05, "full_max_ulp": 1, "repeat_bitexact": true, "ref_max_rel": 0.0, "p2b_ref_max_rel": 0.0, "ref_rms_rel": null, "p2b_ref_rms_rel": null}
[18:09:22Z] [check] v2 m=8 census_seq: {"pass": true, "onehot_bitexact": true, "v1_full_bitexact": true, "full_max_rel": 2.984718230436556e-05, "full_max_ulp": 1, "repeat_bitexact": true, "ref_max_rel": 0.0, "p2b_ref_max_rel": 0.0, "ref_rms_rel": null, "p2b_ref_rms_rel": null}
[18:09:22Z] [check] v3 m=8 census_seq: {"pass": true, "onehot_bitexact": true, "v1_full_bitexact": true, "full_max_rel": 2.984718230436556e-05, "full_max_ulp": 1, "repeat_bitexact": true, "ref_max_rel": 0.0, "p2b_ref_max_rel": 0.0, "ref_rms_rel": null, "p2b_ref_rms_rel": null}
[18:09:22Z] [check] v10 m=8 census_seq: {"pass": true, "onehot_bitexact": true, "v1_full_bitexact": true, "full_max_rel": 2.984718230436556e-05, "full_max_ulp": 1, "repeat_bitexact": true, "ref_max_rel": 0.0, "p2b_ref_max_rel": 0.0, "ref_rms_rel": null, "p2b_ref_rms_rel": null}
[18:09:22Z] [check] v12 m=8 census_seq: {"pass": true, "onehot_bitexact": true, "v1_full_bitexact": true, "full_max_rel": 2.984718230436556e-05, "full_max_ulp": 1, "repeat_bitexact": true, "ref_max_rel": 0.0, "p2b_ref_max_rel": 0.0, "ref_rms_rel": null, "p2b_ref_rms_rel": null}
[18:09:22Z] [capture] v1 m=1: replay_equals_eager=True (16 replays)
[18:09:22Z] [capture] v1 m=3: replay_equals_eager=True (16 replays)
[18:09:22Z] [capture] v1 m=4: replay_equals_eager=True (16 replays)
[18:09:23Z] [capture] v1 m=6: replay_equals_eager=True (16 replays)
[18:09:23Z] [capture] v1 m=8: replay_equals_eager=True (16 replays)
[18:09:23Z] [capture] v2 m=1: replay_equals_eager=True (16 replays)
[18:09:23Z] [capture] v2 m=3: replay_equals_eager=True (16 replays)
[18:09:23Z] [capture] v2 m=4: replay_equals_eager=True (16 replays)
[18:09:23Z] [capture] v2 m=6: replay_equals_eager=True (16 replays)
[18:09:23Z] [capture] v2 m=8: replay_equals_eager=True (16 replays)
[18:09:23Z] [capture] v3 m=1: replay_equals_eager=True (16 replays)
[18:09:23Z] [capture] v3 m=3: replay_equals_eager=True (16 replays)
[18:09:23Z] [capture] v3 m=4: replay_equals_eager=True (16 replays)
[18:09:23Z] [capture] v3 m=6: replay_equals_eager=True (16 replays)
[18:09:23Z] [capture] v3 m=8: replay_equals_eager=True (16 replays)
[18:09:23Z] [capture] v10 m=1: replay_equals_eager=True (16 replays)
[18:09:23Z] [capture] v10 m=3: replay_equals_eager=True (16 replays)
[18:09:23Z] [capture] v10 m=4: replay_equals_eager=True (16 replays)
[18:09:23Z] [capture] v10 m=6: replay_equals_eager=True (16 replays)
[18:09:23Z] [capture] v10 m=8: replay_equals_eager=True (16 replays)
[18:09:23Z] [capture] v12 m=1: replay_equals_eager=True (16 replays)
[18:09:23Z] [capture] v12 m=3: replay_equals_eager=True (16 replays)
[18:09:23Z] [capture] v12 m=4: replay_equals_eager=True (16 replays)
[18:09:23Z] [capture] v12 m=6: replay_equals_eager=True (16 replays)
[18:09:23Z] [capture] v12 m=8: replay_equals_eager=True (16 replays)
[18:09:27Z] [time] m=1 census_all cold: v0 180.5us [180.1,184.3] mean 182.7 148GB/s 59%floor  v1 186.2us [184.3,188.5] mean 187.9 144GB/s 58%floor  v2 156.7us [153.7,163.8] mean 159.1 171GB/s 68%floor  v3 164.8us [161.8,171.0] mean 166.4 162GB/s 65%floor  v10 167.9us [164.0,173.1] mean 169.5 159GB/s 64%floor  v12 164.8us [160.8,170.0] mean 166.0 162GB/s 65%floor | paired mean saving v2-v0 -23.6+-1.0us = -0.95 ms/step  v2-v1 -28.8+-1.5us = -1.15 ms/step  v2-v3 -7.3+-1.0us = -0.29 ms/step  v2-v10 -10.4+-1.0us = -0.42 ms/step  v2-v12 -6.9+-1.1us = -0.28 ms/step  v3-v0 -16.4+-1.1us = -0.65 ms/step  v3-v1 -21.6+-1.4us = -0.86 ms/step  v3-v10 -3.1+-0.8us = -0.13 ms/step  v3-v12 0.4+-0.7us = 0.02 ms/step
[18:09:28Z] [time] m=1 census_all warm: v0 176.1us [174.1,178.2] mean 177.5 152GB/s 61%floor  v1 180.2us [179.2,182.3] mean 181.7 149GB/s 59%floor  v2 149.6us [147.3,154.4] mean 150.9 179GB/s 72%floor  v3 153.6us [150.7,158.5] mean 155.0 174GB/s 70%floor  v10 154.5us [151.4,157.8] mean 155.1 173GB/s 69%floor  v12 154.6us [151.5,157.9] mean 154.9 173GB/s 69%floor | paired mean saving v2-v0 -26.6+-0.9us = -1.06 ms/step  v2-v1 -30.8+-0.7us = -1.23 ms/step  v2-v3 -4.1+-0.7us = -0.17 ms/step  v2-v10 -4.3+-0.6us = -0.17 ms/step  v2-v12 -4.0+-0.5us = -0.16 ms/step  v3-v0 -22.5+-1.0us = -0.90 ms/step  v3-v1 -26.7+-0.8us = -1.07 ms/step  v3-v10 -0.1+-0.7us = -0.01 ms/step  v3-v12 0.1+-0.6us = 0.00 ms/step
[18:09:32Z] [time] m=1 dup0 cold: v0 180.2us [179.2,182.3] mean 180.9 149GB/s 59%floor  v1 184.3us [184.2,186.4] mean 185.8 145GB/s 58%floor  v2 155.6us [153.6,159.7] mean 156.8 172GB/s 69%floor  v3 164.9us [161.8,170.0] mean 166.3 162GB/s 65%floor  v10 169.0us [165.8,172.0] mean 170.0 158GB/s 63%floor  v12 165.4us [161.8,170.0] mean 166.0 162GB/s 65%floor | paired mean saving v2-v0 -24.1+-0.5us = -0.96 ms/step  v2-v1 -28.9+-0.9us = -1.16 ms/step  v2-v3 -9.4+-0.9us = -0.38 ms/step  v2-v10 -13.2+-1.1us = -0.53 ms/step  v2-v12 -9.1+-0.7us = -0.37 ms/step  v3-v0 -14.6+-0.9us = -0.58 ms/step  v3-v1 -19.5+-0.9us = -0.78 ms/step  v3-v10 -3.7+-1.4us = -0.15 ms/step  v3-v12 0.3+-0.9us = 0.01 ms/step
[18:09:34Z] [time] m=1 dup0 warm: v0 176.1us [174.1,176.3] mean 176.8 152GB/s 61%floor  v1 180.2us [178.2,182.1] mean 180.9 149GB/s 59%floor  v2 149.5us [147.4,153.6] mean 150.4 179GB/s 72%floor  v3 155.6us [151.6,159.7] mean 155.8 172GB/s 69%floor  v10 154.6us [151.4,158.7] mean 155.7 173GB/s 69%floor  v12 155.6us [151.6,159.5] mean 155.9 172GB/s 69%floor | paired mean saving v2-v0 -26.4+-0.9us = -1.05 ms/step  v2-v1 -30.5+-0.6us = -1.22 ms/step  v2-v3 -5.4+-0.4us = -0.21 ms/step  v2-v10 -5.3+-0.9us = -0.21 ms/step  v2-v12 -5.5+-0.5us = -0.22 ms/step  v3-v0 -21.0+-0.9us = -0.84 ms/step  v3-v1 -25.2+-0.6us = -1.01 ms/step  v3-v10 0.1+-1.0us = 0.00 ms/step  v3-v12 -0.2+-0.5us = -0.01 ms/step
[18:09:38Z] [time] m=3 census_all cold: v0 407.5us [399.4,411.6] mean 407.8 152GB/s 61%floor  v1 342.0us [284.7,395.3] mean 336.6 182GB/s 73%floor  v2 298.0us [241.7,353.1] mean 294.7 208GB/s 83%floor  v3 299.6us [243.7,353.3] mean 295.8 207GB/s 83%floor  v10 297.0us [241.7,352.3] mean 293.6 208GB/s 83%floor  v12 296.9us [241.7,352.3] mean 293.3 208GB/s 83%floor | paired mean saving v2-v0 -113.1+-3.2us = -4.52 ms/step  v2-v1 -41.9+-1.3us = -1.68 ms/step  v2-v3 -1.1+-1.2us = -0.04 ms/step  v2-v10 1.1+-1.1us = 0.05 ms/step  v2-v12 1.4+-1.3us = 0.06 ms/step  v3-v0 -112.0+-2.9us = -4.48 ms/step  v3-v1 -40.8+-1.2us = -1.63 ms/step  v3-v10 2.2+-0.3us = 0.09 ms/step  v3-v12 2.5+-0.4us = 0.10 ms/step
[18:09:41Z] [time] m=3 census_all warm: v0 399.2us [391.0,405.5] mean 400.0 155GB/s 62%floor  v1 337.9us [280.6,391.2] mean 332.6 184GB/s 73%floor  v2 293.4us [237.6,345.1] mean 289.3 211GB/s 84%floor  v3 294.7us [237.7,349.2] mean 290.7 210GB/s 84%floor  v10 294.1us [237.6,349.2] mean 291.2 210GB/s 84%floor  v12 294.9us [237.6,348.2] mean 291.3 210GB/s 84%floor | paired mean saving v2-v0 -110.7+-2.7us = -4.43 ms/step  v2-v1 -43.3+-1.0us = -1.73 ms/step  v2-v3 -1.4+-0.7us = -0.06 ms/step  v2-v10 -1.9+-0.9us = -0.08 ms/step  v2-v12 -2.0+-1.0us = -0.08 ms/step  v3-v0 -109.3+-2.8us = -4.37 ms/step  v3-v1 -41.9+-1.2us = -1.68 ms/step  v3-v10 -0.5+-1.1us = -0.02 ms/step  v3-v12 -0.5+-1.2us = -0.02 ms/step
[18:09:46Z] [time] m=3 dup0 cold: v0 409.6us [407.6,411.6] mean 411.1 196GB/s 78%floor  v1 416.9us [415.6,419.8] mean 418.2 193GB/s 77%floor  v2 373.8us [372.7,375.8] mean 374.9 215GB/s 86%floor  v3 375.8us [374.7,377.9] mean 377.6 214GB/s 85%floor  v10 373.8us [371.8,375.8] mean 374.7 215GB/s 86%floor  v12 373.8us [371.7,375.7] mean 374.6 215GB/s 86%floor | paired mean saving v2-v0 -36.2+-1.3us = -1.45 ms/step  v2-v1 -43.4+-1.1us = -1.73 ms/step  v2-v3 -2.8+-1.2us = -0.11 ms/step  v2-v10 0.1+-0.9us = 0.01 ms/step  v2-v12 0.2+-1.2us = 0.01 ms/step  v3-v0 -33.4+-1.6us = -1.34 ms/step  v3-v1 -40.6+-1.6us = -1.62 ms/step  v3-v10 2.9+-1.4us = 0.12 ms/step  v3-v12 3.0+-1.5us = 0.12 ms/step
[18:09:50Z] [time] m=3 dup0 warm: v0 404.5us [402.3,407.6] mean 406.2 199GB/s 79%floor  v1 411.6us [409.6,413.9] mean 413.4 195GB/s 78%floor  v2 369.7us [367.6,371.8] mean 370.6 217GB/s 87%floor  v3 369.7us [368.6,372.8] mean 371.4 217GB/s 87%floor  v10 369.7us [368.6,372.7] mean 370.8 217GB/s 87%floor  v12 369.8us [368.6,372.7] mean 371.2 217GB/s 87%floor | paired mean saving v2-v0 -35.6+-0.8us = -1.42 ms/step  v2-v1 -42.8+-1.0us = -1.71 ms/step  v2-v3 -0.8+-0.7us = -0.03 ms/step  v2-v10 -0.2+-0.6us = -0.01 ms/step  v2-v12 -0.6+-0.5us = -0.02 ms/step  v3-v0 -34.8+-1.0us = -1.39 ms/step  v3-v1 -42.0+-1.1us = -1.68 ms/step  v3-v10 0.6+-0.6us = 0.02 ms/step  v3-v12 0.3+-0.7us = 0.01 ms/step
[18:09:55Z] [time] m=4 census_all cold: v0 522.2us [514.1,526.3] mean 523.5 145GB/s 58%floor  v1 399.2us [316.4,485.4] mean 401.1 189GB/s 76%floor  v2 356.3us [280.6,430.2] mean 354.5 213GB/s 85%floor  v3 357.4us [282.6,432.1] mean 356.3 212GB/s 85%floor  v10 354.3us [279.5,430.1] mean 354.0 213GB/s 85%floor  v12 354.3us [278.6,430.1] mean 353.7 213GB/s 85%floor | paired mean saving v2-v0 -169.0+-4.1us = -6.76 ms/step  v2-v1 -46.6+-1.3us = -1.87 ms/step  v2-v3 -1.8+-0.5us = -0.07 ms/step  v2-v10 0.4+-1.0us = 0.02 ms/step  v2-v12 0.8+-0.9us = 0.03 ms/step  v3-v0 -167.2+-4.1us = -6.69 ms/step  v3-v1 -44.8+-1.3us = -1.79 ms/step  v3-v10 2.3+-1.0us = 0.09 ms/step  v3-v12 2.6+-0.8us = 0.10 ms/step
[18:09:59Z] [time] m=4 census_all warm: v0 510.0us [503.8,519.2] mean 512.9 148GB/s 59%floor  v1 394.7us [313.3,481.3] mean 396.5 191GB/s 77%floor  v2 351.2us [276.5,426.0] mean 349.4 216GB/s 86%floor  v3 352.2us [277.5,426.0] mean 350.5 215GB/s 86%floor  v10 351.2us [276.5,426.1] mean 350.7 216GB/s 86%floor  v12 351.2us [276.5,426.0] mean 349.7 215GB/s 86%floor | paired mean saving v2-v0 -163.5+-3.7us = -6.54 ms/step  v2-v1 -47.1+-0.9us = -1.89 ms/step  v2-v3 -1.1+-0.7us = -0.05 ms/step  v2-v10 -1.3+-1.3us = -0.05 ms/step  v2-v12 -0.4+-0.7us = -0.01 ms/step  v3-v0 -162.3+-3.8us = -6.49 ms/step  v3-v1 -46.0+-0.9us = -1.84 ms/step  v3-v10 -0.2+-1.0us = -0.01 ms/step  v3-v12 0.8+-0.6us = 0.03 ms/step
[18:10:04Z] [time] m=4 dup0 cold: v0 526.3us [524.3,532.5] mean 530.0 203GB/s 81%floor  v1 536.7us [534.6,540.7] mean 539.9 199GB/s 80%floor  v2 488.4us [486.4,493.6] mean 490.2 219GB/s 88%floor  v3 490.5us [488.4,496.5] mean 492.6 218GB/s 87%floor  v10 487.4us [485.4,494.6] mean 490.9 220GB/s 88%floor  v12 487.4us [485.4,493.4] mean 490.0 220GB/s 88%floor | paired mean saving v2-v0 -39.8+-1.7us = -1.59 ms/step  v2-v1 -49.8+-1.3us = -1.99 ms/step  v2-v3 -2.5+-0.7us = -0.10 ms/step  v2-v10 -0.7+-1.4us = -0.03 ms/step  v2-v12 0.2+-0.9us = 0.01 ms/step  v3-v0 -37.4+-1.9us = -1.50 ms/step  v3-v1 -47.3+-1.6us = -1.89 ms/step  v3-v10 1.8+-1.1us = 0.07 ms/step  v3-v12 2.6+-1.1us = 0.11 ms/step
[18:10:09Z] [time] m=4 dup0 warm: v0 520.4us [518.2,524.3] mean 523.5 206GB/s 82%floor  v1 532.5us [530.4,534.5] mean 533.8 201GB/s 80%floor  v2 482.3us [480.3,485.3] mean 483.4 222GB/s 89%floor  v3 484.3us [482.3,486.4] mean 485.5 221GB/s 88%floor  v10 483.3us [481.3,486.4] mean 484.6 222GB/s 89%floor  v12 483.3us [481.4,486.2] mean 484.9 222GB/s 89%floor | paired mean saving v2-v0 -40.1+-1.7us = -1.60 ms/step  v2-v1 -50.4+-1.0us = -2.02 ms/step  v2-v3 -2.1+-0.9us = -0.08 ms/step  v2-v10 -1.2+-0.7us = -0.05 ms/step  v2-v12 -1.5+-0.9us = -0.06 ms/step  v3-v0 -38.0+-1.6us = -1.52 ms/step  v3-v1 -48.3+-1.3us = -1.93 ms/step  v3-v10 0.9+-1.0us = 0.03 ms/step  v3-v12 0.6+-1.1us = 0.03 ms/step
[18:10:15Z] [time] m=6 census_all cold: v0 759.8us [751.6,767.0] mean 762.7 152GB/s 61%floor  v1 600.0us [487.4,706.6] mean 587.1 196GB/s 78%floor  v2 528.4us [433.1,621.6] mean 526.0 219GB/s 88%floor  v3 530.4us [435.2,623.8] mean 527.9 218GB/s 87%floor  v10 530.2us [434.4,623.6] mean 527.5 218GB/s 87%floor  v12 528.4us [433.2,622.6] mean 526.7 219GB/s 87%floor | paired mean saving v2-v0 -236.6+-5.0us = -9.46 ms/step  v2-v1 -61.1+-1.9us = -2.44 ms/step  v2-v3 -1.9+-1.0us = -0.08 ms/step  v2-v10 -1.5+-1.1us = -0.06 ms/step  v2-v12 -0.7+-1.4us = -0.03 ms/step  v3-v0 -234.7+-5.0us = -9.39 ms/step  v3-v1 -59.2+-2.2us = -2.37 ms/step  v3-v10 0.4+-1.0us = 0.02 ms/step  v3-v12 1.2+-1.4us = 0.05 ms/step
[18:10:21Z] [time] m=6 census_all warm: v0 745.5us [735.2,757.8] mean 747.8 155GB/s 62%floor  v1 595.9us [483.3,701.4] mean 581.6 197GB/s 79%floor  v2 522.2us [428.0,616.4] mean 519.7 222GB/s 89%floor  v3 523.3us [429.1,618.3] mean 522.1 221GB/s 88%floor  v10 522.3us [428.0,617.4] mean 520.2 221GB/s 89%floor  v12 522.2us [428.0,616.4] mean 520.4 221GB/s 89%floor | paired mean saving v2-v0 -228.2+-4.7us = -9.13 ms/step  v2-v1 -61.9+-1.6us = -2.48 ms/step  v2-v3 -2.4+-1.7us = -0.10 ms/step  v2-v10 -0.5+-1.1us = -0.02 ms/step  v2-v12 -0.7+-1.0us = -0.03 ms/step  v3-v0 -225.8+-4.8us = -9.03 ms/step  v3-v1 -59.5+-2.1us = -2.38 ms/step  v3-v10 1.9+-1.4us = 0.08 ms/step  v3-v12 1.7+-1.7us = 0.07 ms/step
[18:10:27Z] [time] m=6 dup0 cold: v0 768.0us [764.9,774.1] mean 770.3 209GB/s 84%floor  v1 781.5us [778.3,786.4] mean 783.5 206GB/s 82%floor  v2 718.8us [716.7,725.0] mean 721.9 223GB/s 89%floor  v3 720.9us [718.8,726.0] mean 724.3 223GB/s 89%floor  v10 720.9us [717.8,727.1] mean 724.0 223GB/s 89%floor  v12 719.9us [717.7,726.0] mean 723.0 223GB/s 89%floor | paired mean saving v2-v0 -48.4+-1.5us = -1.94 ms/step  v2-v1 -61.6+-0.9us = -2.47 ms/step  v2-v3 -2.5+-1.7us = -0.10 ms/step  v2-v10 -2.1+-2.1us = -0.09 ms/step  v2-v12 -1.1+-2.1us = -0.04 ms/step  v3-v0 -46.0+-1.7us = -1.84 ms/step  v3-v1 -59.2+-1.7us = -2.37 ms/step  v3-v10 0.3+-1.8us = 0.01 ms/step  v3-v12 1.4+-2.0us = 0.05 ms/step
[18:10:34Z] [time] m=6 dup0 warm: v0 761.9us [759.7,766.0] mean 764.7 211GB/s 84%floor  v1 776.2us [774.1,780.3] mean 778.3 207GB/s 83%floor  v2 711.7us [709.6,714.8] mean 712.9 226GB/s 90%floor  v3 712.7us [710.7,715.8] mean 714.6 225GB/s 90%floor  v10 711.7us [709.7,715.8] mean 714.1 226GB/s 90%floor  v12 712.4us [709.7,715.9] mean 714.8 225GB/s 90%floor | paired mean saving v2-v0 -51.8+-1.5us = -2.07 ms/step  v2-v1 -65.3+-1.4us = -2.61 ms/step  v2-v3 -1.6+-0.9us = -0.06 ms/step  v2-v10 -1.2+-1.3us = -0.05 ms/step  v2-v12 -1.9+-1.3us = -0.07 ms/step  v3-v0 -50.1+-1.6us = -2.01 ms/step  v3-v1 -63.7+-1.7us = -2.55 ms/step  v3-v10 0.4+-1.3us = 0.02 ms/step  v3-v12 -0.2+-1.5us = -0.01 ms/step
[18:10:41Z] [time] m=8 census_all cold: v0 1014.8us [1005.6,1023.9] mean 1017.3 137GB/s 55%floor  v1 717.4us [570.4,856.0] mean 715.9 199GB/s 79%floor  v2 643.0us [513.1,766.0] mean 641.6 221GB/s 88%floor  v3 644.1us [517.1,776.2] mean 644.1 220GB/s 88%floor  v10 643.1us [515.1,776.2] mean 643.7 221GB/s 88%floor  v12 641.0us [513.0,773.2] mean 641.7 221GB/s 89%floor | paired mean saving v2-v0 -375.6+-6.5us = -15.03 ms/step  v2-v1 -74.3+-1.9us = -2.97 ms/step  v2-v3 -2.4+-1.5us = -0.10 ms/step  v2-v10 -2.0+-1.8us = -0.08 ms/step  v2-v12 -0.1+-2.0us = -0.00 ms/step  v3-v0 -373.2+-6.6us = -14.93 ms/step  v3-v1 -71.8+-2.1us = -2.87 ms/step  v3-v10 0.4+-1.5us = 0.02 ms/step  v3-v12 2.3+-2.1us = 0.09 ms/step
[18:10:48Z] [time] m=8 census_all warm: v0 997.4us [983.0,1012.7] mean 1000.2 140GB/s 56%floor  v1 712.7us [567.3,849.9] mean 709.8 200GB/s 80%floor  v2 635.9us [512.0,767.0] mean 635.9 223GB/s 89%floor  v3 636.9us [514.2,769.0] mean 637.3 222GB/s 89%floor  v10 636.0us [512.0,764.8] mean 636.8 223GB/s 89%floor  v12 635.8us [515.1,767.0] mean 635.9 223GB/s 89%floor | paired mean saving v2-v0 -364.4+-6.3us = -14.57 ms/step  v2-v1 -73.9+-1.8us = -2.96 ms/step  v2-v3 -1.4+-0.8us = -0.06 ms/step  v2-v10 -0.9+-1.5us = -0.04 ms/step  v2-v12 -0.1+-1.0us = -0.00 ms/step  v3-v0 -363.0+-6.4us = -14.52 ms/step  v3-v1 -72.5+-2.0us = -2.90 ms/step  v3-v10 0.5+-1.5us = 0.02 ms/step  v3-v12 1.4+-1.2us = 0.05 ms/step
[18:10:56Z] [time] m=8 dup0 cold: v0 1026.0us [1023.0,1030.1] mean 1030.3 209GB/s 83%floor  v1 1052.6us [1048.6,1056.8] mean 1056.3 203GB/s 81%floor  v2 948.3us [946.2,952.3] mean 952.0 226GB/s 90%floor  v3 950.3us [948.2,954.4] mean 953.8 225GB/s 90%floor  v10 950.3us [948.1,954.4] mean 952.5 225GB/s 90%floor  v12 948.2us [946.2,952.0] mean 951.3 226GB/s 90%floor | paired mean saving v2-v0 -78.3+-2.9us = -3.13 ms/step  v2-v1 -104.3+-2.3us = -4.17 ms/step  v2-v3 -1.9+-2.2us = -0.07 ms/step  v2-v10 -0.6+-2.2us = -0.02 ms/step  v2-v12 0.7+-2.3us = 0.03 ms/step  v3-v0 -76.5+-3.0us = -3.06 ms/step  v3-v1 -102.4+-2.7us = -4.10 ms/step  v3-v10 1.3+-2.2us = 0.05 ms/step  v3-v12 2.6+-2.6us = 0.10 ms/step
[18:11:05Z] [time] m=8 dup0 warm: v0 1018.8us [1015.8,1024.0] mean 1021.7 210GB/s 84%floor  v1 1045.5us [1042.4,1050.6] mean 1048.8 205GB/s 82%floor  v2 942.1us [939.0,946.5] mean 943.2 227GB/s 91%floor  v3 943.1us [940.1,948.1] mean 946.3 227GB/s 91%floor  v10 942.1us [939.9,947.2] mean 945.4 227GB/s 91%floor  v12 942.1us [939.2,947.2] mean 945.7 227GB/s 91%floor | paired mean saving v2-v0 -78.6+-1.6us = -3.14 ms/step  v2-v1 -105.6+-2.2us = -4.22 ms/step  v2-v3 -3.1+-1.7us = -0.13 ms/step  v2-v10 -2.3+-1.7us = -0.09 ms/step  v2-v12 -2.6+-1.8us = -0.10 ms/step  v3-v0 -75.4+-2.3us = -3.02 ms/step  v3-v1 -102.5+-2.8us = -4.10 ms/step  v3-v10 0.9+-2.0us = 0.03 ms/step  v3-v12 0.6+-2.4us = 0.02 ms/step
unchanged /repo/kernel_study/p2b_coop/build_r3/chain_r3.cu
unchanged /repo/kernel_study/p2b_coop/build_r3/bench_r3.cu
unchanged /repo/kernel_study/p2b_coop/build_r3/bench_r3_ts.cu
[18:11:06Z] [phases] v0 m=1 grid 192: total 166.8 us, skew 0.1, s1 work 3.0 imb 2.7 bar 0.7 | s2 work 102.0 imb 29.0 bar 0.7 | s3 work 2.5 imb 2.2 bar 0.8 | s4 work 0.6 imb 0.3 bar 0.7 | s5 work 1.8 imb 1.6 bar 0.8 | s6 work 46.9 imb 2.9 bar 0.7 | s7 work 2.0 imb 1.7 bar 0.7 | s8 work 0.9 imb 0.1 bar 0.9 | tail 0.5 | uniq 6.0
[18:11:06Z] [phases] v0 m=3 grid 192: total 389.4 us, skew 0.1, s1 work 3.4 imb 2.9 bar 0.7 | s2 work 242.3 imb 18.8 bar 0.7 | s3 work 2.5 imb 2.2 bar 0.8 | s4 work 0.6 imb 0.3 bar 0.8 | s5 work 1.8 imb 1.6 bar 0.8 | s6 work 127.8 imb 15.3 bar 0.7 | s7 work 2.3 imb 1.9 bar 0.7 | s8 work 1.6 imb 0.4 bar 0.7 | tail 0.5 | uniq 12.7
[18:11:06Z] [phases] v0 m=4 grid 192: total 499.3 us, skew 0.1, s1 work 3.6 imb 0.8 bar 0.7 | s2 work 312.6 imb 9.6 bar 0.7 | s3 work 2.5 imb 2.2 bar 0.8 | s4 work 0.6 imb 0.3 bar 0.8 | s5 work 1.8 imb 1.5 bar 0.8 | s6 work 167.8 imb 25.7 bar 0.7 | s7 work 2.5 imb 0.5 bar 0.7 | s8 work 1.8 imb 0.4 bar 0.7 | tail 0.6 | uniq 15.2
[18:11:06Z] [phases] v0 m=6 grid 192: total 736.9 us, skew 0.1, s1 work 4.5 imb 1.0 bar 0.7 | s2 work 467.0 imb 15.6 bar 0.7 | s3 work 2.6 imb 2.3 bar 0.8 | s4 work 0.7 imb 0.2 bar 0.8 | s5 work 1.9 imb 1.6 bar 0.7 | s6 work 248.3 imb 36.0 bar 0.7 | s7 work 2.9 imb 0.7 bar 0.7 | s8 work 2.2 imb 0.4 bar 0.7 | tail 0.6 | uniq 25.4
[18:11:06Z] [phases] v0 m=8 grid 192: total 982.0 us, skew 0.1, s1 work 5.5 imb 1.5 bar 0.7 | s2 work 629.9 imb 44.7 bar 0.7 | s3 work 2.7 imb 2.4 bar 0.8 | s4 work 0.8 imb 0.3 bar 0.8 | s5 work 2.0 imb 1.7 bar 0.8 | s6 work 328.9 imb 46.4 bar 0.7 | s7 work 3.8 imb 1.3 bar 0.7 | s8 work 2.8 imb 0.5 bar 0.7 | tail 0.6 | uniq 30.4
[18:11:06Z] [phases] v1 m=1 grid 192: total 160.4 us, skew 0.1, s1 work 4.0 imb 2.4 bar 0.7 | s2 work 97.9 imb 27.2 bar 0.7 | s3 work 2.5 imb 2.2 bar 0.7 | s4 work 0.5 imb 0.3 bar 0.7 | s5 work 1.8 imb 1.6 bar 0.7 | s6 work 45.5 imb 2.7 bar 0.7 | s7 work 2.0 imb 1.8 bar 0.7 | tail 1.4 | uniq 6.0
[18:11:06Z] [phases] v1 m=3 grid 192: total 312.6 us, skew 0.1, s1 work 5.6 imb 2.8 bar 0.7 | s2 work 190.6 imb 21.8 bar 0.7 | s3 work 2.6 imb 2.3 bar 0.7 | s4 work 0.6 imb 0.3 bar 0.8 | s5 work 1.8 imb 1.6 bar 0.7 | s6 work 102.4 imb 10.8 bar 0.7 | s7 work 2.4 imb 1.9 bar 0.7 | tail 1.6 | uniq 13.3
[18:11:06Z] [phases] v1 m=4 grid 192: total 348.7 us, skew 0.1, s1 work 6.0 imb 0.8 bar 0.7 | s2 work 214.4 imb 17.4 bar 0.7 | s3 work 2.5 imb 2.2 bar 0.7 | s4 work 0.6 imb 0.2 bar 0.8 | s5 work 1.9 imb 1.7 bar 0.7 | s6 work 114.6 imb 13.5 bar 0.7 | s7 work 2.6 imb 0.6 bar 0.7 | tail 1.6 | uniq 16.2
[18:11:06Z] [phases] v1 m=6 grid 192: total 547.4 us, skew 0.1, s1 work 7.7 imb 0.7 bar 0.7 | s2 work 341.2 imb 18.3 bar 0.7 | s3 work 2.7 imb 2.4 bar 0.7 | s4 work 0.6 imb 0.2 bar 0.8 | s5 work 2.0 imb 1.7 bar 0.7 | s6 work 183.0 imb 22.2 bar 0.7 | s7 work 3.0 imb 0.7 bar 0.7 | tail 1.8 | uniq 24.9
dsv41: p2b coop dataflow kernel engaged (DSV41_P2B_COOP=2)
[18:11:06Z] [phases] v1 m=8 grid 192: total 652.8 us, skew 0.1, s1 work 9.5 imb 1.5 bar 0.7 | s2 work 410.1 imb 28.7 bar 0.7 | s3 work 2.7 imb 2.4 bar 0.7 | s4 work 0.8 imb 0.3 bar 0.7 | s5 work 1.9 imb 1.7 bar 0.7 | s6 work 212.8 imb 25.8 bar 0.7 | s7 work 3.6 imb 1.2 bar 0.7 | tail 1.9 | uniq 29.1
[18:11:06Z] [phases] v2 m=1 grid 144: total 163.5 us, skew 0.1, s1 work 10.7 imb 5.2 bar 0.7 | s2 work 148.0 imb 12.7 bar 0.7 | tail 3.2 | uniq 6.0 | df tiles_per_warp 4.8 fill_us 11.3 loop_us 83.5 reduce_us 7.6 span_us 131.9 between_tiles_us 28.9 | pro build_us 1.58 prefetch_issue_us 3.44 hadamard_us 0.13 first_release_us 11.39
[18:11:06Z] [phases] v2 m=3 grid 144: total 269.1 us, skew 0.1, s1 work 9.5 imb 0.9 bar 0.7 | s2 work 255.1 imb 8.7 bar 0.7 | tail 3.1 | uniq 12.7 | df tiles_per_warp 10.5 fill_us 20.0 loop_us 183.6 reduce_us 19.4 span_us 245.2 between_tiles_us 21.2 | pro build_us 2.53 prefetch_issue_us 0.83 hadamard_us 5.21 first_release_us 10.21
[18:11:06Z] [phases] v2 m=4 grid 144: total 328.0 us, skew 0.1, s1 work 10.0 imb 0.8 bar 0.7 | s2 work 313.6 imb 8.5 bar 0.7 | tail 2.9 | uniq 16.6 | df tiles_per_warp 12.9 fill_us 25.3 loop_us 225.7 reduce_us 26.3 span_us 303.1 between_tiles_us 26.5 | pro build_us 2.69 prefetch_issue_us 0.83 hadamard_us 5.59 first_release_us 10.66
[18:11:06Z] [phases] v2 m=6 grid 144: total 503.4 us, skew 0.1, s1 work 12.4 imb 1.7 bar 0.6 | s2 work 486.8 imb 8.4 bar 0.7 | tail 2.9 | uniq 24.7 | df tiles_per_warp 20.1 fill_us 40.0 loop_us 352.0 reduce_us 43.4 span_us 476.6 between_tiles_us 41.5 | pro build_us 3.62 prefetch_issue_us 0.86 hadamard_us 6.11 first_release_us 13.06
[18:11:06Z] [phases] v2 m=8 grid 144: total 575.9 us, skew 0.1, s1 work 13.3 imb 1.0 bar 0.7 | s2 work 558.4 imb 8.5 bar 0.7 | tail 2.9 | uniq 29.1 | df tiles_per_warp 23.0 fill_us 45.5 loop_us 400.8 reduce_us 48.1 span_us 549.3 between_tiles_us 48.2 | pro build_us 4.22 prefetch_issue_us 0.83 hadamard_us 7.13 first_release_us 13.98
[18:11:06Z] [phases] v3 m=1 grid 144: total 156.0 us, skew 0.1, s1 work 8.0 imb 5.3 bar 0.7 | s2 work 143.0 imb 11.9 bar 0.7 | tail 3.8 | uniq 6.0 | df tiles_per_warp 4.8 fill_us 8.3 loop_us 84.5 reduce_us 7.9 span_us 128.4 between_tiles_us 27.0 | pro build_us 1.76 prefetch_issue_us 0.70 hadamard_us 0.22 first_release_us 8.67
[18:11:06Z] [phases] v3 m=3 grid 144: total 262.4 us, skew 0.1, s1 work 9.6 imb 0.7 bar 0.7 | s2 work 247.5 imb 8.5 bar 0.7 | tail 3.6 | uniq 12.5 | df tiles_per_warp 10.1 fill_us 18.5 loop_us 176.2 reduce_us 20.5 span_us 237.4 between_tiles_us 22.4 | pro build_us 2.72 prefetch_issue_us 0.70 hadamard_us 5.34 first_release_us 10.26
[18:11:06Z] [phases] v3 m=4 grid 144: total 318.0 us, skew 0.1, s1 work 9.9 imb 0.7 bar 0.7 | s2 work 302.8 imb 8.3 bar 0.7 | tail 3.7 | uniq 15.5 | df tiles_per_warp 12.5 fill_us 22.9 loop_us 219.5 reduce_us 23.9 span_us 293.0 between_tiles_us 27.1 | pro build_us 2.85 prefetch_issue_us 0.70 hadamard_us 5.62 first_release_us 10.56
[18:11:06Z] [phases] v3 m=6 grid 144: total 501.4 us, skew 0.1, s1 work 12.7 imb 1.7 bar 0.7 | s2 work 484.0 imb 8.5 bar 0.7 | tail 3.7 | uniq 24.7 | df tiles_per_warp 19.7 fill_us 37.1 loop_us 350.1 reduce_us 45.2 span_us 474.6 between_tiles_us 43.6 | pro build_us 3.86 prefetch_issue_us 0.74 hadamard_us 6.20 first_release_us 13.31
[18:11:06Z] [phases] v3 m=8 grid 144: total 580.1 us, skew 0.1, s1 work 13.5 imb 1.1 bar 0.7 | s2 work 562.0 imb 8.3 bar 0.7 | tail 3.7 | uniq 29.4 | df tiles_per_warp 23.4 fill_us 44.9 loop_us 408.1 reduce_us 47.5 span_us 552.4 between_tiles_us 51.6 | pro build_us 4.40 prefetch_issue_us 0.83 hadamard_us 7.09 first_release_us 14.21
[18:11:06Z] [phases] v10 m=1 grid 144: total 158.3 us, skew 0.1, s1 work 8.7 imb 6.0 bar 0.7 | s2 work 144.4 imb 12.2 bar 0.7 | tail 3.6 | uniq 6.0 | df tiles_per_warp 4.8 fill_us 8.8 loop_us 83.0 reduce_us 7.8 span_us 129.1 between_tiles_us 28.9 | pro build_us 1.76 prefetch_issue_us 0.70 hadamard_us 0.19 first_release_us 9.34
[18:11:07Z] [phases] v10 m=3 grid 144: total 286.4 us, skew 0.1, s1 work 8.6 imb 1.7 bar 0.7 | s2 work 272.5 imb 8.1 bar 0.7 | tail 3.7 | uniq 13.3 | df tiles_per_warp 11.3 fill_us 20.6 loop_us 194.8 reduce_us 23.8 span_us 262.8 between_tiles_us 24.2 | pro build_us 4.32 prefetch_issue_us 0.96 hadamard_us 0.66 first_release_us 9.30
[18:11:07Z] [phases] v10 m=4 grid 144: total 325.5 us, skew 0.1, s1 work 8.4 imb 1.0 bar 0.7 | s2 work 312.2 imb 8.5 bar 0.7 | tail 3.7 | uniq 16.4 | df tiles_per_warp 12.9 fill_us 24.2 loop_us 225.1 reduce_us 26.8 span_us 302.3 between_tiles_us 28.3 | pro build_us 5.60 prefetch_issue_us 0.77 hadamard_us 0.78 first_release_us 9.06
[18:11:07Z] [phases] v10 m=6 grid 144: total 502.8 us, skew 0.1, s1 work 13.4 imb 4.6 bar 0.7 | s2 work 484.7 imb 8.4 bar 0.7 | tail 3.6 | uniq 24.7 | df tiles_per_warp 20.1 fill_us 37.8 loop_us 349.6 reduce_us 42.7 span_us 475.5 between_tiles_us 44.4 | pro build_us 6.59 prefetch_issue_us 0.93 hadamard_us 1.12 first_release_us 14.08
[18:11:07Z] [phases] v10 m=8 grid 144: total 629.7 us, skew 0.1, s1 work 14.4 imb 1.2 bar 0.7 | s2 work 610.0 imb 8.3 bar 0.7 | tail 3.6 | uniq 30.6 | df tiles_per_warp 25.0 fill_us 48.2 loop_us 438.5 reduce_us 53.1 span_us 600.5 between_tiles_us 56.4 | pro build_us 7.06 prefetch_issue_us 0.86 hadamard_us 5.43 first_release_us 15.12
[18:11:07Z] [phases] v12 m=1 grid 144: total 155.9 us, skew 0.1, s1 work 8.0 imb 5.3 bar 0.7 | s2 work 142.8 imb 10.7 bar 0.7 | tail 3.6 | uniq 6.0 | df tiles_per_warp 4.8 fill_us 8.2 loop_us 84.2 reduce_us 7.9 span_us 129.0 between_tiles_us 28.1 | pro build_us 1.76 prefetch_issue_us 0.70 hadamard_us 0.19 first_release_us 8.70
[18:11:07Z] [phases] v12 m=3 grid 144: total 266.5 us, skew 0.1, s1 work 8.4 imb 1.6 bar 0.7 | s2 work 252.9 imb 8.1 bar 0.7 | tail 3.6 | uniq 12.9 | df tiles_per_warp 10.5 fill_us 19.2 loop_us 180.7 reduce_us 20.9 span_us 243.8 between_tiles_us 22.3 | pro build_us 4.31 prefetch_issue_us 1.10 hadamard_us 0.68 first_release_us 9.10
[18:11:07Z] [phases] v12 m=4 grid 144: total 314.4 us, skew 0.1, s1 work 8.4 imb 1.0 bar 0.7 | s2 work 301.1 imb 7.8 bar 0.7 | tail 3.6 | uniq 15.1 | df tiles_per_warp 12.5 fill_us 22.9 loop_us 217.6 reduce_us 24.0 span_us 292.0 between_tiles_us 27.0 | pro build_us 5.33 prefetch_issue_us 0.83 hadamard_us 0.82 first_release_us 9.07
[18:11:07Z] [phases] v12 m=6 grid 144: total 500.1 us, skew 0.1, s1 work 13.0 imb 4.7 bar 0.7 | s2 work 482.2 imb 7.9 bar 0.7 | tail 3.6 | uniq 24.8 | df tiles_per_warp 20.1 fill_us 38.1 loop_us 348.6 reduce_us 45.1 span_us 473.1 between_tiles_us 44.2 | pro build_us 6.56 prefetch_issue_us 0.74 hadamard_us 1.02 first_release_us 13.71
[18:11:07Z] [phases] v12 m=8 grid 144: total 595.1 us, skew 0.1, s1 work 12.8 imb 2.2 bar 0.7 | s2 work 577.2 imb 8.5 bar 0.7 | tail 3.7 | uniq 29.9 | df tiles_per_warp 24.2 fill_us 47.0 loop_us 419.5 reduce_us 50.8 span_us 567.0 between_tiles_us 53.5 | pro build_us 7.90 prefetch_issue_us 0.86 hadamard_us 1.22 first_release_us 13.50
[18:11:07Z] pass=True
# 2026-09-25T18:11:08Z rc 0
# pmon after:
# gpu         pid   type     sm    mem    enc    dec    jpg    ofa    command 
# Idx           #    C/G      %      %      %      %      %      %    name 
    0      81524     G      -      -      -      -      -      -    Xorg           
    0      81681     G      -      -      -      -      -      -    gnome-shell    
