ctx=8192 pp_warm run=1 doc=8175 ttft=10.24s rate=798.9 tok/s acc=-
ctx=8192 pp_warm run=2 doc=7970 ttft=10.85s rate=735.1 tok/s acc=-
ctx=8192 pp_warm run=3 doc=8046 ttft=10.11s rate=796.5 tok/s acc=-
ctx=8192 pp_novel run=1 doc=8141 ttft=31.81s rate=256.0 tok/s acc=-
ctx=8192 pp_novel run=2 doc=8163 ttft=28.14s rate=290.2 tok/s acc=-
ctx=8192 pp_novel run=3 doc=8065 ttft=30.01s rate=268.9 tok/s acc=-
ctx=8192 tg run=1 doc=8123 ttft=10.93s rate=34.0 tok/s acc=2.666666666666667
ctx=8192 tg run=2 doc=8188 ttft=10.92s rate=52.6 tok/s acc=3.5555555555555554
ctx=8192 tg run=3 doc=8136 ttft=10.26s rate=29.7 tok/s acc=2.428571428571429
ctx=32768 pp_warm run=1 doc=32431 ttft=41.13s rate=788.5 tok/s acc=-
ctx=32768 pp_warm run=2 doc=32639 ttft=41.05s rate=795.1 tok/s acc=-
ctx=32768 pp_warm run=3 doc=32270 ttft=40.73s rate=792.3 tok/s acc=-
ctx=32768 pp_novel run=1 doc=32656 ttft=122.25s rate=267.1 tok/s acc=-
ctx=32768 pp_novel run=2 doc=32688 ttft=127.37s rate=256.7 tok/s acc=-
ctx=32768 pp_novel run=3 doc=32673 ttft=121.73s rate=268.4 tok/s acc=-
ctx=32768 tg run=1 doc=32697 ttft=42.13s rate=30.3 tok/s acc=2.5
ctx=32768 tg run=2 doc=32156 ttft=40.69s rate=28.5 tok/s acc=2.2
ctx=32768 tg run=3 doc=32737 ttft=41.50s rate=35.4 tok/s acc=2.666666666666667
SUMMARY [
 {
  "ctx": 8192,
  "phase": "pp_warm",
  "median_rate_tok_s": 796.5,
  "median_ttft_s": 10.24,
  "doc_tokens": 8175,
  "acceptance_len": 0,
  "runs": 3
 },
 {
  "ctx": 8192,
  "phase": "pp_novel",
  "median_rate_tok_s": 268.9,
  "median_ttft_s": 30.01,
  "doc_tokens": 8141,
  "acceptance_len": 0,
  "runs": 3
 },
 {
  "ctx": 8192,
  "phase": "tg",
  "median_rate_tok_s": 34.0,
  "median_ttft_s": 10.92,
  "doc_tokens": 8123,
  "acceptance_len": 2.67,
  "runs": 3
 },
 {
  "ctx": 32768,
  "phase": "pp_warm",
  "median_rate_tok_s": 792.3,
  "median_ttft_s": 41.05,
  "doc_tokens": 32431,
  "acceptance_len": 0,
  "runs": 3
 },
 {
  "ctx": 32768,
  "phase": "pp_novel",
  "median_rate_tok_s": 267.1,
  "median_ttft_s": 122.25,
  "doc_tokens": 32656,
  "acceptance_len": 0,
  "runs": 3
 },
 {
  "ctx": 32768,
  "phase": "tg",
  "median_rate_tok_s": 30.3,
  "median_ttft_s": 41.5,
  "doc_tokens": 32697,
  "acceptance_len": 2.5,
  "runs": 3
 }
]
