2026-09-24T19:44:14Z
ctx=8192 pp_warm run=1 doc=8113 ttft=47.03s rate=172.6 tok/s acc=-
ctx=8192 pp_warm run=2 doc=8147 ttft=32.44s rate=251.3 tok/s acc=-
ctx=8192 pp_novel run=1 doc=8096 ttft=44.25s rate=183.0 tok/s acc=-
ctx=8192 pp_novel run=2 doc=8129 ttft=43.87s rate=185.4 tok/s acc=-
ctx=8192 tg run=1 doc=8183 ttft=33.96s rate=29.6 tok/s acc=2.1333333333333333
ctx=8192 tg run=2 doc=7958 ttft=25.67s rate=28.4 tok/s acc=2.0
ctx=32768 pp_warm run=1 doc=32153 ttft=87.80s rate=366.2 tok/s acc=-
ctx=32768 pp_warm run=2 doc=32331 ttft=65.50s rate=493.7 tok/s acc=-
ctx=32768 pp_novel run=1 doc=32585 ttft=146.92s rate=221.8 tok/s acc=-
ctx=32768 pp_novel run=2 doc=32524 ttft=135.35s rate=240.3 tok/s acc=-
ctx=32768 tg run=1 doc=32210 ttft=54.41s rate=40.5 tok/s acc=2.909090909090909
ctx=32768 tg run=2 doc=32262 ttft=42.49s rate=37.5 tok/s acc=2.666666666666667
SUMMARY [
 {
  "ctx": 8192,
  "phase": "pp_warm",
  "median_rate_tok_s": 211.9,
  "median_ttft_s": 39.74,
  "doc_tokens": 8113,
  "acceptance_len": 0.0,
  "runs": 2
 },
 {
  "ctx": 8192,
  "phase": "pp_novel",
  "median_rate_tok_s": 184.2,
  "median_ttft_s": 44.06,
  "doc_tokens": 8096,
  "acceptance_len": 0.0,
  "runs": 2
 },
 {
  "ctx": 8192,
  "phase": "tg",
  "median_rate_tok_s": 29.0,
  "median_ttft_s": 29.81,
  "doc_tokens": 8183,
  "acceptance_len": 2.07,
  "runs": 2
 },
 {
  "ctx": 32768,
  "phase": "pp_warm",
  "median_rate_tok_s": 430.0,
  "median_ttft_s": 76.65,
  "doc_tokens": 32153,
  "acceptance_len": 0.0,
  "runs": 2
 },
 {
  "ctx": 32768,
  "phase": "pp_novel",
  "median_rate_tok_s": 231.1,
  "median_ttft_s": 141.14,
  "doc_tokens": 32585,
  "acceptance_len": 0.0,
  "runs": 2
 },
 {
  "ctx": 32768,
  "phase": "tg",
  "median_rate_tok_s": 39.0,
  "median_ttft_s": 48.45,
  "doc_tokens": 32210,
  "acceptance_len": 2.79,
  "runs": 2
 }
]
exit=0
2026-09-24T19:56:59Z
