2026-09-24T19:57:19Z
ctx=8192 pp_warm run=1 doc=8146 ttft=10.27s rate=793.5 tok/s acc=-
ctx=8192 pp_warm run=2 doc=8067 ttft=10.76s rate=750.3 tok/s acc=-
ctx=8192 pp_novel run=1 doc=8167 ttft=33.33s rate=245.2 tok/s acc=-
ctx=8192 pp_novel run=2 doc=8045 ttft=32.26s rate=249.5 tok/s acc=-
ctx=8192 tg run=1 doc=8175 ttft=10.42s rate=36.8 tok/s acc=2.833333333333333
ctx=8192 tg run=2 doc=8046 ttft=9.86s rate=37.1 tok/s acc=2.833333333333333
SUMMARY [
 {
  "ctx": 8192,
  "phase": "pp_warm",
  "median_rate_tok_s": 771.9,
  "median_ttft_s": 10.51,
  "doc_tokens": 8146,
  "acceptance_len": 0.0,
  "runs": 2
 },
 {
  "ctx": 8192,
  "phase": "pp_novel",
  "median_rate_tok_s": 247.3,
  "median_ttft_s": 32.79,
  "doc_tokens": 8167,
  "acceptance_len": 0.0,
  "runs": 2
 },
 {
  "ctx": 8192,
  "phase": "tg",
  "median_rate_tok_s": 36.9,
  "median_ttft_s": 10.14,
  "doc_tokens": 8175,
  "acceptance_len": 2.83,
  "runs": 2
 }
]
exit=0
2026-09-24T19:59:09Z
