2026-09-24T15:29:33Z
c10b6a5
ctx=8192 pp_warm run=1 doc=8153 ttft=10.95s rate=745.0 tok/s acc=-
ctx=8192 pp_warm run=2 doc=8094 ttft=10.21s rate=793.2 tok/s acc=-
ctx=8192 pp_novel run=1 doc=8065 ttft=26.86s rate=300.4 tok/s acc=-
ctx=8192 pp_novel run=2 doc=8151 ttft=31.48s rate=259.1 tok/s acc=-
ctx=8192 tg run=1 doc=8108 ttft=10.19s rate=21.6 tok/s acc=1.736842105263158
ctx=8192 tg run=2 doc=8032 ttft=9.88s rate=32.4 tok/s acc=2.75
ctx=32768 pp_warm run=1 doc=31925 ttft=40.06s rate=797.1 tok/s acc=-
ctx=32768 pp_warm run=2 doc=32727 ttft=41.46s rate=789.4 tok/s acc=-
ctx=32768 pp_novel run=1 doc=32449 ttft=123.62s rate=262.5 tok/s acc=-
ctx=32768 pp_novel run=2 doc=32458 ttft=123.66s rate=262.5 tok/s acc=-
ctx=32768 tg run=1 doc=32285 ttft=40.68s rate=31.1 tok/s acc=2.6923076923076925
ctx=32768 tg run=2 doc=32065 ttft=39.75s rate=27.6 tok/s acc=2.333333333333333
SUMMARY [
 {
  "ctx": 8192,
  "phase": "pp_warm",
  "median_rate_tok_s": 769.1,
  "median_ttft_s": 10.58,
  "doc_tokens": 8153,
  "acceptance_len": 0.0,
  "runs": 2
 },
 {
  "ctx": 8192,
  "phase": "pp_novel",
  "median_rate_tok_s": 279.7,
  "median_ttft_s": 29.17,
  "doc_tokens": 8065,
  "acceptance_len": 0.0,
  "runs": 2
 },
 {
  "ctx": 8192,
  "phase": "tg",
  "median_rate_tok_s": 27.0,
  "median_ttft_s": 10.04,
  "doc_tokens": 8108,
  "acceptance_len": 2.24,
  "runs": 2
 },
 {
  "ctx": 32768,
  "phase": "pp_warm",
  "median_rate_tok_s": 793.3,
  "median_ttft_s": 40.76,
  "doc_tokens": 31925,
  "acceptance_len": 0.0,
  "runs": 2
 },
 {
  "ctx": 32768,
  "phase": "pp_novel",
  "median_rate_tok_s": 262.5,
  "median_ttft_s": 123.64,
  "doc_tokens": 32449,
  "acceptance_len": 0.0,
  "runs": 2
 },
 {
  "ctx": 32768,
  "phase": "tg",
  "median_rate_tok_s": 29.4,
  "median_ttft_s": 40.21,
  "doc_tokens": 32285,
  "acceptance_len": 2.51,
  "runs": 2
 }
]
exit=0
2026-09-24T15:38:07Z
