2026-09-24T15:08:14Z
ctx=8192 pp_warm run=1 doc=8042 ttft=13.18s rate=610.7 tok/s acc=-
ctx=8192 pp_warm run=2 doc=8156 ttft=12.51s rate=652.5 tok/s acc=-
ctx=8192 pp_novel run=1 doc=8155 ttft=32.68s rate=249.7 tok/s acc=-
ctx=8192 pp_novel run=2 doc=8070 ttft=28.66s rate=281.7 tok/s acc=-
ctx=8192 tg run=1 doc=7899 ttft=10.71s rate=30.3 tok/s acc=2.6153846153846154
ctx=8192 tg run=2 doc=8067 ttft=12.11s rate=31.4 tok/s acc=2.5384615384615383
ctx=32768 pp_warm run=1 doc=30843 ttft=44.58s rate=691.9 tok/s acc=-
ctx=32768 pp_warm run=2 doc=31483 ttft=42.15s rate=747.0 tok/s acc=-
ctx=32768 pp_novel run=1 doc=32651 ttft=124.54s rate=262.2 tok/s acc=-
ctx=32768 pp_novel run=2 doc=32489 ttft=120.23s rate=270.3 tok/s acc=-
ctx=32768 tg run=1 doc=30735 ttft=41.76s rate=31.5 tok/s acc=2.4615384615384617
ctx=32768 tg run=2 doc=31026 ttft=40.84s rate=28.0 tok/s acc=2.1333333333333333
SUMMARY [
 {
  "ctx": 8192,
  "phase": "pp_warm",
  "median_rate_tok_s": 631.6,
  "median_ttft_s": 12.84,
  "doc_tokens": 8042,
  "acceptance_len": 0.0,
  "runs": 2
 },
 {
  "ctx": 8192,
  "phase": "pp_novel",
  "median_rate_tok_s": 265.7,
  "median_ttft_s": 30.67,
  "doc_tokens": 8155,
  "acceptance_len": 0.0,
  "runs": 2
 },
 {
  "ctx": 8192,
  "phase": "tg",
  "median_rate_tok_s": 30.9,
  "median_ttft_s": 11.41,
  "doc_tokens": 7899,
  "acceptance_len": 2.58,
  "runs": 2
 },
 {
  "ctx": 32768,
  "phase": "pp_warm",
  "median_rate_tok_s": 719.4,
  "median_ttft_s": 43.37,
  "doc_tokens": 30843,
  "acceptance_len": 0.0,
  "runs": 2
 },
 {
  "ctx": 32768,
  "phase": "pp_novel",
  "median_rate_tok_s": 266.2,
  "median_ttft_s": 122.39,
  "doc_tokens": 32651,
  "acceptance_len": 0.0,
  "runs": 2
 },
 {
  "ctx": 32768,
  "phase": "tg",
  "median_rate_tok_s": 29.7,
  "median_ttft_s": 41.3,
  "doc_tokens": 30735,
  "acceptance_len": 2.3,
  "runs": 2
 }
]
exit=0
2026-09-24T15:17:03Z
