2026-09-24T15:19:18Z
5ca7d2b
ctx=8192 pp_warm run=1 doc=8019 ttft=10.12s rate=793.0 tok/s acc=-
ctx=8192 pp_warm run=2 doc=8017 ttft=10.11s rate=793.3 tok/s acc=-
ctx=8192 pp_novel run=1 doc=8182 ttft=28.36s rate=288.6 tok/s acc=-
ctx=8192 pp_novel run=2 doc=8055 ttft=33.21s rate=242.7 tok/s acc=-
ctx=8192 tg run=1 doc=7717 ttft=10.03s rate=32.1 tok/s acc=2.5384615384615383
ctx=8192 tg run=2 doc=8100 ttft=11.08s rate=28.5 tok/s acc=2.428571428571429
ctx=32768 pp_warm run=1 doc=31805 ttft=42.43s rate=749.7 tok/s acc=-
ctx=32768 pp_warm run=2 doc=32304 ttft=40.99s rate=788.1 tok/s acc=-
ctx=32768 pp_novel run=1 doc=32739 ttft=120.02s rate=272.8 tok/s acc=-
ctx=32768 pp_novel run=2 doc=32546 ttft=117.86s rate=276.2 tok/s acc=-
ctx=32768 tg run=1 doc=32675 ttft=46.45s rate=32.1 tok/s acc=2.5384615384615383
ctx=32768 tg run=2 doc=32379 ttft=40.92s rate=21.2 tok/s acc=1.6842105263157894
SUMMARY [
 {
  "ctx": 8192,
  "phase": "pp_warm",
  "median_rate_tok_s": 793.2,
  "median_ttft_s": 10.11,
  "doc_tokens": 8019,
  "acceptance_len": 0.0,
  "runs": 2
 },
 {
  "ctx": 8192,
  "phase": "pp_novel",
  "median_rate_tok_s": 265.6,
  "median_ttft_s": 30.79,
  "doc_tokens": 8182,
  "acceptance_len": 0.0,
  "runs": 2
 },
 {
  "ctx": 8192,
  "phase": "tg",
  "median_rate_tok_s": 30.3,
  "median_ttft_s": 10.55,
  "doc_tokens": 7717,
  "acceptance_len": 2.48,
  "runs": 2
 },
 {
  "ctx": 32768,
  "phase": "pp_warm",
  "median_rate_tok_s": 768.9,
  "median_ttft_s": 41.71,
  "doc_tokens": 31805,
  "acceptance_len": 0.0,
  "runs": 2
 },
 {
  "ctx": 32768,
  "phase": "pp_novel",
  "median_rate_tok_s": 274.5,
  "median_ttft_s": 118.94,
  "doc_tokens": 32739,
  "acceptance_len": 0.0,
  "runs": 2
 },
 {
  "ctx": 32768,
  "phase": "tg",
  "median_rate_tok_s": 26.6,
  "median_ttft_s": 43.68,
  "doc_tokens": 32675,
  "acceptance_len": 2.11,
  "runs": 2
 }
]
exit=0
2026-09-24T15:27:56Z
