2026-09-24T15:38:15Z
c10b6a5
ctx=8192 pp_warm run=1 doc=8000 ttft=9.97s rate=802.8 tok/s acc=-
ctx=8192 pp_novel run=1 doc=8030 ttft=30.86s rate=260.4 tok/s acc=-
ctx=8192 tg run=1 doc=8150 ttft=10.46s rate=26.7 tok/s acc=2.2666666666666666
SUMMARY [
 {
  "ctx": 8192,
  "phase": "pp_warm",
  "median_rate_tok_s": 802.8,
  "median_ttft_s": 9.97,
  "doc_tokens": 8000,
  "acceptance_len": 0,
  "runs": 1
 },
 {
  "ctx": 8192,
  "phase": "pp_novel",
  "median_rate_tok_s": 260.4,
  "median_ttft_s": 30.86,
  "doc_tokens": 8030,
  "acceptance_len": 0,
  "runs": 1
 },
 {
  "ctx": 8192,
  "phase": "tg",
  "median_rate_tok_s": 26.7,
  "median_ttft_s": 10.46,
  "doc_tokens": 8150,
  "acceptance_len": 2.27,
  "runs": 1
 }
]
exit=0
2026-09-24T15:39:07Z
