/usr/local/lib/python3.12/dist-packages/torch/include/c10/core/AutogradState.h(89): warning #3306-D: a default bit-field initializer is a C++20 feature
    bool view_replay_enabled_ : 1 = false;
                                  ^

Remark: The warnings can be suppressed with "-diag-suppress <warning-number>"

/usr/local/lib/python3.12/dist-packages/torch/include/c10/core/AutogradState.h(90): warning #3306-D: a default bit-field initializer is a C++20 feature
    bool grad_layout_enforcement_enabled_ : 1 = true;
                                              ^

/usr/local/lib/python3.12/dist-packages/exllamav3/exllamav3_ext/util.cuh(12): warning #20012-D: __device__ annotation is ignored on a non-virtual function("half4") that is explicitly defaulted on its first declaration
      __attribute__((device)) half4() = default;
                     ^

/usr/local/lib/python3.12/dist-packages/exllamav3/exllamav3_ext/util.cuh(24): warning #20012-D: __device__ annotation is ignored on a non-virtual function("bfloat164") that is explicitly defaulted on its first declaration
      __attribute__((device)) bfloat164() = default;
                     ^

/usr/local/lib/python3.12/dist-packages/exllamav3/exllamav3_ext/util.cuh(38): warning #20012-D: __device__ annotation is ignored on a non-virtual function("half8") that is explicitly defaulted on its first declaration
       __attribute__((device)) half8() = default;
                      ^

/usr/local/lib/python3.12/dist-packages/torch/include/c10/core/AutogradState.h(89): warning #3306-D: a default bit-field initializer is a C++20 feature
    bool view_replay_enabled_ : 1 = false;
                                  ^

Remark: The warnings can be suppressed with "-diag-suppress <warning-number>"

/usr/local/lib/python3.12/dist-packages/torch/include/c10/core/AutogradState.h(90): warning #3306-D: a default bit-field initializer is a C++20 feature
    bool grad_layout_enforcement_enabled_ : 1 = true;
                                              ^

/usr/local/lib/python3.12/dist-packages/exllamav3/exllamav3_ext/util.cuh(12): warning #20012-D: __device__ annotation is ignored on a non-virtual function("half4") that is explicitly defaulted on its first declaration
      __attribute__((device)) half4() = default;
                     ^

/usr/local/lib/python3.12/dist-packages/exllamav3/exllamav3_ext/util.cuh(24): warning #20012-D: __device__ annotation is ignored on a non-virtual function("bfloat164") that is explicitly defaulted on its first declaration
      __attribute__((device)) bfloat164() = default;
                     ^

/usr/local/lib/python3.12/dist-packages/exllamav3/exllamav3_ext/util.cuh(38): warning #20012-D: __device__ annotation is ignored on a non-virtual function("half8") that is explicitly defaulted on its first declaration
       __attribute__((device)) half8() = default;
                      ^

/tmp/chain_base.cu(318): warning #177-D: variable "x_row" was declared but never referenced
              const half* x_row = x + (size_t) row * hidden;
                          ^
          detected during instantiation of "void launch_moe_batched<BITS,CB>(const at::Tensor &, const at::Tensor &, const at::Tensor &, const at::Tensor &, const at::Tensor &, const at::Tensor &, const at::Tensor &, const at::Tensor &, const at::Tensor &, const at::Tensor &, const at::Tensor &, const at::Tensor &, at::Tensor &, at::Tensor &, at::Tensor &, at::Tensor &, at::Tensor &, at::Tensor &, at::Tensor &, at::Tensor &, int, int, int, int, float) [with BITS=2, CB=1]" at line 530

/tmp/chain_base.cu(358): warning #177-D: variable "x_row" was declared but never referenced
              const half* x_row = x + (size_t) row * hidden;
                          ^
          detected during instantiation of "void launch_moe_batched<BITS,CB>(const at::Tensor &, const at::Tensor &, const at::Tensor &, const at::Tensor &, const at::Tensor &, const at::Tensor &, const at::Tensor &, const at::Tensor &, const at::Tensor &, const at::Tensor &, const at::Tensor &, const at::Tensor &, at::Tensor &, at::Tensor &, at::Tensor &, at::Tensor &, at::Tensor &, at::Tensor &, at::Tensor &, at::Tensor &, int, int, int, int, float) [with BITS=2, CB=1]" at line 530

/tmp/chain_base.cu(400): warning #177-D: variable "x_row" was declared but never referenced
              const half* x_row = x + (size_t) row * hidden;
                          ^
          detected during instantiation of "void launch_moe_batched<BITS,CB>(const at::Tensor &, const at::Tensor &, const at::Tensor &, const at::Tensor &, const at::Tensor &, const at::Tensor &, const at::Tensor &, const at::Tensor &, const at::Tensor &, const at::Tensor &, const at::Tensor &, const at::Tensor &, at::Tensor &, at::Tensor &, at::Tensor &, at::Tensor &, at::Tensor &, at::Tensor &, at::Tensor &, at::Tensor &, int, int, int, int, float) [with BITS=2, CB=1]" at line 530

ptxas info    : 28 bytes gmem
ptxas info    : Compiling entry function '_Z22p2b_moe_batched_kernelILi4ELi2EEvPK6__halfPKlS4_S4_S4_S4_S4_S4_S4_S4_PKiS2_PS0_S7_S7_S7_S7_S7_S7_Pfiiiif' for 'sm_121a'
ptxas info    : Function properties for _Z22p2b_moe_batched_kernelILi4ELi2EEvPK6__halfPKlS4_S4_S4_S4_S4_S4_S4_S4_PKiS2_PS0_S7_S7_S7_S7_S7_S7_Pfiiiif
    64 bytes stack frame, 72 bytes spill stores, 128 bytes spill loads
ptxas info    : Used 64 registers, used 1 barriers, 64 bytes cumulative stack size, 2048 bytes smem
ptxas info    : Compile time = 106.388 ms
ptxas info    : Compiling entry function '_Z22p2b_moe_batched_kernelILi3ELi2EEvPK6__halfPKlS4_S4_S4_S4_S4_S4_S4_S4_PKiS2_PS0_S7_S7_S7_S7_S7_S7_Pfiiiif' for 'sm_121a'
ptxas info    : Function properties for _Z22p2b_moe_batched_kernelILi3ELi2EEvPK6__halfPKlS4_S4_S4_S4_S4_S4_S4_S4_PKiS2_PS0_S7_S7_S7_S7_S7_S7_Pfiiiif
    72 bytes stack frame, 124 bytes spill stores, 212 bytes spill loads
ptxas info    : Used 64 registers, used 1 barriers, 72 bytes cumulative stack size, 2048 bytes smem
ptxas info    : Compile time = 102.209 ms
ptxas info    : Compiling entry function '_Z22p2b_moe_batched_kernelILi2ELi2EEvPK6__halfPKlS4_S4_S4_S4_S4_S4_S4_S4_PKiS2_PS0_S7_S7_S7_S7_S7_S7_Pfiiiif' for 'sm_121a'
ptxas info    : Function properties for _Z22p2b_moe_batched_kernelILi2ELi2EEvPK6__halfPKlS4_S4_S4_S4_S4_S4_S4_S4_PKiS2_PS0_S7_S7_S7_S7_S7_S7_Pfiiiif
    48 bytes stack frame, 60 bytes spill stores, 152 bytes spill loads
ptxas info    : Used 64 registers, used 1 barriers, 48 bytes cumulative stack size, 2048 bytes smem
ptxas info    : Compile time = 94.399 ms
ptxas info    : Compiling entry function '_Z22p2b_moe_batched_kernelILi4ELi1EEvPK6__halfPKlS4_S4_S4_S4_S4_S4_S4_S4_PKiS2_PS0_S7_S7_S7_S7_S7_S7_Pfiiiif' for 'sm_121a'
ptxas info    : Function properties for _Z22p2b_moe_batched_kernelILi4ELi1EEvPK6__halfPKlS4_S4_S4_S4_S4_S4_S4_S4_PKiS2_PS0_S7_S7_S7_S7_S7_S7_Pfiiiif
    56 bytes stack frame, 72 bytes spill stores, 128 bytes spill loads
ptxas info    : Used 64 registers, used 1 barriers, 56 bytes cumulative stack size, 2048 bytes smem
ptxas info    : Compile time = 95.067 ms
ptxas info    : Compiling entry function '_Z22p2b_moe_batched_kernelILi3ELi1EEvPK6__halfPKlS4_S4_S4_S4_S4_S4_S4_S4_PKiS2_PS0_S7_S7_S7_S7_S7_S7_Pfiiiif' for 'sm_121a'
ptxas info    : Function properties for _Z22p2b_moe_batched_kernelILi3ELi1EEvPK6__halfPKlS4_S4_S4_S4_S4_S4_S4_S4_PKiS2_PS0_S7_S7_S7_S7_S7_S7_Pfiiiif
    64 bytes stack frame, 120 bytes spill stores, 200 bytes spill loads
ptxas info    : Used 64 registers, used 1 barriers, 64 bytes cumulative stack size, 2048 bytes smem
ptxas info    : Compile time = 104.248 ms
ptxas info    : Compiling entry function '_Z22p2b_moe_batched_kernelILi2ELi1EEvPK6__halfPKlS4_S4_S4_S4_S4_S4_S4_S4_PKiS2_PS0_S7_S7_S7_S7_S7_S7_Pfiiiif' for 'sm_121a'
ptxas info    : Function properties for _Z22p2b_moe_batched_kernelILi2ELi1EEvPK6__halfPKlS4_S4_S4_S4_S4_S4_S4_S4_PKiS2_PS0_S7_S7_S7_S7_S7_S7_Pfiiiif
    40 bytes stack frame, 56 bytes spill stores, 140 bytes spill loads
ptxas info    : Used 64 registers, used 1 barriers, 40 bytes cumulative stack size, 2048 bytes smem
ptxas info    : Compile time = 96.823 ms
/usr/local/lib/python3.12/dist-packages/torch/include/c10/core/AutogradState.h:89:33: warning: default member initializers for bit-fields only available with '-std=c++20' or '-std=gnu++20' [-Wc++20-extensions]
   89 |   bool view_replay_enabled_ : 1 = false;
      |                                 ^
/usr/local/lib/python3.12/dist-packages/torch/include/c10/core/AutogradState.h:90:45: warning: default member initializers for bit-fields only available with '-std=c++20' or '-std=gnu++20' [-Wc++20-extensions]
   90 |   bool grad_layout_enforcement_enabled_ : 1 = true;
      |                                             ^
