ctx=8192 pp_warm run=1 doc=7959 ttft=11.72s rate=679.4 tok/s acc=-
ctx=8192 pp_novel run=1 doc=8121 ttft=10.05s rate=808.8 tok/s acc=-
ctx=8192 tg run=1 doc=7962 ttft=10.68s rate=33.8 tok/s acc=2.357142857142857
SUMMARY [
 {
  "ctx": 8192,
  "phase": "pp_warm",
  "median_rate_tok_s": 679.4,
  "median_ttft_s": 11.72,
  "doc_tokens": 7959,
  "acceptance_len": 0,
  "runs": 1
 },
 {
  "ctx": 8192,
  "phase": "pp_novel",
  "median_rate_tok_s": 808.8,
  "median_ttft_s": 10.05,
  "doc_tokens": 8121,
  "acceptance_len": 0,
  "runs": 1
 },
 {
  "ctx": 8192,
  "phase": "tg",
  "median_rate_tok_s": 33.8,
  "median_ttft_s": 10.68,
  "doc_tokens": 7962,
  "acceptance_len": 2.36,
  "runs": 1
 }
]
